Archive member included to satisfy reference by file (symbol)

.\CortexM3\ARM_GCC_541\Debug\Project_Final.a(Led_1.o)
                              .\CortexM3\ARM_GCC_541\Debug\main.o (Led_1_Write)
.\CortexM3\ARM_GCC_541\Debug\Project_Final.a(Led_2.o)
                              .\CortexM3\ARM_GCC_541\Debug\main.o (Led_2_Write)
.\CortexM3\ARM_GCC_541\Debug\Project_Final.a(Led_3.o)
                              .\CortexM3\ARM_GCC_541\Debug\main.o (Led_3_Write)
.\CortexM3\ARM_GCC_541\Debug\Project_Final.a(Led_4.o)
                              .\CortexM3\ARM_GCC_541\Debug\main.o (Led_4_Write)
.\CortexM3\ARM_GCC_541\Debug\Project_Final.a(CyLib.o)
                              .\CortexM3\ARM_GCC_541\Debug\Cm3Start.o (CyHalt)
.\CortexM3\ARM_GCC_541\Debug\Project_Final.a(cyPm.o)
                              .\CortexM3\ARM_GCC_541\Debug\Project_Final.a(CyLib.o) (CyPmReadStatus)
.\CortexM3\ARM_GCC_541\Debug\Project_Final.a(Timer.o)
                              .\CortexM3\ARM_GCC_541\Debug\main.o (Timer_Stop)
.\CortexM3\ARM_GCC_541\Debug\Project_Final.a(VDAC.o)
                              .\CortexM3\ARM_GCC_541\Debug\main.o (VDAC_SetValue)
.\CortexM3\ARM_GCC_541\Debug\Project_Final.a(isr.o)
                              .\CortexM3\ARM_GCC_541\Debug\main.o (isr_StartEx)
.\CortexM3\ARM_GCC_541\Debug\Project_Final.a(SW3.o)
                              .\CortexM3\ARM_GCC_541\Debug\main.o (SW3_Read)
.\CortexM3\ARM_GCC_541\Debug\Project_Final.a(SW4.o)
                              .\CortexM3\ARM_GCC_541\Debug\main.o (SW4_ClearInterrupt)
.\CortexM3\ARM_GCC_541\Debug\Project_Final.a(Timer_1.o)
                              .\CortexM3\ARM_GCC_541\Debug\main.o (Timer_1_ReadStatusRegister)
.\CortexM3\ARM_GCC_541\Debug\Project_Final.a(COL1.o)
                              .\CortexM3\ARM_GCC_541\Debug\keypad.o (COL1_Write)
.\CortexM3\ARM_GCC_541\Debug\Project_Final.a(COL2.o)
                              .\CortexM3\ARM_GCC_541\Debug\keypad.o (COL2_Write)
.\CortexM3\ARM_GCC_541\Debug\Project_Final.a(ROW1.o)
                              .\CortexM3\ARM_GCC_541\Debug\keypad.o (ROW1_Read)
.\CortexM3\ARM_GCC_541\Debug\Project_Final.a(ROW0.o)
                              .\CortexM3\ARM_GCC_541\Debug\keypad.o (ROW0_Read)
.\CortexM3\ARM_GCC_541\Debug\Project_Final.a(ROW2.o)
                              .\CortexM3\ARM_GCC_541\Debug\keypad.o (ROW2_Read)
.\CortexM3\ARM_GCC_541\Debug\Project_Final.a(ROW3.o)
                              .\CortexM3\ARM_GCC_541\Debug\keypad.o (ROW3_Read)
.\CortexM3\ARM_GCC_541\Debug\Project_Final.a(COL3.o)
                              .\CortexM3\ARM_GCC_541\Debug\keypad.o (COL3_Write)
.\CortexM3\ARM_GCC_541\Debug\Project_Final.a(LCD.o)
                              .\CortexM3\ARM_GCC_541\Debug\main.o (LCD_PrintString)
.\CortexM3\ARM_GCC_541\Debug\Project_Final.a(UART.o)
                              .\CortexM3\ARM_GCC_541\Debug\main.o (UART_Start)
.\CortexM3\ARM_GCC_541\Debug\Project_Final.a(PWM.o)
                              .\CortexM3\ARM_GCC_541\Debug\main.o (PWM_Stop)
.\CortexM3\ARM_GCC_541\Debug\Project_Final.a(UART_IntClock.o)
                              .\CortexM3\ARM_GCC_541\Debug\Project_Final.a(UART.o) (UART_IntClock_Start)
.\CortexM3\ARM_GCC_541\Debug\Project_Final.a(ADC.o)
                              .\CortexM3\ARM_GCC_541\Debug\main.o (ADC_Start)
.\CortexM3\ARM_GCC_541\Debug\Project_Final.a(ADC_INT.o)
                              .\CortexM3\ARM_GCC_541\Debug\Project_Final.a(ADC.o) (ADC_ISR1)
.\CortexM3\ARM_GCC_541\Debug\Project_Final.a(ADC_AMux.o)
                              .\CortexM3\ARM_GCC_541\Debug\Project_Final.a(ADC.o) (ADC_AMux_Select)
.\CortexM3\ARM_GCC_541\Debug\Project_Final.a(ADC_Ext_CP_Clk.o)
                              .\CortexM3\ARM_GCC_541\Debug\Project_Final.a(ADC.o) (ADC_Ext_CP_Clk_SetModeRegister)
.\CortexM3\ARM_GCC_541\Debug\Project_Final.a(ADC_theACLK.o)
                              .\CortexM3\ARM_GCC_541\Debug\Project_Final.a(ADC.o) (ADC_theACLK_SetModeRegister)
.\CortexM3\ARM_GCC_541\Debug\Project_Final.a(pin_SW4_int.o)
                              .\CortexM3\ARM_GCC_541\Debug\main.o (pin_SW4_int_StartEx)
.\CortexM3\ARM_GCC_541\Debug\Project_Final.a(AMux.o)
                              .\CortexM3\ARM_GCC_541\Debug\main.o (AMux_FastSelect)
.\CortexM3\ARM_GCC_541\Debug\Project_Final.a(isr1.o)
                              .\CortexM3\ARM_GCC_541\Debug\main.o (isr1_StartEx)
.\CortexM3\ARM_GCC_541\Debug\Project_Final.a(CyBootAsmGnu.o)
                              .\CortexM3\ARM_GCC_541\Debug\cyfitter_cfg.o (CyDelayCycles)
.\CortexM3\ARM_GCC_541\Debug\Project_Final.a(CyFlash.o)
                              .\CortexM3\ARM_GCC_541\Debug\Project_Final.a(cyPm.o) (CyFlash_SetWaitCycles)
.\CortexM3\ARM_GCC_541\Debug\Project_Final.a(CySpc.o)
                              .\CortexM3\ARM_GCC_541\Debug\Project_Final.a(CyFlash.o) (CySpcStart)
[...]
Memory Configuration

Name             Origin             Length             Attributes
rom              0x00000000         0x00040000         xr
ram              0x1fff8000         0x00010000         xrw
*default*        0x00000000         0xffffffff

Linker script and memory map

LOAD c:/program files (x86)/cypress/psoc creator/4.3/psoc creator/import/gnu/arm/5.4.1/bin/../lib/gcc/arm-none-eabi/5.4.1/armv7-m/crti.o
LOAD c:/program files (x86)/cypress/psoc creator/4.3/psoc creator/import/gnu/arm/5.4.1/bin/../lib/gcc/arm-none-eabi/5.4.1/armv7-m/crtbegin.o
LOAD c:/program files (x86)/cypress/psoc creator/4.3/psoc creator/import/gnu/arm/5.4.1/bin/../lib/gcc/arm-none-eabi/5.4.1/../../../../arm-none-eabi/lib/armv7-m/crt0.o
START GROUP
LOAD .\CortexM3\ARM_GCC_541\Debug\main.o
LOAD .\CortexM3\ARM_GCC_541\Debug\keypad.o
LOAD .\CortexM3\ARM_GCC_541\Debug\morse.o
LOAD .\CortexM3\ARM_GCC_541\Debug\sw1.o
LOAD .\CortexM3\ARM_GCC_541\Debug\sw2.o
LOAD .\CortexM3\ARM_GCC_541\Debug\cyfitter_cfg.o
LOAD .\CortexM3\ARM_GCC_541\Debug\cymetadata.o
LOAD .\CortexM3\ARM_GCC_541\Debug\Cm3Start.o
LOAD .\CortexM3\ARM_GCC_541\Debug\Project_Final.a
LOAD C:\Program Files (x86)\Cypress\PSoC Creator\4.3\PSoC Creator\psoc\content\cycomponentlibrary\CyComponentLibrary.cylib\CortexM3\ARM_GCC_541\Debug\CyComponentLibrary.a
LOAD c:/program files (x86)/cypress/psoc creator/4.3/psoc creator/import/gnu/arm/5.4.1/bin/../lib/gcc/arm-none-eabi/5.4.1/../../../../arm-none-eabi/lib/armv7-m\libm.a
END GROUP
START GROUP
LOAD c:/program files (x86)/cypress/psoc creator/4.3/psoc creator/import/gnu/arm/5.4.1/bin/../lib/gcc/arm-none-eabi/5.4.1/armv7-m\libgcc.a
LOAD c:/program files (x86)/cypress/psoc creator/4.3/psoc creator/import/gnu/arm/5.4.1/bin/../lib/gcc/arm-none-eabi/5.4.1/../../../../arm-none-eabi/lib/armv7-m\libg_nano.a
LOAD c:/program files (x86)/cypress/psoc creator/4.3/psoc creator/import/gnu/arm/5.4.1/bin/../lib/gcc/arm-none-eabi/5.4.1/../../../../arm-none-eabi/lib/armv7-m\libc_nano.a
END GROUP
START GROUP
LOAD c:/program files (x86)/cypress/psoc creator/4.3/psoc creator/import/gnu/arm/5.4.1/bin/../lib/gcc/arm-none-eabi/5.4.1/armv7-m\libgcc.a
LOAD c:/program files (x86)/cypress/psoc creator/4.3/psoc creator/import/gnu/arm/5.4.1/bin/../lib/gcc/arm-none-eabi/5.4.1/../../../../arm-none-eabi/lib/armv7-m\libc_nano.a
END GROUP
LOAD c:/program files (x86)/cypress/psoc creator/4.3/psoc creator/import/gnu/arm/5.4.1/bin/../lib/gcc/arm-none-eabi/5.4.1/armv7-m/crtend.o
LOAD c:/program files (x86)/cypress/psoc creator/4.3/psoc creator/import/gnu/arm/5.4.1/bin/../lib/gcc/arm-none-eabi/5.4.1/armv7-m/crtn.o
START GROUP
LOAD c:/program files (x86)/cypress/psoc creator/4.3/psoc creator/import/gnu/arm/5.4.1/bin/../lib/gcc/arm-none-eabi/5.4.1/armv7-m\libgcc.a
LOAD c:/program files (x86)/cypress/psoc creator/4.3/psoc creator/import/gnu/arm/5.4.1/bin/../lib/gcc/arm-none-eabi/5.4.1/../../../../arm-none-eabi/lib/armv7-m\libc.a
LOAD c:/program files (x86)/cypress/psoc creator/4.3/psoc creator/import/gnu/arm/5.4.1/bin/../lib/gcc/arm-none-eabi/5.4.1/../../../../arm-none-eabi/lib/armv7-m\libnosys.a
END GROUP
                0x00000000                CY_APPL_ORIGIN = 0x0
                0x00000100                CY_FLASH_ROW_SIZE = 0x100
                0x00000020                CY_ECC_ROW_SIZE = 0x20
                0x00000000                CY_EE_IN_BTLDR = 0x0
                0x00000000                CY_APPL_LOADABLE = 0x0
                0x00000800                CY_EE_SIZE = 0x800
                0x00000001                CY_APPL_NUM = 0x1
                0x00000001                CY_APPL_MAX = 0x1
                0x00000040                CY_METADATA_SIZE = 0x40
                0x00000000                CY_APPL_LOADABLE = 0x0
                0x00000000                CY_CHECKSUM_EXCLUDE_SIZE = ALIGN (0x0, CY_FLASH_ROW_SIZE)
                [!provide]                PROVIDE (__cy_heap_start, _end)
                0x00000001                PROVIDE (__cy_region_num, ((__cy_regions_end - __cy_regions) / 0x10))
                0x20008000                PROVIDE (__cy_stack, (ORIGIN (ram) + LENGTH (ram)))
                [!provide]                PROVIDE (__cy_heap_end, (__cy_stack - 0x800))

.cybootloader   0x00000000        0x0
 *(.cybootloader)
                0x00000000                appl1_start = CY_APPL_ORIGIN?CY_APPL_ORIGIN:ALIGN (CY_FLASH_ROW_SIZE)
                0x0001ff00                appl2_start = (appl1_start + ALIGN ((((LENGTH (rom) - appl1_start) - (0x2 * CY_FLASH_ROW_SIZE)) / 0x2), CY_FLASH_ROW_SIZE))
                0x00000000                appl_start = (CY_APPL_NUM == 0x1)?appl1_start:appl2_start
                0x00000000                ecc_offset = ((appl_start / CY_FLASH_ROW_SIZE) * CY_ECC_ROW_SIZE)
                0x00000000                ee_offset = (CY_APPL_LOADABLE && ! (CY_EE_IN_BTLDR))?((CY_EE_SIZE / CY_APPL_MAX) * (CY_APPL_NUM - 0x1)):0x0
                0x00000800                ee_size = (CY_APPL_LOADABLE && ! (CY_EE_IN_BTLDR))?(CY_EE_SIZE / CY_APPL_MAX):CY_EE_SIZE
                [!provide]                PROVIDE (CY_ECC_OFFSET, ecc_offset)

.text           0x00000000     0x447c
 CREATE_OBJECT_SYMBOLS
                0x00000000                PROVIDE (__cy_interrupt_vector, RomVectors)
 *(.romvectors)
 .romvectors    0x00000000       0x10 .\CortexM3\ARM_GCC_541\Debug\Cm3Start.o
                0x00000000                RomVectors
                0x00000001                ASSERT ((. != __cy_interrupt_vector), No interrupt vector)
                0x00000001                ASSERT (CY_APPL_ORIGIN?(SIZEOF (.cybootloader) <= CY_APPL_ORIGIN):0x1, Wrong image location)
                0x00000010                PROVIDE (__cy_reset, Reset)
 *(.text.Reset)
 .text.Reset    0x00000010       0x18 .\CortexM3\ARM_GCC_541\Debug\Cm3Start.o
                0x00000010                Reset
                0x00000001                ASSERT ((. != __cy_reset), No reset code)
 *(.dma_init)
                0x00000001                ASSERT ((((appl_start + .) <= 0x10000) || 0x1), DMA Init must be within the first 64k of flash)
 *(.text .text.* .gnu.linkonce.t.*)
 .text          0x00000028       0x5c c:/program files (x86)/cypress/psoc creator/4.3/psoc creator/import/gnu/arm/5.4.1/bin/../lib/gcc/arm-none-eabi/5.4.1/armv7-m/crtbegin.o
 .text.Timer_Handler
                0x00000084       0x7c .\CortexM3\ARM_GCC_541\Debug\main.o
                0x00000084                Timer_Handler
 .text.SW4_Handler
                0x00000100       0x1c .\CortexM3\ARM_GCC_541\Debug\main.o
                0x00000100                SW4_Handler
 .text.UART_Handler
                0x0000011c       0x4c .\CortexM3\ARM_GCC_541\Debug\main.o
                0x0000011c                UART_Handler
 .text.displayMessage
                0x00000168       0x14 .\CortexM3\ARM_GCC_541\Debug\main.o
                0x00000168                displayMessage
 .text.resetLed
                0x0000017c       0x1c .\CortexM3\ARM_GCC_541\Debug\main.o
                0x0000017c                resetLed
 .text.pointAllume
                0x00000198       0x58 .\CortexM3\ARM_GCC_541\Debug\main.o
                0x00000198                pointAllume
 .text.pointEteint
                0x000001f0       0x50 .\CortexM3\ARM_GCC_541\Debug\main.o
                0x000001f0                pointEteint
 .text.barre    0x00000240        0xc .\CortexM3\ARM_GCC_541\Debug\main.o
                0x00000240                barre
 .text.espacementLettre
                0x0000024c        0xc .\CortexM3\ARM_GCC_541\Debug\main.o
                0x0000024c                espacementLettre
 .text.espacementElement
                0x00000258        0xc .\CortexM3\ARM_GCC_541\Debug\main.o
                0x00000258                espacementElement
 .text.selectSignal
                0x00000264       0x50 .\CortexM3\ARM_GCC_541\Debug\main.o
                0x00000264                selectSignal
 .text.selectSignal2
                0x000002b4       0x50 .\CortexM3\ARM_GCC_541\Debug\main.o
                0x000002b4                selectSignal2
 .text.test     0x00000304       0x5c .\CortexM3\ARM_GCC_541\Debug\main.o
                0x00000304                test
 .text.signalSOS
                0x00000360       0x94 .\CortexM3\ARM_GCC_541\Debug\main.o
                0x00000360                signalSOS
 .text.signalBEAMS
                0x000003f4       0x58 .\CortexM3\ARM_GCC_541\Debug\main.o
                0x000003f4                signalBEAMS
 .text.appuiSW2
                0x0000044c       0x3c .\CortexM3\ARM_GCC_541\Debug\main.o
                0x0000044c                appuiSW2
 .text.appuiSW3
                0x00000488       0x3c .\CortexM3\ARM_GCC_541\Debug\main.o
                0x00000488                appuiSW3
 .text.photoresistor
                0x000004c4       0x3c .\CortexM3\ARM_GCC_541\Debug\main.o
                0x000004c4                photoresistor
 .text.keyboard
                0x00000500       0xb0 .\CortexM3\ARM_GCC_541\Debug\main.o
                0x00000500                keyboard
 .text.potentiometer
                0x000005b0       0x4c .\CortexM3\ARM_GCC_541\Debug\main.o
                0x000005b0                potentiometer
 *fill*         0x000005fc        0x4 
 .text.main     0x00000600      0x114 .\CortexM3\ARM_GCC_541\Debug\main.o
                0x00000600                main
 .text.keypadScan
                0x00000714       0xfc .\CortexM3\ARM_GCC_541\Debug\keypad.o
                0x00000714                keypadScan
 .text.appuiSW1
                0x00000810       0x54 .\CortexM3\ARM_GCC_541\Debug\morse.o
                0x00000810                appuiSW1
 .text.translateToMorse
                0x00000864      0x1a8 .\CortexM3\ARM_GCC_541\Debug\morse.o
                0x00000864                translateToMorse
 .text.SW1_Read
                0x00000a0c       0x10 .\CortexM3\ARM_GCC_541\Debug\sw1.o
                0x00000a0c                SW1_Read
 .text.SW2_Read
                0x00000a1c       0x10 .\CortexM3\ARM_GCC_541\Debug\sw2.o
                0x00000a1c                SW2_Read
 .text.CyClockStartupError
                0x00000a2c        0x4 .\CortexM3\ARM_GCC_541\Debug\cyfitter_cfg.o
 .text.cfg_write_bytes32
                0x00000a30       0x34 .\CortexM3\ARM_GCC_541\Debug\cyfitter_cfg.o
 .text.AnalogSetDefault
                0x00000a64       0x40 .\CortexM3\ARM_GCC_541\Debug\cyfitter_cfg.o
 .text.CYMEMZERO
                0x00000aa4        0xc .\CortexM3\ARM_GCC_541\Debug\cyfitter_cfg.o
 .text.CYCONFIGCPY
                0x00000ab0        0x8 .\CortexM3\ARM_GCC_541\Debug\cyfitter_cfg.o
 .text.ClockSetup
                0x00000ab8      0x100 .\CortexM3\ARM_GCC_541\Debug\cyfitter_cfg.o
 .text.AMux_Set
                0x00000bb8       0x34 .\CortexM3\ARM_GCC_541\Debug\cyfitter_cfg.o
                0x00000bb8                AMux_Set
 .text.AMux_Unset
                0x00000bec       0x38 .\CortexM3\ARM_GCC_541\Debug\cyfitter_cfg.o
                0x00000bec                AMux_Unset
 .text.ADC_AMux_Set
                0x00000c24       0x1c .\CortexM3\ARM_GCC_541\Debug\cyfitter_cfg.o
                0x00000c24                ADC_AMux_Set
 .text.ADC_AMux_Unset
                0x00000c40       0x20 .\CortexM3\ARM_GCC_541\Debug\cyfitter_cfg.o
                0x00000c40                ADC_AMux_Unset
 .text.cyfitter_cfg
                0x00000c60      0x12c .\CortexM3\ARM_GCC_541\Debug\cyfitter_cfg.o
                0x00000c60                cyfitter_cfg
 .text.IntDefaultHandler
                0x00000d8c       0x10 .\CortexM3\ARM_GCC_541\Debug\Cm3Start.o
                0x00000d8c                IntDefaultHandler
 .text._sbrk    0x00000d9c       0x30 .\CortexM3\ARM_GCC_541\Debug\Cm3Start.o
                0x00000d9c                _sbrk
 .text.Start_c  0x00000dcc       0x4c .\CortexM3\ARM_GCC_541\Debug\Cm3Start.o
                0x00000dcc                Start_c
 .text.initialize_psoc
                0x00000e18       0x68 .\CortexM3\ARM_GCC_541\Debug\Cm3Start.o
                0x00000e18                initialize_psoc
 .text.Led_1_Write
                0x00000e80       0x18 .\CortexM3\ARM_GCC_541\Debug\Project_Final.a(Led_1.o)
                0x00000e80                Led_1_Write
 .text.Led_2_Write
                0x00000e98       0x18 .\CortexM3\ARM_GCC_541\Debug\Project_Final.a(Led_2.o)
                0x00000e98                Led_2_Write
 .text.Led_3_Write
                0x00000eb0       0x18 .\CortexM3\ARM_GCC_541\Debug\Project_Final.a(Led_3.o)
                0x00000eb0                Led_3_Write
 .text.Led_4_Write
                0x00000ec8       0x18 .\CortexM3\ARM_GCC_541\Debug\Project_Final.a(Led_4.o)
                0x00000ec8                Led_4_Write
 .text.CyHalt   0x00000ee0        0x4 .\CortexM3\ARM_GCC_541\Debug\Project_Final.a(CyLib.o)
                0x00000ee0                CyHalt
 .text.CyDelay  0x00000ee4       0x2c .\CortexM3\ARM_GCC_541\Debug\Project_Final.a(CyLib.o)
                0x00000ee4                CyDelay
 .text.CyDelayUs
                0x00000f10       0x14 .\CortexM3\ARM_GCC_541\Debug\Project_Final.a(CyLib.o)
                0x00000f10                CyDelayUs
 .text.CyIntSetVector
                0x00000f24       0x28 .\CortexM3\ARM_GCC_541\Debug\Project_Final.a(CyLib.o)
                0x00000f24                CyIntSetVector
 .text.CyIntSetPriority
                0x00000f4c       0x30 .\CortexM3\ARM_GCC_541\Debug\Project_Final.a(CyLib.o)
                0x00000f4c                CyIntSetPriority
 .text.Timer_Enable
                0x00000f7c       0x28 .\CortexM3\ARM_GCC_541\Debug\Project_Final.a(Timer.o)
                0x00000f7c                Timer_Enable
 .text.Timer_Stop
                0x00000fa4       0x28 .\CortexM3\ARM_GCC_541\Debug\Project_Final.a(Timer.o)
                0x00000fa4                Timer_Stop
 .text.Timer_SetInterruptMode
                0x00000fcc        0xc .\CortexM3\ARM_GCC_541\Debug\Project_Final.a(Timer.o)
                0x00000fcc                Timer_SetInterruptMode
 .text.Timer_ReadStatusRegister
                0x00000fd8        0xc .\CortexM3\ARM_GCC_541\Debug\Project_Final.a(Timer.o)
                0x00000fd8                Timer_ReadStatusRegister
 .text.Timer_WritePeriod
                0x00000fe4        0xc .\CortexM3\ARM_GCC_541\Debug\Project_Final.a(Timer.o)
                0x00000fe4                Timer_WritePeriod
 .text.Timer_WriteCounter
                0x00000ff0        0xc .\CortexM3\ARM_GCC_541\Debug\Project_Final.a(Timer.o)
                0x00000ff0                Timer_WriteCounter
 .text.Timer_Init
                0x00000ffc       0x68 .\CortexM3\ARM_GCC_541\Debug\Project_Final.a(Timer.o)
                0x00000ffc                Timer_Init
 .text.Timer_Start
                0x00001064       0x1c .\CortexM3\ARM_GCC_541\Debug\Project_Final.a(Timer.o)
                0x00001064                Timer_Start
 .text.VDAC_Enable
                0x00001080       0x1c .\CortexM3\ARM_GCC_541\Debug\Project_Final.a(VDAC.o)
                0x00001080                VDAC_Enable
 .text.VDAC_SetSpeed
                0x0000109c       0x1c .\CortexM3\ARM_GCC_541\Debug\Project_Final.a(VDAC.o)
                0x0000109c                VDAC_SetSpeed
 .text.VDAC_SetValue
                0x000010b8        0xc .\CortexM3\ARM_GCC_541\Debug\Project_Final.a(VDAC.o)
                0x000010b8                VDAC_SetValue
 .text.VDAC_DacTrim
                0x000010c4       0x24 .\CortexM3\ARM_GCC_541\Debug\Project_Final.a(VDAC.o)
                0x000010c4                VDAC_DacTrim
 .text.VDAC_SetRange
                0x000010e8       0x20 .\CortexM3\ARM_GCC_541\Debug\Project_Final.a(VDAC.o)
                0x000010e8                VDAC_SetRange
 .text.VDAC_Init
                0x00001108       0x20 .\CortexM3\ARM_GCC_541\Debug\Project_Final.a(VDAC.o)
                0x00001108                VDAC_Init
 .text.VDAC_Start
                0x00001128       0x24 .\CortexM3\ARM_GCC_541\Debug\Project_Final.a(VDAC.o)
                0x00001128                VDAC_Start
 .text.isr_SetVector
                0x0000114c       0x10 .\CortexM3\ARM_GCC_541\Debug\Project_Final.a(isr.o)
                0x0000114c                isr_SetVector
 .text.isr_SetPriority
                0x0000115c       0x10 .\CortexM3\ARM_GCC_541\Debug\Project_Final.a(isr.o)
                0x0000115c                isr_SetPriority
 .text.isr_Enable
                0x0000116c       0x10 .\CortexM3\ARM_GCC_541\Debug\Project_Final.a(isr.o)
                0x0000116c                isr_Enable
 .text.isr_Disable
                0x0000117c       0x10 .\CortexM3\ARM_GCC_541\Debug\Project_Final.a(isr.o)
                0x0000117c                isr_Disable
 .text.isr_StartEx
                0x0000118c       0x1c .\CortexM3\ARM_GCC_541\Debug\Project_Final.a(isr.o)
                0x0000118c                isr_StartEx
 .text.SW3_Read
                0x000011a8       0x10 .\CortexM3\ARM_GCC_541\Debug\Project_Final.a(SW3.o)
                0x000011a8                SW3_Read
 .text.SW4_ClearInterrupt
                0x000011b8       0x10 .\CortexM3\ARM_GCC_541\Debug\Project_Final.a(SW4.o)
                0x000011b8                SW4_ClearInterrupt
 .text.Timer_1_Enable
                0x000011c8       0x28 .\CortexM3\ARM_GCC_541\Debug\Project_Final.a(Timer_1.o)
                0x000011c8                Timer_1_Enable
 .text.Timer_1_SetInterruptMode
                0x000011f0        0xc .\CortexM3\ARM_GCC_541\Debug\Project_Final.a(Timer_1.o)
                0x000011f0                Timer_1_SetInterruptMode
 .text.Timer_1_ReadStatusRegister
                0x000011fc        0xc .\CortexM3\ARM_GCC_541\Debug\Project_Final.a(Timer_1.o)
                0x000011fc                Timer_1_ReadStatusRegister
 .text.Timer_1_WritePeriod
                0x00001208        0xc .\CortexM3\ARM_GCC_541\Debug\Project_Final.a(Timer_1.o)
                0x00001208                Timer_1_WritePeriod
 .text.Timer_1_WriteCounter
                0x00001214        0xc .\CortexM3\ARM_GCC_541\Debug\Project_Final.a(Timer_1.o)
                0x00001214                Timer_1_WriteCounter
 .text.Timer_1_Init
                0x00001220       0x68 .\CortexM3\ARM_GCC_541\Debug\Project_Final.a(Timer_1.o)
                0x00001220                Timer_1_Init
 .text.Timer_1_Start
                0x00001288       0x1c .\CortexM3\ARM_GCC_541\Debug\Project_Final.a(Timer_1.o)
                0x00001288                Timer_1_Start
 .text.COL1_Write
                0x000012a4       0x18 .\CortexM3\ARM_GCC_541\Debug\Project_Final.a(COL1.o)
                0x000012a4                COL1_Write
 .text.COL2_Write
                0x000012bc       0x18 .\CortexM3\ARM_GCC_541\Debug\Project_Final.a(COL2.o)
                0x000012bc                COL2_Write
 .text.ROW1_Read
                0x000012d4       0x10 .\CortexM3\ARM_GCC_541\Debug\Project_Final.a(ROW1.o)
                0x000012d4                ROW1_Read
 .text.ROW0_Read
                0x000012e4       0x10 .\CortexM3\ARM_GCC_541\Debug\Project_Final.a(ROW0.o)
                0x000012e4                ROW0_Read
 .text.ROW2_Read
                0x000012f4        0xc .\CortexM3\ARM_GCC_541\Debug\Project_Final.a(ROW2.o)
                0x000012f4                ROW2_Read
 .text.ROW3_Read
                0x00001300       0x10 .\CortexM3\ARM_GCC_541\Debug\Project_Final.a(ROW3.o)
                0x00001300                ROW3_Read
 .text.COL3_Write
                0x00001310       0x18 .\CortexM3\ARM_GCC_541\Debug\Project_Final.a(COL3.o)
                0x00001310                COL3_Write
 .text.LCD_WrCntrlNib
                0x00001328       0x34 .\CortexM3\ARM_GCC_541\Debug\Project_Final.a(LCD.o)
 .text.LCD_WrDatNib
                0x0000135c       0x44 .\CortexM3\ARM_GCC_541\Debug\Project_Final.a(LCD.o)
 .text.LCD_IsReady
                0x000013a0       0xe4 .\CortexM3\ARM_GCC_541\Debug\Project_Final.a(LCD.o)
                0x000013a0                LCD_IsReady
 .text.LCD_WriteData
                0x00001484       0x18 .\CortexM3\ARM_GCC_541\Debug\Project_Final.a(LCD.o)
                0x00001484                LCD_WriteData
 .text.LCD_PrintString
                0x0000149c       0x1c .\CortexM3\ARM_GCC_541\Debug\Project_Final.a(LCD.o)
                0x0000149c                LCD_PrintString
 .text.LCD_WriteControl
                0x000014b8       0x18 .\CortexM3\ARM_GCC_541\Debug\Project_Final.a(LCD.o)
                0x000014b8                LCD_WriteControl
 .text.LCD_Init
                0x000014d0       0x6c .\CortexM3\ARM_GCC_541\Debug\Project_Final.a(LCD.o)
                0x000014d0                LCD_Init
 .text.LCD_Enable
                0x0000153c       0x14 .\CortexM3\ARM_GCC_541\Debug\Project_Final.a(LCD.o)
                0x0000153c                LCD_Enable
 .text.LCD_Start
                0x00001550       0x1c .\CortexM3\ARM_GCC_541\Debug\Project_Final.a(LCD.o)
                0x00001550                LCD_Start
 .text.LCD_Position
                0x0000156c       0x3c .\CortexM3\ARM_GCC_541\Debug\Project_Final.a(LCD.o)
                0x0000156c                LCD_Position
 .text.UART_Init
                0x000015a8       0x28 .\CortexM3\ARM_GCC_541\Debug\Project_Final.a(UART.o)
                0x000015a8                UART_Init
 .text.UART_Enable
                0x000015d0       0x38 .\CortexM3\ARM_GCC_541\Debug\Project_Final.a(UART.o)
                0x000015d0                UART_Enable
 .text.UART_Start
                0x00001608       0x1c .\CortexM3\ARM_GCC_541\Debug\Project_Final.a(UART.o)
                0x00001608                UART_Start
 .text.UART_SetRxInterruptMode
                0x00001624        0xc .\CortexM3\ARM_GCC_541\Debug\Project_Final.a(UART.o)
                0x00001624                UART_SetRxInterruptMode
 .text.UART_ReadRxData
                0x00001630        0xc .\CortexM3\ARM_GCC_541\Debug\Project_Final.a(UART.o)
                0x00001630                UART_ReadRxData
 .text.UART_ReadRxStatus
                0x0000163c       0x10 .\CortexM3\ARM_GCC_541\Debug\Project_Final.a(UART.o)
                0x0000163c                UART_ReadRxStatus
 .text.UART_PutChar
                0x0000164c       0x18 .\CortexM3\ARM_GCC_541\Debug\Project_Final.a(UART.o)
                0x0000164c                UART_PutChar
 .text.UART_PutString
                0x00001664       0x24 .\CortexM3\ARM_GCC_541\Debug\Project_Final.a(UART.o)
                0x00001664                UART_PutString
 .text.PWM_Enable
                0x00001688       0x10 .\CortexM3\ARM_GCC_541\Debug\Project_Final.a(PWM.o)
                0x00001688                PWM_Enable
 .text.PWM_Stop
                0x00001698       0x10 .\CortexM3\ARM_GCC_541\Debug\Project_Final.a(PWM.o)
                0x00001698                PWM_Stop
 .text.PWM_WriteCounter
                0x000016a8        0xc .\CortexM3\ARM_GCC_541\Debug\Project_Final.a(PWM.o)
                0x000016a8                PWM_WriteCounter
 .text.PWM_WritePeriod
                0x000016b4        0xc .\CortexM3\ARM_GCC_541\Debug\Project_Final.a(PWM.o)
                0x000016b4                PWM_WritePeriod
 .text.PWM_WriteCompare1
                0x000016c0        0xc .\CortexM3\ARM_GCC_541\Debug\Project_Final.a(PWM.o)
                0x000016c0                PWM_WriteCompare1
 .text.PWM_WriteCompare2
                0x000016cc        0xc .\CortexM3\ARM_GCC_541\Debug\Project_Final.a(PWM.o)
                0x000016cc                PWM_WriteCompare2
 .text.PWM_SetInterruptMode
                0x000016d8        0xc .\CortexM3\ARM_GCC_541\Debug\Project_Final.a(PWM.o)
                0x000016d8                PWM_SetInterruptMode
 .text.PWM_ReadStatusRegister
                0x000016e4        0xc .\CortexM3\ARM_GCC_541\Debug\Project_Final.a(PWM.o)
                0x000016e4                PWM_ReadStatusRegister
 .text.PWM_ReadCapture
                0x000016f0        0xc .\CortexM3\ARM_GCC_541\Debug\Project_Final.a(PWM.o)
                0x000016f0                PWM_ReadCapture
 .text.PWM_ClearFIFO
                0x000016fc       0x14 .\CortexM3\ARM_GCC_541\Debug\Project_Final.a(PWM.o)
                0x000016fc                PWM_ClearFIFO
 .text.PWM_Init
                0x00001710       0x68 .\CortexM3\ARM_GCC_541\Debug\Project_Final.a(PWM.o)
                0x00001710                PWM_Init
 .text.PWM_Start
                0x00001778       0x1c .\CortexM3\ARM_GCC_541\Debug\Project_Final.a(PWM.o)
                0x00001778                PWM_Start
 .text.UART_IntClock_Start
                0x00001794       0x1c .\CortexM3\ARM_GCC_541\Debug\Project_Final.a(UART_IntClock.o)
                0x00001794                UART_IntClock_Start
 .text.ADC_GainCompensation
                0x000017b0       0xe0 .\CortexM3\ARM_GCC_541\Debug\Project_Final.a(ADC.o)
 .text.ADC_SetDSMRef0Reg
                0x00001890       0x4c .\CortexM3\ARM_GCC_541\Debug\Project_Final.a(ADC.o)
 .text.ADC_InitConfig
                0x000018dc      0x328 .\CortexM3\ARM_GCC_541\Debug\Project_Final.a(ADC.o)
 .text.ADC_Init
                0x00001c04      0x108 .\CortexM3\ARM_GCC_541\Debug\Project_Final.a(ADC.o)
                0x00001c04                ADC_Init
 .text.ADC_Enable
                0x00001d0c       0xd8 .\CortexM3\ARM_GCC_541\Debug\Project_Final.a(ADC.o)
                0x00001d0c                ADC_Enable
 .text.ADC_Start
                0x00001de4       0x28 .\CortexM3\ARM_GCC_541\Debug\Project_Final.a(ADC.o)
                0x00001de4                ADC_Start
 .text.ADC_StartConvert
                0x00001e0c       0x10 .\CortexM3\ARM_GCC_541\Debug\Project_Final.a(ADC.o)
                0x00001e0c                ADC_StartConvert
 .text.ADC_IsEndConversion
                0x00001e1c       0x30 .\CortexM3\ARM_GCC_541\Debug\Project_Final.a(ADC.o)
                0x00001e1c                ADC_IsEndConversion
 .text.ADC_GetResult32
                0x00001e4c       0x6c .\CortexM3\ARM_GCC_541\Debug\Project_Final.a(ADC.o)
                0x00001e4c                ADC_GetResult32
 .text.ADC_ISR1
                0x00001eb8        0x4 .\CortexM3\ARM_GCC_541\Debug\Project_Final.a(ADC_INT.o)
                0x00001eb8                ADC_ISR1
 .text.ADC_ISR2
                0x00001ebc        0x4 .\CortexM3\ARM_GCC_541\Debug\Project_Final.a(ADC_INT.o)
                0x00001ebc                ADC_ISR2
 .text.ADC_ISR3
                0x00001ec0        0x4 .\CortexM3\ARM_GCC_541\Debug\Project_Final.a(ADC_INT.o)
                0x00001ec0                ADC_ISR3
 .text.ADC_ISR4
                0x00001ec4        0x4 .\CortexM3\ARM_GCC_541\Debug\Project_Final.a(ADC_INT.o)
                0x00001ec4                ADC_ISR4
 .text.ADC_AMux_Start
                0x00001ec8       0x20 .\CortexM3\ARM_GCC_541\Debug\Project_Final.a(ADC_AMux.o)
                0x00001ec8                ADC_AMux_Start
 .text.ADC_AMux_Select
                0x00001ee8       0x18 .\CortexM3\ARM_GCC_541\Debug\Project_Final.a(ADC_AMux.o)
                0x00001ee8                ADC_AMux_Select
 .text.ADC_Ext_CP_Clk_GetDividerRegister
                0x00001f00        0xc .\CortexM3\ARM_GCC_541\Debug\Project_Final.a(ADC_Ext_CP_Clk.o)
                0x00001f00                ADC_Ext_CP_Clk_GetDividerRegister
 .text.ADC_Ext_CP_Clk_SetModeRegister
                0x00001f0c       0x14 .\CortexM3\ARM_GCC_541\Debug\Project_Final.a(ADC_Ext_CP_Clk.o)
                0x00001f0c                ADC_Ext_CP_Clk_SetModeRegister
 .text.ADC_Ext_CP_Clk_GetSourceRegister
                0x00001f20       0x10 .\CortexM3\ARM_GCC_541\Debug\Project_Final.a(ADC_Ext_CP_Clk.o)
                0x00001f20                ADC_Ext_CP_Clk_GetSourceRegister
 .text.ADC_Ext_CP_Clk_SetDividerRegister
                0x00001f30       0xd8 .\CortexM3\ARM_GCC_541\Debug\Project_Final.a(ADC_Ext_CP_Clk.o)
                0x00001f30                ADC_Ext_CP_Clk_SetDividerRegister
 .text.ADC_theACLK_GetDividerRegister
                0x00002008        0xc .\CortexM3\ARM_GCC_541\Debug\Project_Final.a(ADC_theACLK.o)
                0x00002008                ADC_theACLK_GetDividerRegister
 .text.ADC_theACLK_SetModeRegister
                0x00002014       0x14 .\CortexM3\ARM_GCC_541\Debug\Project_Final.a(ADC_theACLK.o)
                0x00002014                ADC_theACLK_SetModeRegister
 .text.ADC_theACLK_GetSourceRegister
                0x00002028       0x10 .\CortexM3\ARM_GCC_541\Debug\Project_Final.a(ADC_theACLK.o)
                0x00002028                ADC_theACLK_GetSourceRegister
 .text.ADC_theACLK_SetDividerRegister
                0x00002038       0xd8 .\CortexM3\ARM_GCC_541\Debug\Project_Final.a(ADC_theACLK.o)
                0x00002038                ADC_theACLK_SetDividerRegister
 .text.pin_SW4_int_SetVector
                0x00002110        0xc .\CortexM3\ARM_GCC_541\Debug\Project_Final.a(pin_SW4_int.o)
                0x00002110                pin_SW4_int_SetVector
 .text.pin_SW4_int_SetPriority
                0x0000211c       0x10 .\CortexM3\ARM_GCC_541\Debug\Project_Final.a(pin_SW4_int.o)
                0x0000211c                pin_SW4_int_SetPriority
 .text.pin_SW4_int_Enable
                0x0000212c       0x10 .\CortexM3\ARM_GCC_541\Debug\Project_Final.a(pin_SW4_int.o)
                0x0000212c                pin_SW4_int_Enable
 .text.pin_SW4_int_Disable
                0x0000213c       0x10 .\CortexM3\ARM_GCC_541\Debug\Project_Final.a(pin_SW4_int.o)
                0x0000213c                pin_SW4_int_Disable
 .text.pin_SW4_int_StartEx
                0x0000214c       0x1c .\CortexM3\ARM_GCC_541\Debug\Project_Final.a(pin_SW4_int.o)
                0x0000214c                pin_SW4_int_StartEx
 .text.AMux_FastSelect
                0x00002168       0x20 .\CortexM3\ARM_GCC_541\Debug\Project_Final.a(AMux.o)
                0x00002168                AMux_FastSelect
 .text.isr1_SetVector
                0x00002188        0xc .\CortexM3\ARM_GCC_541\Debug\Project_Final.a(isr1.o)
                0x00002188                isr1_SetVector
 .text.isr1_SetPriority
                0x00002194       0x10 .\CortexM3\ARM_GCC_541\Debug\Project_Final.a(isr1.o)
                0x00002194                isr1_SetPriority
 .text.isr1_Enable
                0x000021a4        0xc .\CortexM3\ARM_GCC_541\Debug\Project_Final.a(isr1.o)
                0x000021a4                isr1_Enable
 .text.isr1_Disable
                0x000021b0        0xc .\CortexM3\ARM_GCC_541\Debug\Project_Final.a(isr1.o)
                0x000021b0                isr1_Disable
 .text.isr1_StartEx
                0x000021bc       0x1c .\CortexM3\ARM_GCC_541\Debug\Project_Final.a(isr1.o)
                0x000021bc                isr1_StartEx
 .text          0x000021d8       0x20 .\CortexM3\ARM_GCC_541\Debug\Project_Final.a(CyBootAsmGnu.o)
                0x000021d8                CyDelayCycles
                0x000021e8                CyEnterCriticalSection
                0x000021f0                CyExitCriticalSection
 .text.sin      0x000021f8       0x90 c:/program files (x86)/cypress/psoc creator/4.3/psoc creator/import/gnu/arm/5.4.1/bin/../lib/gcc/arm-none-eabi/5.4.1/../../../../arm-none-eabi/lib/armv7-m\libm.a(lib_a-s_sin.o)
                0x000021f8                sin
 .text.__ieee754_rem_pio2
                0x00002288      0x42c c:/program files (x86)/cypress/psoc creator/4.3/psoc creator/import/gnu/arm/5.4.1/bin/../lib/gcc/arm-none-eabi/5.4.1/../../../../arm-none-eabi/lib/armv7-m\libm.a(lib_a-e_rem_pio2.o)
                0x00002288                __ieee754_rem_pio2
 *fill*         0x000026b4        0x4 
 .text.__kernel_cos
                0x000026b8      0x248 c:/program files (x86)/cypress/psoc creator/4.3/psoc creator/import/gnu/arm/5.4.1/bin/../lib/gcc/arm-none-eabi/5.4.1/../../../../arm-none-eabi/lib/armv7-m\libm.a(lib_a-k_cos.o)
                0x000026b8                __kernel_cos
 .text.__kernel_rem_pio2
                0x00002900      0x7f0 c:/program files (x86)/cypress/psoc creator/4.3/psoc creator/import/gnu/arm/5.4.1/bin/../lib/gcc/arm-none-eabi/5.4.1/../../../../arm-none-eabi/lib/armv7-m\libm.a(lib_a-k_rem_pio2.o)
                0x00002900                __kernel_rem_pio2
 .text.__kernel_sin
                0x000030f0      0x16c c:/program files (x86)/cypress/psoc creator/4.3/psoc creator/import/gnu/arm/5.4.1/bin/../lib/gcc/arm-none-eabi/5.4.1/../../../../arm-none-eabi/lib/armv7-m\libm.a(lib_a-k_sin.o)
                0x000030f0                __kernel_sin
 .text.fabs     0x0000325c        0x8 c:/program files (x86)/cypress/psoc creator/4.3/psoc creator/import/gnu/arm/5.4.1/bin/../lib/gcc/arm-none-eabi/5.4.1/../../../../arm-none-eabi/lib/armv7-m\libm.a(lib_a-s_fabs.o)
                0x0000325c                fabs
 *fill*         0x00003264        0x4 
 .text.floor    0x00003268      0x110 c:/program files (x86)/cypress/psoc creator/4.3/psoc creator/import/gnu/arm/5.4.1/bin/../lib/gcc/arm-none-eabi/5.4.1/../../../../arm-none-eabi/lib/armv7-m\libm.a(lib_a-s_floor.o)
                0x00003268                floor
 .text.scalbn   0x00003378       0xe4 c:/program files (x86)/cypress/psoc creator/4.3/psoc creator/import/gnu/arm/5.4.1/bin/../lib/gcc/arm-none-eabi/5.4.1/../../../../arm-none-eabi/lib/armv7-m\libm.a(lib_a-s_scalbn.o)
                0x00003378                scalbn
 .text.copysign
                0x0000345c       0x10 c:/program files (x86)/cypress/psoc creator/4.3/psoc creator/import/gnu/arm/5.4.1/bin/../lib/gcc/arm-none-eabi/5.4.1/../../../../arm-none-eabi/lib/armv7-m\libm.a(lib_a-s_copysign.o)
                0x0000345c                copysign
 .text          0x0000346c      0x370 c:/program files (x86)/cypress/psoc creator/4.3/psoc creator/import/gnu/arm/5.4.1/bin/../lib/gcc/arm-none-eabi/5.4.1/armv7-m\libgcc.a(_arm_addsubdf3.o)
                0x0000346c                __aeabi_drsub
                0x00003474                __aeabi_dsub
                0x00003474                __subdf3
                0x00003478                __aeabi_dadd
                0x00003478                __adddf3
                0x000036f0                __floatunsidf
                0x000036f0                __aeabi_ui2d
                0x00003710                __floatsidf
                0x00003710                __aeabi_i2d
                0x00003734                __aeabi_f2d
                0x00003734                __extendsfdf2
                0x00003770                __floatundidf
                0x00003770                __aeabi_ul2d
                0x00003780                __floatdidf
                0x00003780                __aeabi_l2d
 .text          0x000037dc      0x424 c:/program files (x86)/cypress/psoc creator/4.3/psoc creator/import/gnu/arm/5.4.1/bin/../lib/gcc/arm-none-eabi/5.4.1/armv7-m\libgcc.a(_arm_muldivdf3.o)
                0x000037dc                __aeabi_dmul
                0x000037dc                __muldf3
                0x00003a30                __divdf3
                0x00003a30                __aeabi_ddiv
 .text          0x00003c00      0x110 c:/program files (x86)/cypress/psoc creator/4.3/psoc creator/import/gnu/arm/5.4.1/bin/../lib/gcc/arm-none-eabi/5.4.1/armv7-m\libgcc.a(_arm_cmpdf2.o)
                0x00003c00                __gtdf2
                0x00003c00                __gedf2
                0x00003c08                __ltdf2
                0x00003c08                __ledf2
                0x00003c10                __nedf2
                0x00003c10                __eqdf2
                0x00003c10                __cmpdf2
                0x00003c8c                __aeabi_cdrcmple
                0x00003c9c                __aeabi_cdcmpeq
                0x00003c9c                __aeabi_cdcmple
                0x00003cac                __aeabi_dcmpeq
                0x00003cc0                __aeabi_dcmplt
                0x00003cd4                __aeabi_dcmple
                0x00003ce8                __aeabi_dcmpge
                0x00003cfc                __aeabi_dcmpgt
 .text          0x00003d10       0x50 c:/program files (x86)/cypress/psoc creator/4.3/psoc creator/import/gnu/arm/5.4.1/bin/../lib/gcc/arm-none-eabi/5.4.1/armv7-m\libgcc.a(_arm_fixdfsi.o)
                0x00003d10                __aeabi_d2iz
                0x00003d10                __fixdfsi
 .text          0x00003d60       0xa0 c:/program files (x86)/cypress/psoc creator/4.3/psoc creator/import/gnu/arm/5.4.1/bin/../lib/gcc/arm-none-eabi/5.4.1/armv7-m\libgcc.a(_arm_truncdfsf2.o)
                0x00003d60                __truncdfsf2
                0x00003d60                __aeabi_d2f
 .text          0x00003e00      0x21c c:/program files (x86)/cypress/psoc creator/4.3/psoc creator/import/gnu/arm/5.4.1/bin/../lib/gcc/arm-none-eabi/5.4.1/armv7-m\libgcc.a(_arm_addsubsf3.o)
                0x00003e00                __aeabi_frsub
                0x00003e08                __subsf3
                0x00003e08                __aeabi_fsub
                0x00003e0c                __aeabi_fadd
                0x00003e0c                __addsf3
                0x00003f6c                __aeabi_ui2f
                0x00003f6c                __floatunsisf
                0x00003f74                __aeabi_i2f
                0x00003f74                __floatsisf
                0x00003f90                __aeabi_ul2f
                0x00003f90                __floatundisf
                0x00003fa0                __aeabi_l2f
                0x00003fa0                __floatdisf
 .text          0x0000401c      0x2a0 c:/program files (x86)/cypress/psoc creator/4.3/psoc creator/import/gnu/arm/5.4.1/bin/../lib/gcc/arm-none-eabi/5.4.1/armv7-m\libgcc.a(_arm_muldivsf3.o)
                0x0000401c                __mulsf3
                0x0000401c                __aeabi_fmul
                0x00004184                __aeabi_fdiv
                0x00004184                __divsf3
 .text          0x000042bc       0x40 c:/program files (x86)/cypress/psoc creator/4.3/psoc creator/import/gnu/arm/5.4.1/bin/../lib/gcc/arm-none-eabi/5.4.1/armv7-m\libgcc.a(_arm_fixunssfsi.o)
                0x000042bc                __fixunssfsi
                0x000042bc                __aeabi_f2uiz
 .text.__errno  0x000042fc        0xc c:/program files (x86)/cypress/psoc creator/4.3/psoc creator/import/gnu/arm/5.4.1/bin/../lib/gcc/arm-none-eabi/5.4.1/../../../../arm-none-eabi/lib/armv7-m\libg_nano.a(lib_a-errno.o)
                0x000042fc                __errno
 .text.__libc_init_array
                0x00004308       0x4c c:/program files (x86)/cypress/psoc creator/4.3/psoc creator/import/gnu/arm/5.4.1/bin/../lib/gcc/arm-none-eabi/5.4.1/../../../../arm-none-eabi/lib/armv7-m\libg_nano.a(lib_a-init.o)
                0x00004308                __libc_init_array
 .text.malloc   0x00004354       0x10 c:/program files (x86)/cypress/psoc creator/4.3/psoc creator/import/gnu/arm/5.4.1/bin/../lib/gcc/arm-none-eabi/5.4.1/../../../../arm-none-eabi/lib/armv7-m\libg_nano.a(lib_a-malloc.o)
                0x00004354                malloc
 .text.memcpy   0x00004364       0x16 c:/program files (x86)/cypress/psoc creator/4.3/psoc creator/import/gnu/arm/5.4.1/bin/../lib/gcc/arm-none-eabi/5.4.1/../../../../arm-none-eabi/lib/armv7-m\libg_nano.a(lib_a-memcpy-stub.o)
                0x00004364                memcpy
 .text.memset   0x0000437a       0x10 c:/program files (x86)/cypress/psoc creator/4.3/psoc creator/import/gnu/arm/5.4.1/bin/../lib/gcc/arm-none-eabi/5.4.1/../../../../arm-none-eabi/lib/armv7-m\libg_nano.a(lib_a-memset.o)
                0x0000437a                memset
 *fill*         0x0000438a        0x2 
 .text._malloc_r
                0x0000438c       0xbc c:/program files (x86)/cypress/psoc creator/4.3/psoc creator/import/gnu/arm/5.4.1/bin/../lib/gcc/arm-none-eabi/5.4.1/../../../../arm-none-eabi/lib/armv7-m\libg_nano.a(lib_a-nano-mallocr.o)
                0x0000438c                _malloc_r
 .text._sbrk_r  0x00004448       0x20 c:/program files (x86)/cypress/psoc creator/4.3/psoc creator/import/gnu/arm/5.4.1/bin/../lib/gcc/arm-none-eabi/5.4.1/../../../../arm-none-eabi/lib/armv7-m\libg_nano.a(lib_a-sbrkr.o)
                0x00004448                _sbrk_r
 .text          0x00004468       0x10 c:/program files (x86)/cypress/psoc creator/4.3/psoc creator/import/gnu/arm/5.4.1/bin/../lib/gcc/arm-none-eabi/5.4.1/../../../../arm-none-eabi/lib/armv7-m\libg_nano.a(lib_a-strlen.o)
                0x00004468                strlen
 .text.__malloc_lock
                0x00004478        0x2 c:/program files (x86)/cypress/psoc creator/4.3/psoc creator/import/gnu/arm/5.4.1/bin/../lib/gcc/arm-none-eabi/5.4.1/../../../../arm-none-eabi/lib/armv7-m\libg_nano.a(lib_a-mlock.o)
                0x00004478                __malloc_lock
 .text.__malloc_unlock
                0x0000447a        0x2 c:/program files (x86)/cypress/psoc creator/4.3/psoc creator/import/gnu/arm/5.4.1/bin/../lib/gcc/arm-none-eabi/5.4.1/../../../../arm-none-eabi/lib/armv7-m\libg_nano.a(lib_a-mlock.o)
                0x0000447a                __malloc_unlock
 *(.plt)
 *(.gnu.warning)
 *(.glue_7t)
 .glue_7t       0x0000447c        0x0 linker stubs
 *(.glue_7)
 .glue_7        0x0000447c        0x0 linker stubs
 *(.vfp11_veneer)
 .vfp11_veneer  0x0000447c        0x0 linker stubs
 *(.bootloader)
 *(.ARM.extab* .gnu.linkonce.armextab.*)
 *(.gcc_except_table)

.v4_bx          0x0000447c        0x0
 .v4_bx         0x0000447c        0x0 linker stubs

.iplt           0x0000447c        0x0
 .iplt          0x0000447c        0x0 c:/program files (x86)/cypress/psoc creator/4.3/psoc creator/import/gnu/arm/5.4.1/bin/../lib/gcc/arm-none-eabi/5.4.1/armv7-m/crtbegin.o

.eh_frame_hdr
 *(.eh_frame_hdr)

.eh_frame       0x0000447c        0x4
 *(.eh_frame)
 .eh_frame      0x0000447c        0x0 c:/program files (x86)/cypress/psoc creator/4.3/psoc creator/import/gnu/arm/5.4.1/bin/../lib/gcc/arm-none-eabi/5.4.1/armv7-m/crtbegin.o
 .eh_frame      0x0000447c        0x4 c:/program files (x86)/cypress/psoc creator/4.3/psoc creator/import/gnu/arm/5.4.1/bin/../lib/gcc/arm-none-eabi/5.4.1/armv7-m/crtend.o
                [!provide]                PROVIDE (__exidx_start, .)

.ARM.exidx
 *(.ARM.exidx* .gnu.linkonce.armexidx.*)
                0x00004480                __exidx_end = .

.rodata         0x00004480      0x3e0
 *(.rodata .rodata.* .gnu.linkonce.r.*)
 .rodata        0x00004480       0x5c .\CortexM3\ARM_GCC_541\Debug\main.o
 .rodata.str1.4
                0x000044dc       0x1e .\CortexM3\ARM_GCC_541\Debug\main.o
 *fill*         0x000044fa        0x2 
 .rodata.str1.4
                0x000044fc      0x104 .\CortexM3\ARM_GCC_541\Debug\morse.o
                                0x164 (size before relaxing)
 .rodata        0x00004600       0x4a .\CortexM3\ARM_GCC_541\Debug\cyfitter_cfg.o
                0x00004600                AMux__addrTable
                0x00004610                AMux__maskTable
                0x00004614                ADC_AMux__addrTable
                0x0000461c                ADC_AMux__maskTable
 *fill*         0x0000464a        0x2 
 .rodata.npio2_hw
                0x0000464c       0x80 c:/program files (x86)/cypress/psoc creator/4.3/psoc creator/import/gnu/arm/5.4.1/bin/../lib/gcc/arm-none-eabi/5.4.1/../../../../arm-none-eabi/lib/armv7-m\libm.a(lib_a-e_rem_pio2.o)
 .rodata.two_over_pi
                0x000046cc      0x108 c:/program files (x86)/cypress/psoc creator/4.3/psoc creator/import/gnu/arm/5.4.1/bin/../lib/gcc/arm-none-eabi/5.4.1/../../../../arm-none-eabi/lib/armv7-m\libm.a(lib_a-e_rem_pio2.o)
 .rodata.init_jk
                0x000047d4       0x10 c:/program files (x86)/cypress/psoc creator/4.3/psoc creator/import/gnu/arm/5.4.1/bin/../lib/gcc/arm-none-eabi/5.4.1/../../../../arm-none-eabi/lib/armv7-m\libm.a(lib_a-k_rem_pio2.o)
 *fill*         0x000047e4        0x4 
 .rodata.PIo2   0x000047e8       0x40 c:/program files (x86)/cypress/psoc creator/4.3/psoc creator/import/gnu/arm/5.4.1/bin/../lib/gcc/arm-none-eabi/5.4.1/../../../../arm-none-eabi/lib/armv7-m\libm.a(lib_a-k_rem_pio2.o)
 .rodata.str1.1
                0x00004828        0x2 c:/program files (x86)/cypress/psoc creator/4.3/psoc creator/import/gnu/arm/5.4.1/bin/../lib/gcc/arm-none-eabi/5.4.1/../../../../arm-none-eabi/lib/armv7-m\libg_nano.a(lib_a-impure.o)
                0x0000482c                . = ALIGN (0x4)
 *fill*         0x0000482a        0x2 
 *(.init)
 .init          0x0000482c        0x4 c:/program files (x86)/cypress/psoc creator/4.3/psoc creator/import/gnu/arm/5.4.1/bin/../lib/gcc/arm-none-eabi/5.4.1/armv7-m/crti.o
                0x0000482c                _init
 .init          0x00004830        0x8 c:/program files (x86)/cypress/psoc creator/4.3/psoc creator/import/gnu/arm/5.4.1/bin/../lib/gcc/arm-none-eabi/5.4.1/armv7-m/crtn.o
                0x00004838                . = ALIGN (0x4)
                0x00004838                __preinit_array_start = .
 *(.preinit_array)
                0x00004838                __preinit_array_end = .
                0x00004838                . = ALIGN (0x4)
                0x00004838                __init_array_start = .
 *(SORT(.init_array.*))
 *(.init_array)
 .init_array    0x00004838        0x4 c:/program files (x86)/cypress/psoc creator/4.3/psoc creator/import/gnu/arm/5.4.1/bin/../lib/gcc/arm-none-eabi/5.4.1/armv7-m/crtbegin.o
 .init_array    0x0000483c        0x4 .\CortexM3\ARM_GCC_541\Debug\Cm3Start.o
                0x00004840                __init_array_end = .
                0x00004840                . = ALIGN (0x4)
 *(.fini)
 .fini          0x00004840        0x4 c:/program files (x86)/cypress/psoc creator/4.3/psoc creator/import/gnu/arm/5.4.1/bin/../lib/gcc/arm-none-eabi/5.4.1/armv7-m/crti.o
                0x00004840                _fini
 .fini          0x00004844        0x8 c:/program files (x86)/cypress/psoc creator/4.3/psoc creator/import/gnu/arm/5.4.1/bin/../lib/gcc/arm-none-eabi/5.4.1/armv7-m/crtn.o
                0x0000484c                . = ALIGN (0x4)
                0x0000484c                __fini_array_start = .
 *(.fini_array)
 .fini_array    0x0000484c        0x4 c:/program files (x86)/cypress/psoc creator/4.3/psoc creator/import/gnu/arm/5.4.1/bin/../lib/gcc/arm-none-eabi/5.4.1/armv7-m/crtbegin.o
 *(SORT(.fini_array.*))
                0x00004850                __fini_array_end = .
                0x00004850                . = ALIGN (0x4)
 *crtbegin.o(.ctors)
 *(EXCLUDE_FILE(*crtend.o) .ctors)
 *(SORT(.ctors.*))
 *crtend.o(.ctors)
                0x00004850                . = ALIGN (0x4)
 *crtbegin.o(.dtors)
 *(EXCLUDE_FILE(*crtend.o) .dtors)
 *(SORT(.dtors.*))
 *crtend.o(.dtors)
                0x00004850                . = ALIGN (0x4)
                0x00004850                __cy_regions = .
                0x00004850        0x4 LONG 0x4860 __cy_region_init_ram
                0x00004854        0x4 LONG 0x1fff80c8 __cy_region_start_data
                0x00004858        0x4 LONG 0x80 __cy_region_init_size_ram
                0x0000485c        0x4 LONG 0x200 __cy_region_zero_size_ram
                0x00004860                __cy_regions_end = .
                0x00004860                . = ALIGN (0x8)
                0x00004860                _etext = .

.cy_checksum_exclude
                0x00004860        0x0
 *(.cy_checksum_exclude)

.ramvectors     0x1fff8000       0xc0
                0x1fff8000                __cy_region_start_ram = .
 *(.ramvectors)
 .ramvectors    0x1fff8000       0xc0 .\CortexM3\ARM_GCC_541\Debug\Cm3Start.o
                0x1fff8000                CyRamVectors

.noinit         0x1fff80c0        0x1
 *(.noinit)
 .noinit        0x1fff80c0        0x1 .\CortexM3\ARM_GCC_541\Debug\Project_Final.a(CyLib.o)
                0x1fff80c0                CyResetStatus

.data           0x1fff80c8       0x80 load address 0x00004860
                0x1fff80c8                __cy_region_start_data = .
 *(.jcr)
 .jcr           0x1fff80c8        0x0 c:/program files (x86)/cypress/psoc creator/4.3/psoc creator/import/gnu/arm/5.4.1/bin/../lib/gcc/arm-none-eabi/5.4.1/armv7-m/crtbegin.o
 .jcr           0x1fff80c8        0x4 c:/program files (x86)/cypress/psoc creator/4.3/psoc creator/import/gnu/arm/5.4.1/bin/../lib/gcc/arm-none-eabi/5.4.1/armv7-m/crtend.o
 *(.got.plt)
 *(.got)
 *(.shdata)
 *(.data .data.* .gnu.linkonce.d.*)
 .data          0x1fff80cc        0x4 .\CortexM3\ARM_GCC_541\Debug\Cm3Start.o
 .data          0x1fff80d0       0x10 .\CortexM3\ARM_GCC_541\Debug\Project_Final.a(CyLib.o)
                0x1fff80d0                cydelay_32k_ms
                0x1fff80d4                cydelay_freq_khz
                0x1fff80d8                cydelay_freq_mhz
                0x1fff80dc                cydelay_freq_hz
 .data          0x1fff80e0        0x1 .\CortexM3\ARM_GCC_541\Debug\Project_Final.a(ADC.o)
                0x1fff80e0                ADC_Config
 .data          0x1fff80e1        0x1 .\CortexM3\ARM_GCC_541\Debug\Project_Final.a(ADC_AMux.o)
 .data          0x1fff80e2        0x1 .\CortexM3\ARM_GCC_541\Debug\Project_Final.a(AMux.o)
 *fill*         0x1fff80e3        0x1 
 .data.impure_data
                0x1fff80e4       0x60 c:/program files (x86)/cypress/psoc creator/4.3/psoc creator/import/gnu/arm/5.4.1/bin/../lib/gcc/arm-none-eabi/5.4.1/../../../../arm-none-eabi/lib/armv7-m\libg_nano.a(lib_a-impure.o)
 .data._impure_ptr
                0x1fff8144        0x4 c:/program files (x86)/cypress/psoc creator/4.3/psoc creator/import/gnu/arm/5.4.1/bin/../lib/gcc/arm-none-eabi/5.4.1/../../../../arm-none-eabi/lib/armv7-m\libg_nano.a(lib_a-impure.o)
                0x1fff8144                _impure_ptr
                0x1fff8148                . = ALIGN (0x8)
 *(.ram)
                0x1fff8148                _edata = .

.igot.plt       0x1fff8148        0x0 load address 0x000048e0
 .igot.plt      0x1fff8148        0x0 c:/program files (x86)/cypress/psoc creator/4.3/psoc creator/import/gnu/arm/5.4.1/bin/../lib/gcc/arm-none-eabi/5.4.1/armv7-m/crtbegin.o

.bss            0x1fff8148      0x200 load address 0x000048e0
                0x1fff8148                PROVIDE (__bss_start__, .)
 *(.shbss)
 *(.bss .bss.* .gnu.linkonce.b.*)
 .bss           0x1fff8148       0x1c c:/program files (x86)/cypress/psoc creator/4.3/psoc creator/import/gnu/arm/5.4.1/bin/../lib/gcc/arm-none-eabi/5.4.1/armv7-m/crtbegin.o
 .bss           0x1fff8164      0x1a8 .\CortexM3\ARM_GCC_541\Debug\main.o
                0x1fff82fc                flag
                0x1fff8300                clock
                0x1fff8304                pressSW4
                0x1fff8308                clock2
 .bss           0x1fff830c        0x1 .\CortexM3\ARM_GCC_541\Debug\Project_Final.a(Timer.o)
                0x1fff830c                Timer_initVar
 .bss           0x1fff830d        0x1 .\CortexM3\ARM_GCC_541\Debug\Project_Final.a(VDAC.o)
                0x1fff830d                VDAC_initVar
 .bss           0x1fff830e        0x1 .\CortexM3\ARM_GCC_541\Debug\Project_Final.a(Timer_1.o)
                0x1fff830e                Timer_1_initVar
 .bss           0x1fff830f        0x2 .\CortexM3\ARM_GCC_541\Debug\Project_Final.a(LCD.o)
                0x1fff830f                LCD_enableState
                0x1fff8310                LCD_initVar
 .bss           0x1fff8311        0x2 .\CortexM3\ARM_GCC_541\Debug\Project_Final.a(UART.o)
                0x1fff8311                UART_initVar
 .bss           0x1fff8313        0x1 .\CortexM3\ARM_GCC_541\Debug\Project_Final.a(PWM.o)
                0x1fff8313                PWM_initVar
 .bss           0x1fff8314       0x18 .\CortexM3\ARM_GCC_541\Debug\Project_Final.a(ADC.o)
                0x1fff8324                ADC_stopConversion
                0x1fff8325                ADC_convDone
                0x1fff8326                ADC_initVar
                0x1fff8327                ADC_started
                0x1fff8328                ADC_Offset
 .bss.__malloc_sbrk_start
                0x1fff832c        0x4 c:/program files (x86)/cypress/psoc creator/4.3/psoc creator/import/gnu/arm/5.4.1/bin/../lib/gcc/arm-none-eabi/5.4.1/../../../../arm-none-eabi/lib/armv7-m\libg_nano.a(lib_a-nano-mallocr.o)
                0x1fff832c                __malloc_sbrk_start
 .bss.__malloc_free_list
                0x1fff8330        0x4 c:/program files (x86)/cypress/psoc creator/4.3/psoc creator/import/gnu/arm/5.4.1/bin/../lib/gcc/arm-none-eabi/5.4.1/../../../../arm-none-eabi/lib/armv7-m\libg_nano.a(lib_a-nano-mallocr.o)
                0x1fff8330                __malloc_free_list
 *(COMMON)
 COMMON         0x1fff8334        0x8 .\CortexM3\ARM_GCC_541\Debug\main.o
                0x1fff8334                rxData
                0x1fff8335                lightOn
                0x1fff8338                adc_value_float
 COMMON         0x1fff833c        0x4 .\CortexM3\ARM_GCC_541\Debug\Project_Final.a(ADC.o)
                0x1fff833c                ADC_CountsPerVolt
 COMMON         0x1fff8340        0x4 c:/program files (x86)/cypress/psoc creator/4.3/psoc creator/import/gnu/arm/5.4.1/bin/../lib/gcc/arm-none-eabi/5.4.1/../../../../arm-none-eabi/lib/armv7-m\libg_nano.a(lib_a-reent.o)
                0x1fff8340                errno
                0x1fff8348                . = ALIGN (0x8)
 *fill*         0x1fff8344        0x4 
 *(.ram.b)
                0x1fff8348                _end = .
                0x1fff8348                __end = .
                0x1fff8348                PROVIDE (end, .)
                0x1fff8348                PROVIDE (__bss_end__, .)
                0x00004860                __cy_region_init_ram = LOADADDR (.data)
                0x00000080                __cy_region_init_size_ram = (_edata - ADDR (.data))
                0x00000200                __cy_region_zero_size_ram = (_end - _edata)

.heap           0x1fff8348       0x80 load address 0x000048e0
                0x1fff8348                . = _end
                0x1fff83c8                . = (. + 0x80)
 *fill*         0x1fff8348       0x80 
                0x1fff83c8                __cy_heap_limit = .

.stack          0x20007800      0x800
                0x20007800                __cy_stack_limit = .
                0x20008000                . = (. + 0x800)
 *fill*         0x20007800      0x800 
                0x00000001                ASSERT ((__cy_stack_limit >= __cy_heap_limit), region RAM overflowed with stack)
                0x00000000                cy_checksum_exclude_size = (CY_APPL_LOADABLE == 0x1)?SIZEOF (.cy_checksum_exclude):0x0
                0x00000001                ASSERT ((cy_checksum_exclude_size <= CY_CHECKSUM_EXCLUDE_SIZE), CY_BOOT: Section .cy_checksum_exclude size exceedes specified limit.)

.cyloadermeta
 *(.cyloadermeta)

.cyloadablemeta
 *(.cyloadablemeta)

.cyconfigecc    0x80000000      0x5cc
 *(.cyconfigecc)
 .cyconfigecc   0x80000000      0x5cc .\CortexM3\ARM_GCC_541\Debug\cymetadata.o
                0x80000000                cy_meta_configecc

.cycustnvl      0x90000000        0x4
 *(.cycustnvl)
 .cycustnvl     0x90000000        0x4 .\CortexM3\ARM_GCC_541\Debug\cymetadata.o
                0x90000000                cy_meta_custnvl

.cywolatch      0x90100000        0x4
 *(.cywolatch)
 .cywolatch     0x90100000        0x4 .\CortexM3\ARM_GCC_541\Debug\cymetadata.o
                0x90100000                cy_meta_wonvl

.cyeeprom       0x90200000        0x0
 *(.cyeeprom)
                0x00000001                ASSERT ((. <= ((0x90200000 + ee_offset) + ee_size)), .cyeeprom data will not fit in EEPROM)

.cyflashprotect
                0x90400000      0x100
 *(.cyflashprotect)
 .cyflashprotect
                0x90400000      0x100 .\CortexM3\ARM_GCC_541\Debug\cymetadata.o
                0x90400000                cy_meta_flashprotect

.cymeta         0x90500000        0xc
 *(.cymeta)
 .cymeta        0x90500000        0xc .\CortexM3\ARM_GCC_541\Debug\cymetadata.o
                0x90500000                cy_metadata

.rel.dyn        0x000048e0        0x0 load address 0x9050000c
 .rel.iplt      0x000048e0        0x0 c:/program files (x86)/cypress/psoc creator/4.3/psoc creator/import/gnu/arm/5.4.1/bin/../lib/gcc/arm-none-eabi/5.4.1/armv7-m/crtbegin.o

.stab
 *(.stab)

.stabstr
 *(.stabstr)

.debug
 *(.debug)

.line
 *(.line)

.debug_srcinfo
 *(.debug_srcinfo)

.debug_sfnames
 *(.debug_sfnames)

.debug_aranges  0x00000000     0x1198
 *(.debug_aranges)
 .debug_aranges
                0x00000000       0xc0 .\CortexM3\ARM_GCC_541\Debug\main.o
 .debug_aranges
                0x000000c0       0x28 .\CortexM3\ARM_GCC_541\Debug\keypad.o
 .debug_aranges
                0x000000e8       0x28 .\CortexM3\ARM_GCC_541\Debug\morse.o
 .debug_aranges
                0x00000110       0x38 .\CortexM3\ARM_GCC_541\Debug\sw1.o
 .debug_aranges
                0x00000148       0x38 .\CortexM3\ARM_GCC_541\Debug\sw2.o
 .debug_aranges
                0x00000180       0x78 .\CortexM3\ARM_GCC_541\Debug\cyfitter_cfg.o
 .debug_aranges
                0x000001f8       0x18 .\CortexM3\ARM_GCC_541\Debug\cymetadata.o
 .debug_aranges
                0x00000210       0x48 .\CortexM3\ARM_GCC_541\Debug\Cm3Start.o
 .debug_aranges
                0x00000258       0x38 .\CortexM3\ARM_GCC_541\Debug\Project_Final.a(Led_1.o)
 .debug_aranges
                0x00000290       0x38 .\CortexM3\ARM_GCC_541\Debug\Project_Final.a(Led_2.o)
 .debug_aranges
                0x000002c8       0x38 .\CortexM3\ARM_GCC_541\Debug\Project_Final.a(Led_3.o)
 .debug_aranges
                0x00000300       0x38 .\CortexM3\ARM_GCC_541\Debug\Project_Final.a(Led_4.o)
 .debug_aranges
                0x00000338      0x2a0 .\CortexM3\ARM_GCC_541\Debug\Project_Final.a(CyLib.o)
 .debug_aranges
                0x000005d8       0x98 .\CortexM3\ARM_GCC_541\Debug\Project_Final.a(cyPm.o)
 .debug_aranges
                0x00000670       0x88 .\CortexM3\ARM_GCC_541\Debug\Project_Final.a(Timer.o)
 .debug_aranges
                0x000006f8       0x58 .\CortexM3\ARM_GCC_541\Debug\Project_Final.a(VDAC.o)
 .debug_aranges
                0x00000750       0x80 .\CortexM3\ARM_GCC_541\Debug\Project_Final.a(isr.o)
 .debug_aranges
                0x000007d0       0x38 .\CortexM3\ARM_GCC_541\Debug\Project_Final.a(SW3.o)
 .debug_aranges
                0x00000808       0x48 .\CortexM3\ARM_GCC_541\Debug\Project_Final.a(SW4.o)
 .debug_aranges
                0x00000850       0x88 .\CortexM3\ARM_GCC_541\Debug\Project_Final.a(Timer_1.o)
 .debug_aranges
                0x000008d8       0x38 .\CortexM3\ARM_GCC_541\Debug\Project_Final.a(COL1.o)
 .debug_aranges
                0x00000910       0x38 .\CortexM3\ARM_GCC_541\Debug\Project_Final.a(COL2.o)
 .debug_aranges
                0x00000948       0x38 .\CortexM3\ARM_GCC_541\Debug\Project_Final.a(ROW1.o)
 .debug_aranges
                0x00000980       0x38 .\CortexM3\ARM_GCC_541\Debug\Project_Final.a(ROW0.o)
 .debug_aranges
                0x000009b8       0x38 .\CortexM3\ARM_GCC_541\Debug\Project_Final.a(ROW2.o)
 .debug_aranges
                0x000009f0       0x38 .\CortexM3\ARM_GCC_541\Debug\Project_Final.a(ROW3.o)
 .debug_aranges
                0x00000a28       0x38 .\CortexM3\ARM_GCC_541\Debug\Project_Final.a(COL3.o)
 .debug_aranges
                0x00000a60       0x98 .\CortexM3\ARM_GCC_541\Debug\Project_Final.a(LCD.o)
 .debug_aranges
                0x00000af8       0xf0 .\CortexM3\ARM_GCC_541\Debug\Project_Final.a(UART.o)
 .debug_aranges
                0x00000be8       0xa8 .\CortexM3\ARM_GCC_541\Debug\Project_Final.a(PWM.o)
 .debug_aranges
                0x00000c90       0x70 .\CortexM3\ARM_GCC_541\Debug\Project_Final.a(UART_IntClock.o)
 .debug_aranges
                0x00000d00       0xe8 .\CortexM3\ARM_GCC_541\Debug\Project_Final.a(ADC.o)
 .debug_aranges
                0x00000de8       0x38 .\CortexM3\ARM_GCC_541\Debug\Project_Final.a(ADC_INT.o)
 .debug_aranges
                0x00000e20       0x30 .\CortexM3\ARM_GCC_541\Debug\Project_Final.a(ADC_AMux.o)
 .debug_aranges
                0x00000e50       0x70 .\CortexM3\ARM_GCC_541\Debug\Project_Final.a(ADC_Ext_CP_Clk.o)
 .debug_aranges
                0x00000ec0       0x80 .\CortexM3\ARM_GCC_541\Debug\Project_Final.a(ADC_theACLK.o)
 .debug_aranges
                0x00000f40       0x80 .\CortexM3\ARM_GCC_541\Debug\Project_Final.a(pin_SW4_int.o)
 .debug_aranges
                0x00000fc0       0x30 .\CortexM3\ARM_GCC_541\Debug\Project_Final.a(AMux.o)
 .debug_aranges
                0x00000ff0       0x80 .\CortexM3\ARM_GCC_541\Debug\Project_Final.a(isr1.o)
 .debug_aranges
                0x00001070       0x20 .\CortexM3\ARM_GCC_541\Debug\Project_Final.a(CyBootAsmGnu.o)
 .debug_aranges
                0x00001090       0x88 .\CortexM3\ARM_GCC_541\Debug\Project_Final.a(CyFlash.o)
 .debug_aranges
                0x00001118       0x80 .\CortexM3\ARM_GCC_541\Debug\Project_Final.a(CySpc.o)

.debug_pubnames
 *(.debug_pubnames)

.debug_info     0x00000000     0x932a
 *(.debug_info .gnu.linkonce.wi.*)
 .debug_info    0x00000000      0xf54 .\CortexM3\ARM_GCC_541\Debug\main.o
 .debug_info    0x00000f54      0x380 .\CortexM3\ARM_GCC_541\Debug\keypad.o
 .debug_info    0x000012d4      0x229 .\CortexM3\ARM_GCC_541\Debug\morse.o
 .debug_info    0x000014fd      0x11f .\CortexM3\ARM_GCC_541\Debug\sw1.o
 .debug_info    0x0000161c      0x11f .\CortexM3\ARM_GCC_541\Debug\sw2.o
 .debug_info    0x0000173b      0x6ab .\CortexM3\ARM_GCC_541\Debug\cyfitter_cfg.o
 .debug_info    0x00001de6      0x137 .\CortexM3\ARM_GCC_541\Debug\cymetadata.o
 .debug_info    0x00001f1d      0x3bb .\CortexM3\ARM_GCC_541\Debug\Cm3Start.o
 .debug_info    0x000022d8      0x11f .\CortexM3\ARM_GCC_541\Debug\Project_Final.a(Led_1.o)
 .debug_info    0x000023f7      0x11f .\CortexM3\ARM_GCC_541\Debug\Project_Final.a(Led_2.o)
 .debug_info    0x00002516      0x11f .\CortexM3\ARM_GCC_541\Debug\Project_Final.a(Led_3.o)
 .debug_info    0x00002635      0x11f .\CortexM3\ARM_GCC_541\Debug\Project_Final.a(Led_4.o)
 .debug_info    0x00002754     0x1374 .\CortexM3\ARM_GCC_541\Debug\Project_Final.a(CyLib.o)
 .debug_info    0x00003ac8      0xa2a .\CortexM3\ARM_GCC_541\Debug\Project_Final.a(cyPm.o)
 .debug_info    0x000044f2      0x295 .\CortexM3\ARM_GCC_541\Debug\Project_Final.a(Timer.o)
 .debug_info    0x00004787      0x1e0 .\CortexM3\ARM_GCC_541\Debug\Project_Final.a(VDAC.o)
 .debug_info    0x00004967      0x2d2 .\CortexM3\ARM_GCC_541\Debug\Project_Final.a(isr.o)
 .debug_info    0x00004c39      0x11f .\CortexM3\ARM_GCC_541\Debug\Project_Final.a(SW3.o)
 .debug_info    0x00004d58      0x174 .\CortexM3\ARM_GCC_541\Debug\Project_Final.a(SW4.o)
 .debug_info    0x00004ecc      0x295 .\CortexM3\ARM_GCC_541\Debug\Project_Final.a(Timer_1.o)
 .debug_info    0x00005161      0x11f .\CortexM3\ARM_GCC_541\Debug\Project_Final.a(COL1.o)
 .debug_info    0x00005280      0x11f .\CortexM3\ARM_GCC_541\Debug\Project_Final.a(COL2.o)
 .debug_info    0x0000539f      0x11f .\CortexM3\ARM_GCC_541\Debug\Project_Final.a(ROW1.o)
 .debug_info    0x000054be      0x11f .\CortexM3\ARM_GCC_541\Debug\Project_Final.a(ROW0.o)
 .debug_info    0x000055dd      0x11f .\CortexM3\ARM_GCC_541\Debug\Project_Final.a(ROW2.o)
 .debug_info    0x000056fc      0x11f .\CortexM3\ARM_GCC_541\Debug\Project_Final.a(ROW3.o)
 .debug_info    0x0000581b      0x11f .\CortexM3\ARM_GCC_541\Debug\Project_Final.a(COL3.o)
 .debug_info    0x0000593a      0x715 .\CortexM3\ARM_GCC_541\Debug\Project_Final.a(LCD.o)
 .debug_info    0x0000604f      0x60c .\CortexM3\ARM_GCC_541\Debug\Project_Final.a(UART.o)
 .debug_info    0x0000665b      0x3a4 .\CortexM3\ARM_GCC_541\Debug\Project_Final.a(PWM.o)
 .debug_info    0x000069ff      0x283 .\CortexM3\ARM_GCC_541\Debug\Project_Final.a(UART_IntClock.o)
 .debug_info    0x00006c82      0xbed .\CortexM3\ARM_GCC_541\Debug\Project_Final.a(ADC.o)
 .debug_info    0x0000786f       0xd3 .\CortexM3\ARM_GCC_541\Debug\Project_Final.a(ADC_INT.o)
 .debug_info    0x00007942      0x165 .\CortexM3\ARM_GCC_541\Debug\Project_Final.a(ADC_AMux.o)
 .debug_info    0x00007aa7      0x283 .\CortexM3\ARM_GCC_541\Debug\Project_Final.a(ADC_Ext_CP_Clk.o)
 .debug_info    0x00007d2a      0x2c4 .\CortexM3\ARM_GCC_541\Debug\Project_Final.a(ADC_theACLK.o)
 .debug_info    0x00007fee      0x2d2 .\CortexM3\ARM_GCC_541\Debug\Project_Final.a(pin_SW4_int.o)
 .debug_info    0x000082c0      0x165 .\CortexM3\ARM_GCC_541\Debug\Project_Final.a(AMux.o)
 .debug_info    0x00008425      0x2d2 .\CortexM3\ARM_GCC_541\Debug\Project_Final.a(isr1.o)
 .debug_info    0x000086f7       0x96 .\CortexM3\ARM_GCC_541\Debug\Project_Final.a(CyBootAsmGnu.o)
 .debug_info    0x0000878d      0x64d .\CortexM3\ARM_GCC_541\Debug\Project_Final.a(CyFlash.o)
 .debug_info    0x00008dda      0x550 .\CortexM3\ARM_GCC_541\Debug\Project_Final.a(CySpc.o)

.debug_abbrev   0x00000000     0x2a97
 *(.debug_abbrev)
 .debug_abbrev  0x00000000      0x21c .\CortexM3\ARM_GCC_541\Debug\main.o
 .debug_abbrev  0x0000021c       0xc5 .\CortexM3\ARM_GCC_541\Debug\keypad.o
 .debug_abbrev  0x000002e1       0xd6 .\CortexM3\ARM_GCC_541\Debug\morse.o
 .debug_abbrev  0x000003b7       0x90 .\CortexM3\ARM_GCC_541\Debug\sw1.o
 .debug_abbrev  0x00000447       0x90 .\CortexM3\ARM_GCC_541\Debug\sw2.o
 .debug_abbrev  0x000004d7      0x21e .\CortexM3\ARM_GCC_541\Debug\cyfitter_cfg.o
 .debug_abbrev  0x000006f5       0x77 .\CortexM3\ARM_GCC_541\Debug\cymetadata.o
 .debug_abbrev  0x0000076c      0x1e8 .\CortexM3\ARM_GCC_541\Debug\Cm3Start.o
 .debug_abbrev  0x00000954       0x90 .\CortexM3\ARM_GCC_541\Debug\Project_Final.a(Led_1.o)
 .debug_abbrev  0x000009e4       0x90 .\CortexM3\ARM_GCC_541\Debug\Project_Final.a(Led_2.o)
 .debug_abbrev  0x00000a74       0x90 .\CortexM3\ARM_GCC_541\Debug\Project_Final.a(Led_3.o)
 .debug_abbrev  0x00000b04       0x90 .\CortexM3\ARM_GCC_541\Debug\Project_Final.a(Led_4.o)
 .debug_abbrev  0x00000b94      0x254 .\CortexM3\ARM_GCC_541\Debug\Project_Final.a(CyLib.o)
 .debug_abbrev  0x00000de8      0x1ab .\CortexM3\ARM_GCC_541\Debug\Project_Final.a(cyPm.o)
 .debug_abbrev  0x00000f93      0x11a .\CortexM3\ARM_GCC_541\Debug\Project_Final.a(Timer.o)
 .debug_abbrev  0x000010ad       0xf7 .\CortexM3\ARM_GCC_541\Debug\Project_Final.a(VDAC.o)
 .debug_abbrev  0x000011a4      0x173 .\CortexM3\ARM_GCC_541\Debug\Project_Final.a(isr.o)
 .debug_abbrev  0x00001317       0x90 .\CortexM3\ARM_GCC_541\Debug\Project_Final.a(SW3.o)
 .debug_abbrev  0x000013a7       0x90 .\CortexM3\ARM_GCC_541\Debug\Project_Final.a(SW4.o)
 .debug_abbrev  0x00001437      0x11a .\CortexM3\ARM_GCC_541\Debug\Project_Final.a(Timer_1.o)
 .debug_abbrev  0x00001551       0x90 .\CortexM3\ARM_GCC_541\Debug\Project_Final.a(COL1.o)
 .debug_abbrev  0x000015e1       0x90 .\CortexM3\ARM_GCC_541\Debug\Project_Final.a(COL2.o)
 .debug_abbrev  0x00001671       0x90 .\CortexM3\ARM_GCC_541\Debug\Project_Final.a(ROW1.o)
 .debug_abbrev  0x00001701       0x90 .\CortexM3\ARM_GCC_541\Debug\Project_Final.a(ROW0.o)
 .debug_abbrev  0x00001791       0x90 .\CortexM3\ARM_GCC_541\Debug\Project_Final.a(ROW2.o)
 .debug_abbrev  0x00001821       0x90 .\CortexM3\ARM_GCC_541\Debug\Project_Final.a(ROW3.o)
 .debug_abbrev  0x000018b1       0x90 .\CortexM3\ARM_GCC_541\Debug\Project_Final.a(COL3.o)
 .debug_abbrev  0x00001941      0x157 .\CortexM3\ARM_GCC_541\Debug\Project_Final.a(LCD.o)
 .debug_abbrev  0x00001a98      0x175 .\CortexM3\ARM_GCC_541\Debug\Project_Final.a(UART.o)
 .debug_abbrev  0x00001c0d      0x133 .\CortexM3\ARM_GCC_541\Debug\Project_Final.a(PWM.o)
 .debug_abbrev  0x00001d40      0x139 .\CortexM3\ARM_GCC_541\Debug\Project_Final.a(UART_IntClock.o)
 .debug_abbrev  0x00001e79      0x1eb .\CortexM3\ARM_GCC_541\Debug\Project_Final.a(ADC.o)
 .debug_abbrev  0x00002064       0x42 .\CortexM3\ARM_GCC_541\Debug\Project_Final.a(ADC_INT.o)
 .debug_abbrev  0x000020a6       0xb1 .\CortexM3\ARM_GCC_541\Debug\Project_Final.a(ADC_AMux.o)
 .debug_abbrev  0x00002157      0x139 .\CortexM3\ARM_GCC_541\Debug\Project_Final.a(ADC_Ext_CP_Clk.o)
 .debug_abbrev  0x00002290      0x121 .\CortexM3\ARM_GCC_541\Debug\Project_Final.a(ADC_theACLK.o)
 .debug_abbrev  0x000023b1      0x173 .\CortexM3\ARM_GCC_541\Debug\Project_Final.a(pin_SW4_int.o)
 .debug_abbrev  0x00002524       0xb1 .\CortexM3\ARM_GCC_541\Debug\Project_Final.a(AMux.o)
 .debug_abbrev  0x000025d5      0x173 .\CortexM3\ARM_GCC_541\Debug\Project_Final.a(isr1.o)
 .debug_abbrev  0x00002748       0x14 .\CortexM3\ARM_GCC_541\Debug\Project_Final.a(CyBootAsmGnu.o)
 .debug_abbrev  0x0000275c      0x1a7 .\CortexM3\ARM_GCC_541\Debug\Project_Final.a(CyFlash.o)
 .debug_abbrev  0x00002903      0x194 .\CortexM3\ARM_GCC_541\Debug\Project_Final.a(CySpc.o)

.debug_line     0x00000000     0x3fba
 *(.debug_line)
 .debug_line    0x00000000      0x5a4 .\CortexM3\ARM_GCC_541\Debug\main.o
 .debug_line    0x000005a4      0x1ec .\CortexM3\ARM_GCC_541\Debug\keypad.o
 .debug_line    0x00000790      0x1ee .\CortexM3\ARM_GCC_541\Debug\morse.o
 .debug_line    0x0000097e       0x90 .\CortexM3\ARM_GCC_541\Debug\sw1.o
 .debug_line    0x00000a0e       0x90 .\CortexM3\ARM_GCC_541\Debug\sw2.o
 .debug_line    0x00000a9e      0x238 .\CortexM3\ARM_GCC_541\Debug\cyfitter_cfg.o
 .debug_line    0x00000cd6      0x141 .\CortexM3\ARM_GCC_541\Debug\cymetadata.o
 .debug_line    0x00000e17      0x234 .\CortexM3\ARM_GCC_541\Debug\Cm3Start.o
 .debug_line    0x0000104b       0x92 .\CortexM3\ARM_GCC_541\Debug\Project_Final.a(Led_1.o)
 .debug_line    0x000010dd       0x92 .\CortexM3\ARM_GCC_541\Debug\Project_Final.a(Led_2.o)
 .debug_line    0x0000116f       0x92 .\CortexM3\ARM_GCC_541\Debug\Project_Final.a(Led_3.o)
 .debug_line    0x00001201       0x92 .\CortexM3\ARM_GCC_541\Debug\Project_Final.a(Led_4.o)
 .debug_line    0x00001293      0x816 .\CortexM3\ARM_GCC_541\Debug\Project_Final.a(CyLib.o)
 .debug_line    0x00001aa9      0x367 .\CortexM3\ARM_GCC_541\Debug\Project_Final.a(cyPm.o)
 .debug_line    0x00001e10      0x153 .\CortexM3\ARM_GCC_541\Debug\Project_Final.a(Timer.o)
 .debug_line    0x00001f63       0xe1 .\CortexM3\ARM_GCC_541\Debug\Project_Final.a(VDAC.o)
 .debug_line    0x00002044      0x130 .\CortexM3\ARM_GCC_541\Debug\Project_Final.a(isr.o)
 .debug_line    0x00002174       0x90 .\CortexM3\ARM_GCC_541\Debug\Project_Final.a(SW3.o)
 .debug_line    0x00002204       0xb4 .\CortexM3\ARM_GCC_541\Debug\Project_Final.a(SW4.o)
 .debug_line    0x000022b8      0x155 .\CortexM3\ARM_GCC_541\Debug\Project_Final.a(Timer_1.o)
 .debug_line    0x0000240d       0x91 .\CortexM3\ARM_GCC_541\Debug\Project_Final.a(COL1.o)
 .debug_line    0x0000249e       0x91 .\CortexM3\ARM_GCC_541\Debug\Project_Final.a(COL2.o)
 .debug_line    0x0000252f       0x91 .\CortexM3\ARM_GCC_541\Debug\Project_Final.a(ROW1.o)
 .debug_line    0x000025c0       0x91 .\CortexM3\ARM_GCC_541\Debug\Project_Final.a(ROW0.o)
 .debug_line    0x00002651       0x91 .\CortexM3\ARM_GCC_541\Debug\Project_Final.a(ROW2.o)
 .debug_line    0x000026e2       0x91 .\CortexM3\ARM_GCC_541\Debug\Project_Final.a(ROW3.o)
 .debug_line    0x00002773       0x91 .\CortexM3\ARM_GCC_541\Debug\Project_Final.a(COL3.o)
 .debug_line    0x00002804      0x1dc .\CortexM3\ARM_GCC_541\Debug\Project_Final.a(LCD.o)
 .debug_line    0x000029e0      0x2bc .\CortexM3\ARM_GCC_541\Debug\Project_Final.a(UART.o)
 .debug_line    0x00002c9c      0x1aa .\CortexM3\ARM_GCC_541\Debug\Project_Final.a(PWM.o)
 .debug_line    0x00002e46      0x17c .\CortexM3\ARM_GCC_541\Debug\Project_Final.a(UART_IntClock.o)
 .debug_line    0x00002fc2      0x3c1 .\CortexM3\ARM_GCC_541\Debug\Project_Final.a(ADC.o)
 .debug_line    0x00003383       0x80 .\CortexM3\ARM_GCC_541\Debug\Project_Final.a(ADC_INT.o)
 .debug_line    0x00003403       0xac .\CortexM3\ARM_GCC_541\Debug\Project_Final.a(ADC_AMux.o)
 .debug_line    0x000034af      0x17d .\CortexM3\ARM_GCC_541\Debug\Project_Final.a(ADC_Ext_CP_Clk.o)
 .debug_line    0x0000362c      0x19d .\CortexM3\ARM_GCC_541\Debug\Project_Final.a(ADC_theACLK.o)
 .debug_line    0x000037c9      0x138 .\CortexM3\ARM_GCC_541\Debug\Project_Final.a(pin_SW4_int.o)
 .debug_line    0x00003901       0xa8 .\CortexM3\ARM_GCC_541\Debug\Project_Final.a(AMux.o)
 .debug_line    0x000039a9      0x131 .\CortexM3\ARM_GCC_541\Debug\Project_Final.a(isr1.o)
 .debug_line    0x00003ada       0x66 .\CortexM3\ARM_GCC_541\Debug\Project_Final.a(CyBootAsmGnu.o)
 .debug_line    0x00003b40      0x21a .\CortexM3\ARM_GCC_541\Debug\Project_Final.a(CyFlash.o)
 .debug_line    0x00003d5a      0x260 .\CortexM3\ARM_GCC_541\Debug\Project_Final.a(CySpc.o)

.debug_frame    0x00000000     0x2bd4
 *(.debug_frame)
 .debug_frame   0x00000000      0x280 .\CortexM3\ARM_GCC_541\Debug\main.o
 .debug_frame   0x00000280       0x48 .\CortexM3\ARM_GCC_541\Debug\keypad.o
 .debug_frame   0x000002c8       0x3c .\CortexM3\ARM_GCC_541\Debug\morse.o
 .debug_frame   0x00000304       0x50 .\CortexM3\ARM_GCC_541\Debug\sw1.o
 .debug_frame   0x00000354       0x50 .\CortexM3\ARM_GCC_541\Debug\sw2.o
 .debug_frame   0x000003a4      0x13c .\CortexM3\ARM_GCC_541\Debug\cyfitter_cfg.o
 .debug_frame   0x000004e0       0xb8 .\CortexM3\ARM_GCC_541\Debug\Cm3Start.o
 .debug_frame   0x00000598       0x50 .\CortexM3\ARM_GCC_541\Debug\Project_Final.a(Led_1.o)
 .debug_frame   0x000005e8       0x50 .\CortexM3\ARM_GCC_541\Debug\Project_Final.a(Led_2.o)
 .debug_frame   0x00000638       0x50 .\CortexM3\ARM_GCC_541\Debug\Project_Final.a(Led_3.o)
 .debug_frame   0x00000688       0x50 .\CortexM3\ARM_GCC_541\Debug\Project_Final.a(Led_4.o)
 .debug_frame   0x000006d8      0x738 .\CortexM3\ARM_GCC_541\Debug\Project_Final.a(CyLib.o)
 .debug_frame   0x00000e10      0x1f8 .\CortexM3\ARM_GCC_541\Debug\Project_Final.a(cyPm.o)
 .debug_frame   0x00001008      0x108 .\CortexM3\ARM_GCC_541\Debug\Project_Final.a(Timer.o)
 .debug_frame   0x00001110       0xb4 .\CortexM3\ARM_GCC_541\Debug\Project_Final.a(VDAC.o)
 .debug_frame   0x000011c4      0x104 .\CortexM3\ARM_GCC_541\Debug\Project_Final.a(isr.o)
 .debug_frame   0x000012c8       0x50 .\CortexM3\ARM_GCC_541\Debug\Project_Final.a(SW3.o)
 .debug_frame   0x00001318       0x70 .\CortexM3\ARM_GCC_541\Debug\Project_Final.a(SW4.o)
 .debug_frame   0x00001388      0x108 .\CortexM3\ARM_GCC_541\Debug\Project_Final.a(Timer_1.o)
 .debug_frame   0x00001490       0x50 .\CortexM3\ARM_GCC_541\Debug\Project_Final.a(COL1.o)
 .debug_frame   0x000014e0       0x50 .\CortexM3\ARM_GCC_541\Debug\Project_Final.a(COL2.o)
 .debug_frame   0x00001530       0x50 .\CortexM3\ARM_GCC_541\Debug\Project_Final.a(ROW1.o)
 .debug_frame   0x00001580       0x50 .\CortexM3\ARM_GCC_541\Debug\Project_Final.a(ROW0.o)
 .debug_frame   0x000015d0       0x50 .\CortexM3\ARM_GCC_541\Debug\Project_Final.a(ROW2.o)
 .debug_frame   0x00001620       0x50 .\CortexM3\ARM_GCC_541\Debug\Project_Final.a(ROW3.o)
 .debug_frame   0x00001670       0x50 .\CortexM3\ARM_GCC_541\Debug\Project_Final.a(COL3.o)
 .debug_frame   0x000016c0      0x1e8 .\CortexM3\ARM_GCC_541\Debug\Project_Final.a(LCD.o)
 .debug_frame   0x000018a8      0x250 .\CortexM3\ARM_GCC_541\Debug\Project_Final.a(UART.o)
 .debug_frame   0x00001af8      0x154 .\CortexM3\ARM_GCC_541\Debug\Project_Final.a(PWM.o)
 .debug_frame   0x00001c4c       0xe0 .\CortexM3\ARM_GCC_541\Debug\Project_Final.a(UART_IntClock.o)
 .debug_frame   0x00001d2c      0x284 .\CortexM3\ARM_GCC_541\Debug\Project_Final.a(ADC.o)
 .debug_frame   0x00001fb0       0x50 .\CortexM3\ARM_GCC_541\Debug\Project_Final.a(ADC_INT.o)
 .debug_frame   0x00002000       0x64 .\CortexM3\ARM_GCC_541\Debug\Project_Final.a(ADC_AMux.o)
 .debug_frame   0x00002064       0xe0 .\CortexM3\ARM_GCC_541\Debug\Project_Final.a(ADC_Ext_CP_Clk.o)
 .debug_frame   0x00002144      0x100 .\CortexM3\ARM_GCC_541\Debug\Project_Final.a(ADC_theACLK.o)
 .debug_frame   0x00002244      0x104 .\CortexM3\ARM_GCC_541\Debug\Project_Final.a(pin_SW4_int.o)
 .debug_frame   0x00002348       0x64 .\CortexM3\ARM_GCC_541\Debug\Project_Final.a(AMux.o)
 .debug_frame   0x000023ac      0x104 .\CortexM3\ARM_GCC_541\Debug\Project_Final.a(isr1.o)
 .debug_frame   0x000024b0      0x194 .\CortexM3\ARM_GCC_541\Debug\Project_Final.a(CyFlash.o)
 .debug_frame   0x00002644      0x180 .\CortexM3\ARM_GCC_541\Debug\Project_Final.a(CySpc.o)
 .debug_frame   0x000027c4       0x38 c:/program files (x86)/cypress/psoc creator/4.3/psoc creator/import/gnu/arm/5.4.1/bin/../lib/gcc/arm-none-eabi/5.4.1/../../../../arm-none-eabi/lib/armv7-m\libm.a(lib_a-s_sin.o)
 .debug_frame   0x000027fc       0x48 c:/program files (x86)/cypress/psoc creator/4.3/psoc creator/import/gnu/arm/5.4.1/bin/../lib/gcc/arm-none-eabi/5.4.1/../../../../arm-none-eabi/lib/armv7-m\libm.a(lib_a-e_rem_pio2.o)
 .debug_frame   0x00002844       0x4c c:/program files (x86)/cypress/psoc creator/4.3/psoc creator/import/gnu/arm/5.4.1/bin/../lib/gcc/arm-none-eabi/5.4.1/../../../../arm-none-eabi/lib/armv7-m\libm.a(lib_a-k_cos.o)
 .debug_frame   0x00002890       0x50 c:/program files (x86)/cypress/psoc creator/4.3/psoc creator/import/gnu/arm/5.4.1/bin/../lib/gcc/arm-none-eabi/5.4.1/../../../../arm-none-eabi/lib/armv7-m\libm.a(lib_a-k_rem_pio2.o)
 .debug_frame   0x000028e0       0x48 c:/program files (x86)/cypress/psoc creator/4.3/psoc creator/import/gnu/arm/5.4.1/bin/../lib/gcc/arm-none-eabi/5.4.1/../../../../arm-none-eabi/lib/armv7-m\libm.a(lib_a-k_sin.o)
 .debug_frame   0x00002928       0x20 c:/program files (x86)/cypress/psoc creator/4.3/psoc creator/import/gnu/arm/5.4.1/bin/../lib/gcc/arm-none-eabi/5.4.1/../../../../arm-none-eabi/lib/armv7-m\libm.a(lib_a-s_fabs.o)
 .debug_frame   0x00002948       0x34 c:/program files (x86)/cypress/psoc creator/4.3/psoc creator/import/gnu/arm/5.4.1/bin/../lib/gcc/arm-none-eabi/5.4.1/../../../../arm-none-eabi/lib/armv7-m\libm.a(lib_a-s_floor.o)
 .debug_frame   0x0000297c       0x30 c:/program files (x86)/cypress/psoc creator/4.3/psoc creator/import/gnu/arm/5.4.1/bin/../lib/gcc/arm-none-eabi/5.4.1/../../../../arm-none-eabi/lib/armv7-m\libm.a(lib_a-s_scalbn.o)
 .debug_frame   0x000029ac       0x20 c:/program files (x86)/cypress/psoc creator/4.3/psoc creator/import/gnu/arm/5.4.1/bin/../lib/gcc/arm-none-eabi/5.4.1/../../../../arm-none-eabi/lib/armv7-m\libm.a(lib_a-s_copysign.o)
 .debug_frame   0x000029cc       0x20 c:/program files (x86)/cypress/psoc creator/4.3/psoc creator/import/gnu/arm/5.4.1/bin/../lib/gcc/arm-none-eabi/5.4.1/../../../../arm-none-eabi/lib/armv7-m\libg_nano.a(lib_a-errno.o)
 .debug_frame   0x000029ec       0x28 c:/program files (x86)/cypress/psoc creator/4.3/psoc creator/import/gnu/arm/5.4.1/bin/../lib/gcc/arm-none-eabi/5.4.1/../../../../arm-none-eabi/lib/armv7-m\libg_nano.a(lib_a-exit.o)
 .debug_frame   0x00002a14       0x2c c:/program files (x86)/cypress/psoc creator/4.3/psoc creator/import/gnu/arm/5.4.1/bin/../lib/gcc/arm-none-eabi/5.4.1/../../../../arm-none-eabi/lib/armv7-m\libg_nano.a(lib_a-init.o)
 .debug_frame   0x00002a40       0x30 c:/program files (x86)/cypress/psoc creator/4.3/psoc creator/import/gnu/arm/5.4.1/bin/../lib/gcc/arm-none-eabi/5.4.1/../../../../arm-none-eabi/lib/armv7-m\libg_nano.a(lib_a-malloc.o)
 .debug_frame   0x00002a70       0x28 c:/program files (x86)/cypress/psoc creator/4.3/psoc creator/import/gnu/arm/5.4.1/bin/../lib/gcc/arm-none-eabi/5.4.1/../../../../arm-none-eabi/lib/armv7-m\libg_nano.a(lib_a-memcpy-stub.o)
 .debug_frame   0x00002a98       0x20 c:/program files (x86)/cypress/psoc creator/4.3/psoc creator/import/gnu/arm/5.4.1/bin/../lib/gcc/arm-none-eabi/5.4.1/../../../../arm-none-eabi/lib/armv7-m\libg_nano.a(lib_a-memset.o)
 .debug_frame   0x00002ab8       0x38 c:/program files (x86)/cypress/psoc creator/4.3/psoc creator/import/gnu/arm/5.4.1/bin/../lib/gcc/arm-none-eabi/5.4.1/../../../../arm-none-eabi/lib/armv7-m\libg_nano.a(lib_a-nano-freer.o)
 .debug_frame   0x00002af0       0x2c c:/program files (x86)/cypress/psoc creator/4.3/psoc creator/import/gnu/arm/5.4.1/bin/../lib/gcc/arm-none-eabi/5.4.1/../../../../arm-none-eabi/lib/armv7-m\libg_nano.a(lib_a-nano-mallocr.o)
 .debug_frame   0x00002b1c       0x2c c:/program files (x86)/cypress/psoc creator/4.3/psoc creator/import/gnu/arm/5.4.1/bin/../lib/gcc/arm-none-eabi/5.4.1/../../../../arm-none-eabi/lib/armv7-m\libg_nano.a(lib_a-sbrkr.o)
 .debug_frame   0x00002b48       0x30 c:/program files (x86)/cypress/psoc creator/4.3/psoc creator/import/gnu/arm/5.4.1/bin/../lib/gcc/arm-none-eabi/5.4.1/../../../../arm-none-eabi/lib/armv7-m\libg_nano.a(lib_a-mlock.o)
 .debug_frame   0x00002b78       0x5c c:/program files (x86)/cypress/psoc creator/4.3/psoc creator/import/gnu/arm/5.4.1/bin/../lib/gcc/arm-none-eabi/5.4.1/../../../../arm-none-eabi/lib/armv7-m\libg_nano.a(lib_a-reent.o)

.debug_str      0x00000000     0x2dd1
 *(.debug_str)
 .debug_str     0x00000000      0x528 .\CortexM3\ARM_GCC_541\Debug\main.o
                                0x5ad (size before relaxing)
 .debug_str     0x00000528       0x5d .\CortexM3\ARM_GCC_541\Debug\keypad.o
                                0x222 (size before relaxing)
 .debug_str     0x00000585       0x2a .\CortexM3\ARM_GCC_541\Debug\morse.o
                                0x22b (size before relaxing)
 .debug_str     0x000005af       0x5d .\CortexM3\ARM_GCC_541\Debug\sw1.o
                                0x1de (size before relaxing)
 .debug_str     0x0000060c       0x48 .\CortexM3\ARM_GCC_541\Debug\sw2.o
                                0x1de (size before relaxing)
 .debug_str     0x00000654      0x1bb .\CortexM3\ARM_GCC_541\Debug\cyfitter_cfg.o
                                0x395 (size before relaxing)
 .debug_str     0x0000080f       0x75 .\CortexM3\ARM_GCC_541\Debug\cymetadata.o
                                0x1ea (size before relaxing)
 .debug_str     0x00000884      0x144 .\CortexM3\ARM_GCC_541\Debug\Cm3Start.o
                                0x310 (size before relaxing)
 .debug_str     0x000009c8       0x4f .\CortexM3\ARM_GCC_541\Debug\Project_Final.a(Led_1.o)
                                0x1e8 (size before relaxing)
 .debug_str     0x00000a17       0x4f .\CortexM3\ARM_GCC_541\Debug\Project_Final.a(Led_2.o)
                                0x1e8 (size before relaxing)
 .debug_str     0x00000a66       0x4f .\CortexM3\ARM_GCC_541\Debug\Project_Final.a(Led_3.o)
                                0x1e8 (size before relaxing)
 .debug_str     0x00000ab5       0x4f .\CortexM3\ARM_GCC_541\Debug\Project_Final.a(Led_4.o)
                                0x1e8 (size before relaxing)
 .debug_str     0x00000b04      0x838 .\CortexM3\ARM_GCC_541\Debug\Project_Final.a(CyLib.o)
                                0xa4d (size before relaxing)
 .debug_str     0x0000133c      0x365 .\CortexM3\ARM_GCC_541\Debug\Project_Final.a(cyPm.o)
                                0x739 (size before relaxing)
 .debug_str     0x000016a1      0x132 .\CortexM3\ARM_GCC_541\Debug\Project_Final.a(Timer.o)
                                0x2fb (size before relaxing)
 .debug_str     0x000017d3       0x80 .\CortexM3\ARM_GCC_541\Debug\Project_Final.a(VDAC.o)
                                0x21b (size before relaxing)
 .debug_str     0x00001853       0xbe .\CortexM3\ARM_GCC_541\Debug\Project_Final.a(isr.o)
                                0x290 (size before relaxing)
 .debug_str     0x00001911       0x48 .\CortexM3\ARM_GCC_541\Debug\Project_Final.a(SW3.o)
                                0x1de (size before relaxing)
 .debug_str     0x00001959       0x6f .\CortexM3\ARM_GCC_541\Debug\Project_Final.a(SW4.o)
                                0x216 (size before relaxing)
 .debug_str     0x000019c8      0x128 .\CortexM3\ARM_GCC_541\Debug\Project_Final.a(Timer_1.o)
                                0x31b (size before relaxing)
 .debug_str     0x00001af0       0x4b .\CortexM3\ARM_GCC_541\Debug\Project_Final.a(COL1.o)
                                0x1e3 (size before relaxing)
 .debug_str     0x00001b3b       0x4b .\CortexM3\ARM_GCC_541\Debug\Project_Final.a(COL2.o)
                                0x1e3 (size before relaxing)
 .debug_str     0x00001b86       0x4c .\CortexM3\ARM_GCC_541\Debug\Project_Final.a(ROW1.o)
                                0x1e3 (size before relaxing)
 .debug_str     0x00001bd2       0x4c .\CortexM3\ARM_GCC_541\Debug\Project_Final.a(ROW0.o)
                                0x1e3 (size before relaxing)
 .debug_str     0x00001c1e       0x4c .\CortexM3\ARM_GCC_541\Debug\Project_Final.a(ROW2.o)
                                0x1e3 (size before relaxing)
 .debug_str     0x00001c6a       0x4c .\CortexM3\ARM_GCC_541\Debug\Project_Final.a(ROW3.o)
                                0x1e3 (size before relaxing)
 .debug_str     0x00001cb6       0x4b .\CortexM3\ARM_GCC_541\Debug\Project_Final.a(COL3.o)
                                0x1e3 (size before relaxing)
 .debug_str     0x00001d01      0x130 .\CortexM3\ARM_GCC_541\Debug\Project_Final.a(LCD.o)
                                0x331 (size before relaxing)
 .debug_str     0x00001e31      0x22a .\CortexM3\ARM_GCC_541\Debug\Project_Final.a(UART.o)
                                0x47b (size before relaxing)
 .debug_str     0x0000205b      0x141 .\CortexM3\ARM_GCC_541\Debug\Project_Final.a(PWM.o)
                                0x363 (size before relaxing)
 .debug_str     0x0000219c      0x183 .\CortexM3\ARM_GCC_541\Debug\Project_Final.a(UART_IntClock.o)
                                0x33c (size before relaxing)
 .debug_str     0x0000231f      0x31f .\CortexM3\ARM_GCC_541\Debug\Project_Final.a(ADC.o)
                                0x5cf (size before relaxing)
 .debug_str     0x0000263e       0x45 .\CortexM3\ARM_GCC_541\Debug\Project_Final.a(ADC_INT.o)
                                0x1c6 (size before relaxing)
 .debug_str     0x00002683       0x5f .\CortexM3\ARM_GCC_541\Debug\Project_Final.a(ADC_AMux.o)
                                0x205 (size before relaxing)
 .debug_str     0x000026e2      0x12a .\CortexM3\ARM_GCC_541\Debug\Project_Final.a(ADC_Ext_CP_Clk.o)
                                0x348 (size before relaxing)
 .debug_str     0x0000280c      0x14f .\CortexM3\ARM_GCC_541\Debug\Project_Final.a(ADC_theACLK.o)
                                0x367 (size before relaxing)
 .debug_str     0x0000295b      0x126 .\CortexM3\ARM_GCC_541\Debug\Project_Final.a(pin_SW4_int.o)
                                0x300 (size before relaxing)
 .debug_str     0x00002a81       0x1e .\CortexM3\ARM_GCC_541\Debug\Project_Final.a(AMux.o)
                                0x1e9 (size before relaxing)
 .debug_str     0x00002a9f       0xcb .\CortexM3\ARM_GCC_541\Debug\Project_Final.a(isr1.o)
                                0x29e (size before relaxing)
 .debug_str     0x00002b6a      0x1bb .\CortexM3\ARM_GCC_541\Debug\Project_Final.a(CyFlash.o)
                                0x3c6 (size before relaxing)
 .debug_str     0x00002d25       0xac .\CortexM3\ARM_GCC_541\Debug\Project_Final.a(CySpc.o)
                                0x33e (size before relaxing)

.debug_loc      0x00000000     0x34b1
 *(.debug_loc)
 .debug_loc     0x00000000      0x300 .\CortexM3\ARM_GCC_541\Debug\main.o
 .debug_loc     0x00000300       0x21 .\CortexM3\ARM_GCC_541\Debug\morse.o
 .debug_loc     0x00000321       0x42 .\CortexM3\ARM_GCC_541\Debug\sw1.o
 .debug_loc     0x00000363       0x42 .\CortexM3\ARM_GCC_541\Debug\sw2.o
 .debug_loc     0x000003a5      0x2c7 .\CortexM3\ARM_GCC_541\Debug\cyfitter_cfg.o
 .debug_loc     0x0000066c      0x144 .\CortexM3\ARM_GCC_541\Debug\Cm3Start.o
 .debug_loc     0x000007b0       0x42 .\CortexM3\ARM_GCC_541\Debug\Project_Final.a(Led_1.o)
 .debug_loc     0x000007f2       0x42 .\CortexM3\ARM_GCC_541\Debug\Project_Final.a(Led_2.o)
 .debug_loc     0x00000834       0x42 .\CortexM3\ARM_GCC_541\Debug\Project_Final.a(Led_3.o)
 .debug_loc     0x00000876       0x42 .\CortexM3\ARM_GCC_541\Debug\Project_Final.a(Led_4.o)
 .debug_loc     0x000008b8      0xa11 .\CortexM3\ARM_GCC_541\Debug\Project_Final.a(CyLib.o)
 .debug_loc     0x000012c9      0x1e4 .\CortexM3\ARM_GCC_541\Debug\Project_Final.a(cyPm.o)
 .debug_loc     0x000014ad       0x79 .\CortexM3\ARM_GCC_541\Debug\Project_Final.a(VDAC.o)
 .debug_loc     0x00001526       0x56 .\CortexM3\ARM_GCC_541\Debug\Project_Final.a(isr.o)
 .debug_loc     0x0000157c       0x42 .\CortexM3\ARM_GCC_541\Debug\Project_Final.a(SW3.o)
 .debug_loc     0x000015be       0x84 .\CortexM3\ARM_GCC_541\Debug\Project_Final.a(SW4.o)
 .debug_loc     0x00001642       0x42 .\CortexM3\ARM_GCC_541\Debug\Project_Final.a(COL1.o)
 .debug_loc     0x00001684       0x42 .\CortexM3\ARM_GCC_541\Debug\Project_Final.a(COL2.o)
 .debug_loc     0x000016c6       0x42 .\CortexM3\ARM_GCC_541\Debug\Project_Final.a(ROW1.o)
 .debug_loc     0x00001708       0x42 .\CortexM3\ARM_GCC_541\Debug\Project_Final.a(ROW0.o)
 .debug_loc     0x0000174a       0x42 .\CortexM3\ARM_GCC_541\Debug\Project_Final.a(ROW2.o)
 .debug_loc     0x0000178c       0x42 .\CortexM3\ARM_GCC_541\Debug\Project_Final.a(ROW3.o)
 .debug_loc     0x000017ce       0x42 .\CortexM3\ARM_GCC_541\Debug\Project_Final.a(COL3.o)
 .debug_loc     0x00001810      0x3c6 .\CortexM3\ARM_GCC_541\Debug\Project_Final.a(LCD.o)
 .debug_loc     0x00001bd6      0x258 .\CortexM3\ARM_GCC_541\Debug\Project_Final.a(UART.o)
 .debug_loc     0x00001e2e       0x26 .\CortexM3\ARM_GCC_541\Debug\Project_Final.a(PWM.o)
 .debug_loc     0x00001e54      0x128 .\CortexM3\ARM_GCC_541\Debug\Project_Final.a(UART_IntClock.o)
 .debug_loc     0x00001f7c      0x681 .\CortexM3\ARM_GCC_541\Debug\Project_Final.a(ADC.o)
 .debug_loc     0x000025fd       0x6c .\CortexM3\ARM_GCC_541\Debug\Project_Final.a(ADC_AMux.o)
 .debug_loc     0x00002669      0x12c .\CortexM3\ARM_GCC_541\Debug\Project_Final.a(ADC_Ext_CP_Clk.o)
 .debug_loc     0x00002795      0x14d .\CortexM3\ARM_GCC_541\Debug\Project_Final.a(ADC_theACLK.o)
 .debug_loc     0x000028e2       0x56 .\CortexM3\ARM_GCC_541\Debug\Project_Final.a(pin_SW4_int.o)
 .debug_loc     0x00002938       0x6c .\CortexM3\ARM_GCC_541\Debug\Project_Final.a(AMux.o)
 .debug_loc     0x000029a4       0x56 .\CortexM3\ARM_GCC_541\Debug\Project_Final.a(isr1.o)
 .debug_loc     0x000029fa      0x3b2 .\CortexM3\ARM_GCC_541\Debug\Project_Final.a(CyFlash.o)
 .debug_loc     0x00002dac      0x705 .\CortexM3\ARM_GCC_541\Debug\Project_Final.a(CySpc.o)

.debug_macinfo
 *(.debug_macinfo)

.debug_ranges   0x00000000      0xee0
 *(.debug_ranges)
 .debug_ranges  0x00000000       0xb0 .\CortexM3\ARM_GCC_541\Debug\main.o
 .debug_ranges  0x000000b0       0x18 .\CortexM3\ARM_GCC_541\Debug\keypad.o
 .debug_ranges  0x000000c8       0x18 .\CortexM3\ARM_GCC_541\Debug\morse.o
 .debug_ranges  0x000000e0       0x28 .\CortexM3\ARM_GCC_541\Debug\sw1.o
 .debug_ranges  0x00000108       0x28 .\CortexM3\ARM_GCC_541\Debug\sw2.o
 .debug_ranges  0x00000130       0x68 .\CortexM3\ARM_GCC_541\Debug\cyfitter_cfg.o
 .debug_ranges  0x00000198       0x38 .\CortexM3\ARM_GCC_541\Debug\Cm3Start.o
 .debug_ranges  0x000001d0       0x28 .\CortexM3\ARM_GCC_541\Debug\Project_Final.a(Led_1.o)
 .debug_ranges  0x000001f8       0x28 .\CortexM3\ARM_GCC_541\Debug\Project_Final.a(Led_2.o)
 .debug_ranges  0x00000220       0x28 .\CortexM3\ARM_GCC_541\Debug\Project_Final.a(Led_3.o)
 .debug_ranges  0x00000248       0x28 .\CortexM3\ARM_GCC_541\Debug\Project_Final.a(Led_4.o)
 .debug_ranges  0x00000270      0x290 .\CortexM3\ARM_GCC_541\Debug\Project_Final.a(CyLib.o)
 .debug_ranges  0x00000500       0x88 .\CortexM3\ARM_GCC_541\Debug\Project_Final.a(cyPm.o)
 .debug_ranges  0x00000588       0x78 .\CortexM3\ARM_GCC_541\Debug\Project_Final.a(Timer.o)
 .debug_ranges  0x00000600       0x48 .\CortexM3\ARM_GCC_541\Debug\Project_Final.a(VDAC.o)
 .debug_ranges  0x00000648       0x70 .\CortexM3\ARM_GCC_541\Debug\Project_Final.a(isr.o)
 .debug_ranges  0x000006b8       0x28 .\CortexM3\ARM_GCC_541\Debug\Project_Final.a(SW3.o)
 .debug_ranges  0x000006e0       0x38 .\CortexM3\ARM_GCC_541\Debug\Project_Final.a(SW4.o)
 .debug_ranges  0x00000718       0x78 .\CortexM3\ARM_GCC_541\Debug\Project_Final.a(Timer_1.o)
 .debug_ranges  0x00000790       0x28 .\CortexM3\ARM_GCC_541\Debug\Project_Final.a(COL1.o)
 .debug_ranges  0x000007b8       0x28 .\CortexM3\ARM_GCC_541\Debug\Project_Final.a(COL2.o)
 .debug_ranges  0x000007e0       0x28 .\CortexM3\ARM_GCC_541\Debug\Project_Final.a(ROW1.o)
 .debug_ranges  0x00000808       0x28 .\CortexM3\ARM_GCC_541\Debug\Project_Final.a(ROW0.o)
 .debug_ranges  0x00000830       0x28 .\CortexM3\ARM_GCC_541\Debug\Project_Final.a(ROW2.o)
 .debug_ranges  0x00000858       0x28 .\CortexM3\ARM_GCC_541\Debug\Project_Final.a(ROW3.o)
 .debug_ranges  0x00000880       0x28 .\CortexM3\ARM_GCC_541\Debug\Project_Final.a(COL3.o)
 .debug_ranges  0x000008a8       0x88 .\CortexM3\ARM_GCC_541\Debug\Project_Final.a(LCD.o)
 .debug_ranges  0x00000930       0xe0 .\CortexM3\ARM_GCC_541\Debug\Project_Final.a(UART.o)
 .debug_ranges  0x00000a10       0x98 .\CortexM3\ARM_GCC_541\Debug\Project_Final.a(PWM.o)
 .debug_ranges  0x00000aa8       0x60 .\CortexM3\ARM_GCC_541\Debug\Project_Final.a(UART_IntClock.o)
 .debug_ranges  0x00000b08       0xd8 .\CortexM3\ARM_GCC_541\Debug\Project_Final.a(ADC.o)
 .debug_ranges  0x00000be0       0x28 .\CortexM3\ARM_GCC_541\Debug\Project_Final.a(ADC_INT.o)
 .debug_ranges  0x00000c08       0x20 .\CortexM3\ARM_GCC_541\Debug\Project_Final.a(ADC_AMux.o)
 .debug_ranges  0x00000c28       0x60 .\CortexM3\ARM_GCC_541\Debug\Project_Final.a(ADC_Ext_CP_Clk.o)
 .debug_ranges  0x00000c88       0x70 .\CortexM3\ARM_GCC_541\Debug\Project_Final.a(ADC_theACLK.o)
 .debug_ranges  0x00000cf8       0x70 .\CortexM3\ARM_GCC_541\Debug\Project_Final.a(pin_SW4_int.o)
 .debug_ranges  0x00000d68       0x20 .\CortexM3\ARM_GCC_541\Debug\Project_Final.a(AMux.o)
 .debug_ranges  0x00000d88       0x70 .\CortexM3\ARM_GCC_541\Debug\Project_Final.a(isr1.o)
 .debug_ranges  0x00000df8       0x78 .\CortexM3\ARM_GCC_541\Debug\Project_Final.a(CyFlash.o)
 .debug_ranges  0x00000e70       0x70 .\CortexM3\ARM_GCC_541\Debug\Project_Final.a(CySpc.o)

.comment        0x00000000       0x6e
 .comment       0x00000000       0x6e .\CortexM3\ARM_GCC_541\Debug\main.o
                                 0x6f (size before relaxing)
 .comment       0x0000006e       0x6f .\CortexM3\ARM_GCC_541\Debug\keypad.o
 .comment       0x0000006e       0x6f .\CortexM3\ARM_GCC_541\Debug\morse.o
 .comment       0x0000006e       0x6f .\CortexM3\ARM_GCC_541\Debug\sw1.o
 .comment       0x0000006e       0x6f .\CortexM3\ARM_GCC_541\Debug\sw2.o
 .comment       0x0000006e       0x6f .\CortexM3\ARM_GCC_541\Debug\cyfitter_cfg.o
 .comment       0x0000006e       0x6f .\CortexM3\ARM_GCC_541\Debug\cymetadata.o
 .comment       0x0000006e       0x6f .\CortexM3\ARM_GCC_541\Debug\Cm3Start.o
 .comment       0x0000006e       0x6f .\CortexM3\ARM_GCC_541\Debug\Project_Final.a(Led_1.o)
 .comment       0x0000006e       0x6f .\CortexM3\ARM_GCC_541\Debug\Project_Final.a(Led_2.o)
 .comment       0x0000006e       0x6f .\CortexM3\ARM_GCC_541\Debug\Project_Final.a(Led_3.o)
 .comment       0x0000006e       0x6f .\CortexM3\ARM_GCC_541\Debug\Project_Final.a(Led_4.o)
 .comment       0x0000006e       0x6f .\CortexM3\ARM_GCC_541\Debug\Project_Final.a(CyLib.o)
 .comment       0x0000006e       0x6f .\CortexM3\ARM_GCC_541\Debug\Project_Final.a(cyPm.o)
 .comment       0x0000006e       0x6f .\CortexM3\ARM_GCC_541\Debug\Project_Final.a(Timer.o)
 .comment       0x0000006e       0x6f .\CortexM3\ARM_GCC_541\Debug\Project_Final.a(VDAC.o)