Archive member included to satisfy reference by file (symbol)

.\CortexM3\ARM_GCC_541\Debug\Project_Final.a(Led_1.o)
                              .\CortexM3\ARM_GCC_541\Debug\main.o (Led_1_Write)
.\CortexM3\ARM_GCC_541\Debug\Project_Final.a(Led_2.o)
                              .\CortexM3\ARM_GCC_541\Debug\main.o (Led_2_Write)
.\CortexM3\ARM_GCC_541\Debug\Project_Final.a(Led_3.o)
                              .\CortexM3\ARM_GCC_541\Debug\main.o (Led_3_Write)
.\CortexM3\ARM_GCC_541\Debug\Project_Final.a(Led_4.o)
                              .\CortexM3\ARM_GCC_541\Debug\main.o (Led_4_Write)
.\CortexM3\ARM_GCC_541\Debug\Project_Final.a(CyLib.o)
                              .\CortexM3\ARM_GCC_541\Debug\Cm3Start.o (CyHalt)
.\CortexM3\ARM_GCC_541\Debug\Project_Final.a(cyPm.o)
                              .\CortexM3\ARM_GCC_541\Debug\Project_Final.a(CyLib.o) (CyPmReadStatus)
.\CortexM3\ARM_GCC_541\Debug\Project_Final.a(SW1.o)
                              .\CortexM3\ARM_GCC_541\Debug\main.o (SW1_Read)
.\CortexM3\ARM_GCC_541\Debug\Project_Final.a(Timer.o)
                              .\CortexM3\ARM_GCC_541\Debug\main.o (Timer_Stop)
.\CortexM3\ARM_GCC_541\Debug\Project_Final.a(VDAC.o)
                              .\CortexM3\ARM_GCC_541\Debug\main.o (VDAC_SetValue)
.\CortexM3\ARM_GCC_541\Debug\Project_Final.a(isr.o)
                              .\CortexM3\ARM_GCC_541\Debug\main.o (isr_StartEx)
.\CortexM3\ARM_GCC_541\Debug\Project_Final.a(SW2.o)
                              .\CortexM3\ARM_GCC_541\Debug\main.o (SW2_Read)
.\CortexM3\ARM_GCC_541\Debug\Project_Final.a(SW3.o)
                              .\CortexM3\ARM_GCC_541\Debug\main.o (SW3_Read)
.\CortexM3\ARM_GCC_541\Debug\Project_Final.a(SW4.o)
                              .\CortexM3\ARM_GCC_541\Debug\main.o (SW4_ClearInterrupt)
.\CortexM3\ARM_GCC_541\Debug\Project_Final.a(Timer_1.o)
                              .\CortexM3\ARM_GCC_541\Debug\main.o (Timer_1_ReadStatusRegister)
.\CortexM3\ARM_GCC_541\Debug\Project_Final.a(COL1.o)
                              .\CortexM3\ARM_GCC_541\Debug\keypad.o (COL1_Write)
.\CortexM3\ARM_GCC_541\Debug\Project_Final.a(COL2.o)
                              .\CortexM3\ARM_GCC_541\Debug\keypad.o (COL2_Write)
.\CortexM3\ARM_GCC_541\Debug\Project_Final.a(ROW1.o)
                              .\CortexM3\ARM_GCC_541\Debug\keypad.o (ROW1_Read)
.\CortexM3\ARM_GCC_541\Debug\Project_Final.a(ROW0.o)
                              .\CortexM3\ARM_GCC_541\Debug\keypad.o (ROW0_Read)
.\CortexM3\ARM_GCC_541\Debug\Project_Final.a(ROW2.o)
                              .\CortexM3\ARM_GCC_541\Debug\keypad.o (ROW2_Read)
.\CortexM3\ARM_GCC_541\Debug\Project_Final.a(ROW3.o)
                              .\CortexM3\ARM_GCC_541\Debug\keypad.o (ROW3_Read)
.\CortexM3\ARM_GCC_541\Debug\Project_Final.a(COL3.o)
                              .\CortexM3\ARM_GCC_541\Debug\keypad.o (COL3_Write)
.\CortexM3\ARM_GCC_541\Debug\Project_Final.a(LCD.o)
                              .\CortexM3\ARM_GCC_541\Debug\main.o (LCD_PrintString)
.\CortexM3\ARM_GCC_541\Debug\Project_Final.a(PWM.o)
                              .\CortexM3\ARM_GCC_541\Debug\main.o (PWM_Stop)
.\CortexM3\ARM_GCC_541\Debug\Project_Final.a(ADC.o)
                              .\CortexM3\ARM_GCC_541\Debug\main.o (ADC_Start)
.\CortexM3\ARM_GCC_541\Debug\Project_Final.a(ADC_INT.o)
                              .\CortexM3\ARM_GCC_541\Debug\Project_Final.a(ADC.o) (ADC_ISR1)
.\CortexM3\ARM_GCC_541\Debug\Project_Final.a(ADC_AMux.o)
                              .\CortexM3\ARM_GCC_541\Debug\Project_Final.a(ADC.o) (ADC_AMux_Select)
.\CortexM3\ARM_GCC_541\Debug\Project_Final.a(ADC_Ext_CP_Clk.o)
                              .\CortexM3\ARM_GCC_541\Debug\Project_Final.a(ADC.o) (ADC_Ext_CP_Clk_SetModeRegister)
.\CortexM3\ARM_GCC_541\Debug\Project_Final.a(ADC_theACLK.o)
                              .\CortexM3\ARM_GCC_541\Debug\Project_Final.a(ADC.o) (ADC_theACLK_SetModeRegister)
.\CortexM3\ARM_GCC_541\Debug\Project_Final.a(pin_SW4_int.o)
                              .\CortexM3\ARM_GCC_541\Debug\main.o (pin_SW4_int_StartEx)
.\CortexM3\ARM_GCC_541\Debug\Project_Final.a(AMux.o)
                              .\CortexM3\ARM_GCC_541\Debug\main.o (AMux_FastSelect)
.\CortexM3\ARM_GCC_541\Debug\Project_Final.a(CyBootAsmGnu.o)
                              .\CortexM3\ARM_GCC_541\Debug\cyfitter_cfg.o (CyDelayCycles)
.\CortexM3\ARM_GCC_541\Debug\Project_Final.a(CyFlash.o)
                              .\CortexM3\ARM_GCC_541\Debug\Project_Final.a(cyPm.o) (CyFlash_SetWaitCycles)
.\CortexM3\ARM_GCC_541\Debug\Project_Final.a(CySpc.o)
                              .\CortexM3\ARM_GCC_541\Debug\Project_Final.a(CyFlash.o) (CySpcStart)
c:/program files (x86)/cypress/psoc creator/4.3/psoc creator/import/gnu/arm/5.4.1/bin/../lib/gcc/arm-none-eabi/5.4.1/../../../../arm-none-eabi/lib/armv7-m\libm.a(lib_a-s_sin.o)
                              .\CortexM3\ARM_GCC_541\Debug\main.o (sin)
[...]
Memory Configuration

Name             Origin             Length             Attributes
rom              0x00000000         0x00040000         xr
ram              0x1fff8000         0x00010000         xrw
*default*        0x00000000         0xffffffff

Linker script and memory map

LOAD c:/program files (x86)/cypress/psoc creator/4.3/psoc creator/import/gnu/arm/5.4.1/bin/../lib/gcc/arm-none-eabi/5.4.1/armv7-m/crti.o
LOAD c:/program files (x86)/cypress/psoc creator/4.3/psoc creator/import/gnu/arm/5.4.1/bin/../lib/gcc/arm-none-eabi/5.4.1/armv7-m/crtbegin.o
LOAD c:/program files (x86)/cypress/psoc creator/4.3/psoc creator/import/gnu/arm/5.4.1/bin/../lib/gcc/arm-none-eabi/5.4.1/../../../../arm-none-eabi/lib/armv7-m/crt0.o
START GROUP
LOAD .\CortexM3\ARM_GCC_541\Debug\main.o
LOAD .\CortexM3\ARM_GCC_541\Debug\keypad.o
LOAD .\CortexM3\ARM_GCC_541\Debug\cyfitter_cfg.o
LOAD .\CortexM3\ARM_GCC_541\Debug\cymetadata.o
LOAD .\CortexM3\ARM_GCC_541\Debug\Cm3Start.o
LOAD .\CortexM3\ARM_GCC_541\Debug\Project_Final.a
LOAD C:\Program Files (x86)\Cypress\PSoC Creator\4.3\PSoC Creator\psoc\content\cycomponentlibrary\CyComponentLibrary.cylib\CortexM3\ARM_GCC_541\Debug\CyComponentLibrary.a
LOAD c:/program files (x86)/cypress/psoc creator/4.3/psoc creator/import/gnu/arm/5.4.1/bin/../lib/gcc/arm-none-eabi/5.4.1/../../../../arm-none-eabi/lib/armv7-m\libm.a
END GROUP
START GROUP
LOAD c:/program files (x86)/cypress/psoc creator/4.3/psoc creator/import/gnu/arm/5.4.1/bin/../lib/gcc/arm-none-eabi/5.4.1/armv7-m\libgcc.a
LOAD c:/program files (x86)/cypress/psoc creator/4.3/psoc creator/import/gnu/arm/5.4.1/bin/../lib/gcc/arm-none-eabi/5.4.1/../../../../arm-none-eabi/lib/armv7-m\libg_nano.a
LOAD c:/program files (x86)/cypress/psoc creator/4.3/psoc creator/import/gnu/arm/5.4.1/bin/../lib/gcc/arm-none-eabi/5.4.1/../../../../arm-none-eabi/lib/armv7-m\libc_nano.a
END GROUP
START GROUP
LOAD c:/program files (x86)/cypress/psoc creator/4.3/psoc creator/import/gnu/arm/5.4.1/bin/../lib/gcc/arm-none-eabi/5.4.1/armv7-m\libgcc.a
LOAD c:/program files (x86)/cypress/psoc creator/4.3/psoc creator/import/gnu/arm/5.4.1/bin/../lib/gcc/arm-none-eabi/5.4.1/../../../../arm-none-eabi/lib/armv7-m\libc_nano.a
END GROUP
LOAD c:/program files (x86)/cypress/psoc creator/4.3/psoc creator/import/gnu/arm/5.4.1/bin/../lib/gcc/arm-none-eabi/5.4.1/armv7-m/crtend.o
LOAD c:/program files (x86)/cypress/psoc creator/4.3/psoc creator/import/gnu/arm/5.4.1/bin/../lib/gcc/arm-none-eabi/5.4.1/armv7-m/crtn.o
START GROUP
LOAD c:/program files (x86)/cypress/psoc creator/4.3/psoc creator/import/gnu/arm/5.4.1/bin/../lib/gcc/arm-none-eabi/5.4.1/armv7-m\libgcc.a
LOAD c:/program files (x86)/cypress/psoc creator/4.3/psoc creator/import/gnu/arm/5.4.1/bin/../lib/gcc/arm-none-eabi/5.4.1/../../../../arm-none-eabi/lib/armv7-m\libc.a
LOAD c:/program files (x86)/cypress/psoc creator/4.3/psoc creator/import/gnu/arm/5.4.1/bin/../lib/gcc/arm-none-eabi/5.4.1/../../../../arm-none-eabi/lib/armv7-m\libnosys.a
END GROUP
                0x00000000                CY_APPL_ORIGIN = 0x0
                0x00000100                CY_FLASH_ROW_SIZE = 0x100
                0x00000020                CY_ECC_ROW_SIZE = 0x20
                0x00000000                CY_EE_IN_BTLDR = 0x0
                0x00000000                CY_APPL_LOADABLE = 0x0
                0x00000800                CY_EE_SIZE = 0x800
                0x00000001                CY_APPL_NUM = 0x1
                0x00000001                CY_APPL_MAX = 0x1
                0x00000040                CY_METADATA_SIZE = 0x40
                0x00000000                CY_APPL_LOADABLE = 0x0
                0x00000000                CY_CHECKSUM_EXCLUDE_SIZE = ALIGN (0x0, CY_FLASH_ROW_SIZE)
                [!provide]                PROVIDE (__cy_heap_start, _end)
                0x00000001                PROVIDE (__cy_region_num, ((__cy_regions_end - __cy_regions) / 0x10))
                0x20008000                PROVIDE (__cy_stack, (ORIGIN (ram) + LENGTH (ram)))
                [!provide]                PROVIDE (__cy_heap_end, (__cy_stack - 0x800))

.cybootloader   0x00000000        0x0
 *(.cybootloader)
                0x00000000                appl1_start = CY_APPL_ORIGIN?CY_APPL_ORIGIN:ALIGN (CY_FLASH_ROW_SIZE)
                0x0001ff00                appl2_start = (appl1_start + ALIGN ((((LENGTH (rom) - appl1_start) - (0x2 * CY_FLASH_ROW_SIZE)) / 0x2), CY_FLASH_ROW_SIZE))
                0x00000000                appl_start = (CY_APPL_NUM == 0x1)?appl1_start:appl2_start
                0x00000000                ecc_offset = ((appl_start / CY_FLASH_ROW_SIZE) * CY_ECC_ROW_SIZE)
                0x00000000                ee_offset = (CY_APPL_LOADABLE && ! (CY_EE_IN_BTLDR))?((CY_EE_SIZE / CY_APPL_MAX) * (CY_APPL_NUM - 0x1)):0x0
                0x00000800                ee_size = (CY_APPL_LOADABLE && ! (CY_EE_IN_BTLDR))?(CY_EE_SIZE / CY_APPL_MAX):CY_EE_SIZE
                [!provide]                PROVIDE (CY_ECC_OFFSET, ecc_offset)

.text           0x00000000     0x3fd4
 CREATE_OBJECT_SYMBOLS
                0x00000000                PROVIDE (__cy_interrupt_vector, RomVectors)
 *(.romvectors)
 .romvectors    0x00000000       0x10 .\CortexM3\ARM_GCC_541\Debug\Cm3Start.o
                0x00000000                RomVectors
                0x00000001                ASSERT ((. != __cy_interrupt_vector), No interrupt vector)
                0x00000001                ASSERT (CY_APPL_ORIGIN?(SIZEOF (.cybootloader) <= CY_APPL_ORIGIN):0x1, Wrong image location)
                0x00000010                PROVIDE (__cy_reset, Reset)
 *(.text.Reset)
 .text.Reset    0x00000010       0x18 .\CortexM3\ARM_GCC_541\Debug\Cm3Start.o
                0x00000010                Reset
                0x00000001                ASSERT ((. != __cy_reset), No reset code)
 *(.dma_init)
                0x00000001                ASSERT ((((appl_start + .) <= 0x10000) || 0x1), DMA Init must be within the first 64k of flash)
 *(.text .text.* .gnu.linkonce.t.*)
 .text          0x00000028       0x5c c:/program files (x86)/cypress/psoc creator/4.3/psoc creator/import/gnu/arm/5.4.1/bin/../lib/gcc/arm-none-eabi/5.4.1/armv7-m/crtbegin.o
 .text.Timer_Handler
                0x00000084       0x7c .\CortexM3\ARM_GCC_541\Debug\main.o
                0x00000084                Timer_Handler
 .text.SW4_Handler
                0x00000100       0x1c .\CortexM3\ARM_GCC_541\Debug\main.o
                0x00000100                SW4_Handler
 .text.appuiSW1
                0x0000011c       0x54 .\CortexM3\ARM_GCC_541\Debug\main.o
                0x0000011c                appuiSW1
 .text.resetLed
                0x00000170       0x1c .\CortexM3\ARM_GCC_541\Debug\main.o
                0x00000170                resetLed
 .text.pointAllume
                0x0000018c       0x58 .\CortexM3\ARM_GCC_541\Debug\main.o
                0x0000018c                pointAllume
 .text.pointEteint
                0x000001e4       0x50 .\CortexM3\ARM_GCC_541\Debug\main.o
                0x000001e4                pointEteint
 .text.barre    0x00000234        0xc .\CortexM3\ARM_GCC_541\Debug\main.o
                0x00000234                barre
 .text.espacementLettre
                0x00000240        0xc .\CortexM3\ARM_GCC_541\Debug\main.o
                0x00000240                espacementLettre
 .text.espacementElement
                0x0000024c        0xc .\CortexM3\ARM_GCC_541\Debug\main.o
                0x0000024c                espacementElement
 .text.selectSignal
                0x00000258       0x2c .\CortexM3\ARM_GCC_541\Debug\main.o
                0x00000258                selectSignal
 .text.signalSOS
                0x00000284       0x58 .\CortexM3\ARM_GCC_541\Debug\main.o
                0x00000284                signalSOS
 .text.signalBEAMS
                0x000002dc       0x58 .\CortexM3\ARM_GCC_541\Debug\main.o
                0x000002dc                signalBEAMS
 .text.appuiSW2
                0x00000334       0x3c .\CortexM3\ARM_GCC_541\Debug\main.o
                0x00000334                appuiSW2
 .text.appuiSW3
                0x00000370       0x3c .\CortexM3\ARM_GCC_541\Debug\main.o
                0x00000370                appuiSW3
 .text.displayMessage
                0x000003ac       0x14 .\CortexM3\ARM_GCC_541\Debug\main.o
                0x000003ac                displayMessage
 .text.photoresistor
                0x000003c0       0x38 .\CortexM3\ARM_GCC_541\Debug\main.o
                0x000003c0                photoresistor
 .text.keyboard
                0x000003f8       0xa4 .\CortexM3\ARM_GCC_541\Debug\main.o
                0x000003f8                keyboard
 *fill*         0x0000049c        0x4 
 .text.potentiometer
                0x000004a0       0x4c .\CortexM3\ARM_GCC_541\Debug\main.o
                0x000004a0                potentiometer
 *fill*         0x000004ec        0x4 
 .text.main     0x000004f0       0xd0 .\CortexM3\ARM_GCC_541\Debug\main.o
                0x000004f0                main
 .text.keypadScan
                0x000005c0       0xfc .\CortexM3\ARM_GCC_541\Debug\keypad.o
                0x000005c0                keypadScan
 .text.CyClockStartupError
                0x000006bc        0x4 .\CortexM3\ARM_GCC_541\Debug\cyfitter_cfg.o
 .text.cfg_write_bytes32
                0x000006c0       0x34 .\CortexM3\ARM_GCC_541\Debug\cyfitter_cfg.o
 .text.AnalogSetDefault
                0x000006f4       0x40 .\CortexM3\ARM_GCC_541\Debug\cyfitter_cfg.o
 .text.CYMEMZERO
                0x00000734        0xc .\CortexM3\ARM_GCC_541\Debug\cyfitter_cfg.o
 .text.CYCONFIGCPY
                0x00000740        0x8 .\CortexM3\ARM_GCC_541\Debug\cyfitter_cfg.o
 .text.ClockSetup
                0x00000748      0x100 .\CortexM3\ARM_GCC_541\Debug\cyfitter_cfg.o
 .text.AMux_Set
                0x00000848       0x34 .\CortexM3\ARM_GCC_541\Debug\cyfitter_cfg.o
                0x00000848                AMux_Set
 .text.AMux_Unset
                0x0000087c       0x38 .\CortexM3\ARM_GCC_541\Debug\cyfitter_cfg.o
                0x0000087c                AMux_Unset
 .text.ADC_AMux_Set
                0x000008b4       0x1c .\CortexM3\ARM_GCC_541\Debug\cyfitter_cfg.o
                0x000008b4                ADC_AMux_Set
 .text.ADC_AMux_Unset
                0x000008d0       0x20 .\CortexM3\ARM_GCC_541\Debug\cyfitter_cfg.o
                0x000008d0                ADC_AMux_Unset
 .text.cyfitter_cfg
                0x000008f0      0x12c .\CortexM3\ARM_GCC_541\Debug\cyfitter_cfg.o
                0x000008f0                cyfitter_cfg
 .text.IntDefaultHandler
                0x00000a1c       0x10 .\CortexM3\ARM_GCC_541\Debug\Cm3Start.o
                0x00000a1c                IntDefaultHandler
 .text._sbrk    0x00000a2c       0x30 .\CortexM3\ARM_GCC_541\Debug\Cm3Start.o
                0x00000a2c                _sbrk
 .text.Start_c  0x00000a5c       0x4c .\CortexM3\ARM_GCC_541\Debug\Cm3Start.o
                0x00000a5c                Start_c
 .text.initialize_psoc
                0x00000aa8       0x68 .\CortexM3\ARM_GCC_541\Debug\Cm3Start.o
                0x00000aa8                initialize_psoc
 .text.Led_1_Write
                0x00000b10       0x18 .\CortexM3\ARM_GCC_541\Debug\Project_Final.a(Led_1.o)
                0x00000b10                Led_1_Write
 .text.Led_2_Write
                0x00000b28       0x18 .\CortexM3\ARM_GCC_541\Debug\Project_Final.a(Led_2.o)
                0x00000b28                Led_2_Write
 .text.Led_3_Write
                0x00000b40       0x18 .\CortexM3\ARM_GCC_541\Debug\Project_Final.a(Led_3.o)
                0x00000b40                Led_3_Write
 .text.Led_4_Write
                0x00000b58       0x18 .\CortexM3\ARM_GCC_541\Debug\Project_Final.a(Led_4.o)
                0x00000b58                Led_4_Write
 .text.CyHalt   0x00000b70        0x4 .\CortexM3\ARM_GCC_541\Debug\Project_Final.a(CyLib.o)
                0x00000b70                CyHalt
 .text.CyDelay  0x00000b74       0x2c .\CortexM3\ARM_GCC_541\Debug\Project_Final.a(CyLib.o)
                0x00000b74                CyDelay
 .text.CyDelayUs
                0x00000ba0       0x14 .\CortexM3\ARM_GCC_541\Debug\Project_Final.a(CyLib.o)
                0x00000ba0                CyDelayUs
 .text.CyIntSetVector
                0x00000bb4       0x28 .\CortexM3\ARM_GCC_541\Debug\Project_Final.a(CyLib.o)
                0x00000bb4                CyIntSetVector
 .text.CyIntSetPriority
                0x00000bdc       0x30 .\CortexM3\ARM_GCC_541\Debug\Project_Final.a(CyLib.o)
                0x00000bdc                CyIntSetPriority
 .text.SW1_Read
                0x00000c0c       0x10 .\CortexM3\ARM_GCC_541\Debug\Project_Final.a(SW1.o)
                0x00000c0c                SW1_Read
 .text.Timer_Enable
                0x00000c1c       0x28 .\CortexM3\ARM_GCC_541\Debug\Project_Final.a(Timer.o)
                0x00000c1c                Timer_Enable
 .text.Timer_Stop
                0x00000c44       0x28 .\CortexM3\ARM_GCC_541\Debug\Project_Final.a(Timer.o)
                0x00000c44                Timer_Stop
 .text.Timer_SetInterruptMode
                0x00000c6c        0xc .\CortexM3\ARM_GCC_541\Debug\Project_Final.a(Timer.o)
                0x00000c6c                Timer_SetInterruptMode
 .text.Timer_ReadStatusRegister
                0x00000c78        0xc .\CortexM3\ARM_GCC_541\Debug\Project_Final.a(Timer.o)
                0x00000c78                Timer_ReadStatusRegister
 .text.Timer_WritePeriod
                0x00000c84        0xc .\CortexM3\ARM_GCC_541\Debug\Project_Final.a(Timer.o)
                0x00000c84                Timer_WritePeriod
 .text.Timer_WriteCounter
                0x00000c90        0xc .\CortexM3\ARM_GCC_541\Debug\Project_Final.a(Timer.o)
                0x00000c90                Timer_WriteCounter
 .text.Timer_Init
                0x00000c9c       0x68 .\CortexM3\ARM_GCC_541\Debug\Project_Final.a(Timer.o)
                0x00000c9c                Timer_Init
 .text.Timer_Start
                0x00000d04       0x1c .\CortexM3\ARM_GCC_541\Debug\Project_Final.a(Timer.o)
                0x00000d04                Timer_Start
 .text.VDAC_Enable
                0x00000d20       0x1c .\CortexM3\ARM_GCC_541\Debug\Project_Final.a(VDAC.o)
                0x00000d20                VDAC_Enable
 .text.VDAC_SetSpeed
                0x00000d3c       0x1c .\CortexM3\ARM_GCC_541\Debug\Project_Final.a(VDAC.o)
                0x00000d3c                VDAC_SetSpeed
 .text.VDAC_SetValue
                0x00000d58        0xc .\CortexM3\ARM_GCC_541\Debug\Project_Final.a(VDAC.o)
                0x00000d58                VDAC_SetValue
 .text.VDAC_DacTrim
                0x00000d64       0x24 .\CortexM3\ARM_GCC_541\Debug\Project_Final.a(VDAC.o)
                0x00000d64                VDAC_DacTrim
 .text.VDAC_SetRange
                0x00000d88       0x20 .\CortexM3\ARM_GCC_541\Debug\Project_Final.a(VDAC.o)
                0x00000d88                VDAC_SetRange
 .text.VDAC_Init
                0x00000da8       0x20 .\CortexM3\ARM_GCC_541\Debug\Project_Final.a(VDAC.o)
                0x00000da8                VDAC_Init
 .text.VDAC_Start
                0x00000dc8       0x24 .\CortexM3\ARM_GCC_541\Debug\Project_Final.a(VDAC.o)
                0x00000dc8                VDAC_Start
 .text.isr_SetVector
                0x00000dec       0x10 .\CortexM3\ARM_GCC_541\Debug\Project_Final.a(isr.o)
                0x00000dec                isr_SetVector
 .text.isr_SetPriority
                0x00000dfc       0x10 .\CortexM3\ARM_GCC_541\Debug\Project_Final.a(isr.o)
                0x00000dfc                isr_SetPriority
 .text.isr_Enable
                0x00000e0c       0x10 .\CortexM3\ARM_GCC_541\Debug\Project_Final.a(isr.o)
                0x00000e0c                isr_Enable
 .text.isr_Disable
                0x00000e1c       0x10 .\CortexM3\ARM_GCC_541\Debug\Project_Final.a(isr.o)
                0x00000e1c                isr_Disable
 .text.isr_StartEx
                0x00000e2c       0x1c .\CortexM3\ARM_GCC_541\Debug\Project_Final.a(isr.o)
                0x00000e2c                isr_StartEx
 .text.SW2_Read
                0x00000e48       0x10 .\CortexM3\ARM_GCC_541\Debug\Project_Final.a(SW2.o)
                0x00000e48                SW2_Read
 .text.SW3_Read
                0x00000e58       0x10 .\CortexM3\ARM_GCC_541\Debug\Project_Final.a(SW3.o)
                0x00000e58                SW3_Read
 .text.SW4_ClearInterrupt
                0x00000e68       0x10 .\CortexM3\ARM_GCC_541\Debug\Project_Final.a(SW4.o)
                0x00000e68                SW4_ClearInterrupt
 .text.Timer_1_Enable
                0x00000e78       0x28 .\CortexM3\ARM_GCC_541\Debug\Project_Final.a(Timer_1.o)
                0x00000e78                Timer_1_Enable
 .text.Timer_1_SetInterruptMode
                0x00000ea0        0xc .\CortexM3\ARM_GCC_541\Debug\Project_Final.a(Timer_1.o)
                0x00000ea0                Timer_1_SetInterruptMode
 .text.Timer_1_ReadStatusRegister
                0x00000eac        0xc .\CortexM3\ARM_GCC_541\Debug\Project_Final.a(Timer_1.o)
                0x00000eac                Timer_1_ReadStatusRegister
 .text.Timer_1_WritePeriod
                0x00000eb8        0xc .\CortexM3\ARM_GCC_541\Debug\Project_Final.a(Timer_1.o)
                0x00000eb8                Timer_1_WritePeriod
 .text.Timer_1_WriteCounter
                0x00000ec4        0xc .\CortexM3\ARM_GCC_541\Debug\Project_Final.a(Timer_1.o)
                0x00000ec4                Timer_1_WriteCounter
 .text.Timer_1_Init
                0x00000ed0       0x68 .\CortexM3\ARM_GCC_541\Debug\Project_Final.a(Timer_1.o)
                0x00000ed0                Timer_1_Init
 .text.Timer_1_Start
                0x00000f38       0x1c .\CortexM3\ARM_GCC_541\Debug\Project_Final.a(Timer_1.o)
                0x00000f38                Timer_1_Start
 .text.COL1_Write
                0x00000f54       0x18 .\CortexM3\ARM_GCC_541\Debug\Project_Final.a(COL1.o)
                0x00000f54                COL1_Write
 .text.COL2_Write
                0x00000f6c       0x18 .\CortexM3\ARM_GCC_541\Debug\Project_Final.a(COL2.o)
                0x00000f6c                COL2_Write
 .text.ROW1_Read
                0x00000f84       0x10 .\CortexM3\ARM_GCC_541\Debug\Project_Final.a(ROW1.o)
                0x00000f84                ROW1_Read
 .text.ROW0_Read
                0x00000f94       0x10 .\CortexM3\ARM_GCC_541\Debug\Project_Final.a(ROW0.o)
                0x00000f94                ROW0_Read
 .text.ROW2_Read
                0x00000fa4        0xc .\CortexM3\ARM_GCC_541\Debug\Project_Final.a(ROW2.o)
                0x00000fa4                ROW2_Read
 .text.ROW3_Read
                0x00000fb0       0x10 .\CortexM3\ARM_GCC_541\Debug\Project_Final.a(ROW3.o)
                0x00000fb0                ROW3_Read
 .text.COL3_Write
                0x00000fc0       0x18 .\CortexM3\ARM_GCC_541\Debug\Project_Final.a(COL3.o)
                0x00000fc0                COL3_Write
 .text.LCD_WrCntrlNib
                0x00000fd8       0x34 .\CortexM3\ARM_GCC_541\Debug\Project_Final.a(LCD.o)
 .text.LCD_WrDatNib
                0x0000100c       0x44 .\CortexM3\ARM_GCC_541\Debug\Project_Final.a(LCD.o)
 .text.LCD_IsReady
                0x00001050       0xe4 .\CortexM3\ARM_GCC_541\Debug\Project_Final.a(LCD.o)
                0x00001050                LCD_IsReady
 .text.LCD_WriteData
                0x00001134       0x18 .\CortexM3\ARM_GCC_541\Debug\Project_Final.a(LCD.o)
                0x00001134                LCD_WriteData
 .text.LCD_PrintString
                0x0000114c       0x1c .\CortexM3\ARM_GCC_541\Debug\Project_Final.a(LCD.o)
                0x0000114c                LCD_PrintString
 .text.LCD_WriteControl
                0x00001168       0x18 .\CortexM3\ARM_GCC_541\Debug\Project_Final.a(LCD.o)
                0x00001168                LCD_WriteControl
 .text.LCD_Init
                0x00001180       0x6c .\CortexM3\ARM_GCC_541\Debug\Project_Final.a(LCD.o)
                0x00001180                LCD_Init
 .text.LCD_Enable
                0x000011ec       0x14 .\CortexM3\ARM_GCC_541\Debug\Project_Final.a(LCD.o)
                0x000011ec                LCD_Enable
 .text.LCD_Start
                0x00001200       0x1c .\CortexM3\ARM_GCC_541\Debug\Project_Final.a(LCD.o)
                0x00001200                LCD_Start
 .text.LCD_Position
                0x0000121c       0x3c .\CortexM3\ARM_GCC_541\Debug\Project_Final.a(LCD.o)
                0x0000121c                LCD_Position
 .text.PWM_Enable
                0x00001258       0x10 .\CortexM3\ARM_GCC_541\Debug\Project_Final.a(PWM.o)
                0x00001258                PWM_Enable
 .text.PWM_Stop
                0x00001268       0x10 .\CortexM3\ARM_GCC_541\Debug\Project_Final.a(PWM.o)
                0x00001268                PWM_Stop
 .text.PWM_WriteCounter
                0x00001278        0xc .\CortexM3\ARM_GCC_541\Debug\Project_Final.a(PWM.o)
                0x00001278                PWM_WriteCounter
 .text.PWM_WritePeriod
                0x00001284        0xc .\CortexM3\ARM_GCC_541\Debug\Project_Final.a(PWM.o)
                0x00001284                PWM_WritePeriod
 .text.PWM_WriteCompare1
                0x00001290        0xc .\CortexM3\ARM_GCC_541\Debug\Project_Final.a(PWM.o)
                0x00001290                PWM_WriteCompare1
 .text.PWM_WriteCompare2
                0x0000129c        0xc .\CortexM3\ARM_GCC_541\Debug\Project_Final.a(PWM.o)
                0x0000129c                PWM_WriteCompare2
 .text.PWM_SetInterruptMode
                0x000012a8        0xc .\CortexM3\ARM_GCC_541\Debug\Project_Final.a(PWM.o)
                0x000012a8                PWM_SetInterruptMode
 .text.PWM_ReadStatusRegister
                0x000012b4        0xc .\CortexM3\ARM_GCC_541\Debug\Project_Final.a(PWM.o)
                0x000012b4                PWM_ReadStatusRegister
 .text.PWM_ReadCapture
                0x000012c0        0xc .\CortexM3\ARM_GCC_541\Debug\Project_Final.a(PWM.o)
                0x000012c0                PWM_ReadCapture
 .text.PWM_ClearFIFO
                0x000012cc       0x14 .\CortexM3\ARM_GCC_541\Debug\Project_Final.a(PWM.o)
                0x000012cc                PWM_ClearFIFO
 .text.PWM_Init
                0x000012e0       0x68 .\CortexM3\ARM_GCC_541\Debug\Project_Final.a(PWM.o)
                0x000012e0                PWM_Init
 .text.PWM_Start
                0x00001348       0x1c .\CortexM3\ARM_GCC_541\Debug\Project_Final.a(PWM.o)
                0x00001348                PWM_Start
 .text.ADC_GainCompensation
                0x00001364       0xe0 .\CortexM3\ARM_GCC_541\Debug\Project_Final.a(ADC.o)
 .text.ADC_SetDSMRef0Reg
                0x00001444       0x4c .\CortexM3\ARM_GCC_541\Debug\Project_Final.a(ADC.o)
 .text.ADC_InitConfig
                0x00001490      0x328 .\CortexM3\ARM_GCC_541\Debug\Project_Final.a(ADC.o)
 .text.ADC_Init
                0x000017b8      0x108 .\CortexM3\ARM_GCC_541\Debug\Project_Final.a(ADC.o)
                0x000017b8                ADC_Init
 .text.ADC_Enable
                0x000018c0       0xd8 .\CortexM3\ARM_GCC_541\Debug\Project_Final.a(ADC.o)
                0x000018c0                ADC_Enable
 .text.ADC_Start
                0x00001998       0x28 .\CortexM3\ARM_GCC_541\Debug\Project_Final.a(ADC.o)
                0x00001998                ADC_Start
 .text.ADC_StartConvert
                0x000019c0       0x10 .\CortexM3\ARM_GCC_541\Debug\Project_Final.a(ADC.o)
                0x000019c0                ADC_StartConvert
 .text.ADC_IsEndConversion
                0x000019d0       0x30 .\CortexM3\ARM_GCC_541\Debug\Project_Final.a(ADC.o)
                0x000019d0                ADC_IsEndConversion
 .text.ADC_GetResult32
                0x00001a00       0x6c .\CortexM3\ARM_GCC_541\Debug\Project_Final.a(ADC.o)
                0x00001a00                ADC_GetResult32
 .text.ADC_ISR1
                0x00001a6c        0x4 .\CortexM3\ARM_GCC_541\Debug\Project_Final.a(ADC_INT.o)
                0x00001a6c                ADC_ISR1
 .text.ADC_ISR2
                0x00001a70        0x4 .\CortexM3\ARM_GCC_541\Debug\Project_Final.a(ADC_INT.o)
                0x00001a70                ADC_ISR2
 .text.ADC_ISR3
                0x00001a74        0x4 .\CortexM3\ARM_GCC_541\Debug\Project_Final.a(ADC_INT.o)
                0x00001a74                ADC_ISR3
 .text.ADC_ISR4
                0x00001a78        0x4 .\CortexM3\ARM_GCC_541\Debug\Project_Final.a(ADC_INT.o)
                0x00001a78                ADC_ISR4
 .text.ADC_AMux_Start
                0x00001a7c       0x20 .\CortexM3\ARM_GCC_541\Debug\Project_Final.a(ADC_AMux.o)
                0x00001a7c                ADC_AMux_Start
 .text.ADC_AMux_Select
                0x00001a9c       0x18 .\CortexM3\ARM_GCC_541\Debug\Project_Final.a(ADC_AMux.o)
                0x00001a9c                ADC_AMux_Select
 .text.ADC_Ext_CP_Clk_GetDividerRegister
                0x00001ab4        0xc .\CortexM3\ARM_GCC_541\Debug\Project_Final.a(ADC_Ext_CP_Clk.o)
                0x00001ab4                ADC_Ext_CP_Clk_GetDividerRegister
 .text.ADC_Ext_CP_Clk_SetModeRegister
                0x00001ac0       0x14 .\CortexM3\ARM_GCC_541\Debug\Project_Final.a(ADC_Ext_CP_Clk.o)
                0x00001ac0                ADC_Ext_CP_Clk_SetModeRegister
 .text.ADC_Ext_CP_Clk_GetSourceRegister
                0x00001ad4       0x10 .\CortexM3\ARM_GCC_541\Debug\Project_Final.a(ADC_Ext_CP_Clk.o)
                0x00001ad4                ADC_Ext_CP_Clk_GetSourceRegister
 .text.ADC_Ext_CP_Clk_SetDividerRegister
                0x00001ae4       0xd8 .\CortexM3\ARM_GCC_541\Debug\Project_Final.a(ADC_Ext_CP_Clk.o)
                0x00001ae4                ADC_Ext_CP_Clk_SetDividerRegister
 .text.ADC_theACLK_GetDividerRegister
                0x00001bbc        0xc .\CortexM3\ARM_GCC_541\Debug\Project_Final.a(ADC_theACLK.o)
                0x00001bbc                ADC_theACLK_GetDividerRegister
 .text.ADC_theACLK_SetModeRegister
                0x00001bc8       0x14 .\CortexM3\ARM_GCC_541\Debug\Project_Final.a(ADC_theACLK.o)
                0x00001bc8                ADC_theACLK_SetModeRegister
 .text.ADC_theACLK_GetSourceRegister
                0x00001bdc       0x10 .\CortexM3\ARM_GCC_541\Debug\Project_Final.a(ADC_theACLK.o)
                0x00001bdc                ADC_theACLK_GetSourceRegister
 .text.ADC_theACLK_SetDividerRegister
                0x00001bec       0xd8 .\CortexM3\ARM_GCC_541\Debug\Project_Final.a(ADC_theACLK.o)
                0x00001bec                ADC_theACLK_SetDividerRegister
 .text.pin_SW4_int_SetVector
                0x00001cc4        0xc .\CortexM3\ARM_GCC_541\Debug\Project_Final.a(pin_SW4_int.o)
                0x00001cc4                pin_SW4_int_SetVector
 .text.pin_SW4_int_SetPriority
                0x00001cd0       0x10 .\CortexM3\ARM_GCC_541\Debug\Project_Final.a(pin_SW4_int.o)
                0x00001cd0                pin_SW4_int_SetPriority
 .text.pin_SW4_int_Enable
                0x00001ce0       0x10 .\CortexM3\ARM_GCC_541\Debug\Project_Final.a(pin_SW4_int.o)
                0x00001ce0                pin_SW4_int_Enable
 .text.pin_SW4_int_Disable
                0x00001cf0       0x10 .\CortexM3\ARM_GCC_541\Debug\Project_Final.a(pin_SW4_int.o)
                0x00001cf0                pin_SW4_int_Disable
 .text.pin_SW4_int_StartEx
                0x00001d00       0x1c .\CortexM3\ARM_GCC_541\Debug\Project_Final.a(pin_SW4_int.o)
                0x00001d00                pin_SW4_int_StartEx
 .text.AMux_FastSelect
                0x00001d1c       0x20 .\CortexM3\ARM_GCC_541\Debug\Project_Final.a(AMux.o)
                0x00001d1c                AMux_FastSelect
 *fill*         0x00001d3c        0x4 
 .text          0x00001d40       0x20 .\CortexM3\ARM_GCC_541\Debug\Project_Final.a(CyBootAsmGnu.o)
                0x00001d40                CyDelayCycles
                0x00001d50                CyEnterCriticalSection
                0x00001d58                CyExitCriticalSection
 .text.sin      0x00001d60       0x90 c:/program files (x86)/cypress/psoc creator/4.3/psoc creator/import/gnu/arm/5.4.1/bin/../lib/gcc/arm-none-eabi/5.4.1/../../../../arm-none-eabi/lib/armv7-m\libm.a(lib_a-s_sin.o)
                0x00001d60                sin
 .text.__ieee754_rem_pio2
                0x00001df0      0x42c c:/program files (x86)/cypress/psoc creator/4.3/psoc creator/import/gnu/arm/5.4.1/bin/../lib/gcc/arm-none-eabi/5.4.1/../../../../arm-none-eabi/lib/armv7-m\libm.a(lib_a-e_rem_pio2.o)
                0x00001df0                __ieee754_rem_pio2
 *fill*         0x0000221c        0x4 
 .text.__kernel_cos
                0x00002220      0x248 c:/program files (x86)/cypress/psoc creator/4.3/psoc creator/import/gnu/arm/5.4.1/bin/../lib/gcc/arm-none-eabi/5.4.1/../../../../arm-none-eabi/lib/armv7-m\libm.a(lib_a-k_cos.o)
                0x00002220                __kernel_cos
 .text.__kernel_rem_pio2
                0x00002468      0x7f0 c:/program files (x86)/cypress/psoc creator/4.3/psoc creator/import/gnu/arm/5.4.1/bin/../lib/gcc/arm-none-eabi/5.4.1/../../../../arm-none-eabi/lib/armv7-m\libm.a(lib_a-k_rem_pio2.o)
                0x00002468                __kernel_rem_pio2
 .text.__kernel_sin
                0x00002c58      0x16c c:/program files (x86)/cypress/psoc creator/4.3/psoc creator/import/gnu/arm/5.4.1/bin/../lib/gcc/arm-none-eabi/5.4.1/../../../../arm-none-eabi/lib/armv7-m\libm.a(lib_a-k_sin.o)
                0x00002c58                __kernel_sin
 .text.fabs     0x00002dc4        0x8 c:/program files (x86)/cypress/psoc creator/4.3/psoc creator/import/gnu/arm/5.4.1/bin/../lib/gcc/arm-none-eabi/5.4.1/../../../../arm-none-eabi/lib/armv7-m\libm.a(lib_a-s_fabs.o)
                0x00002dc4                fabs
 *fill*         0x00002dcc        0x4 
 .text.floor    0x00002dd0      0x110 c:/program files (x86)/cypress/psoc creator/4.3/psoc creator/import/gnu/arm/5.4.1/bin/../lib/gcc/arm-none-eabi/5.4.1/../../../../arm-none-eabi/lib/armv7-m\libm.a(lib_a-s_floor.o)
                0x00002dd0                floor
 .text.scalbn   0x00002ee0       0xe4 c:/program files (x86)/cypress/psoc creator/4.3/psoc creator/import/gnu/arm/5.4.1/bin/../lib/gcc/arm-none-eabi/5.4.1/../../../../arm-none-eabi/lib/armv7-m\libm.a(lib_a-s_scalbn.o)
                0x00002ee0                scalbn
 .text.copysign
                0x00002fc4       0x10 c:/program files (x86)/cypress/psoc creator/4.3/psoc creator/import/gnu/arm/5.4.1/bin/../lib/gcc/arm-none-eabi/5.4.1/../../../../arm-none-eabi/lib/armv7-m\libm.a(lib_a-s_copysign.o)
                0x00002fc4                copysign
 .text          0x00002fd4      0x370 c:/program files (x86)/cypress/psoc creator/4.3/psoc creator/import/gnu/arm/5.4.1/bin/../lib/gcc/arm-none-eabi/5.4.1/armv7-m\libgcc.a(_arm_addsubdf3.o)
                0x00002fd4                __aeabi_drsub
                0x00002fdc                __aeabi_dsub
                0x00002fdc                __subdf3
                0x00002fe0                __aeabi_dadd
                0x00002fe0                __adddf3
                0x00003258                __floatunsidf
                0x00003258                __aeabi_ui2d
                0x00003278                __floatsidf
                0x00003278                __aeabi_i2d
                0x0000329c                __aeabi_f2d
                0x0000329c                __extendsfdf2
                0x000032d8                __floatundidf
                0x000032d8                __aeabi_ul2d
                0x000032e8                __floatdidf
                0x000032e8                __aeabi_l2d
 .text          0x00003344      0x424 c:/program files (x86)/cypress/psoc creator/4.3/psoc creator/import/gnu/arm/5.4.1/bin/../lib/gcc/arm-none-eabi/5.4.1/armv7-m\libgcc.a(_arm_muldivdf3.o)
                0x00003344                __aeabi_dmul
                0x00003344                __muldf3
                0x00003598                __divdf3
                0x00003598                __aeabi_ddiv
 .text          0x00003768      0x110 c:/program files (x86)/cypress/psoc creator/4.3/psoc creator/import/gnu/arm/5.4.1/bin/../lib/gcc/arm-none-eabi/5.4.1/armv7-m\libgcc.a(_arm_cmpdf2.o)
                0x00003768                __gtdf2
                0x00003768                __gedf2
                0x00003770                __ltdf2
                0x00003770                __ledf2
                0x00003778                __nedf2
                0x00003778                __eqdf2
                0x00003778                __cmpdf2
                0x000037f4                __aeabi_cdrcmple
                0x00003804                __aeabi_cdcmpeq
                0x00003804                __aeabi_cdcmple
                0x00003814                __aeabi_dcmpeq
                0x00003828                __aeabi_dcmplt
                0x0000383c                __aeabi_dcmple
                0x00003850                __aeabi_dcmpge
                0x00003864                __aeabi_dcmpgt
 .text          0x00003878       0x50 c:/program files (x86)/cypress/psoc creator/4.3/psoc creator/import/gnu/arm/5.4.1/bin/../lib/gcc/arm-none-eabi/5.4.1/armv7-m\libgcc.a(_arm_fixdfsi.o)
                0x00003878                __aeabi_d2iz
                0x00003878                __fixdfsi
 .text          0x000038c8       0xa0 c:/program files (x86)/cypress/psoc creator/4.3/psoc creator/import/gnu/arm/5.4.1/bin/../lib/gcc/arm-none-eabi/5.4.1/armv7-m\libgcc.a(_arm_truncdfsf2.o)
                0x000038c8                __truncdfsf2
                0x000038c8                __aeabi_d2f
 .text          0x00003968      0x21c c:/program files (x86)/cypress/psoc creator/4.3/psoc creator/import/gnu/arm/5.4.1/bin/../lib/gcc/arm-none-eabi/5.4.1/armv7-m\libgcc.a(_arm_addsubsf3.o)
                0x00003968                __aeabi_frsub
                0x00003970                __subsf3
                0x00003970                __aeabi_fsub
                0x00003974                __aeabi_fadd
                0x00003974                __addsf3
                0x00003ad4                __aeabi_ui2f
                0x00003ad4                __floatunsisf
                0x00003adc                __aeabi_i2f
                0x00003adc                __floatsisf
                0x00003af8                __aeabi_ul2f
                0x00003af8                __floatundisf
                0x00003b08                __aeabi_l2f
                0x00003b08                __floatdisf
 .text          0x00003b84      0x2a0 c:/program files (x86)/cypress/psoc creator/4.3/psoc creator/import/gnu/arm/5.4.1/bin/../lib/gcc/arm-none-eabi/5.4.1/armv7-m\libgcc.a(_arm_muldivsf3.o)
                0x00003b84                __mulsf3
                0x00003b84                __aeabi_fmul
                0x00003cec                __aeabi_fdiv
                0x00003cec                __divsf3
 .text          0x00003e24       0x40 c:/program files (x86)/cypress/psoc creator/4.3/psoc creator/import/gnu/arm/5.4.1/bin/../lib/gcc/arm-none-eabi/5.4.1/armv7-m\libgcc.a(_arm_fixunssfsi.o)
                0x00003e24                __fixunssfsi
                0x00003e24                __aeabi_f2uiz
 .text.__errno  0x00003e64        0xc c:/program files (x86)/cypress/psoc creator/4.3/psoc creator/import/gnu/arm/5.4.1/bin/../lib/gcc/arm-none-eabi/5.4.1/../../../../arm-none-eabi/lib/armv7-m\libg_nano.a(lib_a-errno.o)
                0x00003e64                __errno
 .text.__libc_init_array
                0x00003e70       0x4c c:/program files (x86)/cypress/psoc creator/4.3/psoc creator/import/gnu/arm/5.4.1/bin/../lib/gcc/arm-none-eabi/5.4.1/../../../../arm-none-eabi/lib/armv7-m\libg_nano.a(lib_a-init.o)
                0x00003e70                __libc_init_array
 .text.malloc   0x00003ebc       0x10 c:/program files (x86)/cypress/psoc creator/4.3/psoc creator/import/gnu/arm/5.4.1/bin/../lib/gcc/arm-none-eabi/5.4.1/../../../../arm-none-eabi/lib/armv7-m\libg_nano.a(lib_a-malloc.o)
                0x00003ebc                malloc
 .text.memcpy   0x00003ecc       0x16 c:/program files (x86)/cypress/psoc creator/4.3/psoc creator/import/gnu/arm/5.4.1/bin/../lib/gcc/arm-none-eabi/5.4.1/../../../../arm-none-eabi/lib/armv7-m\libg_nano.a(lib_a-memcpy-stub.o)
                0x00003ecc                memcpy
 .text.memset   0x00003ee2       0x10 c:/program files (x86)/cypress/psoc creator/4.3/psoc creator/import/gnu/arm/5.4.1/bin/../lib/gcc/arm-none-eabi/5.4.1/../../../../arm-none-eabi/lib/armv7-m\libg_nano.a(lib_a-memset.o)
                0x00003ee2                memset
 *fill*         0x00003ef2        0x2 
 .text._malloc_r
                0x00003ef4       0xbc c:/program files (x86)/cypress/psoc creator/4.3/psoc creator/import/gnu/arm/5.4.1/bin/../lib/gcc/arm-none-eabi/5.4.1/../../../../arm-none-eabi/lib/armv7-m\libg_nano.a(lib_a-nano-mallocr.o)
                0x00003ef4                _malloc_r
 .text._sbrk_r  0x00003fb0       0x20 c:/program files (x86)/cypress/psoc creator/4.3/psoc creator/import/gnu/arm/5.4.1/bin/../lib/gcc/arm-none-eabi/5.4.1/../../../../arm-none-eabi/lib/armv7-m\libg_nano.a(lib_a-sbrkr.o)
                0x00003fb0                _sbrk_r
 .text.__malloc_lock
                0x00003fd0        0x2 c:/program files (x86)/cypress/psoc creator/4.3/psoc creator/import/gnu/arm/5.4.1/bin/../lib/gcc/arm-none-eabi/5.4.1/../../../../arm-none-eabi/lib/armv7-m\libg_nano.a(lib_a-mlock.o)
                0x00003fd0                __malloc_lock
 .text.__malloc_unlock
                0x00003fd2        0x2 c:/program files (x86)/cypress/psoc creator/4.3/psoc creator/import/gnu/arm/5.4.1/bin/../lib/gcc/arm-none-eabi/5.4.1/../../../../arm-none-eabi/lib/armv7-m\libg_nano.a(lib_a-mlock.o)
                0x00003fd2                __malloc_unlock
 *(.plt)
 *(.gnu.warning)
 *(.glue_7t)
 .glue_7t       0x00003fd4        0x0 linker stubs
 *(.glue_7)
 .glue_7        0x00003fd4        0x0 linker stubs
 *(.vfp11_veneer)
 .vfp11_veneer  0x00003fd4        0x0 linker stubs
 *(.bootloader)
 *(.ARM.extab* .gnu.linkonce.armextab.*)
 *(.gcc_except_table)

.v4_bx          0x00003fd4        0x0
 .v4_bx         0x00003fd4        0x0 linker stubs

.iplt           0x00003fd4        0x0
 .iplt          0x00003fd4        0x0 c:/program files (x86)/cypress/psoc creator/4.3/psoc creator/import/gnu/arm/5.4.1/bin/../lib/gcc/arm-none-eabi/5.4.1/armv7-m/crtbegin.o

.eh_frame_hdr
 *(.eh_frame_hdr)

.eh_frame       0x00003fd4        0x4
 *(.eh_frame)
 .eh_frame      0x00003fd4        0x0 c:/program files (x86)/cypress/psoc creator/4.3/psoc creator/import/gnu/arm/5.4.1/bin/../lib/gcc/arm-none-eabi/5.4.1/armv7-m/crtbegin.o
 .eh_frame      0x00003fd4        0x4 c:/program files (x86)/cypress/psoc creator/4.3/psoc creator/import/gnu/arm/5.4.1/bin/../lib/gcc/arm-none-eabi/5.4.1/armv7-m/crtend.o
                [!provide]                PROVIDE (__exidx_start, .)

.ARM.exidx
 *(.ARM.exidx* .gnu.linkonce.armexidx.*)
                0x00003fd8                __exidx_end = .

.rodata         0x00003fd8      0x308
 *(.rodata .rodata.* .gnu.linkonce.r.*)
 .rodata        0x00003fd8       0xa0 .\CortexM3\ARM_GCC_541\Debug\main.o
 .rodata.str1.4
                0x00004078        0xc .\CortexM3\ARM_GCC_541\Debug\main.o
                                  0xa (size before relaxing)
 .rodata        0x00004084       0x4a .\CortexM3\ARM_GCC_541\Debug\cyfitter_cfg.o
                0x00004084                AMux__addrTable
                0x00004094                AMux__maskTable
                0x00004098                ADC_AMux__addrTable
                0x000040a0                ADC_AMux__maskTable
 *fill*         0x000040ce        0x2 
 .rodata.npio2_hw
                0x000040d0       0x80 c:/program files (x86)/cypress/psoc creator/4.3/psoc creator/import/gnu/arm/5.4.1/bin/../lib/gcc/arm-none-eabi/5.4.1/../../../../arm-none-eabi/lib/armv7-m\libm.a(lib_a-e_rem_pio2.o)
 .rodata.two_over_pi
                0x00004150      0x108 c:/program files (x86)/cypress/psoc creator/4.3/psoc creator/import/gnu/arm/5.4.1/bin/../lib/gcc/arm-none-eabi/5.4.1/../../../../arm-none-eabi/lib/armv7-m\libm.a(lib_a-e_rem_pio2.o)
 .rodata.init_jk
                0x00004258       0x10 c:/program files (x86)/cypress/psoc creator/4.3/psoc creator/import/gnu/arm/5.4.1/bin/../lib/gcc/arm-none-eabi/5.4.1/../../../../arm-none-eabi/lib/armv7-m\libm.a(lib_a-k_rem_pio2.o)
 .rodata.PIo2   0x00004268       0x40 c:/program files (x86)/cypress/psoc creator/4.3/psoc creator/import/gnu/arm/5.4.1/bin/../lib/gcc/arm-none-eabi/5.4.1/../../../../arm-none-eabi/lib/armv7-m\libm.a(lib_a-k_rem_pio2.o)
 .rodata.str1.1
                0x000042a8        0x2 c:/program files (x86)/cypress/psoc creator/4.3/psoc creator/import/gnu/arm/5.4.1/bin/../lib/gcc/arm-none-eabi/5.4.1/../../../../arm-none-eabi/lib/armv7-m\libg_nano.a(lib_a-impure.o)
                0x000042ac                . = ALIGN (0x4)
 *fill*         0x000042aa        0x2 
 *(.init)
 .init          0x000042ac        0x4 c:/program files (x86)/cypress/psoc creator/4.3/psoc creator/import/gnu/arm/5.4.1/bin/../lib/gcc/arm-none-eabi/5.4.1/armv7-m/crti.o
                0x000042ac                _init
 .init          0x000042b0        0x8 c:/program files (x86)/cypress/psoc creator/4.3/psoc creator/import/gnu/arm/5.4.1/bin/../lib/gcc/arm-none-eabi/5.4.1/armv7-m/crtn.o
                0x000042b8                . = ALIGN (0x4)
                0x000042b8                __preinit_array_start = .
 *(.preinit_array)
                0x000042b8                __preinit_array_end = .
                0x000042b8                . = ALIGN (0x4)
                0x000042b8                __init_array_start = .
 *(SORT(.init_array.*))
 *(.init_array)
 .init_array    0x000042b8        0x4 c:/program files (x86)/cypress/psoc creator/4.3/psoc creator/import/gnu/arm/5.4.1/bin/../lib/gcc/arm-none-eabi/5.4.1/armv7-m/crtbegin.o
 .init_array    0x000042bc        0x4 .\CortexM3\ARM_GCC_541\Debug\Cm3Start.o
                0x000042c0                __init_array_end = .
                0x000042c0                . = ALIGN (0x4)
 *(.fini)
 .fini          0x000042c0        0x4 c:/program files (x86)/cypress/psoc creator/4.3/psoc creator/import/gnu/arm/5.4.1/bin/../lib/gcc/arm-none-eabi/5.4.1/armv7-m/crti.o
                0x000042c0                _fini
 .fini          0x000042c4        0x8 c:/program files (x86)/cypress/psoc creator/4.3/psoc creator/import/gnu/arm/5.4.1/bin/../lib/gcc/arm-none-eabi/5.4.1/armv7-m/crtn.o
                0x000042cc                . = ALIGN (0x4)
                0x000042cc                __fini_array_start = .
 *(.fini_array)
 .fini_array    0x000042cc        0x4 c:/program files (x86)/cypress/psoc creator/4.3/psoc creator/import/gnu/arm/5.4.1/bin/../lib/gcc/arm-none-eabi/5.4.1/armv7-m/crtbegin.o
 *(SORT(.fini_array.*))
                0x000042d0                __fini_array_end = .
                0x000042d0                . = ALIGN (0x4)
 *crtbegin.o(.ctors)
 *(EXCLUDE_FILE(*crtend.o) .ctors)
 *(SORT(.ctors.*))
 *crtend.o(.ctors)
                0x000042d0                . = ALIGN (0x4)
 *crtbegin.o(.dtors)
 *(EXCLUDE_FILE(*crtend.o) .dtors)
 *(SORT(.dtors.*))
 *crtend.o(.dtors)
                0x000042d0                . = ALIGN (0x4)
                0x000042d0                __cy_regions = .
                0x000042d0        0x4 LONG 0x42e0 __cy_region_init_ram
                0x000042d4        0x4 LONG 0x1fff80c8 __cy_region_start_data
                0x000042d8        0x4 LONG 0x80 __cy_region_init_size_ram
                0x000042dc        0x4 LONG 0x200 __cy_region_zero_size_ram
                0x000042e0                __cy_regions_end = .
                0x000042e0                . = ALIGN (0x8)
                0x000042e0                _etext = .

.cy_checksum_exclude
                0x000042e0        0x0
 *(.cy_checksum_exclude)

.ramvectors     0x1fff8000       0xc0
                0x1fff8000                __cy_region_start_ram = .
 *(.ramvectors)
 .ramvectors    0x1fff8000       0xc0 .\CortexM3\ARM_GCC_541\Debug\Cm3Start.o
                0x1fff8000                CyRamVectors

.noinit         0x1fff80c0        0x1
 *(.noinit)
 .noinit        0x1fff80c0        0x1 .\CortexM3\ARM_GCC_541\Debug\Project_Final.a(CyLib.o)
                0x1fff80c0                CyResetStatus

.data           0x1fff80c8       0x80 load address 0x000042e0
                0x1fff80c8                __cy_region_start_data = .
 *(.jcr)
 .jcr           0x1fff80c8        0x0 c:/program files (x86)/cypress/psoc creator/4.3/psoc creator/import/gnu/arm/5.4.1/bin/../lib/gcc/arm-none-eabi/5.4.1/armv7-m/crtbegin.o
 .jcr           0x1fff80c8        0x4 c:/program files (x86)/cypress/psoc creator/4.3/psoc creator/import/gnu/arm/5.4.1/bin/../lib/gcc/arm-none-eabi/5.4.1/armv7-m/crtend.o
 *(.got.plt)
 *(.got)
 *(.shdata)
 *(.data .data.* .gnu.linkonce.d.*)
 .data          0x1fff80cc        0x4 .\CortexM3\ARM_GCC_541\Debug\Cm3Start.o
 .data          0x1fff80d0       0x10 .\CortexM3\ARM_GCC_541\Debug\Project_Final.a(CyLib.o)
                0x1fff80d0                cydelay_32k_ms
                0x1fff80d4                cydelay_freq_khz
                0x1fff80d8                cydelay_freq_mhz
                0x1fff80dc                cydelay_freq_hz
 .data          0x1fff80e0        0x1 .\CortexM3\ARM_GCC_541\Debug\Project_Final.a(ADC.o)
                0x1fff80e0                ADC_Config
 .data          0x1fff80e1        0x1 .\CortexM3\ARM_GCC_541\Debug\Project_Final.a(ADC_AMux.o)
 .data          0x1fff80e2        0x1 .\CortexM3\ARM_GCC_541\Debug\Project_Final.a(AMux.o)
 *fill*         0x1fff80e3        0x1 
 .data.impure_data
                0x1fff80e4       0x60 c:/program files (x86)/cypress/psoc creator/4.3/psoc creator/import/gnu/arm/5.4.1/bin/../lib/gcc/arm-none-eabi/5.4.1/../../../../arm-none-eabi/lib/armv7-m\libg_nano.a(lib_a-impure.o)
 .data._impure_ptr
                0x1fff8144        0x4 c:/program files (x86)/cypress/psoc creator/4.3/psoc creator/import/gnu/arm/5.4.1/bin/../lib/gcc/arm-none-eabi/5.4.1/../../../../arm-none-eabi/lib/armv7-m\libg_nano.a(lib_a-impure.o)
                0x1fff8144                _impure_ptr
                0x1fff8148                . = ALIGN (0x8)
 *(.ram)
                0x1fff8148                _edata = .

.igot.plt       0x1fff8148        0x0 load address 0x00004360
 .igot.plt      0x1fff8148        0x0 c:/program files (x86)/cypress/psoc creator/4.3/psoc creator/import/gnu/arm/5.4.1/bin/../lib/gcc/arm-none-eabi/5.4.1/armv7-m/crtbegin.o

.bss            0x1fff8148      0x200 load address 0x00004360
                0x1fff8148                PROVIDE (__bss_start__, .)
 *(.shbss)
 *(.bss .bss.* .gnu.linkonce.b.*)
 .bss           0x1fff8148       0x1c c:/program files (x86)/cypress/psoc creator/4.3/psoc creator/import/gnu/arm/5.4.1/bin/../lib/gcc/arm-none-eabi/5.4.1/armv7-m/crtbegin.o
 .bss           0x1fff8164      0x1a8 .\CortexM3\ARM_GCC_541\Debug\main.o
                0x1fff82fc                flag
                0x1fff8300                clock
                0x1fff8304                pressSW4
                0x1fff8308                clock2
 .bss           0x1fff830c        0x1 .\CortexM3\ARM_GCC_541\Debug\Project_Final.a(Timer.o)
                0x1fff830c                Timer_initVar
 .bss           0x1fff830d        0x1 .\CortexM3\ARM_GCC_541\Debug\Project_Final.a(VDAC.o)
                0x1fff830d                VDAC_initVar
 .bss           0x1fff830e        0x1 .\CortexM3\ARM_GCC_541\Debug\Project_Final.a(Timer_1.o)
                0x1fff830e                Timer_1_initVar
 .bss           0x1fff830f        0x2 .\CortexM3\ARM_GCC_541\Debug\Project_Final.a(LCD.o)
                0x1fff830f                LCD_enableState
                0x1fff8310                LCD_initVar
 .bss           0x1fff8311        0x1 .\CortexM3\ARM_GCC_541\Debug\Project_Final.a(PWM.o)
                0x1fff8311                PWM_initVar
 *fill*         0x1fff8312        0x2 
 .bss           0x1fff8314       0x18 .\CortexM3\ARM_GCC_541\Debug\Project_Final.a(ADC.o)
                0x1fff8324                ADC_stopConversion
                0x1fff8325                ADC_convDone
                0x1fff8326                ADC_initVar
                0x1fff8327                ADC_started
                0x1fff8328                ADC_Offset
 .bss.__malloc_sbrk_start
                0x1fff832c        0x4 c:/program files (x86)/cypress/psoc creator/4.3/psoc creator/import/gnu/arm/5.4.1/bin/../lib/gcc/arm-none-eabi/5.4.1/../../../../arm-none-eabi/lib/armv7-m\libg_nano.a(lib_a-nano-mallocr.o)
                0x1fff832c                __malloc_sbrk_start
 .bss.__malloc_free_list
                0x1fff8330        0x4 c:/program files (x86)/cypress/psoc creator/4.3/psoc creator/import/gnu/arm/5.4.1/bin/../lib/gcc/arm-none-eabi/5.4.1/../../../../arm-none-eabi/lib/armv7-m\libg_nano.a(lib_a-nano-mallocr.o)
                0x1fff8330                __malloc_free_list
 *(COMMON)
 COMMON         0x1fff8334        0x8 .\CortexM3\ARM_GCC_541\Debug\main.o
                0x1fff8334                lightOn
                0x1fff8338                adc_value_float
 COMMON         0x1fff833c        0x4 .\CortexM3\ARM_GCC_541\Debug\Project_Final.a(ADC.o)
                0x1fff833c                ADC_CountsPerVolt
 COMMON         0x1fff8340        0x4 c:/program files (x86)/cypress/psoc creator/4.3/psoc creator/import/gnu/arm/5.4.1/bin/../lib/gcc/arm-none-eabi/5.4.1/../../../../arm-none-eabi/lib/armv7-m\libg_nano.a(lib_a-reent.o)
                0x1fff8340                errno
                0x1fff8348                . = ALIGN (0x8)
 *fill*         0x1fff8344        0x4 
 *(.ram.b)
                0x1fff8348                _end = .
                0x1fff8348                __end = .
                0x1fff8348                PROVIDE (end, .)
                0x1fff8348                PROVIDE (__bss_end__, .)
                0x000042e0                __cy_region_init_ram = LOADADDR (.data)
                0x00000080                __cy_region_init_size_ram = (_edata - ADDR (.data))
                0x00000200                __cy_region_zero_size_ram = (_end - _edata)

.heap           0x1fff8348       0x80 load address 0x00004360
                0x1fff8348                . = _end
                0x1fff83c8                . = (. + 0x80)
 *fill*         0x1fff8348       0x80 
                0x1fff83c8                __cy_heap_limit = .

.stack          0x20007800      0x800
                0x20007800                __cy_stack_limit = .
                0x20008000                . = (. + 0x800)
 *fill*         0x20007800      0x800 
                0x00000001                ASSERT ((__cy_stack_limit >= __cy_heap_limit), region RAM overflowed with stack)
                0x00000000                cy_checksum_exclude_size = (CY_APPL_LOADABLE == 0x1)?SIZEOF (.cy_checksum_exclude):0x0
                0x00000001                ASSERT ((cy_checksum_exclude_size <= CY_CHECKSUM_EXCLUDE_SIZE), CY_BOOT: Section .cy_checksum_exclude size exceedes specified limit.)

.cyloadermeta
 *(.cyloadermeta)

.cyloadablemeta
 *(.cyloadablemeta)

.cyconfigecc    0x80000000      0x574
 *(.cyconfigecc)
 .cyconfigecc   0x80000000      0x574 .\CortexM3\ARM_GCC_541\Debug\cymetadata.o
                0x80000000                cy_meta_configecc

.cycustnvl      0x90000000        0x4
 *(.cycustnvl)
 .cycustnvl     0x90000000        0x4 .\CortexM3\ARM_GCC_541\Debug\cymetadata.o
                0x90000000                cy_meta_custnvl

.cywolatch      0x90100000        0x4
 *(.cywolatch)
 .cywolatch     0x90100000        0x4 .\CortexM3\ARM_GCC_541\Debug\cymetadata.o
                0x90100000                cy_meta_wonvl

.cyeeprom       0x90200000        0x0
 *(.cyeeprom)
                0x00000001                ASSERT ((. <= ((0x90200000 + ee_offset) + ee_size)), .cyeeprom data will not fit in EEPROM)

.cyflashprotect
                0x90400000      0x100
 *(.cyflashprotect)
 .cyflashprotect
                0x90400000      0x100 .\CortexM3\ARM_GCC_541\Debug\cymetadata.o
                0x90400000                cy_meta_flashprotect

.cymeta         0x90500000        0xc
 *(.cymeta)
 .cymeta        0x90500000        0xc .\CortexM3\ARM_GCC_541\Debug\cymetadata.o
                0x90500000                cy_metadata

.rel.dyn        0x00004360        0x0 load address 0x9050000c
 .rel.iplt      0x00004360        0x0 c:/program files (x86)/cypress/psoc creator/4.3/psoc creator/import/gnu/arm/5.4.1/bin/../lib/gcc/arm-none-eabi/5.4.1/armv7-m/crtbegin.o

.stab
 *(.stab)

.stabstr
 *(.stabstr)

.debug
 *(.debug)

.line
 *(.line)

.debug_srcinfo
 *(.debug_srcinfo)

.debug_sfnames
 *(.debug_sfnames)

.debug_aranges  0x00000000      0xf80
 *(.debug_aranges)
 .debug_aranges
                0x00000000       0xb0 .\CortexM3\ARM_GCC_541\Debug\main.o
 .debug_aranges
                0x000000b0       0x28 .\CortexM3\ARM_GCC_541\Debug\keypad.o
 .debug_aranges
                0x000000d8       0x78 .\CortexM3\ARM_GCC_541\Debug\cyfitter_cfg.o
 .debug_aranges
                0x00000150       0x18 .\CortexM3\ARM_GCC_541\Debug\cymetadata.o
 .debug_aranges
                0x00000168       0x48 .\CortexM3\ARM_GCC_541\Debug\Cm3Start.o
 .debug_aranges
                0x000001b0       0x38 .\CortexM3\ARM_GCC_541\Debug\Project_Final.a(Led_1.o)
 .debug_aranges
                0x000001e8       0x38 .\CortexM3\ARM_GCC_541\Debug\Project_Final.a(Led_2.o)
 .debug_aranges
                0x00000220       0x38 .\CortexM3\ARM_GCC_541\Debug\Project_Final.a(Led_3.o)
 .debug_aranges
                0x00000258       0x38 .\CortexM3\ARM_GCC_541\Debug\Project_Final.a(Led_4.o)
 .debug_aranges
                0x00000290      0x2a0 .\CortexM3\ARM_GCC_541\Debug\Project_Final.a(CyLib.o)
 .debug_aranges
                0x00000530       0x98 .\CortexM3\ARM_GCC_541\Debug\Project_Final.a(cyPm.o)
 .debug_aranges
                0x000005c8       0x38 .\CortexM3\ARM_GCC_541\Debug\Project_Final.a(SW1.o)
 .debug_aranges
                0x00000600       0x88 .\CortexM3\ARM_GCC_541\Debug\Project_Final.a(Timer.o)
 .debug_aranges
                0x00000688       0x58 .\CortexM3\ARM_GCC_541\Debug\Project_Final.a(VDAC.o)
 .debug_aranges
                0x000006e0       0x80 .\CortexM3\ARM_GCC_541\Debug\Project_Final.a(isr.o)
 .debug_aranges
                0x00000760       0x38 .\CortexM3\ARM_GCC_541\Debug\Project_Final.a(SW2.o)
 .debug_aranges
                0x00000798       0x38 .\CortexM3\ARM_GCC_541\Debug\Project_Final.a(SW3.o)
 .debug_aranges
                0x000007d0       0x48 .\CortexM3\ARM_GCC_541\Debug\Project_Final.a(SW4.o)
 .debug_aranges
                0x00000818       0x88 .\CortexM3\ARM_GCC_541\Debug\Project_Final.a(Timer_1.o)
 .debug_aranges
                0x000008a0       0x38 .\CortexM3\ARM_GCC_541\Debug\Project_Final.a(COL1.o)
 .debug_aranges
                0x000008d8       0x38 .\CortexM3\ARM_GCC_541\Debug\Project_Final.a(COL2.o)
 .debug_aranges
                0x00000910       0x38 .\CortexM3\ARM_GCC_541\Debug\Project_Final.a(ROW1.o)
 .debug_aranges
                0x00000948       0x38 .\CortexM3\ARM_GCC_541\Debug\Project_Final.a(ROW0.o)
 .debug_aranges
                0x00000980       0x38 .\CortexM3\ARM_GCC_541\Debug\Project_Final.a(ROW2.o)
 .debug_aranges
                0x000009b8       0x38 .\CortexM3\ARM_GCC_541\Debug\Project_Final.a(ROW3.o)
 .debug_aranges
                0x000009f0       0x38 .\CortexM3\ARM_GCC_541\Debug\Project_Final.a(COL3.o)
 .debug_aranges
                0x00000a28       0x98 .\CortexM3\ARM_GCC_541\Debug\Project_Final.a(LCD.o)
 .debug_aranges
                0x00000ac0       0xa8 .\CortexM3\ARM_GCC_541\Debug\Project_Final.a(PWM.o)
 .debug_aranges
                0x00000b68       0xe8 .\CortexM3\ARM_GCC_541\Debug\Project_Final.a(ADC.o)
 .debug_aranges
                0x00000c50       0x38 .\CortexM3\ARM_GCC_541\Debug\Project_Final.a(ADC_INT.o)
 .debug_aranges
                0x00000c88       0x30 .\CortexM3\ARM_GCC_541\Debug\Project_Final.a(ADC_AMux.o)
 .debug_aranges
                0x00000cb8       0x70 .\CortexM3\ARM_GCC_541\Debug\Project_Final.a(ADC_Ext_CP_Clk.o)
 .debug_aranges
                0x00000d28       0x80 .\CortexM3\ARM_GCC_541\Debug\Project_Final.a(ADC_theACLK.o)
 .debug_aranges
                0x00000da8       0x80 .\CortexM3\ARM_GCC_541\Debug\Project_Final.a(pin_SW4_int.o)
 .debug_aranges
                0x00000e28       0x30 .\CortexM3\ARM_GCC_541\Debug\Project_Final.a(AMux.o)
 .debug_aranges
                0x00000e58       0x20 .\CortexM3\ARM_GCC_541\Debug\Project_Final.a(CyBootAsmGnu.o)
 .debug_aranges
                0x00000e78       0x88 .\CortexM3\ARM_GCC_541\Debug\Project_Final.a(CyFlash.o)
 .debug_aranges
                0x00000f00       0x80 .\CortexM3\ARM_GCC_541\Debug\Project_Final.a(CySpc.o)

.debug_pubnames
 *(.debug_pubnames)

.debug_info     0x00000000     0x81c6
 *(.debug_info .gnu.linkonce.wi.*)
 .debug_info    0x00000000      0xb7b .\CortexM3\ARM_GCC_541\Debug\main.o
 .debug_info    0x00000b7b      0x380 .\CortexM3\ARM_GCC_541\Debug\keypad.o
 .debug_info    0x00000efb      0x6ab .\CortexM3\ARM_GCC_541\Debug\cyfitter_cfg.o
 .debug_info    0x000015a6      0x136 .\CortexM3\ARM_GCC_541\Debug\cymetadata.o
 .debug_info    0x000016dc      0x3bb .\CortexM3\ARM_GCC_541\Debug\Cm3Start.o
 .debug_info    0x00001a97      0x11f .\CortexM3\ARM_GCC_541\Debug\Project_Final.a(Led_1.o)
 .debug_info    0x00001bb6      0x11f .\CortexM3\ARM_GCC_541\Debug\Project_Final.a(Led_2.o)
 .debug_info    0x00001cd5      0x11f .\CortexM3\ARM_GCC_541\Debug\Project_Final.a(Led_3.o)
 .debug_info    0x00001df4      0x11f .\CortexM3\ARM_GCC_541\Debug\Project_Final.a(Led_4.o)
 .debug_info    0x00001f13     0x1374 .\CortexM3\ARM_GCC_541\Debug\Project_Final.a(CyLib.o)
 .debug_info    0x00003287      0xa2a .\CortexM3\ARM_GCC_541\Debug\Project_Final.a(cyPm.o)
 .debug_info    0x00003cb1      0x11f .\CortexM3\ARM_GCC_541\Debug\Project_Final.a(SW1.o)
 .debug_info    0x00003dd0      0x295 .\CortexM3\ARM_GCC_541\Debug\Project_Final.a(Timer.o)
 .debug_info    0x00004065      0x1e0 .\CortexM3\ARM_GCC_541\Debug\Project_Final.a(VDAC.o)
 .debug_info    0x00004245      0x2d2 .\CortexM3\ARM_GCC_541\Debug\Project_Final.a(isr.o)
 .debug_info    0x00004517      0x11f .\CortexM3\ARM_GCC_541\Debug\Project_Final.a(SW2.o)
 .debug_info    0x00004636      0x11f .\CortexM3\ARM_GCC_541\Debug\Project_Final.a(SW3.o)
 .debug_info    0x00004755      0x174 .\CortexM3\ARM_GCC_541\Debug\Project_Final.a(SW4.o)
 .debug_info    0x000048c9      0x295 .\CortexM3\ARM_GCC_541\Debug\Project_Final.a(Timer_1.o)
 .debug_info    0x00004b5e      0x11f .\CortexM3\ARM_GCC_541\Debug\Project_Final.a(COL1.o)
 .debug_info    0x00004c7d      0x11f .\CortexM3\ARM_GCC_541\Debug\Project_Final.a(COL2.o)
 .debug_info    0x00004d9c      0x11f .\CortexM3\ARM_GCC_541\Debug\Project_Final.a(ROW1.o)
 .debug_info    0x00004ebb      0x11f .\CortexM3\ARM_GCC_541\Debug\Project_Final.a(ROW0.o)
 .debug_info    0x00004fda      0x11f .\CortexM3\ARM_GCC_541\Debug\Project_Final.a(ROW2.o)
 .debug_info    0x000050f9      0x11f .\CortexM3\ARM_GCC_541\Debug\Project_Final.a(ROW3.o)
 .debug_info    0x00005218      0x11f .\CortexM3\ARM_GCC_541\Debug\Project_Final.a(COL3.o)
 .debug_info    0x00005337      0x715 .\CortexM3\ARM_GCC_541\Debug\Project_Final.a(LCD.o)
 .debug_info    0x00005a4c      0x3a4 .\CortexM3\ARM_GCC_541\Debug\Project_Final.a(PWM.o)
 .debug_info    0x00005df0      0xbed .\CortexM3\ARM_GCC_541\Debug\Project_Final.a(ADC.o)
 .debug_info    0x000069dd       0xd3 .\CortexM3\ARM_GCC_541\Debug\Project_Final.a(ADC_INT.o)
 .debug_info    0x00006ab0      0x165 .\CortexM3\ARM_GCC_541\Debug\Project_Final.a(ADC_AMux.o)
 .debug_info    0x00006c15      0x283 .\CortexM3\ARM_GCC_541\Debug\Project_Final.a(ADC_Ext_CP_Clk.o)
 .debug_info    0x00006e98      0x2c4 .\CortexM3\ARM_GCC_541\Debug\Project_Final.a(ADC_theACLK.o)
 .debug_info    0x0000715c      0x2d2 .\CortexM3\ARM_GCC_541\Debug\Project_Final.a(pin_SW4_int.o)
 .debug_info    0x0000742e      0x165 .\CortexM3\ARM_GCC_541\Debug\Project_Final.a(AMux.o)
 .debug_info    0x00007593       0x96 .\CortexM3\ARM_GCC_541\Debug\Project_Final.a(CyBootAsmGnu.o)
 .debug_info    0x00007629      0x64d .\CortexM3\ARM_GCC_541\Debug\Project_Final.a(CyFlash.o)
 .debug_info    0x00007c76      0x550 .\CortexM3\ARM_GCC_541\Debug\Project_Final.a(CySpc.o)

.debug_abbrev   0x00000000     0x2543
 *(.debug_abbrev)
 .debug_abbrev  0x00000000      0x1bf .\CortexM3\ARM_GCC_541\Debug\main.o
 .debug_abbrev  0x000001bf       0xc5 .\CortexM3\ARM_GCC_541\Debug\keypad.o
 .debug_abbrev  0x00000284      0x21e .\CortexM3\ARM_GCC_541\Debug\cyfitter_cfg.o
 .debug_abbrev  0x000004a2       0x77 .\CortexM3\ARM_GCC_541\Debug\cymetadata.o
 .debug_abbrev  0x00000519      0x1e8 .\CortexM3\ARM_GCC_541\Debug\Cm3Start.o
 .debug_abbrev  0x00000701       0x90 .\CortexM3\ARM_GCC_541\Debug\Project_Final.a(Led_1.o)
 .debug_abbrev  0x00000791       0x90 .\CortexM3\ARM_GCC_541\Debug\Project_Final.a(Led_2.o)
 .debug_abbrev  0x00000821       0x90 .\CortexM3\ARM_GCC_541\Debug\Project_Final.a(Led_3.o)
 .debug_abbrev  0x000008b1       0x90 .\CortexM3\ARM_GCC_541\Debug\Project_Final.a(Led_4.o)
 .debug_abbrev  0x00000941      0x254 .\CortexM3\ARM_GCC_541\Debug\Project_Final.a(CyLib.o)
 .debug_abbrev  0x00000b95      0x1ab .\CortexM3\ARM_GCC_541\Debug\Project_Final.a(cyPm.o)
 .debug_abbrev  0x00000d40       0x90 .\CortexM3\ARM_GCC_541\Debug\Project_Final.a(SW1.o)
 .debug_abbrev  0x00000dd0      0x11a .\CortexM3\ARM_GCC_541\Debug\Project_Final.a(Timer.o)
 .debug_abbrev  0x00000eea       0xf7 .\CortexM3\ARM_GCC_541\Debug\Project_Final.a(VDAC.o)
 .debug_abbrev  0x00000fe1      0x173 .\CortexM3\ARM_GCC_541\Debug\Project_Final.a(isr.o)
 .debug_abbrev  0x00001154       0x90 .\CortexM3\ARM_GCC_541\Debug\Project_Final.a(SW2.o)
 .debug_abbrev  0x000011e4       0x90 .\CortexM3\ARM_GCC_541\Debug\Project_Final.a(SW3.o)
 .debug_abbrev  0x00001274       0x90 .\CortexM3\ARM_GCC_541\Debug\Project_Final.a(SW4.o)
 .debug_abbrev  0x00001304      0x11a .\CortexM3\ARM_GCC_541\Debug\Project_Final.a(Timer_1.o)
 .debug_abbrev  0x0000141e       0x90 .\CortexM3\ARM_GCC_541\Debug\Project_Final.a(COL1.o)
 .debug_abbrev  0x000014ae       0x90 .\CortexM3\ARM_GCC_541\Debug\Project_Final.a(COL2.o)
 .debug_abbrev  0x0000153e       0x90 .\CortexM3\ARM_GCC_541\Debug\Project_Final.a(ROW1.o)
 .debug_abbrev  0x000015ce       0x90 .\CortexM3\ARM_GCC_541\Debug\Project_Final.a(ROW0.o)
 .debug_abbrev  0x0000165e       0x90 .\CortexM3\ARM_GCC_541\Debug\Project_Final.a(ROW2.o)
 .debug_abbrev  0x000016ee       0x90 .\CortexM3\ARM_GCC_541\Debug\Project_Final.a(ROW3.o)
 .debug_abbrev  0x0000177e       0x90 .\CortexM3\ARM_GCC_541\Debug\Project_Final.a(COL3.o)
 .debug_abbrev  0x0000180e      0x157 .\CortexM3\ARM_GCC_541\Debug\Project_Final.a(LCD.o)
 .debug_abbrev  0x00001965      0x133 .\CortexM3\ARM_GCC_541\Debug\Project_Final.a(PWM.o)
 .debug_abbrev  0x00001a98      0x1eb .\CortexM3\ARM_GCC_541\Debug\Project_Final.a(ADC.o)
 .debug_abbrev  0x00001c83       0x42 .\CortexM3\ARM_GCC_541\Debug\Project_Final.a(ADC_INT.o)
 .debug_abbrev  0x00001cc5       0xb1 .\CortexM3\ARM_GCC_541\Debug\Project_Final.a(ADC_AMux.o)
 .debug_abbrev  0x00001d76      0x139 .\CortexM3\ARM_GCC_541\Debug\Project_Final.a(ADC_Ext_CP_Clk.o)
 .debug_abbrev  0x00001eaf      0x121 .\CortexM3\ARM_GCC_541\Debug\Project_Final.a(ADC_theACLK.o)
 .debug_abbrev  0x00001fd0      0x173 .\CortexM3\ARM_GCC_541\Debug\Project_Final.a(pin_SW4_int.o)
 .debug_abbrev  0x00002143       0xb1 .\CortexM3\ARM_GCC_541\Debug\Project_Final.a(AMux.o)
 .debug_abbrev  0x000021f4       0x14 .\CortexM3\ARM_GCC_541\Debug\Project_Final.a(CyBootAsmGnu.o)
 .debug_abbrev  0x00002208      0x1a7 .\CortexM3\ARM_GCC_541\Debug\Project_Final.a(CyFlash.o)
 .debug_abbrev  0x000023af      0x194 .\CortexM3\ARM_GCC_541\Debug\Project_Final.a(CySpc.o)

.debug_line     0x00000000     0x37d3
 *(.debug_line)
 .debug_line    0x00000000      0x514 .\CortexM3\ARM_GCC_541\Debug\main.o
 .debug_line    0x00000514      0x1ec .\CortexM3\ARM_GCC_541\Debug\keypad.o
 .debug_line    0x00000700      0x238 .\CortexM3\ARM_GCC_541\Debug\cyfitter_cfg.o
 .debug_line    0x00000938      0x141 .\CortexM3\ARM_GCC_541\Debug\cymetadata.o
 .debug_line    0x00000a79      0x234 .\CortexM3\ARM_GCC_541\Debug\Cm3Start.o
 .debug_line    0x00000cad       0x92 .\CortexM3\ARM_GCC_541\Debug\Project_Final.a(Led_1.o)
 .debug_line    0x00000d3f       0x92 .\CortexM3\ARM_GCC_541\Debug\Project_Final.a(Led_2.o)
 .debug_line    0x00000dd1       0x92 .\CortexM3\ARM_GCC_541\Debug\Project_Final.a(Led_3.o)
 .debug_line    0x00000e63       0x92 .\CortexM3\ARM_GCC_541\Debug\Project_Final.a(Led_4.o)
 .debug_line    0x00000ef5      0x816 .\CortexM3\ARM_GCC_541\Debug\Project_Final.a(CyLib.o)
 .debug_line    0x0000170b      0x367 .\CortexM3\ARM_GCC_541\Debug\Project_Final.a(cyPm.o)
 .debug_line    0x00001a72       0x90 .\CortexM3\ARM_GCC_541\Debug\Project_Final.a(SW1.o)
 .debug_line    0x00001b02      0x153 .\CortexM3\ARM_GCC_541\Debug\Project_Final.a(Timer.o)
 .debug_line    0x00001c55       0xe1 .\CortexM3\ARM_GCC_541\Debug\Project_Final.a(VDAC.o)
 .debug_line    0x00001d36      0x130 .\CortexM3\ARM_GCC_541\Debug\Project_Final.a(isr.o)
 .debug_line    0x00001e66       0x90 .\CortexM3\ARM_GCC_541\Debug\Project_Final.a(SW2.o)
 .debug_line    0x00001ef6       0x90 .\CortexM3\ARM_GCC_541\Debug\Project_Final.a(SW3.o)
 .debug_line    0x00001f86       0xb4 .\CortexM3\ARM_GCC_541\Debug\Project_Final.a(SW4.o)
 .debug_line    0x0000203a      0x155 .\CortexM3\ARM_GCC_541\Debug\Project_Final.a(Timer_1.o)
 .debug_line    0x0000218f       0x91 .\CortexM3\ARM_GCC_541\Debug\Project_Final.a(COL1.o)
 .debug_line    0x00002220       0x91 .\CortexM3\ARM_GCC_541\Debug\Project_Final.a(COL2.o)
 .debug_line    0x000022b1       0x91 .\CortexM3\ARM_GCC_541\Debug\Project_Final.a(ROW1.o)
 .debug_line    0x00002342       0x91 .\CortexM3\ARM_GCC_541\Debug\Project_Final.a(ROW0.o)
 .debug_line    0x000023d3       0x91 .\CortexM3\ARM_GCC_541\Debug\Project_Final.a(ROW2.o)
 .debug_line    0x00002464       0x91 .\CortexM3\ARM_GCC_541\Debug\Project_Final.a(ROW3.o)
 .debug_line    0x000024f5       0x91 .\CortexM3\ARM_GCC_541\Debug\Project_Final.a(COL3.o)
 .debug_line    0x00002586      0x1dc .\CortexM3\ARM_GCC_541\Debug\Project_Final.a(LCD.o)
 .debug_line    0x00002762      0x1aa .\CortexM3\ARM_GCC_541\Debug\Project_Final.a(PWM.o)
 .debug_line    0x0000290c      0x3c1 .\CortexM3\ARM_GCC_541\Debug\Project_Final.a(ADC.o)
 .debug_line    0x00002ccd       0x80 .\CortexM3\ARM_GCC_541\Debug\Project_Final.a(ADC_INT.o)
 .debug_line    0x00002d4d       0xac .\CortexM3\ARM_GCC_541\Debug\Project_Final.a(ADC_AMux.o)
 .debug_line    0x00002df9      0x17d .\CortexM3\ARM_GCC_541\Debug\Project_Final.a(ADC_Ext_CP_Clk.o)
 .debug_line    0x00002f76      0x19d .\CortexM3\ARM_GCC_541\Debug\Project_Final.a(ADC_theACLK.o)
 .debug_line    0x00003113      0x138 .\CortexM3\ARM_GCC_541\Debug\Project_Final.a(pin_SW4_int.o)
 .debug_line    0x0000324b       0xa8 .\CortexM3\ARM_GCC_541\Debug\Project_Final.a(AMux.o)
 .debug_line    0x000032f3       0x66 .\CortexM3\ARM_GCC_541\Debug\Project_Final.a(CyBootAsmGnu.o)
 .debug_line    0x00003359      0x21a .\CortexM3\ARM_GCC_541\Debug\Project_Final.a(CyFlash.o)
 .debug_line    0x00003573      0x260 .\CortexM3\ARM_GCC_541\Debug\Project_Final.a(CySpc.o)

.debug_frame    0x00000000     0x2724
 *(.debug_frame)
 .debug_frame   0x00000000      0x240 .\CortexM3\ARM_GCC_541\Debug\main.o
 .debug_frame   0x00000240       0x48 .\CortexM3\ARM_GCC_541\Debug\keypad.o
 .debug_frame   0x00000288      0x13c .\CortexM3\ARM_GCC_541\Debug\cyfitter_cfg.o
 .debug_frame   0x000003c4       0xb8 .\CortexM3\ARM_GCC_541\Debug\Cm3Start.o
 .debug_frame   0x0000047c       0x50 .\CortexM3\ARM_GCC_541\Debug\Project_Final.a(Led_1.o)
 .debug_frame   0x000004cc       0x50 .\CortexM3\ARM_GCC_541\Debug\Project_Final.a(Led_2.o)
 .debug_frame   0x0000051c       0x50 .\CortexM3\ARM_GCC_541\Debug\Project_Final.a(Led_3.o)
 .debug_frame   0x0000056c       0x50 .\CortexM3\ARM_GCC_541\Debug\Project_Final.a(Led_4.o)
 .debug_frame   0x000005bc      0x738 .\CortexM3\ARM_GCC_541\Debug\Project_Final.a(CyLib.o)
 .debug_frame   0x00000cf4      0x1f8 .\CortexM3\ARM_GCC_541\Debug\Project_Final.a(cyPm.o)
 .debug_frame   0x00000eec       0x50 .\CortexM3\ARM_GCC_541\Debug\Project_Final.a(SW1.o)
 .debug_frame   0x00000f3c      0x108 .\CortexM3\ARM_GCC_541\Debug\Project_Final.a(Timer.o)
 .debug_frame   0x00001044       0xb4 .\CortexM3\ARM_GCC_541\Debug\Project_Final.a(VDAC.o)
 .debug_frame   0x000010f8      0x104 .\CortexM3\ARM_GCC_541\Debug\Project_Final.a(isr.o)
 .debug_frame   0x000011fc       0x50 .\CortexM3\ARM_GCC_541\Debug\Project_Final.a(SW2.o)
 .debug_frame   0x0000124c       0x50 .\CortexM3\ARM_GCC_541\Debug\Project_Final.a(SW3.o)
 .debug_frame   0x0000129c       0x70 .\CortexM3\ARM_GCC_541\Debug\Project_Final.a(SW4.o)
 .debug_frame   0x0000130c      0x108 .\CortexM3\ARM_GCC_541\Debug\Project_Final.a(Timer_1.o)
 .debug_frame   0x00001414       0x50 .\CortexM3\ARM_GCC_541\Debug\Project_Final.a(COL1.o)
 .debug_frame   0x00001464       0x50 .\CortexM3\ARM_GCC_541\Debug\Project_Final.a(COL2.o)
 .debug_frame   0x000014b4       0x50 .\CortexM3\ARM_GCC_541\Debug\Project_Final.a(ROW1.o)
 .debug_frame   0x00001504       0x50 .\CortexM3\ARM_GCC_541\Debug\Project_Final.a(ROW0.o)
 .debug_frame   0x00001554       0x50 .\CortexM3\ARM_GCC_541\Debug\Project_Final.a(ROW2.o)
 .debug_frame   0x000015a4       0x50 .\CortexM3\ARM_GCC_541\Debug\Project_Final.a(ROW3.o)
 .debug_frame   0x000015f4       0x50 .\CortexM3\ARM_GCC_541\Debug\Project_Final.a(COL3.o)
 .debug_frame   0x00001644      0x1e8 .\CortexM3\ARM_GCC_541\Debug\Project_Final.a(LCD.o)
 .debug_frame   0x0000182c      0x154 .\CortexM3\ARM_GCC_541\Debug\Project_Final.a(PWM.o)
 .debug_frame   0x00001980      0x284 .\CortexM3\ARM_GCC_541\Debug\Project_Final.a(ADC.o)
 .debug_frame   0x00001c04       0x50 .\CortexM3\ARM_GCC_541\Debug\Project_Final.a(ADC_INT.o)
 .debug_frame   0x00001c54       0x64 .\CortexM3\ARM_GCC_541\Debug\Project_Final.a(ADC_AMux.o)
 .debug_frame   0x00001cb8       0xe0 .\CortexM3\ARM_GCC_541\Debug\Project_Final.a(ADC_Ext_CP_Clk.o)
 .debug_frame   0x00001d98      0x100 .\CortexM3\ARM_GCC_541\Debug\Project_Final.a(ADC_theACLK.o)
 .debug_frame   0x00001e98      0x104 .\CortexM3\ARM_GCC_541\Debug\Project_Final.a(pin_SW4_int.o)
 .debug_frame   0x00001f9c       0x64 .\CortexM3\ARM_GCC_541\Debug\Project_Final.a(AMux.o)
 .debug_frame   0x00002000      0x194 .\CortexM3\ARM_GCC_541\Debug\Project_Final.a(CyFlash.o)
 .debug_frame   0x00002194      0x180 .\CortexM3\ARM_GCC_541\Debug\Project_Final.a(CySpc.o)
 .debug_frame   0x00002314       0x38 c:/program files (x86)/cypress/psoc creator/4.3/psoc creator/import/gnu/arm/5.4.1/bin/../lib/gcc/arm-none-eabi/5.4.1/../../../../arm-none-eabi/lib/armv7-m\libm.a(lib_a-s_sin.o)
 .debug_frame   0x0000234c       0x48 c:/program files (x86)/cypress/psoc creator/4.3/psoc creator/import/gnu/arm/5.4.1/bin/../lib/gcc/arm-none-eabi/5.4.1/../../../../arm-none-eabi/lib/armv7-m\libm.a(lib_a-e_rem_pio2.o)
 .debug_frame   0x00002394       0x4c c:/program files (x86)/cypress/psoc creator/4.3/psoc creator/import/gnu/arm/5.4.1/bin/../lib/gcc/arm-none-eabi/5.4.1/../../../../arm-none-eabi/lib/armv7-m\libm.a(lib_a-k_cos.o)
 .debug_frame   0x000023e0       0x50 c:/program files (x86)/cypress/psoc creator/4.3/psoc creator/import/gnu/arm/5.4.1/bin/../lib/gcc/arm-none-eabi/5.4.1/../../../../arm-none-eabi/lib/armv7-m\libm.a(lib_a-k_rem_pio2.o)
 .debug_frame   0x00002430       0x48 c:/program files (x86)/cypress/psoc creator/4.3/psoc creator/import/gnu/arm/5.4.1/bin/../lib/gcc/arm-none-eabi/5.4.1/../../../../arm-none-eabi/lib/armv7-m\libm.a(lib_a-k_sin.o)
 .debug_frame   0x00002478       0x20 c:/program files (x86)/cypress/psoc creator/4.3/psoc creator/import/gnu/arm/5.4.1/bin/../lib/gcc/arm-none-eabi/5.4.1/../../../../arm-none-eabi/lib/armv7-m\libm.a(lib_a-s_fabs.o)
 .debug_frame   0x00002498       0x34 c:/program files (x86)/cypress/psoc creator/4.3/psoc creator/import/gnu/arm/5.4.1/bin/../lib/gcc/arm-none-eabi/5.4.1/../../../../arm-none-eabi/lib/armv7-m\libm.a(lib_a-s_floor.o)
 .debug_frame   0x000024cc       0x30 c:/program files (x86)/cypress/psoc creator/4.3/psoc creator/import/gnu/arm/5.4.1/bin/../lib/gcc/arm-none-eabi/5.4.1/../../../../arm-none-eabi/lib/armv7-m\libm.a(lib_a-s_scalbn.o)
 .debug_frame   0x000024fc       0x20 c:/program files (x86)/cypress/psoc creator/4.3/psoc creator/import/gnu/arm/5.4.1/bin/../lib/gcc/arm-none-eabi/5.4.1/../../../../arm-none-eabi/lib/armv7-m\libm.a(lib_a-s_copysign.o)
 .debug_frame   0x0000251c       0x20 c:/program files (x86)/cypress/psoc creator/4.3/psoc creator/import/gnu/arm/5.4.1/bin/../lib/gcc/arm-none-eabi/5.4.1/../../../../arm-none-eabi/lib/armv7-m\libg_nano.a(lib_a-errno.o)
 .debug_frame   0x0000253c       0x28 c:/program files (x86)/cypress/psoc creator/4.3/psoc creator/import/gnu/arm/5.4.1/bin/../lib/gcc/arm-none-eabi/5.4.1/../../../../arm-none-eabi/lib/armv7-m\libg_nano.a(lib_a-exit.o)
 .debug_frame   0x00002564       0x2c c:/program files (x86)/cypress/psoc creator/4.3/psoc creator/import/gnu/arm/5.4.1/bin/../lib/gcc/arm-none-eabi/5.4.1/../../../../arm-none-eabi/lib/armv7-m\libg_nano.a(lib_a-init.o)
 .debug_frame   0x00002590       0x30 c:/program files (x86)/cypress/psoc creator/4.3/psoc creator/import/gnu/arm/5.4.1/bin/../lib/gcc/arm-none-eabi/5.4.1/../../../../arm-none-eabi/lib/armv7-m\libg_nano.a(lib_a-malloc.o)
 .debug_frame   0x000025c0       0x28 c:/program files (x86)/cypress/psoc creator/4.3/psoc creator/import/gnu/arm/5.4.1/bin/../lib/gcc/arm-none-eabi/5.4.1/../../../../arm-none-eabi/lib/armv7-m\libg_nano.a(lib_a-memcpy-stub.o)
 .debug_frame   0x000025e8       0x20 c:/program files (x86)/cypress/psoc creator/4.3/psoc creator/import/gnu/arm/5.4.1/bin/../lib/gcc/arm-none-eabi/5.4.1/../../../../arm-none-eabi/lib/armv7-m\libg_nano.a(lib_a-memset.o)
 .debug_frame   0x00002608       0x38 c:/program files (x86)/cypress/psoc creator/4.3/psoc creator/import/gnu/arm/5.4.1/bin/../lib/gcc/arm-none-eabi/5.4.1/../../../../arm-none-eabi/lib/armv7-m\libg_nano.a(lib_a-nano-freer.o)
 .debug_frame   0x00002640       0x2c c:/program files (x86)/cypress/psoc creator/4.3/psoc creator/import/gnu/arm/5.4.1/bin/../lib/gcc/arm-none-eabi/5.4.1/../../../../arm-none-eabi/lib/armv7-m\libg_nano.a(lib_a-nano-mallocr.o)
 .debug_frame   0x0000266c       0x2c c:/program files (x86)/cypress/psoc creator/4.3/psoc creator/import/gnu/arm/5.4.1/bin/../lib/gcc/arm-none-eabi/5.4.1/../../../../arm-none-eabi/lib/armv7-m\libg_nano.a(lib_a-sbrkr.o)
 .debug_frame   0x00002698       0x30 c:/program files (x86)/cypress/psoc creator/4.3/psoc creator/import/gnu/arm/5.4.1/bin/../lib/gcc/arm-none-eabi/5.4.1/../../../../arm-none-eabi/lib/armv7-m\libg_nano.a(lib_a-mlock.o)
 .debug_frame   0x000026c8       0x5c c:/program files (x86)/cypress/psoc creator/4.3/psoc creator/import/gnu/arm/5.4.1/bin/../lib/gcc/arm-none-eabi/5.4.1/../../../../arm-none-eabi/lib/armv7-m\libg_nano.a(lib_a-reent.o)

.debug_str      0x00000000     0x28da
 *(.debug_str)
 .debug_str     0x00000000      0x46f .\CortexM3\ARM_GCC_541\Debug\main.o
                                0x4ed (size before relaxing)
 .debug_str     0x0000046f       0x5d .\CortexM3\ARM_GCC_541\Debug\keypad.o
                                0x222 (size before relaxing)
 .debug_str     0x000004cc      0x1c0 .\CortexM3\ARM_GCC_541\Debug\cyfitter_cfg.o
                                0x395 (size before relaxing)
 .debug_str     0x0000068c       0x75 .\CortexM3\ARM_GCC_541\Debug\cymetadata.o
                                0x1ea (size before relaxing)
 .debug_str     0x00000701      0x144 .\CortexM3\ARM_GCC_541\Debug\Cm3Start.o
                                0x310 (size before relaxing)
 .debug_str     0x00000845       0x5f .\CortexM3\ARM_GCC_541\Debug\Project_Final.a(Led_1.o)
                                0x1e8 (size before relaxing)
 .debug_str     0x000008a4       0x4f .\CortexM3\ARM_GCC_541\Debug\Project_Final.a(Led_2.o)
                                0x1e8 (size before relaxing)
 .debug_str     0x000008f3       0x4f .\CortexM3\ARM_GCC_541\Debug\Project_Final.a(Led_3.o)
                                0x1e8 (size before relaxing)
 .debug_str     0x00000942       0x4f .\CortexM3\ARM_GCC_541\Debug\Project_Final.a(Led_4.o)
                                0x1e8 (size before relaxing)
 .debug_str     0x00000991      0x838 .\CortexM3\ARM_GCC_541\Debug\Project_Final.a(CyLib.o)
                                0xa4d (size before relaxing)
 .debug_str     0x000011c9      0x365 .\CortexM3\ARM_GCC_541\Debug\Project_Final.a(cyPm.o)
                                0x739 (size before relaxing)
 .debug_str     0x0000152e       0x48 .\CortexM3\ARM_GCC_541\Debug\Project_Final.a(SW1.o)
                                0x1de (size before relaxing)
 .debug_str     0x00001576      0x132 .\CortexM3\ARM_GCC_541\Debug\Project_Final.a(Timer.o)
                                0x2fb (size before relaxing)
 .debug_str     0x000016a8       0x80 .\CortexM3\ARM_GCC_541\Debug\Project_Final.a(VDAC.o)
                                0x21b (size before relaxing)
 .debug_str     0x00001728       0xbe .\CortexM3\ARM_GCC_541\Debug\Project_Final.a(isr.o)
                                0x290 (size before relaxing)
 .debug_str     0x000017e6       0x48 .\CortexM3\ARM_GCC_541\Debug\Project_Final.a(SW2.o)
                                0x1de (size before relaxing)
 .debug_str     0x0000182e       0x48 .\CortexM3\ARM_GCC_541\Debug\Project_Final.a(SW3.o)
                                0x1de (size before relaxing)
 .debug_str     0x00001876       0x6f .\CortexM3\ARM_GCC_541\Debug\Project_Final.a(SW4.o)
                                0x216 (size before relaxing)
 .debug_str     0x000018e5      0x128 .\CortexM3\ARM_GCC_541\Debug\Project_Final.a(Timer_1.o)
                                0x31b (size before relaxing)
 .debug_str     0x00001a0d       0x4b .\CortexM3\ARM_GCC_541\Debug\Project_Final.a(COL1.o)
                                0x1e3 (size before relaxing)
 .debug_str     0x00001a58       0x4b .\CortexM3\ARM_GCC_541\Debug\Project_Final.a(COL2.o)
                                0x1e3 (size before relaxing)
 .debug_str     0x00001aa3       0x4c .\CortexM3\ARM_GCC_541\Debug\Project_Final.a(ROW1.o)
                                0x1e3 (size before relaxing)
 .debug_str     0x00001aef       0x4c .\CortexM3\ARM_GCC_541\Debug\Project_Final.a(ROW0.o)
                                0x1e3 (size before relaxing)
 .debug_str     0x00001b3b       0x4c .\CortexM3\ARM_GCC_541\Debug\Project_Final.a(ROW2.o)
                                0x1e3 (size before relaxing)
 .debug_str     0x00001b87       0x4c .\CortexM3\ARM_GCC_541\Debug\Project_Final.a(ROW3.o)
                                0x1e3 (size before relaxing)
 .debug_str     0x00001bd3       0x4b .\CortexM3\ARM_GCC_541\Debug\Project_Final.a(COL3.o)
                                0x1e3 (size before relaxing)
 .debug_str     0x00001c1e      0x130 .\CortexM3\ARM_GCC_541\Debug\Project_Final.a(LCD.o)
                                0x331 (size before relaxing)
 .debug_str     0x00001d4e      0x141 .\CortexM3\ARM_GCC_541\Debug\Project_Final.a(PWM.o)
                                0x363 (size before relaxing)
 .debug_str     0x00001e8f      0x340 .\CortexM3\ARM_GCC_541\Debug\Project_Final.a(ADC.o)
                                0x5cf (size before relaxing)
 .debug_str     0x000021cf       0x45 .\CortexM3\ARM_GCC_541\Debug\Project_Final.a(ADC_INT.o)
                                0x1c6 (size before relaxing)
 .debug_str     0x00002214       0x5f .\CortexM3\ARM_GCC_541\Debug\Project_Final.a(ADC_AMux.o)
                                0x205 (size before relaxing)
 .debug_str     0x00002273      0x16d .\CortexM3\ARM_GCC_541\Debug\Project_Final.a(ADC_Ext_CP_Clk.o)
                                0x348 (size before relaxing)
 .debug_str     0x000023e0      0x14f .\CortexM3\ARM_GCC_541\Debug\Project_Final.a(ADC_theACLK.o)
                                0x367 (size before relaxing)
 .debug_str     0x0000252f      0x126 .\CortexM3\ARM_GCC_541\Debug\Project_Final.a(pin_SW4_int.o)
                                0x300 (size before relaxing)
 .debug_str     0x00002655       0x1e .\CortexM3\ARM_GCC_541\Debug\Project_Final.a(AMux.o)
                                0x1e9 (size before relaxing)
 .debug_str     0x00002673      0x1bb .\CortexM3\ARM_GCC_541\Debug\Project_Final.a(CyFlash.o)
                                0x3c6 (size before relaxing)
 .debug_str     0x0000282e       0xac .\CortexM3\ARM_GCC_541\Debug\Project_Final.a(CySpc.o)
                                0x33e (size before relaxing)

.debug_loc      0x00000000     0x2f70
 *(.debug_loc)
 .debug_loc     0x00000000      0x1b6 .\CortexM3\ARM_GCC_541\Debug\main.o
 .debug_loc     0x000001b6      0x2c7 .\CortexM3\ARM_GCC_541\Debug\cyfitter_cfg.o
 .debug_loc     0x0000047d      0x144 .\CortexM3\ARM_GCC_541\Debug\Cm3Start.o
 .debug_loc     0x000005c1       0x42 .\CortexM3\ARM_GCC_541\Debug\Project_Final.a(Led_1.o)
 .debug_loc     0x00000603       0x42 .\CortexM3\ARM_GCC_541\Debug\Project_Final.a(Led_2.o)
 .debug_loc     0x00000645       0x42 .\CortexM3\ARM_GCC_541\Debug\Project_Final.a(Led_3.o)
 .debug_loc     0x00000687       0x42 .\CortexM3\ARM_GCC_541\Debug\Project_Final.a(Led_4.o)
 .debug_loc     0x000006c9      0xa11 .\CortexM3\ARM_GCC_541\Debug\Project_Final.a(CyLib.o)
 .debug_loc     0x000010da      0x1e4 .\CortexM3\ARM_GCC_541\Debug\Project_Final.a(cyPm.o)
 .debug_loc     0x000012be       0x42 .\CortexM3\ARM_GCC_541\Debug\Project_Final.a(SW1.o)
 .debug_loc     0x00001300       0x79 .\CortexM3\ARM_GCC_541\Debug\Project_Final.a(VDAC.o)
 .debug_loc     0x00001379       0x56 .\CortexM3\ARM_GCC_541\Debug\Project_Final.a(isr.o)
 .debug_loc     0x000013cf       0x42 .\CortexM3\ARM_GCC_541\Debug\Project_Final.a(SW2.o)
 .debug_loc     0x00001411       0x42 .\CortexM3\ARM_GCC_541\Debug\Project_Final.a(SW3.o)
 .debug_loc     0x00001453       0x84 .\CortexM3\ARM_GCC_541\Debug\Project_Final.a(SW4.o)
 .debug_loc     0x000014d7       0x42 .\CortexM3\ARM_GCC_541\Debug\Project_Final.a(COL1.o)
 .debug_loc     0x00001519       0x42 .\CortexM3\ARM_GCC_541\Debug\Project_Final.a(COL2.o)
 .debug_loc     0x0000155b       0x42 .\CortexM3\ARM_GCC_541\Debug\Project_Final.a(ROW1.o)
 .debug_loc     0x0000159d       0x42 .\CortexM3\ARM_GCC_541\Debug\Project_Final.a(ROW0.o)
 .debug_loc     0x000015df       0x42 .\CortexM3\ARM_GCC_541\Debug\Project_Final.a(ROW2.o)
 .debug_loc     0x00001621       0x42 .\CortexM3\ARM_GCC_541\Debug\Project_Final.a(ROW3.o)
 .debug_loc     0x00001663       0x42 .\CortexM3\ARM_GCC_541\Debug\Project_Final.a(COL3.o)
 .debug_loc     0x000016a5      0x3c6 .\CortexM3\ARM_GCC_541\Debug\Project_Final.a(LCD.o)
 .debug_loc     0x00001a6b       0x26 .\CortexM3\ARM_GCC_541\Debug\Project_Final.a(PWM.o)
 .debug_loc     0x00001a91      0x681 .\CortexM3\ARM_GCC_541\Debug\Project_Final.a(ADC.o)
 .debug_loc     0x00002112       0x6c .\CortexM3\ARM_GCC_541\Debug\Project_Final.a(ADC_AMux.o)
 .debug_loc     0x0000217e      0x12c .\CortexM3\ARM_GCC_541\Debug\Project_Final.a(ADC_Ext_CP_Clk.o)
 .debug_loc     0x000022aa      0x14d .\CortexM3\ARM_GCC_541\Debug\Project_Final.a(ADC_theACLK.o)
 .debug_loc     0x000023f7       0x56 .\CortexM3\ARM_GCC_541\Debug\Project_Final.a(pin_SW4_int.o)
 .debug_loc     0x0000244d       0x6c .\CortexM3\ARM_GCC_541\Debug\Project_Final.a(AMux.o)
 .debug_loc     0x000024b9      0x3b2 .\CortexM3\ARM_GCC_541\Debug\Project_Final.a(CyFlash.o)
 .debug_loc     0x0000286b      0x705 .\CortexM3\ARM_GCC_541\Debug\Project_Final.a(CySpc.o)

.debug_macinfo
 *(.debug_macinfo)

.debug_ranges   0x00000000      0xd08
 *(.debug_ranges)
 .debug_ranges  0x00000000       0xa0 .\CortexM3\ARM_GCC_541\Debug\main.o
 .debug_ranges  0x000000a0       0x18 .\CortexM3\ARM_GCC_541\Debug\keypad.o
 .debug_ranges  0x000000b8       0x68 .\CortexM3\ARM_GCC_541\Debug\cyfitter_cfg.o
 .debug_ranges  0x00000120       0x38 .\CortexM3\ARM_GCC_541\Debug\Cm3Start.o
 .debug_ranges  0x00000158       0x28 .\CortexM3\ARM_GCC_541\Debug\Project_Final.a(Led_1.o)
 .debug_ranges  0x00000180       0x28 .\CortexM3\ARM_GCC_541\Debug\Project_Final.a(Led_2.o)
 .debug_ranges  0x000001a8       0x28 .\CortexM3\ARM_GCC_541\Debug\Project_Final.a(Led_3.o)
 .debug_ranges  0x000001d0       0x28 .\CortexM3\ARM_GCC_541\Debug\Project_Final.a(Led_4.o)
 .debug_ranges  0x000001f8      0x290 .\CortexM3\ARM_GCC_541\Debug\Project_Final.a(CyLib.o)
 .debug_ranges  0x00000488       0x88 .\CortexM3\ARM_GCC_541\Debug\Project_Final.a(cyPm.o)
 .debug_ranges  0x00000510       0x28 .\CortexM3\ARM_GCC_541\Debug\Project_Final.a(SW1.o)
 .debug_ranges  0x00000538       0x78 .\CortexM3\ARM_GCC_541\Debug\Project_Final.a(Timer.o)
 .debug_ranges  0x000005b0       0x48 .\CortexM3\ARM_GCC_541\Debug\Project_Final.a(VDAC.o)
 .debug_ranges  0x000005f8       0x70 .\CortexM3\ARM_GCC_541\Debug\Project_Final.a(isr.o)
 .debug_ranges  0x00000668       0x28 .\CortexM3\ARM_GCC_541\Debug\Project_Final.a(SW2.o)
 .debug_ranges  0x00000690       0x28 .\CortexM3\ARM_GCC_541\Debug\Project_Final.a(SW3.o)
 .debug_ranges  0x000006b8       0x38 .\CortexM3\ARM_GCC_541\Debug\Project_Final.a(SW4.o)
 .debug_ranges  0x000006f0       0x78 .\CortexM3\ARM_GCC_541\Debug\Project_Final.a(Timer_1.o)
 .debug_ranges  0x00000768       0x28 .\CortexM3\ARM_GCC_541\Debug\Project_Final.a(COL1.o)
 .debug_ranges  0x00000790       0x28 .\CortexM3\ARM_GCC_541\Debug\Project_Final.a(COL2.o)
 .debug_ranges  0x000007b8       0x28 .\CortexM3\ARM_GCC_541\Debug\Project_Final.a(ROW1.o)
 .debug_ranges  0x000007e0       0x28 .\CortexM3\ARM_GCC_541\Debug\Project_Final.a(ROW0.o)
 .debug_ranges  0x00000808       0x28 .\CortexM3\ARM_GCC_541\Debug\Project_Final.a(ROW2.o)
 .debug_ranges  0x00000830       0x28 .\CortexM3\ARM_GCC_541\Debug\Project_Final.a(ROW3.o)
 .debug_ranges  0x00000858       0x28 .\CortexM3\ARM_GCC_541\Debug\Project_Final.a(COL3.o)
 .debug_ranges  0x00000880       0x88 .\CortexM3\ARM_GCC_541\Debug\Project_Final.a(LCD.o)
 .debug_ranges  0x00000908       0x98 .\CortexM3\ARM_GCC_541\Debug\Project_Final.a(PWM.o)
 .debug_ranges  0x000009a0       0xd8 .\CortexM3\ARM_GCC_541\Debug\Project_Final.a(ADC.o)
 .debug_ranges  0x00000a78       0x28 .\CortexM3\ARM_GCC_541\Debug\Project_Final.a(ADC_INT.o)
 .debug_ranges  0x00000aa0       0x20 .\CortexM3\ARM_GCC_541\Debug\Project_Final.a(ADC_AMux.o)
 .debug_ranges  0x00000ac0       0x60 .\CortexM3\ARM_GCC_541\Debug\Project_Final.a(ADC_Ext_CP_Clk.o)
 .debug_ranges  0x00000b20       0x70 .\CortexM3\ARM_GCC_541\Debug\Project_Final.a(ADC_theACLK.o)
 .debug_ranges  0x00000b90       0x70 .\CortexM3\ARM_GCC_541\Debug\Project_Final.a(pin_SW4_int.o)
 .debug_ranges  0x00000c00       0x20 .\CortexM3\ARM_GCC_541\Debug\Project_Final.a(AMux.o)
 .debug_ranges  0x00000c20       0x78 .\CortexM3\ARM_GCC_541\Debug\Project_Final.a(CyFlash.o)
 .debug_ranges  0x00000c98       0x70 .\CortexM3\ARM_GCC_541\Debug\Project_Final.a(CySpc.o)

.comment        0x00000000       0x6e
 .comment       0x00000000       0x6e .\CortexM3\ARM_GCC_541\Debug\main.o
                                 0x6f (size before relaxing)
 .comment       0x0000006e       0x6f .\CortexM3\ARM_GCC_541\Debug\keypad.o
 .comment       0x0000006e       0x6f .\CortexM3\ARM_GCC_541\Debug\cyfitter_cfg.o
 .comment       0x0000006e       0x6f .\CortexM3\ARM_GCC_541\Debug\cymetadata.o
 .comment       0x0000006e       0x6f .\CortexM3\ARM_GCC_541\Debug\Cm3Start.o
 .comment       0x0000006e       0x6f .\CortexM3\ARM_GCC_541\Debug\Project_Final.a(Led_1.o)
 .comment       0x0000006e       0x6f .\CortexM3\ARM_GCC_541\Debug\Project_Final.a(Led_2.o)
 .comment       0x0000006e       0x6f .\CortexM3\ARM_GCC_541\Debug\Project_Final.a(Led_3.o)
 .comment       0x0000006e       0x6f .\CortexM3\ARM_GCC_541\Debug\Project_Final.a(Led_4.o)
 .comment       0x0000006e       0x6f .\CortexM3\ARM_GCC_541\Debug\Project_Final.a(CyLib.o)
 .comment       0x0000006e       0x6f .\CortexM3\ARM_GCC_541\Debug\Project_Final.a(cyPm.o)
 .comment       0x0000006e       0x6f .\CortexM3\ARM_GCC_541\Debug\Project_Final.a(SW1.o)
 .comment       0x0000006e       0x6f .\CortexM3\ARM_GCC_541\Debug\Project_Final.a(Timer.o)
 .comment       0x0000006e       0x6f .\CortexM3\ARM_GCC_541\Debug\Project_Final.a(VDAC.o)
 .comment       0x0000006e       0x6f .\CortexM3\ARM_GCC_541\Debug\Project_Final.a(isr.o)
 .comment       0x0000006e       0x6f .\CortexM3\ARM_GCC_541\Debug\Project_Final.a(SW2.o)
 .comment       0x0000006e       0x6f .\CortexM3\ARM_GCC_541\Debug\Project_Final.a(SW3.o)
 .comment       0x0000006e       0x6f .\CortexM3\ARM_GCC_541\Debug\Project_Final.a(SW4.o)
 .comment       0x0000006e       0x6f .\CortexM3\ARM_GCC_541\Debug\Project_Final.a(Timer_1.o)
 .comment       0x0000006e       0x6f .\CortexM3\ARM_GCC_541\Debug\Project_Final.a(COL1.o)
 .comment       0x0000006e       0x6f .\CortexM3\ARM_GCC_541\Debug\Project_Final.a(COL2.o)
 .comment       0x0000006e       0x6f .\CortexM3\ARM_GCC_541\Debug\Project_Final.a(ROW1.o)
 .comment       0x0000006e       0x6f .\CortexM3\ARM_GCC_541\Debug\Project_Final.a(ROW0.o)
 .comment       0x0000006e       0x6f .\CortexM3\ARM_GCC_541\Debug\Project_Final.a(ROW2.o)
 .comment       0x0000006e       0x6f .\CortexM3\ARM_GCC_541\Debug\Project_Final.a(ROW3.o)
 .comment       0x0000006e       0x6f .\CortexM3\ARM_GCC_541\Debug\Project_Final.a(COL3.o)
 .comment       0x0000006e       0x6f .\CortexM3\ARM_GCC_541\Debug\Project_Final.a(LCD.o)
 .comment       0x0000006e       0x6f .\CortexM3\ARM_GCC_541\Debug\Project_Final.a(PWM.o)
 .comment       0x0000006e       0x6f .\CortexM3\ARM_GCC_541\Debug\Project_Final.a(ADC.o)
 .comment       0x0000006e       0x6f .\CortexM3\ARM_GCC_541\Debug\Project_Final.a(ADC_INT.o)
 .comment       0x0000006e       0x6f .\CortexM3\ARM_GCC_541\Debug\Project_Final.a(ADC_AMux.o)
 .comment       0x0000006e       0x6f .\CortexM3\ARM_GCC_541\Debug\Project_Final.a(ADC_Ext_CP_Clk.o)
 .comment       0x0000006e       0x6f .\CortexM3\ARM_GCC_541\Debug\Project_Final.a(ADC_theACLK.o)
 .comment       0x0000006e       0x6f .\CortexM3\ARM_GCC_541\Debug\Project_Final.a(pin_SW4_int.o)
 .comment       0x0000006e       0x6f .\CortexM3\ARM_GCC_541\Debug\Project_Final.a(AMux.o)
 .comment       0x0000006e       0x6f .\CortexM3\ARM_GCC_541\Debug\Project_Final.a(CyFlash.o)
 .comment       0x0000006e       0x6f .\CortexM3\ARM_GCC_541\Debug\Project_Final.a(CySpc.o)

.debug_weaknames
 *(.debug_weaknames)

.debug_funcnames
 *(.debug_funcnames)

.debug_typenames
 *(.debug_typenames)

.debug_varnames
 *(.debug_varnames)

.note.gnu.arm.ident
 *(.note.gnu.arm.ident)

.ARM.attributes
                0x00000000       0x29
 *(.ARM.attributes)
 .ARM.attributes
                0x00000000       0x1d c:/program files (x86)/cypress/psoc creator/4.3/psoc creator/import/gnu/arm/5.4.1/bin/../lib/gcc/arm-none-eabi/5.4.1/armv7-m/crti.o
 .ARM.attributes
                0x0000001d       0x2d c:/program files (x86)/cypress/psoc creator/4.3/psoc creator/import/gnu/arm/5.4.1/bin/../lib/gcc/arm-none-eabi/5.4.1/armv7-m/crtbegin.o
 .ARM.attributes
                0x0000004a       0x1b c:/program files (x86)/cypress/psoc creator/4.3/psoc creator/import/gnu/arm/5.4.1/bin/../lib/gcc/arm-none-eabi/5.4.1/../../../../arm-none-eabi/lib/armv7-m/crt0.o
 .ARM.attributes
                0x00000065       0x33 .\CortexM3\ARM_GCC_541\Debug\main.o
 .ARM.attributes
                0x00000098       0x33 .\CortexM3\ARM_GCC_541\Debug\keypad.o
 .ARM.attributes
                0x000000cb       0x33 .\CortexM3\ARM_GCC_541\Debug\cyfitter_cfg.o
 .ARM.attributes
                0x000000fe       0x33 .\CortexM3\ARM_GCC_541\Debug\cymetadata.o
 .ARM.attributes
                0x00000131       0x33 .\CortexM3\ARM_GCC_541\Debug\Cm3Start.o
 .ARM.attributes
                0x00000164       0x33 .\CortexM3\ARM_GCC_541\Debug\Project_Final.a(Led_1.o)
 .ARM.attributes
                0x00000197       0x33 .\CortexM3\ARM_GCC_541\Debug\Project_Final.a(Led_2.o)
 .ARM.attributes
                0x000001ca       0x33 .\CortexM3\ARM_GCC_541\Debug\Project_Final.a(Led_3.o)
 .ARM.attributes
                0x000001fd       0x33 .\CortexM3\ARM_GCC_541\Debug\Project_Final.a(Led_4.o)
 .ARM.attributes
                0x00000230       0x33 .\CortexM3\ARM_GCC_541\Debug\Project_Final.a(CyLib.o)
 .ARM.attributes
                0x00000263       0x33 .\CortexM3\ARM_GCC_541\Debug\Project_Final.a(cyPm.o)
 .ARM.attributes
                0x00000296       0x33 .\CortexM3\ARM_GCC_541\Debug\Project_Final.a(SW1.o)
 .ARM.attributes
                0x000002c9       0x33 .\CortexM3\ARM_GCC_541\Debug\Project_Final.a(Timer.o)
 .ARM.attributes
                0x000002fc       0x33 .\CortexM3\ARM_GCC_541\Debug\Project_Final.a(VDAC.o)
 .ARM.attributes
                0x0000032f       0x33 .\CortexM3\ARM_GCC_541\Debug\Project_Final.a(isr.o)
 .ARM.attributes
                0x00000362       0x33 .\CortexM3\ARM_GCC_541\Debug\Project_Final.a(SW2.o)
 .ARM.attributes
                0x00000395       0x33 .\CortexM3\ARM_GCC_541\Debug\Project_Final.a(SW3.o)
 .ARM.attributes
                0x000003c8       0x33 .\CortexM3\ARM_GCC_541\Debug\Project_Final.a(SW4.o)
 .ARM.attributes
                0x000003fb       0x33 .\CortexM3\ARM_GCC_541\Debug\Project_Final.a(Timer_1.o)
 .ARM.attributes
                0x0000042e       0x33 .\CortexM3\ARM_GCC_541\Debug\Project_Final.a(COL1.o)
 .ARM.attributes
                0x00000461       0x33 .\CortexM3\ARM_GCC_541\Debug\Project_Final.a(COL2.o)
 .ARM.attributes
                0x00000494       0x33 .\CortexM3\ARM_GCC_541\Debug\Project_Final.a(ROW1.o)
 .ARM.attributes
                0x000004c7       0x33 .\CortexM3\ARM_GCC_541\Debug\Project_Final.a(ROW0.o)
 .ARM.attributes
                0x000004fa       0x33 .\CortexM3\ARM_GCC_541\Debug\Project_Final.a(ROW2.o)
 .ARM.attributes
                0x0000052d       0x33 .\CortexM3\ARM_GCC_541\Debug\Project_Final.a(ROW3.o)
 .ARM.attributes
                0x00000560       0x33 .\CortexM3\ARM_GCC_541\Debug\Project_Final.a(COL3.o)
 .ARM.attributes
                0x00000593       0x33 .\CortexM3\ARM_GCC_541\Debug\Project_Final.a(LCD.o)
 .ARM.attributes
                0x000005c6       0x33 .\CortexM3\ARM_GCC_541\Debug\Project_Final.a(PWM.o)
 .ARM.attributes
                0x000005f9       0x33 .\CortexM3\ARM_GCC_541\Debug\Project_Final.a(ADC.o)
 .ARM.attributes
                0x0000062c       0x33 .\CortexM3\ARM_GCC_541\Debug\Project_Final.a(ADC_INT.o)
 .ARM.attributes
                0x0000065f       0x33 .\CortexM3\ARM_GCC_541\Debug\Project_Final.a(ADC_AMux.o)
 .ARM.attributes
                0x00000692       0x33 .\CortexM3\ARM_GCC_541\Debug\Project_Final.a(ADC_Ext_CP_Clk.o)
 .ARM.attributes
                0x000006c5       0x33 .\CortexM3\ARM_GCC_541\Debug\Project_Final.a(ADC_theACLK.o)
 .ARM.attributes