Archive member included to satisfy reference by file (symbol)

.\CortexM3\ARM_GCC_541\Debug\Project_Final.a(Led_1.o)
                              .\CortexM3\ARM_GCC_541\Debug\main.o (Led_1_Write)
.\CortexM3\ARM_GCC_541\Debug\Project_Final.a(Led_2.o)
                              .\CortexM3\ARM_GCC_541\Debug\main.o (Led_2_Write)
.\CortexM3\ARM_GCC_541\Debug\Project_Final.a(Led_3.o)
                              .\CortexM3\ARM_GCC_541\Debug\main.o (Led_3_Write)
.\CortexM3\ARM_GCC_541\Debug\Project_Final.a(Led_4.o)
                              .\CortexM3\ARM_GCC_541\Debug\main.o (Led_4_Write)
.\CortexM3\ARM_GCC_541\Debug\Project_Final.a(CyLib.o)
                              .\CortexM3\ARM_GCC_541\Debug\Cm3Start.o (CyHalt)
.\CortexM3\ARM_GCC_541\Debug\Project_Final.a(cyPm.o)
                              .\CortexM3\ARM_GCC_541\Debug\Project_Final.a(CyLib.o) (CyPmReadStatus)
.\CortexM3\ARM_GCC_541\Debug\Project_Final.a(SW1.o)
                              .\CortexM3\ARM_GCC_541\Debug\main.o (SW1_Read)
.\CortexM3\ARM_GCC_541\Debug\Project_Final.a(Timer.o)
                              .\CortexM3\ARM_GCC_541\Debug\main.o (Timer_Stop)
.\CortexM3\ARM_GCC_541\Debug\Project_Final.a(VDAC.o)
                              .\CortexM3\ARM_GCC_541\Debug\main.o (VDAC_SetValue)
.\CortexM3\ARM_GCC_541\Debug\Project_Final.a(isr.o)
                              .\CortexM3\ARM_GCC_541\Debug\main.o (isr_StartEx)
.\CortexM3\ARM_GCC_541\Debug\Project_Final.a(SW2.o)
                              .\CortexM3\ARM_GCC_541\Debug\main.o (SW2_Read)
.\CortexM3\ARM_GCC_541\Debug\Project_Final.a(SW3.o)
                              .\CortexM3\ARM_GCC_541\Debug\main.o (SW3_Read)
.\CortexM3\ARM_GCC_541\Debug\Project_Final.a(SW4.o)
                              .\CortexM3\ARM_GCC_541\Debug\main.o (SW4_ClearInterrupt)
.\CortexM3\ARM_GCC_541\Debug\Project_Final.a(Timer_1.o)
                              .\CortexM3\ARM_GCC_541\Debug\main.o (Timer_1_ReadStatusRegister)
.\CortexM3\ARM_GCC_541\Debug\Project_Final.a(COL1.o)
                              .\CortexM3\ARM_GCC_541\Debug\keypad.o (COL1_Write)
.\CortexM3\ARM_GCC_541\Debug\Project_Final.a(COL2.o)
                              .\CortexM3\ARM_GCC_541\Debug\keypad.o (COL2_Write)
.\CortexM3\ARM_GCC_541\Debug\Project_Final.a(ROW1.o)
                              .\CortexM3\ARM_GCC_541\Debug\keypad.o (ROW1_Read)
.\CortexM3\ARM_GCC_541\Debug\Project_Final.a(ROW0.o)
                              .\CortexM3\ARM_GCC_541\Debug\keypad.o (ROW0_Read)
.\CortexM3\ARM_GCC_541\Debug\Project_Final.a(ROW2.o)
                              .\CortexM3\ARM_GCC_541\Debug\keypad.o (ROW2_Read)
.\CortexM3\ARM_GCC_541\Debug\Project_Final.a(ROW3.o)
                              .\CortexM3\ARM_GCC_541\Debug\keypad.o (ROW3_Read)
.\CortexM3\ARM_GCC_541\Debug\Project_Final.a(COL3.o)
                              .\CortexM3\ARM_GCC_541\Debug\keypad.o (COL3_Write)
.\CortexM3\ARM_GCC_541\Debug\Project_Final.a(LCD.o)
                              .\CortexM3\ARM_GCC_541\Debug\main.o (LCD_PrintString)
.\CortexM3\ARM_GCC_541\Debug\Project_Final.a(UART.o)
                              .\CortexM3\ARM_GCC_541\Debug\main.o (UART_Start)
.\CortexM3\ARM_GCC_541\Debug\Project_Final.a(PWM.o)
                              .\CortexM3\ARM_GCC_541\Debug\main.o (PWM_WriteCompare1)
.\CortexM3\ARM_GCC_541\Debug\Project_Final.a(UART_IntClock.o)
                              .\CortexM3\ARM_GCC_541\Debug\Project_Final.a(UART.o) (UART_IntClock_Start)
.\CortexM3\ARM_GCC_541\Debug\Project_Final.a(ADC.o)
                              .\CortexM3\ARM_GCC_541\Debug\main.o (ADC_Start)
.\CortexM3\ARM_GCC_541\Debug\Project_Final.a(ADC_INT.o)
                              .\CortexM3\ARM_GCC_541\Debug\Project_Final.a(ADC.o) (ADC_ISR1)
.\CortexM3\ARM_GCC_541\Debug\Project_Final.a(ADC_AMux.o)
                              .\CortexM3\ARM_GCC_541\Debug\Project_Final.a(ADC.o) (ADC_AMux_Select)
.\CortexM3\ARM_GCC_541\Debug\Project_Final.a(ADC_Ext_CP_Clk.o)
                              .\CortexM3\ARM_GCC_541\Debug\Project_Final.a(ADC.o) (ADC_Ext_CP_Clk_SetModeRegister)
.\CortexM3\ARM_GCC_541\Debug\Project_Final.a(ADC_theACLK.o)
                              .\CortexM3\ARM_GCC_541\Debug\Project_Final.a(ADC.o) (ADC_theACLK_SetModeRegister)
.\CortexM3\ARM_GCC_541\Debug\Project_Final.a(pin_SW4_int.o)
                              .\CortexM3\ARM_GCC_541\Debug\main.o (pin_SW4_int_StartEx)
.\CortexM3\ARM_GCC_541\Debug\Project_Final.a(AMux.o)
                              .\CortexM3\ARM_GCC_541\Debug\main.o (AMux_FastSelect)
.\CortexM3\ARM_GCC_541\Debug\Project_Final.a(isr1.o)
                              .\CortexM3\ARM_GCC_541\Debug\main.o (isr1_StartEx)
.\CortexM3\ARM_GCC_541\Debug\Project_Final.a(CyBootAsmGnu.o)
                              .\CortexM3\ARM_GCC_541\Debug\cyfitter_cfg.o (CyDelayCycles)
.\CortexM3\ARM_GCC_541\Debug\Project_Final.a(CyFlash.o)
                              .\CortexM3\ARM_GCC_541\Debug\Project_Final.a(cyPm.o) (CyFlash_SetWaitCycles)
[...]
Memory Configuration

Name             Origin             Length             Attributes
rom              0x00000000         0x00040000         xr
ram              0x1fff8000         0x00010000         xrw
*default*        0x00000000         0xffffffff

Linker script and memory map

LOAD c:/program files (x86)/cypress/psoc creator/4.3/psoc creator/import/gnu/arm/5.4.1/bin/../lib/gcc/arm-none-eabi/5.4.1/armv7-m/crti.o
LOAD c:/program files (x86)/cypress/psoc creator/4.3/psoc creator/import/gnu/arm/5.4.1/bin/../lib/gcc/arm-none-eabi/5.4.1/armv7-m/crtbegin.o
LOAD c:/program files (x86)/cypress/psoc creator/4.3/psoc creator/import/gnu/arm/5.4.1/bin/../lib/gcc/arm-none-eabi/5.4.1/../../../../arm-none-eabi/lib/armv7-m/crt0.o
START GROUP
LOAD .\CortexM3\ARM_GCC_541\Debug\main.o
LOAD .\CortexM3\ARM_GCC_541\Debug\keypad.o
LOAD .\CortexM3\ARM_GCC_541\Debug\morse.o
LOAD .\CortexM3\ARM_GCC_541\Debug\semaphore.o
LOAD .\CortexM3\ARM_GCC_541\Debug\cyfitter_cfg.o
LOAD .\CortexM3\ARM_GCC_541\Debug\cymetadata.o
LOAD .\CortexM3\ARM_GCC_541\Debug\Cm3Start.o
LOAD .\CortexM3\ARM_GCC_541\Debug\Project_Final.a
LOAD C:\Program Files (x86)\Cypress\PSoC Creator\4.3\PSoC Creator\psoc\content\cycomponentlibrary\CyComponentLibrary.cylib\CortexM3\ARM_GCC_541\Debug\CyComponentLibrary.a
LOAD c:/program files (x86)/cypress/psoc creator/4.3/psoc creator/import/gnu/arm/5.4.1/bin/../lib/gcc/arm-none-eabi/5.4.1/../../../../arm-none-eabi/lib/armv7-m\libm.a
END GROUP
START GROUP
LOAD c:/program files (x86)/cypress/psoc creator/4.3/psoc creator/import/gnu/arm/5.4.1/bin/../lib/gcc/arm-none-eabi/5.4.1/armv7-m\libgcc.a
LOAD c:/program files (x86)/cypress/psoc creator/4.3/psoc creator/import/gnu/arm/5.4.1/bin/../lib/gcc/arm-none-eabi/5.4.1/../../../../arm-none-eabi/lib/armv7-m\libg_nano.a
LOAD c:/program files (x86)/cypress/psoc creator/4.3/psoc creator/import/gnu/arm/5.4.1/bin/../lib/gcc/arm-none-eabi/5.4.1/../../../../arm-none-eabi/lib/armv7-m\libc_nano.a
END GROUP
START GROUP
LOAD c:/program files (x86)/cypress/psoc creator/4.3/psoc creator/import/gnu/arm/5.4.1/bin/../lib/gcc/arm-none-eabi/5.4.1/armv7-m\libgcc.a
LOAD c:/program files (x86)/cypress/psoc creator/4.3/psoc creator/import/gnu/arm/5.4.1/bin/../lib/gcc/arm-none-eabi/5.4.1/../../../../arm-none-eabi/lib/armv7-m\libc_nano.a
END GROUP
LOAD c:/program files (x86)/cypress/psoc creator/4.3/psoc creator/import/gnu/arm/5.4.1/bin/../lib/gcc/arm-none-eabi/5.4.1/armv7-m/crtend.o
LOAD c:/program files (x86)/cypress/psoc creator/4.3/psoc creator/import/gnu/arm/5.4.1/bin/../lib/gcc/arm-none-eabi/5.4.1/armv7-m/crtn.o
START GROUP
LOAD c:/program files (x86)/cypress/psoc creator/4.3/psoc creator/import/gnu/arm/5.4.1/bin/../lib/gcc/arm-none-eabi/5.4.1/armv7-m\libgcc.a
LOAD c:/program files (x86)/cypress/psoc creator/4.3/psoc creator/import/gnu/arm/5.4.1/bin/../lib/gcc/arm-none-eabi/5.4.1/../../../../arm-none-eabi/lib/armv7-m\libc.a
LOAD c:/program files (x86)/cypress/psoc creator/4.3/psoc creator/import/gnu/arm/5.4.1/bin/../lib/gcc/arm-none-eabi/5.4.1/../../../../arm-none-eabi/lib/armv7-m\libnosys.a
END GROUP
                0x00000000                CY_APPL_ORIGIN = 0x0
                0x00000100                CY_FLASH_ROW_SIZE = 0x100
                0x00000020                CY_ECC_ROW_SIZE = 0x20
                0x00000000                CY_EE_IN_BTLDR = 0x0
                0x00000000                CY_APPL_LOADABLE = 0x0
                0x00000800                CY_EE_SIZE = 0x800
                0x00000001                CY_APPL_NUM = 0x1
                0x00000001                CY_APPL_MAX = 0x1
                0x00000040                CY_METADATA_SIZE = 0x40
                0x00000000                CY_APPL_LOADABLE = 0x0
                0x00000000                CY_CHECKSUM_EXCLUDE_SIZE = ALIGN (0x0, CY_FLASH_ROW_SIZE)
                [!provide]                PROVIDE (__cy_heap_start, _end)
                0x00000001                PROVIDE (__cy_region_num, ((__cy_regions_end - __cy_regions) / 0x10))
                0x20008000                PROVIDE (__cy_stack, (ORIGIN (ram) + LENGTH (ram)))
                [!provide]                PROVIDE (__cy_heap_end, (__cy_stack - 0x800))

.cybootloader   0x00000000        0x0
 *(.cybootloader)
                0x00000000                appl1_start = CY_APPL_ORIGIN?CY_APPL_ORIGIN:ALIGN (CY_FLASH_ROW_SIZE)
                0x0001ff00                appl2_start = (appl1_start + ALIGN ((((LENGTH (rom) - appl1_start) - (0x2 * CY_FLASH_ROW_SIZE)) / 0x2), CY_FLASH_ROW_SIZE))
                0x00000000                appl_start = (CY_APPL_NUM == 0x1)?appl1_start:appl2_start
                0x00000000                ecc_offset = ((appl_start / CY_FLASH_ROW_SIZE) * CY_ECC_ROW_SIZE)
                0x00000000                ee_offset = (CY_APPL_LOADABLE && ! (CY_EE_IN_BTLDR))?((CY_EE_SIZE / CY_APPL_MAX) * (CY_APPL_NUM - 0x1)):0x0
                0x00000800                ee_size = (CY_APPL_LOADABLE && ! (CY_EE_IN_BTLDR))?(CY_EE_SIZE / CY_APPL_MAX):CY_EE_SIZE
                [!provide]                PROVIDE (CY_ECC_OFFSET, ecc_offset)

.text           0x00000000     0x3de8
 CREATE_OBJECT_SYMBOLS
                0x00000000                PROVIDE (__cy_interrupt_vector, RomVectors)
 *(.romvectors)
 .romvectors    0x00000000       0x10 .\CortexM3\ARM_GCC_541\Debug\Cm3Start.o
                0x00000000                RomVectors
                0x00000001                ASSERT ((. != __cy_interrupt_vector), No interrupt vector)
                0x00000001                ASSERT (CY_APPL_ORIGIN?(SIZEOF (.cybootloader) <= CY_APPL_ORIGIN):0x1, Wrong image location)
                0x00000010                PROVIDE (__cy_reset, Reset)
 *(.text.Reset)
 .text.Reset    0x00000010       0x18 .\CortexM3\ARM_GCC_541\Debug\Cm3Start.o
                0x00000010                Reset
                0x00000001                ASSERT ((. != __cy_reset), No reset code)
 *(.dma_init)
                0x00000001                ASSERT ((((appl_start + .) <= 0x10000) || 0x1), DMA Init must be within the first 64k of flash)
 *(.text .text.* .gnu.linkonce.t.*)
 .text          0x00000028       0x5c c:/program files (x86)/cypress/psoc creator/4.3/psoc creator/import/gnu/arm/5.4.1/bin/../lib/gcc/arm-none-eabi/5.4.1/armv7-m/crtbegin.o
 .text.Timer_Handler
                0x00000084       0x34 .\CortexM3\ARM_GCC_541\Debug\main.o
                0x00000084                Timer_Handler
 .text.SW4_Handler
                0x000000b8       0x18 .\CortexM3\ARM_GCC_541\Debug\main.o
                0x000000b8                SW4_Handler
 .text.UART_Handler
                0x000000d0       0x4c .\CortexM3\ARM_GCC_541\Debug\main.o
                0x000000d0                UART_Handler
 .text.displayMessage
                0x0000011c       0x14 .\CortexM3\ARM_GCC_541\Debug\main.o
                0x0000011c                displayMessage
 .text.checkTimerStatus
                0x00000130       0x1c .\CortexM3\ARM_GCC_541\Debug\main.o
                0x00000130                checkTimerStatus
 .text.ledsState
                0x0000014c       0x20 .\CortexM3\ARM_GCC_541\Debug\main.o
                0x0000014c                ledsState
 .text.activateSoundAndLEDS
                0x0000016c       0x44 .\CortexM3\ARM_GCC_541\Debug\main.o
                0x0000016c                activateSoundAndLEDS
 .text.UART_WriteChar
                0x000001b0       0x64 .\CortexM3\ARM_GCC_541\Debug\main.o
                0x000001b0                UART_WriteChar
 .text.switchMorseCode
                0x00000214       0x60 .\CortexM3\ARM_GCC_541\Debug\main.o
                0x00000214                switchMorseCode
 .text.sendMorseToComputer
                0x00000274       0x48 .\CortexM3\ARM_GCC_541\Debug\main.o
                0x00000274                sendMorseToComputer
 .text.sendSignal
                0x000002bc       0xc8 .\CortexM3\ARM_GCC_541\Debug\main.o
                0x000002bc                sendSignal
 .text.pushSW1  0x00000384       0x20 .\CortexM3\ARM_GCC_541\Debug\main.o
                0x00000384                pushSW1
 .text.pushSW2  0x000003a4       0x2c .\CortexM3\ARM_GCC_541\Debug\main.o
                0x000003a4                pushSW2
 .text.pushSW3  0x000003d0       0x2c .\CortexM3\ARM_GCC_541\Debug\main.o
                0x000003d0                pushSW3
 .text.photoResistor
                0x000003fc       0x34 .\CortexM3\ARM_GCC_541\Debug\main.o
                0x000003fc                photoResistor
 .text.keyboard
                0x00000430       0xb8 .\CortexM3\ARM_GCC_541\Debug\main.o
                0x00000430                keyboard
 .text.potentiometer
                0x000004e8       0x4c .\CortexM3\ARM_GCC_541\Debug\main.o
                0x000004e8                potentiometer
 *fill*         0x00000534        0x4 
 .text.main     0x00000538      0x110 .\CortexM3\ARM_GCC_541\Debug\main.o
                0x00000538                main
 .text.keypadScan
                0x00000648       0xfc .\CortexM3\ARM_GCC_541\Debug\keypad.o
                0x00000648                keypadScan
 .text.getMorse
                0x00000744       0x3c .\CortexM3\ARM_GCC_541\Debug\morse.o
                0x00000744                getMorse
 .text.createArray
                0x00000780       0x84 .\CortexM3\ARM_GCC_541\Debug\semaphore.o
                0x00000780                createArray
 .text.getSemaphore
                0x00000804       0x3c .\CortexM3\ARM_GCC_541\Debug\semaphore.o
                0x00000804                getSemaphore
 .text.CyClockStartupError
                0x00000840        0x4 .\CortexM3\ARM_GCC_541\Debug\cyfitter_cfg.o
 .text.cfg_write_bytes32
                0x00000844       0x34 .\CortexM3\ARM_GCC_541\Debug\cyfitter_cfg.o
 .text.AnalogSetDefault
                0x00000878       0x40 .\CortexM3\ARM_GCC_541\Debug\cyfitter_cfg.o
 .text.CYMEMZERO
                0x000008b8        0xc .\CortexM3\ARM_GCC_541\Debug\cyfitter_cfg.o
 .text.CYCONFIGCPY
                0x000008c4        0x8 .\CortexM3\ARM_GCC_541\Debug\cyfitter_cfg.o
 .text.ClockSetup
                0x000008cc      0x100 .\CortexM3\ARM_GCC_541\Debug\cyfitter_cfg.o
 .text.AMux_Set
                0x000009cc       0x34 .\CortexM3\ARM_GCC_541\Debug\cyfitter_cfg.o
                0x000009cc                AMux_Set
 .text.AMux_Unset
                0x00000a00       0x38 .\CortexM3\ARM_GCC_541\Debug\cyfitter_cfg.o
                0x00000a00                AMux_Unset
 .text.ADC_AMux_Set
                0x00000a38       0x1c .\CortexM3\ARM_GCC_541\Debug\cyfitter_cfg.o
                0x00000a38                ADC_AMux_Set
 .text.ADC_AMux_Unset
                0x00000a54       0x20 .\CortexM3\ARM_GCC_541\Debug\cyfitter_cfg.o
                0x00000a54                ADC_AMux_Unset
 .text.cyfitter_cfg
                0x00000a74      0x12c .\CortexM3\ARM_GCC_541\Debug\cyfitter_cfg.o
                0x00000a74                cyfitter_cfg
 .text.IntDefaultHandler
                0x00000ba0       0x10 .\CortexM3\ARM_GCC_541\Debug\Cm3Start.o
                0x00000ba0                IntDefaultHandler
 .text._sbrk    0x00000bb0       0x30 .\CortexM3\ARM_GCC_541\Debug\Cm3Start.o
                0x00000bb0                _sbrk
 .text.Start_c  0x00000be0       0x4c .\CortexM3\ARM_GCC_541\Debug\Cm3Start.o
                0x00000be0                Start_c
 .text.initialize_psoc
                0x00000c2c       0x68 .\CortexM3\ARM_GCC_541\Debug\Cm3Start.o
                0x00000c2c                initialize_psoc
 .text.Led_1_Write
                0x00000c94       0x18 .\CortexM3\ARM_GCC_541\Debug\Project_Final.a(Led_1.o)
                0x00000c94                Led_1_Write
 .text.Led_2_Write
                0x00000cac       0x18 .\CortexM3\ARM_GCC_541\Debug\Project_Final.a(Led_2.o)
                0x00000cac                Led_2_Write
 .text.Led_3_Write
                0x00000cc4       0x18 .\CortexM3\ARM_GCC_541\Debug\Project_Final.a(Led_3.o)
                0x00000cc4                Led_3_Write
 .text.Led_4_Write
                0x00000cdc       0x18 .\CortexM3\ARM_GCC_541\Debug\Project_Final.a(Led_4.o)
                0x00000cdc                Led_4_Write
 .text.CyHalt   0x00000cf4        0x4 .\CortexM3\ARM_GCC_541\Debug\Project_Final.a(CyLib.o)
                0x00000cf4                CyHalt
 .text.CyDelay  0x00000cf8       0x2c .\CortexM3\ARM_GCC_541\Debug\Project_Final.a(CyLib.o)
                0x00000cf8                CyDelay
 .text.CyDelayUs
                0x00000d24       0x14 .\CortexM3\ARM_GCC_541\Debug\Project_Final.a(CyLib.o)
                0x00000d24                CyDelayUs
 .text.CyIntSetVector
                0x00000d38       0x28 .\CortexM3\ARM_GCC_541\Debug\Project_Final.a(CyLib.o)
                0x00000d38                CyIntSetVector
 .text.CyIntSetPriority
                0x00000d60       0x30 .\CortexM3\ARM_GCC_541\Debug\Project_Final.a(CyLib.o)
                0x00000d60                CyIntSetPriority
 .text.SW1_Read
                0x00000d90       0x10 .\CortexM3\ARM_GCC_541\Debug\Project_Final.a(SW1.o)
                0x00000d90                SW1_Read
 .text.Timer_Enable
                0x00000da0       0x28 .\CortexM3\ARM_GCC_541\Debug\Project_Final.a(Timer.o)
                0x00000da0                Timer_Enable
 .text.Timer_Stop
                0x00000dc8       0x28 .\CortexM3\ARM_GCC_541\Debug\Project_Final.a(Timer.o)
                0x00000dc8                Timer_Stop
 .text.Timer_SetInterruptMode
                0x00000df0        0xc .\CortexM3\ARM_GCC_541\Debug\Project_Final.a(Timer.o)
                0x00000df0                Timer_SetInterruptMode
 .text.Timer_ReadStatusRegister
                0x00000dfc        0xc .\CortexM3\ARM_GCC_541\Debug\Project_Final.a(Timer.o)
                0x00000dfc                Timer_ReadStatusRegister
 .text.Timer_WritePeriod
                0x00000e08        0xc .\CortexM3\ARM_GCC_541\Debug\Project_Final.a(Timer.o)
                0x00000e08                Timer_WritePeriod
 .text.Timer_WriteCounter
                0x00000e14        0xc .\CortexM3\ARM_GCC_541\Debug\Project_Final.a(Timer.o)
                0x00000e14                Timer_WriteCounter
 .text.Timer_Init
                0x00000e20       0x68 .\CortexM3\ARM_GCC_541\Debug\Project_Final.a(Timer.o)
                0x00000e20                Timer_Init
 .text.Timer_Start
                0x00000e88       0x1c .\CortexM3\ARM_GCC_541\Debug\Project_Final.a(Timer.o)
                0x00000e88                Timer_Start
 .text.VDAC_Enable
                0x00000ea4       0x1c .\CortexM3\ARM_GCC_541\Debug\Project_Final.a(VDAC.o)
                0x00000ea4                VDAC_Enable
 .text.VDAC_SetSpeed
                0x00000ec0       0x1c .\CortexM3\ARM_GCC_541\Debug\Project_Final.a(VDAC.o)
                0x00000ec0                VDAC_SetSpeed
 .text.VDAC_SetValue
                0x00000edc        0xc .\CortexM3\ARM_GCC_541\Debug\Project_Final.a(VDAC.o)
                0x00000edc                VDAC_SetValue
 .text.VDAC_DacTrim
                0x00000ee8       0x24 .\CortexM3\ARM_GCC_541\Debug\Project_Final.a(VDAC.o)
                0x00000ee8                VDAC_DacTrim
 .text.VDAC_SetRange
                0x00000f0c       0x20 .\CortexM3\ARM_GCC_541\Debug\Project_Final.a(VDAC.o)
                0x00000f0c                VDAC_SetRange
 .text.VDAC_Init
                0x00000f2c       0x20 .\CortexM3\ARM_GCC_541\Debug\Project_Final.a(VDAC.o)
                0x00000f2c                VDAC_Init
 .text.VDAC_Start
                0x00000f4c       0x24 .\CortexM3\ARM_GCC_541\Debug\Project_Final.a(VDAC.o)
                0x00000f4c                VDAC_Start
 .text.isr_SetVector
                0x00000f70       0x10 .\CortexM3\ARM_GCC_541\Debug\Project_Final.a(isr.o)
                0x00000f70                isr_SetVector
 .text.isr_SetPriority
                0x00000f80       0x10 .\CortexM3\ARM_GCC_541\Debug\Project_Final.a(isr.o)
                0x00000f80                isr_SetPriority
 .text.isr_Enable
                0x00000f90       0x10 .\CortexM3\ARM_GCC_541\Debug\Project_Final.a(isr.o)
                0x00000f90                isr_Enable
 .text.isr_Disable
                0x00000fa0       0x10 .\CortexM3\ARM_GCC_541\Debug\Project_Final.a(isr.o)
                0x00000fa0                isr_Disable
 .text.isr_StartEx
                0x00000fb0       0x1c .\CortexM3\ARM_GCC_541\Debug\Project_Final.a(isr.o)
                0x00000fb0                isr_StartEx
 .text.SW2_Read
                0x00000fcc       0x10 .\CortexM3\ARM_GCC_541\Debug\Project_Final.a(SW2.o)
                0x00000fcc                SW2_Read
 .text.SW3_Read
                0x00000fdc       0x10 .\CortexM3\ARM_GCC_541\Debug\Project_Final.a(SW3.o)
                0x00000fdc                SW3_Read
 .text.SW4_ClearInterrupt
                0x00000fec       0x10 .\CortexM3\ARM_GCC_541\Debug\Project_Final.a(SW4.o)
                0x00000fec                SW4_ClearInterrupt
 .text.Timer_1_Enable
                0x00000ffc       0x28 .\CortexM3\ARM_GCC_541\Debug\Project_Final.a(Timer_1.o)
                0x00000ffc                Timer_1_Enable
 .text.Timer_1_SetInterruptMode
                0x00001024        0xc .\CortexM3\ARM_GCC_541\Debug\Project_Final.a(Timer_1.o)
                0x00001024                Timer_1_SetInterruptMode
 .text.Timer_1_ReadStatusRegister
                0x00001030        0xc .\CortexM3\ARM_GCC_541\Debug\Project_Final.a(Timer_1.o)
                0x00001030                Timer_1_ReadStatusRegister
 .text.Timer_1_WritePeriod
                0x0000103c        0xc .\CortexM3\ARM_GCC_541\Debug\Project_Final.a(Timer_1.o)
                0x0000103c                Timer_1_WritePeriod
 .text.Timer_1_WriteCounter
                0x00001048        0xc .\CortexM3\ARM_GCC_541\Debug\Project_Final.a(Timer_1.o)
                0x00001048                Timer_1_WriteCounter
 .text.Timer_1_Init
                0x00001054       0x68 .\CortexM3\ARM_GCC_541\Debug\Project_Final.a(Timer_1.o)
                0x00001054                Timer_1_Init
 .text.Timer_1_Start
                0x000010bc       0x1c .\CortexM3\ARM_GCC_541\Debug\Project_Final.a(Timer_1.o)
                0x000010bc                Timer_1_Start
 .text.COL1_Write
                0x000010d8       0x18 .\CortexM3\ARM_GCC_541\Debug\Project_Final.a(COL1.o)
                0x000010d8                COL1_Write
 .text.COL2_Write
                0x000010f0       0x18 .\CortexM3\ARM_GCC_541\Debug\Project_Final.a(COL2.o)
                0x000010f0                COL2_Write
 .text.ROW1_Read
                0x00001108       0x10 .\CortexM3\ARM_GCC_541\Debug\Project_Final.a(ROW1.o)
                0x00001108                ROW1_Read
 .text.ROW0_Read
                0x00001118       0x10 .\CortexM3\ARM_GCC_541\Debug\Project_Final.a(ROW0.o)
                0x00001118                ROW0_Read
 .text.ROW2_Read
                0x00001128        0xc .\CortexM3\ARM_GCC_541\Debug\Project_Final.a(ROW2.o)
                0x00001128                ROW2_Read
 .text.ROW3_Read
                0x00001134       0x10 .\CortexM3\ARM_GCC_541\Debug\Project_Final.a(ROW3.o)
                0x00001134                ROW3_Read
 .text.COL3_Write
                0x00001144       0x18 .\CortexM3\ARM_GCC_541\Debug\Project_Final.a(COL3.o)
                0x00001144                COL3_Write
 .text.LCD_WrCntrlNib
                0x0000115c       0x34 .\CortexM3\ARM_GCC_541\Debug\Project_Final.a(LCD.o)
 .text.LCD_WrDatNib
                0x00001190       0x44 .\CortexM3\ARM_GCC_541\Debug\Project_Final.a(LCD.o)
 .text.LCD_IsReady
                0x000011d4       0xe4 .\CortexM3\ARM_GCC_541\Debug\Project_Final.a(LCD.o)
                0x000011d4                LCD_IsReady
 .text.LCD_WriteData
                0x000012b8       0x18 .\CortexM3\ARM_GCC_541\Debug\Project_Final.a(LCD.o)
                0x000012b8                LCD_WriteData
 .text.LCD_PrintString
                0x000012d0       0x1c .\CortexM3\ARM_GCC_541\Debug\Project_Final.a(LCD.o)
                0x000012d0                LCD_PrintString
 .text.LCD_WriteControl
                0x000012ec       0x18 .\CortexM3\ARM_GCC_541\Debug\Project_Final.a(LCD.o)
                0x000012ec                LCD_WriteControl
 .text.LCD_Init
                0x00001304       0x6c .\CortexM3\ARM_GCC_541\Debug\Project_Final.a(LCD.o)
                0x00001304                LCD_Init
 .text.LCD_Enable
                0x00001370       0x14 .\CortexM3\ARM_GCC_541\Debug\Project_Final.a(LCD.o)
                0x00001370                LCD_Enable
 .text.LCD_Start
                0x00001384       0x1c .\CortexM3\ARM_GCC_541\Debug\Project_Final.a(LCD.o)
                0x00001384                LCD_Start
 .text.LCD_Position
                0x000013a0       0x3c .\CortexM3\ARM_GCC_541\Debug\Project_Final.a(LCD.o)
                0x000013a0                LCD_Position
 .text.UART_Init
                0x000013dc       0x28 .\CortexM3\ARM_GCC_541\Debug\Project_Final.a(UART.o)
                0x000013dc                UART_Init
 .text.UART_Enable
                0x00001404       0x38 .\CortexM3\ARM_GCC_541\Debug\Project_Final.a(UART.o)
                0x00001404                UART_Enable
 .text.UART_Start
                0x0000143c       0x1c .\CortexM3\ARM_GCC_541\Debug\Project_Final.a(UART.o)
                0x0000143c                UART_Start
 .text.UART_ReadRxData
                0x00001458        0xc .\CortexM3\ARM_GCC_541\Debug\Project_Final.a(UART.o)
                0x00001458                UART_ReadRxData
 .text.UART_ReadRxStatus
                0x00001464       0x10 .\CortexM3\ARM_GCC_541\Debug\Project_Final.a(UART.o)
                0x00001464                UART_ReadRxStatus
 .text.UART_PutChar
                0x00001474       0x18 .\CortexM3\ARM_GCC_541\Debug\Project_Final.a(UART.o)
                0x00001474                UART_PutChar
 .text.UART_PutString
                0x0000148c       0x24 .\CortexM3\ARM_GCC_541\Debug\Project_Final.a(UART.o)
                0x0000148c                UART_PutString
 .text.PWM_Enable
                0x000014b0       0x10 .\CortexM3\ARM_GCC_541\Debug\Project_Final.a(PWM.o)
                0x000014b0                PWM_Enable
 .text.PWM_WriteCounter
                0x000014c0        0xc .\CortexM3\ARM_GCC_541\Debug\Project_Final.a(PWM.o)
                0x000014c0                PWM_WriteCounter
 .text.PWM_WritePeriod
                0x000014cc        0xc .\CortexM3\ARM_GCC_541\Debug\Project_Final.a(PWM.o)
                0x000014cc                PWM_WritePeriod
 .text.PWM_WriteCompare1
                0x000014d8        0xc .\CortexM3\ARM_GCC_541\Debug\Project_Final.a(PWM.o)
                0x000014d8                PWM_WriteCompare1
 .text.PWM_WriteCompare2
                0x000014e4        0xc .\CortexM3\ARM_GCC_541\Debug\Project_Final.a(PWM.o)
                0x000014e4                PWM_WriteCompare2
 .text.PWM_SetInterruptMode
                0x000014f0        0xc .\CortexM3\ARM_GCC_541\Debug\Project_Final.a(PWM.o)
                0x000014f0                PWM_SetInterruptMode
 .text.PWM_ReadStatusRegister
                0x000014fc        0xc .\CortexM3\ARM_GCC_541\Debug\Project_Final.a(PWM.o)
                0x000014fc                PWM_ReadStatusRegister
 .text.PWM_ReadCapture
                0x00001508        0xc .\CortexM3\ARM_GCC_541\Debug\Project_Final.a(PWM.o)
                0x00001508                PWM_ReadCapture
 .text.PWM_ClearFIFO
                0x00001514       0x14 .\CortexM3\ARM_GCC_541\Debug\Project_Final.a(PWM.o)
                0x00001514                PWM_ClearFIFO
 .text.PWM_Init
                0x00001528       0x68 .\CortexM3\ARM_GCC_541\Debug\Project_Final.a(PWM.o)
                0x00001528                PWM_Init
 .text.PWM_Start
                0x00001590       0x1c .\CortexM3\ARM_GCC_541\Debug\Project_Final.a(PWM.o)
                0x00001590                PWM_Start
 .text.UART_IntClock_Start
                0x000015ac       0x1c .\CortexM3\ARM_GCC_541\Debug\Project_Final.a(UART_IntClock.o)
                0x000015ac                UART_IntClock_Start
 .text.ADC_GainCompensation
                0x000015c8       0xe0 .\CortexM3\ARM_GCC_541\Debug\Project_Final.a(ADC.o)
 .text.ADC_SetDSMRef0Reg
                0x000016a8       0x4c .\CortexM3\ARM_GCC_541\Debug\Project_Final.a(ADC.o)
 .text.ADC_InitConfig
                0x000016f4      0x328 .\CortexM3\ARM_GCC_541\Debug\Project_Final.a(ADC.o)
 .text.ADC_Init
                0x00001a1c      0x108 .\CortexM3\ARM_GCC_541\Debug\Project_Final.a(ADC.o)
                0x00001a1c                ADC_Init
 .text.ADC_Enable
                0x00001b24       0xd8 .\CortexM3\ARM_GCC_541\Debug\Project_Final.a(ADC.o)
                0x00001b24                ADC_Enable
 .text.ADC_Start
                0x00001bfc       0x28 .\CortexM3\ARM_GCC_541\Debug\Project_Final.a(ADC.o)
                0x00001bfc                ADC_Start
 .text.ADC_StartConvert
                0x00001c24       0x10 .\CortexM3\ARM_GCC_541\Debug\Project_Final.a(ADC.o)
                0x00001c24                ADC_StartConvert
 .text.ADC_IsEndConversion
                0x00001c34       0x30 .\CortexM3\ARM_GCC_541\Debug\Project_Final.a(ADC.o)
                0x00001c34                ADC_IsEndConversion
 .text.ADC_GetResult32
                0x00001c64       0x6c .\CortexM3\ARM_GCC_541\Debug\Project_Final.a(ADC.o)
                0x00001c64                ADC_GetResult32
 .text.ADC_ISR1
                0x00001cd0        0x4 .\CortexM3\ARM_GCC_541\Debug\Project_Final.a(ADC_INT.o)
                0x00001cd0                ADC_ISR1
 .text.ADC_ISR2
                0x00001cd4        0x4 .\CortexM3\ARM_GCC_541\Debug\Project_Final.a(ADC_INT.o)
                0x00001cd4                ADC_ISR2
 .text.ADC_ISR3
                0x00001cd8        0x4 .\CortexM3\ARM_GCC_541\Debug\Project_Final.a(ADC_INT.o)
                0x00001cd8                ADC_ISR3
 .text.ADC_ISR4
                0x00001cdc        0x4 .\CortexM3\ARM_GCC_541\Debug\Project_Final.a(ADC_INT.o)
                0x00001cdc                ADC_ISR4
 .text.ADC_AMux_Start
                0x00001ce0       0x20 .\CortexM3\ARM_GCC_541\Debug\Project_Final.a(ADC_AMux.o)
                0x00001ce0                ADC_AMux_Start
 .text.ADC_AMux_Select
                0x00001d00       0x18 .\CortexM3\ARM_GCC_541\Debug\Project_Final.a(ADC_AMux.o)
                0x00001d00                ADC_AMux_Select
 .text.ADC_Ext_CP_Clk_GetDividerRegister
                0x00001d18        0xc .\CortexM3\ARM_GCC_541\Debug\Project_Final.a(ADC_Ext_CP_Clk.o)
                0x00001d18                ADC_Ext_CP_Clk_GetDividerRegister
 .text.ADC_Ext_CP_Clk_SetModeRegister
                0x00001d24       0x14 .\CortexM3\ARM_GCC_541\Debug\Project_Final.a(ADC_Ext_CP_Clk.o)
                0x00001d24                ADC_Ext_CP_Clk_SetModeRegister
 .text.ADC_Ext_CP_Clk_GetSourceRegister
                0x00001d38       0x10 .\CortexM3\ARM_GCC_541\Debug\Project_Final.a(ADC_Ext_CP_Clk.o)
                0x00001d38                ADC_Ext_CP_Clk_GetSourceRegister
 .text.ADC_Ext_CP_Clk_SetDividerRegister
                0x00001d48       0xd8 .\CortexM3\ARM_GCC_541\Debug\Project_Final.a(ADC_Ext_CP_Clk.o)
                0x00001d48                ADC_Ext_CP_Clk_SetDividerRegister
 .text.ADC_theACLK_GetDividerRegister
                0x00001e20        0xc .\CortexM3\ARM_GCC_541\Debug\Project_Final.a(ADC_theACLK.o)
                0x00001e20                ADC_theACLK_GetDividerRegister
 .text.ADC_theACLK_SetModeRegister
                0x00001e2c       0x14 .\CortexM3\ARM_GCC_541\Debug\Project_Final.a(ADC_theACLK.o)
                0x00001e2c                ADC_theACLK_SetModeRegister
 .text.ADC_theACLK_GetSourceRegister
                0x00001e40       0x10 .\CortexM3\ARM_GCC_541\Debug\Project_Final.a(ADC_theACLK.o)
                0x00001e40                ADC_theACLK_GetSourceRegister
 .text.ADC_theACLK_SetDividerRegister
                0x00001e50       0xd8 .\CortexM3\ARM_GCC_541\Debug\Project_Final.a(ADC_theACLK.o)
                0x00001e50                ADC_theACLK_SetDividerRegister
 .text.pin_SW4_int_SetVector
                0x00001f28        0xc .\CortexM3\ARM_GCC_541\Debug\Project_Final.a(pin_SW4_int.o)
                0x00001f28                pin_SW4_int_SetVector
 .text.pin_SW4_int_SetPriority
                0x00001f34       0x10 .\CortexM3\ARM_GCC_541\Debug\Project_Final.a(pin_SW4_int.o)
                0x00001f34                pin_SW4_int_SetPriority
 .text.pin_SW4_int_Enable
                0x00001f44       0x10 .\CortexM3\ARM_GCC_541\Debug\Project_Final.a(pin_SW4_int.o)
                0x00001f44                pin_SW4_int_Enable
 .text.pin_SW4_int_Disable
                0x00001f54       0x10 .\CortexM3\ARM_GCC_541\Debug\Project_Final.a(pin_SW4_int.o)
                0x00001f54                pin_SW4_int_Disable
 .text.pin_SW4_int_StartEx
                0x00001f64       0x1c .\CortexM3\ARM_GCC_541\Debug\Project_Final.a(pin_SW4_int.o)
                0x00001f64                pin_SW4_int_StartEx
 .text.AMux_FastSelect
                0x00001f80       0x20 .\CortexM3\ARM_GCC_541\Debug\Project_Final.a(AMux.o)
                0x00001f80                AMux_FastSelect
 .text.isr1_SetVector
                0x00001fa0        0xc .\CortexM3\ARM_GCC_541\Debug\Project_Final.a(isr1.o)
                0x00001fa0                isr1_SetVector
 .text.isr1_SetPriority
                0x00001fac       0x10 .\CortexM3\ARM_GCC_541\Debug\Project_Final.a(isr1.o)
                0x00001fac                isr1_SetPriority
 .text.isr1_Enable
                0x00001fbc        0xc .\CortexM3\ARM_GCC_541\Debug\Project_Final.a(isr1.o)
                0x00001fbc                isr1_Enable
 .text.isr1_Disable
                0x00001fc8        0xc .\CortexM3\ARM_GCC_541\Debug\Project_Final.a(isr1.o)
                0x00001fc8                isr1_Disable
 .text.isr1_StartEx
                0x00001fd4       0x1c .\CortexM3\ARM_GCC_541\Debug\Project_Final.a(isr1.o)
                0x00001fd4                isr1_StartEx
 .text          0x00001ff0       0x20 .\CortexM3\ARM_GCC_541\Debug\Project_Final.a(CyBootAsmGnu.o)
                0x00001ff0                CyDelayCycles
                0x00002000                CyEnterCriticalSection
                0x00002008                CyExitCriticalSection
 .text.sin      0x00002010       0x90 c:/program files (x86)/cypress/psoc creator/4.3/psoc creator/import/gnu/arm/5.4.1/bin/../lib/gcc/arm-none-eabi/5.4.1/../../../../arm-none-eabi/lib/armv7-m\libm.a(lib_a-s_sin.o)
                0x00002010                sin
 .text.__ieee754_rem_pio2
                0x000020a0      0x42c c:/program files (x86)/cypress/psoc creator/4.3/psoc creator/import/gnu/arm/5.4.1/bin/../lib/gcc/arm-none-eabi/5.4.1/../../../../arm-none-eabi/lib/armv7-m\libm.a(lib_a-e_rem_pio2.o)
                0x000020a0                __ieee754_rem_pio2
 *fill*         0x000024cc        0x4 
 .text.__kernel_cos
                0x000024d0      0x248 c:/program files (x86)/cypress/psoc creator/4.3/psoc creator/import/gnu/arm/5.4.1/bin/../lib/gcc/arm-none-eabi/5.4.1/../../../../arm-none-eabi/lib/armv7-m\libm.a(lib_a-k_cos.o)
                0x000024d0                __kernel_cos
 .text.__kernel_rem_pio2
                0x00002718      0x7f0 c:/program files (x86)/cypress/psoc creator/4.3/psoc creator/import/gnu/arm/5.4.1/bin/../lib/gcc/arm-none-eabi/5.4.1/../../../../arm-none-eabi/lib/armv7-m\libm.a(lib_a-k_rem_pio2.o)
                0x00002718                __kernel_rem_pio2
 .text.__kernel_sin
                0x00002f08      0x16c c:/program files (x86)/cypress/psoc creator/4.3/psoc creator/import/gnu/arm/5.4.1/bin/../lib/gcc/arm-none-eabi/5.4.1/../../../../arm-none-eabi/lib/armv7-m\libm.a(lib_a-k_sin.o)
                0x00002f08                __kernel_sin
 .text.fabs     0x00003074        0x8 c:/program files (x86)/cypress/psoc creator/4.3/psoc creator/import/gnu/arm/5.4.1/bin/../lib/gcc/arm-none-eabi/5.4.1/../../../../arm-none-eabi/lib/armv7-m\libm.a(lib_a-s_fabs.o)
                0x00003074                fabs
 *fill*         0x0000307c        0x4 
 .text.floor    0x00003080      0x110 c:/program files (x86)/cypress/psoc creator/4.3/psoc creator/import/gnu/arm/5.4.1/bin/../lib/gcc/arm-none-eabi/5.4.1/../../../../arm-none-eabi/lib/armv7-m\libm.a(lib_a-s_floor.o)
                0x00003080                floor
 .text.scalbn   0x00003190       0xe4 c:/program files (x86)/cypress/psoc creator/4.3/psoc creator/import/gnu/arm/5.4.1/bin/../lib/gcc/arm-none-eabi/5.4.1/../../../../arm-none-eabi/lib/armv7-m\libm.a(lib_a-s_scalbn.o)
                0x00003190                scalbn
 .text.copysign
                0x00003274       0x10 c:/program files (x86)/cypress/psoc creator/4.3/psoc creator/import/gnu/arm/5.4.1/bin/../lib/gcc/arm-none-eabi/5.4.1/../../../../arm-none-eabi/lib/armv7-m\libm.a(lib_a-s_copysign.o)
                0x00003274                copysign
 .text          0x00003284      0x370 c:/program files (x86)/cypress/psoc creator/4.3/psoc creator/import/gnu/arm/5.4.1/bin/../lib/gcc/arm-none-eabi/5.4.1/armv7-m\libgcc.a(_arm_addsubdf3.o)
                0x00003284                __aeabi_drsub
                0x0000328c                __aeabi_dsub
                0x0000328c                __subdf3
                0x00003290                __aeabi_dadd
                0x00003290                __adddf3
                0x00003508                __floatunsidf
                0x00003508                __aeabi_ui2d
                0x00003528                __floatsidf
                0x00003528                __aeabi_i2d
                0x0000354c                __aeabi_f2d
                0x0000354c                __extendsfdf2
                0x00003588                __floatundidf
                0x00003588                __aeabi_ul2d
                0x00003598                __floatdidf
                0x00003598                __aeabi_l2d
 .text          0x000035f4      0x424 c:/program files (x86)/cypress/psoc creator/4.3/psoc creator/import/gnu/arm/5.4.1/bin/../lib/gcc/arm-none-eabi/5.4.1/armv7-m\libgcc.a(_arm_muldivdf3.o)
                0x000035f4                __aeabi_dmul
                0x000035f4                __muldf3
                0x00003848                __divdf3
                0x00003848                __aeabi_ddiv
 .text          0x00003a18      0x110 c:/program files (x86)/cypress/psoc creator/4.3/psoc creator/import/gnu/arm/5.4.1/bin/../lib/gcc/arm-none-eabi/5.4.1/armv7-m\libgcc.a(_arm_cmpdf2.o)
                0x00003a18                __gtdf2
                0x00003a18                __gedf2
                0x00003a20                __ltdf2
                0x00003a20                __ledf2
                0x00003a28                __nedf2
                0x00003a28                __eqdf2
                0x00003a28                __cmpdf2
                0x00003aa4                __aeabi_cdrcmple
                0x00003ab4                __aeabi_cdcmpeq
                0x00003ab4                __aeabi_cdcmple
                0x00003ac4                __aeabi_dcmpeq
                0x00003ad8                __aeabi_dcmplt
                0x00003aec                __aeabi_dcmple
                0x00003b00                __aeabi_dcmpge
                0x00003b14                __aeabi_dcmpgt
 .text          0x00003b28       0x50 c:/program files (x86)/cypress/psoc creator/4.3/psoc creator/import/gnu/arm/5.4.1/bin/../lib/gcc/arm-none-eabi/5.4.1/armv7-m\libgcc.a(_arm_fixdfsi.o)
                0x00003b28                __aeabi_d2iz
                0x00003b28                __fixdfsi
 .text          0x00003b78       0xa0 c:/program files (x86)/cypress/psoc creator/4.3/psoc creator/import/gnu/arm/5.4.1/bin/../lib/gcc/arm-none-eabi/5.4.1/armv7-m\libgcc.a(_arm_truncdfsf2.o)
                0x00003b78                __truncdfsf2
                0x00003b78                __aeabi_d2f
 .text          0x00003c18       0x40 c:/program files (x86)/cypress/psoc creator/4.3/psoc creator/import/gnu/arm/5.4.1/bin/../lib/gcc/arm-none-eabi/5.4.1/armv7-m\libgcc.a(_arm_fixunssfsi.o)
                0x00003c18                __fixunssfsi
                0x00003c18                __aeabi_f2uiz
 .text.__errno  0x00003c58        0xc c:/program files (x86)/cypress/psoc creator/4.3/psoc creator/import/gnu/arm/5.4.1/bin/../lib/gcc/arm-none-eabi/5.4.1/../../../../arm-none-eabi/lib/armv7-m\libg_nano.a(lib_a-errno.o)
                0x00003c58                __errno
 .text.__libc_init_array
                0x00003c64       0x4c c:/program files (x86)/cypress/psoc creator/4.3/psoc creator/import/gnu/arm/5.4.1/bin/../lib/gcc/arm-none-eabi/5.4.1/../../../../arm-none-eabi/lib/armv7-m\libg_nano.a(lib_a-init.o)
                0x00003c64                __libc_init_array
 .text.malloc   0x00003cb0       0x10 c:/program files (x86)/cypress/psoc creator/4.3/psoc creator/import/gnu/arm/5.4.1/bin/../lib/gcc/arm-none-eabi/5.4.1/../../../../arm-none-eabi/lib/armv7-m\libg_nano.a(lib_a-malloc.o)
                0x00003cb0                malloc
 .text.memcpy   0x00003cc0       0x16 c:/program files (x86)/cypress/psoc creator/4.3/psoc creator/import/gnu/arm/5.4.1/bin/../lib/gcc/arm-none-eabi/5.4.1/../../../../arm-none-eabi/lib/armv7-m\libg_nano.a(lib_a-memcpy-stub.o)
                0x00003cc0                memcpy
 .text.memset   0x00003cd6       0x10 c:/program files (x86)/cypress/psoc creator/4.3/psoc creator/import/gnu/arm/5.4.1/bin/../lib/gcc/arm-none-eabi/5.4.1/../../../../arm-none-eabi/lib/armv7-m\libg_nano.a(lib_a-memset.o)
                0x00003cd6                memset
 *fill*         0x00003ce6        0x2 
 .text._malloc_r
                0x00003ce8       0xbc c:/program files (x86)/cypress/psoc creator/4.3/psoc creator/import/gnu/arm/5.4.1/bin/../lib/gcc/arm-none-eabi/5.4.1/../../../../arm-none-eabi/lib/armv7-m\libg_nano.a(lib_a-nano-mallocr.o)
                0x00003ce8                _malloc_r
 .text._sbrk_r  0x00003da4       0x20 c:/program files (x86)/cypress/psoc creator/4.3/psoc creator/import/gnu/arm/5.4.1/bin/../lib/gcc/arm-none-eabi/5.4.1/../../../../arm-none-eabi/lib/armv7-m\libg_nano.a(lib_a-sbrkr.o)
                0x00003da4                _sbrk_r
 .text.strcpy   0x00003dc4       0x10 c:/program files (x86)/cypress/psoc creator/4.3/psoc creator/import/gnu/arm/5.4.1/bin/../lib/gcc/arm-none-eabi/5.4.1/../../../../arm-none-eabi/lib/armv7-m\libg_nano.a(lib_a-strcpy.o)
                0x00003dc4                strcpy
 .text          0x00003dd4       0x10 c:/program files (x86)/cypress/psoc creator/4.3/psoc creator/import/gnu/arm/5.4.1/bin/../lib/gcc/arm-none-eabi/5.4.1/../../../../arm-none-eabi/lib/armv7-m\libg_nano.a(lib_a-strlen.o)
                0x00003dd4                strlen
 .text.__malloc_lock
                0x00003de4        0x2 c:/program files (x86)/cypress/psoc creator/4.3/psoc creator/import/gnu/arm/5.4.1/bin/../lib/gcc/arm-none-eabi/5.4.1/../../../../arm-none-eabi/lib/armv7-m\libg_nano.a(lib_a-mlock.o)
                0x00003de4                __malloc_lock
 .text.__malloc_unlock
                0x00003de6        0x2 c:/program files (x86)/cypress/psoc creator/4.3/psoc creator/import/gnu/arm/5.4.1/bin/../lib/gcc/arm-none-eabi/5.4.1/../../../../arm-none-eabi/lib/armv7-m\libg_nano.a(lib_a-mlock.o)
                0x00003de6                __malloc_unlock
 *(.plt)
 *(.gnu.warning)
 *(.glue_7t)
 .glue_7t       0x00003de8        0x0 linker stubs
 *(.glue_7)
 .glue_7        0x00003de8        0x0 linker stubs
 *(.vfp11_veneer)
 .vfp11_veneer  0x00003de8        0x0 linker stubs
 *(.bootloader)
 *(.ARM.extab* .gnu.linkonce.armextab.*)
 *(.gcc_except_table)

.v4_bx          0x00003de8        0x0
 .v4_bx         0x00003de8        0x0 linker stubs

.iplt           0x00003de8        0x0
 .iplt          0x00003de8        0x0 c:/program files (x86)/cypress/psoc creator/4.3/psoc creator/import/gnu/arm/5.4.1/bin/../lib/gcc/arm-none-eabi/5.4.1/armv7-m/crtbegin.o

.eh_frame_hdr
 *(.eh_frame_hdr)

.eh_frame       0x00003de8        0x4
 *(.eh_frame)
 .eh_frame      0x00003de8        0x0 c:/program files (x86)/cypress/psoc creator/4.3/psoc creator/import/gnu/arm/5.4.1/bin/../lib/gcc/arm-none-eabi/5.4.1/armv7-m/crtbegin.o
 .eh_frame      0x00003de8        0x4 c:/program files (x86)/cypress/psoc creator/4.3/psoc creator/import/gnu/arm/5.4.1/bin/../lib/gcc/arm-none-eabi/5.4.1/armv7-m/crtend.o
                [!provide]                PROVIDE (__exidx_start, .)

.ARM.exidx
 *(.ARM.exidx* .gnu.linkonce.armexidx.*)
                0x00003dec                __exidx_end = .

.rodata         0x00003df0      0x470
 *(.rodata .rodata.* .gnu.linkonce.r.*)
 .rodata.str1.4
                0x00003df0       0x2c .\CortexM3\ARM_GCC_541\Debug\main.o
 .rodata.str1.4
                0x00003e1c       0xe8 .\CortexM3\ARM_GCC_541\Debug\morse.o
                                0x130 (size before relaxing)
 .rodata        0x00003f04       0x4a .\CortexM3\ARM_GCC_541\Debug\cyfitter_cfg.o
                0x00003f04                AMux__addrTable
                0x00003f14                AMux__maskTable
                0x00003f18                ADC_AMux__addrTable
                0x00003f20                ADC_AMux__maskTable
 *fill*         0x00003f4e        0x2 
 .rodata.npio2_hw
                0x00003f50       0x80 c:/program files (x86)/cypress/psoc creator/4.3/psoc creator/import/gnu/arm/5.4.1/bin/../lib/gcc/arm-none-eabi/5.4.1/../../../../arm-none-eabi/lib/armv7-m\libm.a(lib_a-e_rem_pio2.o)
 .rodata.two_over_pi
                0x00003fd0      0x108 c:/program files (x86)/cypress/psoc creator/4.3/psoc creator/import/gnu/arm/5.4.1/bin/../lib/gcc/arm-none-eabi/5.4.1/../../../../arm-none-eabi/lib/armv7-m\libm.a(lib_a-e_rem_pio2.o)
 .rodata.init_jk
                0x000040d8       0x10 c:/program files (x86)/cypress/psoc creator/4.3/psoc creator/import/gnu/arm/5.4.1/bin/../lib/gcc/arm-none-eabi/5.4.1/../../../../arm-none-eabi/lib/armv7-m\libm.a(lib_a-k_rem_pio2.o)
 .rodata.PIo2   0x000040e8       0x40 c:/program files (x86)/cypress/psoc creator/4.3/psoc creator/import/gnu/arm/5.4.1/bin/../lib/gcc/arm-none-eabi/5.4.1/../../../../arm-none-eabi/lib/armv7-m\libm.a(lib_a-k_rem_pio2.o)
 .rodata._ctype_
                0x00004128      0x101 c:/program files (x86)/cypress/psoc creator/4.3/psoc creator/import/gnu/arm/5.4.1/bin/../lib/gcc/arm-none-eabi/5.4.1/../../../../arm-none-eabi/lib/armv7-m\libg_nano.a(lib_a-ctype_.o)
                0x00004128                _ctype_
 .rodata.str1.1
                0x00004229        0x2 c:/program files (x86)/cypress/psoc creator/4.3/psoc creator/import/gnu/arm/5.4.1/bin/../lib/gcc/arm-none-eabi/5.4.1/../../../../arm-none-eabi/lib/armv7-m\libg_nano.a(lib_a-impure.o)
                0x0000422c                . = ALIGN (0x4)
 *fill*         0x0000422b        0x1 
 *(.init)
 .init          0x0000422c        0x4 c:/program files (x86)/cypress/psoc creator/4.3/psoc creator/import/gnu/arm/5.4.1/bin/../lib/gcc/arm-none-eabi/5.4.1/armv7-m/crti.o
                0x0000422c                _init
 .init          0x00004230        0x8 c:/program files (x86)/cypress/psoc creator/4.3/psoc creator/import/gnu/arm/5.4.1/bin/../lib/gcc/arm-none-eabi/5.4.1/armv7-m/crtn.o
                0x00004238                . = ALIGN (0x4)
                0x00004238                __preinit_array_start = .
 *(.preinit_array)
                0x00004238                __preinit_array_end = .
                0x00004238                . = ALIGN (0x4)
                0x00004238                __init_array_start = .
 *(SORT(.init_array.*))
 *(.init_array)
 .init_array    0x00004238        0x4 c:/program files (x86)/cypress/psoc creator/4.3/psoc creator/import/gnu/arm/5.4.1/bin/../lib/gcc/arm-none-eabi/5.4.1/armv7-m/crtbegin.o
 .init_array    0x0000423c        0x4 .\CortexM3\ARM_GCC_541\Debug\Cm3Start.o
                0x00004240                __init_array_end = .
                0x00004240                . = ALIGN (0x4)
 *(.fini)
 .fini          0x00004240        0x4 c:/program files (x86)/cypress/psoc creator/4.3/psoc creator/import/gnu/arm/5.4.1/bin/../lib/gcc/arm-none-eabi/5.4.1/armv7-m/crti.o
                0x00004240                _fini
 .fini          0x00004244        0x8 c:/program files (x86)/cypress/psoc creator/4.3/psoc creator/import/gnu/arm/5.4.1/bin/../lib/gcc/arm-none-eabi/5.4.1/armv7-m/crtn.o
                0x0000424c                . = ALIGN (0x4)
                0x0000424c                __fini_array_start = .
 *(.fini_array)
 .fini_array    0x0000424c        0x4 c:/program files (x86)/cypress/psoc creator/4.3/psoc creator/import/gnu/arm/5.4.1/bin/../lib/gcc/arm-none-eabi/5.4.1/armv7-m/crtbegin.o
 *(SORT(.fini_array.*))
                0x00004250                __fini_array_end = .
                0x00004250                . = ALIGN (0x4)
 *crtbegin.o(.ctors)
 *(EXCLUDE_FILE(*crtend.o) .ctors)
 *(SORT(.ctors.*))
 *crtend.o(.ctors)
                0x00004250                . = ALIGN (0x4)
 *crtbegin.o(.dtors)
 *(EXCLUDE_FILE(*crtend.o) .dtors)
 *(SORT(.dtors.*))
 *crtend.o(.dtors)
                0x00004250                . = ALIGN (0x4)
                0x00004250                __cy_regions = .
                0x00004250        0x4 LONG 0x4260 __cy_region_init_ram
                0x00004254        0x4 LONG 0x1fff80c8 __cy_region_start_data
                0x00004258        0x4 LONG 0x118 __cy_region_init_size_ram
                0x0000425c        0x4 LONG 0x288 __cy_region_zero_size_ram
                0x00004260                __cy_regions_end = .
                0x00004260                . = ALIGN (0x8)
                0x00004260                _etext = .

.cy_checksum_exclude
                0x00004260        0x0
 *(.cy_checksum_exclude)

.ramvectors     0x1fff8000       0xc0
                0x1fff8000                __cy_region_start_ram = .
 *(.ramvectors)
 .ramvectors    0x1fff8000       0xc0 .\CortexM3\ARM_GCC_541\Debug\Cm3Start.o
                0x1fff8000                CyRamVectors

.noinit         0x1fff80c0        0x1
 *(.noinit)
 .noinit        0x1fff80c0        0x1 .\CortexM3\ARM_GCC_541\Debug\Project_Final.a(CyLib.o)
                0x1fff80c0                CyResetStatus

.data           0x1fff80c8      0x118 load address 0x00004260
                0x1fff80c8                __cy_region_start_data = .
 *(.jcr)
 .jcr           0x1fff80c8        0x0 c:/program files (x86)/cypress/psoc creator/4.3/psoc creator/import/gnu/arm/5.4.1/bin/../lib/gcc/arm-none-eabi/5.4.1/armv7-m/crtbegin.o
 .jcr           0x1fff80c8        0x4 c:/program files (x86)/cypress/psoc creator/4.3/psoc creator/import/gnu/arm/5.4.1/bin/../lib/gcc/arm-none-eabi/5.4.1/armv7-m/crtend.o
 *(.got.plt)
 *(.got)
 *(.shdata)
 *(.data .data.* .gnu.linkonce.d.*)
 .data          0x1fff80cc       0x90 .\CortexM3\ARM_GCC_541\Debug\morse.o
                0x1fff80cc                numbers
                0x1fff80f4                alpha
 .data          0x1fff815c        0x4 .\CortexM3\ARM_GCC_541\Debug\Cm3Start.o
 .data          0x1fff8160       0x10 .\CortexM3\ARM_GCC_541\Debug\Project_Final.a(CyLib.o)
                0x1fff8160                cydelay_32k_ms
                0x1fff8164                cydelay_freq_khz
                0x1fff8168                cydelay_freq_mhz
                0x1fff816c                cydelay_freq_hz
 .data          0x1fff8170        0x1 .\CortexM3\ARM_GCC_541\Debug\Project_Final.a(ADC.o)
                0x1fff8170                ADC_Config
 .data          0x1fff8171        0x1 .\CortexM3\ARM_GCC_541\Debug\Project_Final.a(ADC_AMux.o)
 .data          0x1fff8172        0x1 .\CortexM3\ARM_GCC_541\Debug\Project_Final.a(AMux.o)
 *fill*         0x1fff8173        0x1 
 .data.__ctype_ptr__
                0x1fff8174        0x4 c:/program files (x86)/cypress/psoc creator/4.3/psoc creator/import/gnu/arm/5.4.1/bin/../lib/gcc/arm-none-eabi/5.4.1/../../../../arm-none-eabi/lib/armv7-m\libg_nano.a(lib_a-ctype_.o)
                0x1fff8174                __ctype_ptr__
 .data.impure_data
                0x1fff8178       0x60 c:/program files (x86)/cypress/psoc creator/4.3/psoc creator/import/gnu/arm/5.4.1/bin/../lib/gcc/arm-none-eabi/5.4.1/../../../../arm-none-eabi/lib/armv7-m\libg_nano.a(lib_a-impure.o)
 .data._impure_ptr
                0x1fff81d8        0x4 c:/program files (x86)/cypress/psoc creator/4.3/psoc creator/import/gnu/arm/5.4.1/bin/../lib/gcc/arm-none-eabi/5.4.1/../../../../arm-none-eabi/lib/armv7-m\libg_nano.a(lib_a-impure.o)
                0x1fff81d8                _impure_ptr
                0x1fff81e0                . = ALIGN (0x8)
 *fill*         0x1fff81dc        0x4 
 *(.ram)
                0x1fff81e0                _edata = .

.igot.plt       0x1fff81e0        0x0 load address 0x00004378
 .igot.plt      0x1fff81e0        0x0 c:/program files (x86)/cypress/psoc creator/4.3/psoc creator/import/gnu/arm/5.4.1/bin/../lib/gcc/arm-none-eabi/5.4.1/armv7-m/crtbegin.o

.bss            0x1fff81e0      0x288 load address 0x00004378
                0x1fff81e0                PROVIDE (__bss_start__, .)
 *(.shbss)
 *(.bss .bss.* .gnu.linkonce.b.*)
 .bss           0x1fff81e0       0x1c c:/program files (x86)/cypress/psoc creator/4.3/psoc creator/import/gnu/arm/5.4.1/bin/../lib/gcc/arm-none-eabi/5.4.1/armv7-m/crtbegin.o
 .bss           0x1fff81fc        0x9 .\CortexM3\ARM_GCC_541\Debug\main.o
                0x1fff81fc                flag
                0x1fff8200                clock
                0x1fff8204                pushSW4
 *fill*         0x1fff8205        0x3 
 .bss           0x1fff8208       0x90 .\CortexM3\ARM_GCC_541\Debug\semaphore.o
 .bss           0x1fff8298        0x1 .\CortexM3\ARM_GCC_541\Debug\Project_Final.a(Timer.o)
                0x1fff8298                Timer_initVar
 .bss           0x1fff8299        0x1 .\CortexM3\ARM_GCC_541\Debug\Project_Final.a(VDAC.o)
                0x1fff8299                VDAC_initVar
 .bss           0x1fff829a        0x1 .\CortexM3\ARM_GCC_541\Debug\Project_Final.a(Timer_1.o)
                0x1fff829a                Timer_1_initVar
 .bss           0x1fff829b        0x2 .\CortexM3\ARM_GCC_541\Debug\Project_Final.a(LCD.o)
                0x1fff829b                LCD_enableState
                0x1fff829c                LCD_initVar
 .bss           0x1fff829d        0x2 .\CortexM3\ARM_GCC_541\Debug\Project_Final.a(UART.o)
                0x1fff829d                UART_initVar
 .bss           0x1fff829f        0x1 .\CortexM3\ARM_GCC_541\Debug\Project_Final.a(PWM.o)
                0x1fff829f                PWM_initVar
 .bss           0x1fff82a0       0x18 .\CortexM3\ARM_GCC_541\Debug\Project_Final.a(ADC.o)
                0x1fff82b0                ADC_stopConversion
                0x1fff82b1                ADC_convDone
                0x1fff82b2                ADC_initVar
                0x1fff82b3                ADC_started
                0x1fff82b4                ADC_Offset
 .bss.__malloc_sbrk_start
                0x1fff82b8        0x4 c:/program files (x86)/cypress/psoc creator/4.3/psoc creator/import/gnu/arm/5.4.1/bin/../lib/gcc/arm-none-eabi/5.4.1/../../../../arm-none-eabi/lib/armv7-m\libg_nano.a(lib_a-nano-mallocr.o)
                0x1fff82b8                __malloc_sbrk_start
 .bss.__malloc_free_list
                0x1fff82bc        0x4 c:/program files (x86)/cypress/psoc creator/4.3/psoc creator/import/gnu/arm/5.4.1/bin/../lib/gcc/arm-none-eabi/5.4.1/../../../../arm-none-eabi/lib/armv7-m\libg_nano.a(lib_a-nano-mallocr.o)
                0x1fff82bc                __malloc_free_list
 *(COMMON)
 COMMON         0x1fff82c0      0x1a0 .\CortexM3\ARM_GCC_541\Debug\main.o
                0x1fff82c0                rxData
                0x1fff82c1                lightOn
                0x1fff82c4                adc_value
                0x1fff82c8                i
                0x1fff82cc                signal
                0x1fff845c                adc_value_float
 COMMON         0x1fff8460        0x4 .\CortexM3\ARM_GCC_541\Debug\Project_Final.a(ADC.o)
                0x1fff8460                ADC_CountsPerVolt
 COMMON         0x1fff8464        0x4 c:/program files (x86)/cypress/psoc creator/4.3/psoc creator/import/gnu/arm/5.4.1/bin/../lib/gcc/arm-none-eabi/5.4.1/../../../../arm-none-eabi/lib/armv7-m\libg_nano.a(lib_a-reent.o)
                0x1fff8464                errno
                0x1fff8468                . = ALIGN (0x8)
 *(.ram.b)
                0x1fff8468                _end = .
                0x1fff8468                __end = .
                0x1fff8468                PROVIDE (end, .)
                0x1fff8468                PROVIDE (__bss_end__, .)
                0x00004260                __cy_region_init_ram = LOADADDR (.data)
                0x00000118                __cy_region_init_size_ram = (_edata - ADDR (.data))
                0x00000288                __cy_region_zero_size_ram = (_end - _edata)

.heap           0x1fff8468       0x80 load address 0x00004378
                0x1fff8468                . = _end
                0x1fff84e8                . = (. + 0x80)
 *fill*         0x1fff8468       0x80 
                0x1fff84e8                __cy_heap_limit = .

.stack          0x20007800      0x800
                0x20007800                __cy_stack_limit = .
                0x20008000                . = (. + 0x800)
 *fill*         0x20007800      0x800 
                0x00000001                ASSERT ((__cy_stack_limit >= __cy_heap_limit), region RAM overflowed with stack)
                0x00000000                cy_checksum_exclude_size = (CY_APPL_LOADABLE == 0x1)?SIZEOF (.cy_checksum_exclude):0x0
                0x00000001                ASSERT ((cy_checksum_exclude_size <= CY_CHECKSUM_EXCLUDE_SIZE), CY_BOOT: Section .cy_checksum_exclude size exceedes specified limit.)

.cyloadermeta
 *(.cyloadermeta)

.cyloadablemeta
 *(.cyloadablemeta)

.cyconfigecc    0x80000000      0x5cc
 *(.cyconfigecc)
 .cyconfigecc   0x80000000      0x5cc .\CortexM3\ARM_GCC_541\Debug\cymetadata.o
                0x80000000                cy_meta_configecc

.cycustnvl      0x90000000        0x4
 *(.cycustnvl)
 .cycustnvl     0x90000000        0x4 .\CortexM3\ARM_GCC_541\Debug\cymetadata.o
                0x90000000                cy_meta_custnvl

.cywolatch      0x90100000        0x4
 *(.cywolatch)
 .cywolatch     0x90100000        0x4 .\CortexM3\ARM_GCC_541\Debug\cymetadata.o
                0x90100000                cy_meta_wonvl

.cyeeprom       0x90200000        0x0
 *(.cyeeprom)
                0x00000001                ASSERT ((. <= ((0x90200000 + ee_offset) + ee_size)), .cyeeprom data will not fit in EEPROM)

.cyflashprotect
                0x90400000      0x100
 *(.cyflashprotect)
 .cyflashprotect
                0x90400000      0x100 .\CortexM3\ARM_GCC_541\Debug\cymetadata.o
                0x90400000                cy_meta_flashprotect

.cymeta         0x90500000        0xc
 *(.cymeta)
 .cymeta        0x90500000        0xc .\CortexM3\ARM_GCC_541\Debug\cymetadata.o
                0x90500000                cy_metadata

.rel.dyn        0x00004378        0x0 load address 0x9050000c
 .rel.iplt      0x00004378        0x0 c:/program files (x86)/cypress/psoc creator/4.3/psoc creator/import/gnu/arm/5.4.1/bin/../lib/gcc/arm-none-eabi/5.4.1/armv7-m/crtbegin.o

.stab
 *(.stab)

.stabstr
 *(.stabstr)

.debug
 *(.debug)

.line
 *(.line)

.debug_srcinfo
 *(.debug_srcinfo)

.debug_sfnames
 *(.debug_sfnames)

.debug_aranges  0x00000000     0x11a0
 *(.debug_aranges)
 .debug_aranges
                0x00000000       0xa8 .\CortexM3\ARM_GCC_541\Debug\main.o
 .debug_aranges
                0x000000a8       0x28 .\CortexM3\ARM_GCC_541\Debug\keypad.o
 .debug_aranges
                0x000000d0       0x20 .\CortexM3\ARM_GCC_541\Debug\morse.o
 .debug_aranges
                0x000000f0       0x28 .\CortexM3\ARM_GCC_541\Debug\semaphore.o
 .debug_aranges
                0x00000118       0x78 .\CortexM3\ARM_GCC_541\Debug\cyfitter_cfg.o
 .debug_aranges
                0x00000190       0x18 .\CortexM3\ARM_GCC_541\Debug\cymetadata.o
 .debug_aranges
                0x000001a8       0x48 .\CortexM3\ARM_GCC_541\Debug\Cm3Start.o
 .debug_aranges
                0x000001f0       0x38 .\CortexM3\ARM_GCC_541\Debug\Project_Final.a(Led_1.o)
 .debug_aranges
                0x00000228       0x38 .\CortexM3\ARM_GCC_541\Debug\Project_Final.a(Led_2.o)
 .debug_aranges
                0x00000260       0x38 .\CortexM3\ARM_GCC_541\Debug\Project_Final.a(Led_3.o)
 .debug_aranges
                0x00000298       0x38 .\CortexM3\ARM_GCC_541\Debug\Project_Final.a(Led_4.o)
 .debug_aranges
                0x000002d0      0x2a0 .\CortexM3\ARM_GCC_541\Debug\Project_Final.a(CyLib.o)
 .debug_aranges
                0x00000570       0x98 .\CortexM3\ARM_GCC_541\Debug\Project_Final.a(cyPm.o)
 .debug_aranges
                0x00000608       0x38 .\CortexM3\ARM_GCC_541\Debug\Project_Final.a(SW1.o)
 .debug_aranges
                0x00000640       0x88 .\CortexM3\ARM_GCC_541\Debug\Project_Final.a(Timer.o)
 .debug_aranges
                0x000006c8       0x58 .\CortexM3\ARM_GCC_541\Debug\Project_Final.a(VDAC.o)
 .debug_aranges
                0x00000720       0x80 .\CortexM3\ARM_GCC_541\Debug\Project_Final.a(isr.o)
 .debug_aranges
                0x000007a0       0x38 .\CortexM3\ARM_GCC_541\Debug\Project_Final.a(SW2.o)
 .debug_aranges
                0x000007d8       0x38 .\CortexM3\ARM_GCC_541\Debug\Project_Final.a(SW3.o)
 .debug_aranges
                0x00000810       0x48 .\CortexM3\ARM_GCC_541\Debug\Project_Final.a(SW4.o)
 .debug_aranges
                0x00000858       0x88 .\CortexM3\ARM_GCC_541\Debug\Project_Final.a(Timer_1.o)
 .debug_aranges
                0x000008e0       0x38 .\CortexM3\ARM_GCC_541\Debug\Project_Final.a(COL1.o)
 .debug_aranges
                0x00000918       0x38 .\CortexM3\ARM_GCC_541\Debug\Project_Final.a(COL2.o)
 .debug_aranges
                0x00000950       0x38 .\CortexM3\ARM_GCC_541\Debug\Project_Final.a(ROW1.o)
 .debug_aranges
                0x00000988       0x38 .\CortexM3\ARM_GCC_541\Debug\Project_Final.a(ROW0.o)
 .debug_aranges
                0x000009c0       0x38 .\CortexM3\ARM_GCC_541\Debug\Project_Final.a(ROW2.o)
 .debug_aranges
                0x000009f8       0x38 .\CortexM3\ARM_GCC_541\Debug\Project_Final.a(ROW3.o)
 .debug_aranges
                0x00000a30       0x38 .\CortexM3\ARM_GCC_541\Debug\Project_Final.a(COL3.o)
 .debug_aranges
                0x00000a68       0x98 .\CortexM3\ARM_GCC_541\Debug\Project_Final.a(LCD.o)
 .debug_aranges
                0x00000b00       0xf0 .\CortexM3\ARM_GCC_541\Debug\Project_Final.a(UART.o)
 .debug_aranges
                0x00000bf0       0xa8 .\CortexM3\ARM_GCC_541\Debug\Project_Final.a(PWM.o)
 .debug_aranges
                0x00000c98       0x70 .\CortexM3\ARM_GCC_541\Debug\Project_Final.a(UART_IntClock.o)
 .debug_aranges
                0x00000d08       0xe8 .\CortexM3\ARM_GCC_541\Debug\Project_Final.a(ADC.o)
 .debug_aranges
                0x00000df0       0x38 .\CortexM3\ARM_GCC_541\Debug\Project_Final.a(ADC_INT.o)
 .debug_aranges
                0x00000e28       0x30 .\CortexM3\ARM_GCC_541\Debug\Project_Final.a(ADC_AMux.o)
 .debug_aranges
                0x00000e58       0x70 .\CortexM3\ARM_GCC_541\Debug\Project_Final.a(ADC_Ext_CP_Clk.o)
 .debug_aranges
                0x00000ec8       0x80 .\CortexM3\ARM_GCC_541\Debug\Project_Final.a(ADC_theACLK.o)
 .debug_aranges
                0x00000f48       0x80 .\CortexM3\ARM_GCC_541\Debug\Project_Final.a(pin_SW4_int.o)
 .debug_aranges
                0x00000fc8       0x30 .\CortexM3\ARM_GCC_541\Debug\Project_Final.a(AMux.o)
 .debug_aranges
                0x00000ff8       0x80 .\CortexM3\ARM_GCC_541\Debug\Project_Final.a(isr1.o)
 .debug_aranges
                0x00001078       0x20 .\CortexM3\ARM_GCC_541\Debug\Project_Final.a(CyBootAsmGnu.o)
 .debug_aranges
                0x00001098       0x88 .\CortexM3\ARM_GCC_541\Debug\Project_Final.a(CyFlash.o)
 .debug_aranges
                0x00001120       0x80 .\CortexM3\ARM_GCC_541\Debug\Project_Final.a(CySpc.o)

.debug_pubnames
 *(.debug_pubnames)

.debug_info     0x00000000     0x9333
 *(.debug_info .gnu.linkonce.wi.*)
 .debug_info    0x00000000      0xe7a .\CortexM3\ARM_GCC_541\Debug\main.o
 .debug_info    0x00000e7a      0x380 .\CortexM3\ARM_GCC_541\Debug\keypad.o
 .debug_info    0x000011fa      0x165 .\CortexM3\ARM_GCC_541\Debug\morse.o
 .debug_info    0x0000135f      0x1a7 .\CortexM3\ARM_GCC_541\Debug\semaphore.o
 .debug_info    0x00001506      0x6ab .\CortexM3\ARM_GCC_541\Debug\cyfitter_cfg.o
 .debug_info    0x00001bb1      0x137 .\CortexM3\ARM_GCC_541\Debug\cymetadata.o
 .debug_info    0x00001ce8      0x3bb .\CortexM3\ARM_GCC_541\Debug\Cm3Start.o
 .debug_info    0x000020a3      0x11f .\CortexM3\ARM_GCC_541\Debug\Project_Final.a(Led_1.o)
 .debug_info    0x000021c2      0x11f .\CortexM3\ARM_GCC_541\Debug\Project_Final.a(Led_2.o)
 .debug_info    0x000022e1      0x11f .\CortexM3\ARM_GCC_541\Debug\Project_Final.a(Led_3.o)
 .debug_info    0x00002400      0x11f .\CortexM3\ARM_GCC_541\Debug\Project_Final.a(Led_4.o)
 .debug_info    0x0000251f     0x1374 .\CortexM3\ARM_GCC_541\Debug\Project_Final.a(CyLib.o)
 .debug_info    0x00003893      0xa2a .\CortexM3\ARM_GCC_541\Debug\Project_Final.a(cyPm.o)
 .debug_info    0x000042bd      0x11f .\CortexM3\ARM_GCC_541\Debug\Project_Final.a(SW1.o)
 .debug_info    0x000043dc      0x295 .\CortexM3\ARM_GCC_541\Debug\Project_Final.a(Timer.o)
 .debug_info    0x00004671      0x1e0 .\CortexM3\ARM_GCC_541\Debug\Project_Final.a(VDAC.o)
 .debug_info    0x00004851      0x2d2 .\CortexM3\ARM_GCC_541\Debug\Project_Final.a(isr.o)
 .debug_info    0x00004b23      0x11f .\CortexM3\ARM_GCC_541\Debug\Project_Final.a(SW2.o)
 .debug_info    0x00004c42      0x11f .\CortexM3\ARM_GCC_541\Debug\Project_Final.a(SW3.o)
 .debug_info    0x00004d61      0x174 .\CortexM3\ARM_GCC_541\Debug\Project_Final.a(SW4.o)
 .debug_info    0x00004ed5      0x295 .\CortexM3\ARM_GCC_541\Debug\Project_Final.a(Timer_1.o)
 .debug_info    0x0000516a      0x11f .\CortexM3\ARM_GCC_541\Debug\Project_Final.a(COL1.o)
 .debug_info    0x00005289      0x11f .\CortexM3\ARM_GCC_541\Debug\Project_Final.a(COL2.o)
 .debug_info    0x000053a8      0x11f .\CortexM3\ARM_GCC_541\Debug\Project_Final.a(ROW1.o)
 .debug_info    0x000054c7      0x11f .\CortexM3\ARM_GCC_541\Debug\Project_Final.a(ROW0.o)
 .debug_info    0x000055e6      0x11f .\CortexM3\ARM_GCC_541\Debug\Project_Final.a(ROW2.o)
 .debug_info    0x00005705      0x11f .\CortexM3\ARM_GCC_541\Debug\Project_Final.a(ROW3.o)
 .debug_info    0x00005824      0x11f .\CortexM3\ARM_GCC_541\Debug\Project_Final.a(COL3.o)
 .debug_info    0x00005943      0x715 .\CortexM3\ARM_GCC_541\Debug\Project_Final.a(LCD.o)
 .debug_info    0x00006058      0x60c .\CortexM3\ARM_GCC_541\Debug\Project_Final.a(UART.o)
 .debug_info    0x00006664      0x3a4 .\CortexM3\ARM_GCC_541\Debug\Project_Final.a(PWM.o)
 .debug_info    0x00006a08      0x283 .\CortexM3\ARM_GCC_541\Debug\Project_Final.a(UART_IntClock.o)
 .debug_info    0x00006c8b      0xbed .\CortexM3\ARM_GCC_541\Debug\Project_Final.a(ADC.o)
 .debug_info    0x00007878       0xd3 .\CortexM3\ARM_GCC_541\Debug\Project_Final.a(ADC_INT.o)
 .debug_info    0x0000794b      0x165 .\CortexM3\ARM_GCC_541\Debug\Project_Final.a(ADC_AMux.o)
 .debug_info    0x00007ab0      0x283 .\CortexM3\ARM_GCC_541\Debug\Project_Final.a(ADC_Ext_CP_Clk.o)
 .debug_info    0x00007d33      0x2c4 .\CortexM3\ARM_GCC_541\Debug\Project_Final.a(ADC_theACLK.o)
 .debug_info    0x00007ff7      0x2d2 .\CortexM3\ARM_GCC_541\Debug\Project_Final.a(pin_SW4_int.o)
 .debug_info    0x000082c9      0x165 .\CortexM3\ARM_GCC_541\Debug\Project_Final.a(AMux.o)
 .debug_info    0x0000842e      0x2d2 .\CortexM3\ARM_GCC_541\Debug\Project_Final.a(isr1.o)
 .debug_info    0x00008700       0x96 .\CortexM3\ARM_GCC_541\Debug\Project_Final.a(CyBootAsmGnu.o)
 .debug_info    0x00008796      0x64d .\CortexM3\ARM_GCC_541\Debug\Project_Final.a(CyFlash.o)
 .debug_info    0x00008de3      0x550 .\CortexM3\ARM_GCC_541\Debug\Project_Final.a(CySpc.o)

.debug_abbrev   0x00000000     0x2bc1
 *(.debug_abbrev)
 .debug_abbrev  0x00000000      0x231 .\CortexM3\ARM_GCC_541\Debug\main.o
 .debug_abbrev  0x00000231       0xc5 .\CortexM3\ARM_GCC_541\Debug\keypad.o
 .debug_abbrev  0x000002f6       0xe5 .\CortexM3\ARM_GCC_541\Debug\morse.o
 .debug_abbrev  0x000003db      0x106 .\CortexM3\ARM_GCC_541\Debug\semaphore.o
 .debug_abbrev  0x000004e1      0x21e .\CortexM3\ARM_GCC_541\Debug\cyfitter_cfg.o
 .debug_abbrev  0x000006ff       0x77 .\CortexM3\ARM_GCC_541\Debug\cymetadata.o
 .debug_abbrev  0x00000776      0x1e8 .\CortexM3\ARM_GCC_541\Debug\Cm3Start.o
 .debug_abbrev  0x0000095e       0x90 .\CortexM3\ARM_GCC_541\Debug\Project_Final.a(Led_1.o)
 .debug_abbrev  0x000009ee       0x90 .\CortexM3\ARM_GCC_541\Debug\Project_Final.a(Led_2.o)
 .debug_abbrev  0x00000a7e       0x90 .\CortexM3\ARM_GCC_541\Debug\Project_Final.a(Led_3.o)
 .debug_abbrev  0x00000b0e       0x90 .\CortexM3\ARM_GCC_541\Debug\Project_Final.a(Led_4.o)
 .debug_abbrev  0x00000b9e      0x254 .\CortexM3\ARM_GCC_541\Debug\Project_Final.a(CyLib.o)
 .debug_abbrev  0x00000df2      0x1ab .\CortexM3\ARM_GCC_541\Debug\Project_Final.a(cyPm.o)
 .debug_abbrev  0x00000f9d       0x90 .\CortexM3\ARM_GCC_541\Debug\Project_Final.a(SW1.o)
 .debug_abbrev  0x0000102d      0x11a .\CortexM3\ARM_GCC_541\Debug\Project_Final.a(Timer.o)
 .debug_abbrev  0x00001147       0xf7 .\CortexM3\ARM_GCC_541\Debug\Project_Final.a(VDAC.o)
 .debug_abbrev  0x0000123e      0x173 .\CortexM3\ARM_GCC_541\Debug\Project_Final.a(isr.o)
 .debug_abbrev  0x000013b1       0x90 .\CortexM3\ARM_GCC_541\Debug\Project_Final.a(SW2.o)
 .debug_abbrev  0x00001441       0x90 .\CortexM3\ARM_GCC_541\Debug\Project_Final.a(SW3.o)
 .debug_abbrev  0x000014d1       0x90 .\CortexM3\ARM_GCC_541\Debug\Project_Final.a(SW4.o)
 .debug_abbrev  0x00001561      0x11a .\CortexM3\ARM_GCC_541\Debug\Project_Final.a(Timer_1.o)
 .debug_abbrev  0x0000167b       0x90 .\CortexM3\ARM_GCC_541\Debug\Project_Final.a(COL1.o)
 .debug_abbrev  0x0000170b       0x90 .\CortexM3\ARM_GCC_541\Debug\Project_Final.a(COL2.o)
 .debug_abbrev  0x0000179b       0x90 .\CortexM3\ARM_GCC_541\Debug\Project_Final.a(ROW1.o)
 .debug_abbrev  0x0000182b       0x90 .\CortexM3\ARM_GCC_541\Debug\Project_Final.a(ROW0.o)
 .debug_abbrev  0x000018bb       0x90 .\CortexM3\ARM_GCC_541\Debug\Project_Final.a(ROW2.o)
 .debug_abbrev  0x0000194b       0x90 .\CortexM3\ARM_GCC_541\Debug\Project_Final.a(ROW3.o)
 .debug_abbrev  0x000019db       0x90 .\CortexM3\ARM_GCC_541\Debug\Project_Final.a(COL3.o)
 .debug_abbrev  0x00001a6b      0x157 .\CortexM3\ARM_GCC_541\Debug\Project_Final.a(LCD.o)
 .debug_abbrev  0x00001bc2      0x175 .\CortexM3\ARM_GCC_541\Debug\Project_Final.a(UART.o)
 .debug_abbrev  0x00001d37      0x133 .\CortexM3\ARM_GCC_541\Debug\Project_Final.a(PWM.o)
 .debug_abbrev  0x00001e6a      0x139 .\CortexM3\ARM_GCC_541\Debug\Project_Final.a(UART_IntClock.o)
 .debug_abbrev  0x00001fa3      0x1eb .\CortexM3\ARM_GCC_541\Debug\Project_Final.a(ADC.o)
 .debug_abbrev  0x0000218e       0x42 .\CortexM3\ARM_GCC_541\Debug\Project_Final.a(ADC_INT.o)
 .debug_abbrev  0x000021d0       0xb1 .\CortexM3\ARM_GCC_541\Debug\Project_Final.a(ADC_AMux.o)
 .debug_abbrev  0x00002281      0x139 .\CortexM3\ARM_GCC_541\Debug\Project_Final.a(ADC_Ext_CP_Clk.o)
 .debug_abbrev  0x000023ba      0x121 .\CortexM3\ARM_GCC_541\Debug\Project_Final.a(ADC_theACLK.o)
 .debug_abbrev  0x000024db      0x173 .\CortexM3\ARM_GCC_541\Debug\Project_Final.a(pin_SW4_int.o)
 .debug_abbrev  0x0000264e       0xb1 .\CortexM3\ARM_GCC_541\Debug\Project_Final.a(AMux.o)
 .debug_abbrev  0x000026ff      0x173 .\CortexM3\ARM_GCC_541\Debug\Project_Final.a(isr1.o)
 .debug_abbrev  0x00002872       0x14 .\CortexM3\ARM_GCC_541\Debug\Project_Final.a(CyBootAsmGnu.o)
 .debug_abbrev  0x00002886      0x1a7 .\CortexM3\ARM_GCC_541\Debug\Project_Final.a(CyFlash.o)
 .debug_abbrev  0x00002a2d      0x194 .\CortexM3\ARM_GCC_541\Debug\Project_Final.a(CySpc.o)

.debug_line     0x00000000     0x4181
 *(.debug_line)
 .debug_line    0x00000000      0x554 .\CortexM3\ARM_GCC_541\Debug\main.o
 .debug_line    0x00000554      0x1ec .\CortexM3\ARM_GCC_541\Debug\keypad.o
 .debug_line    0x00000740      0x1e6 .\CortexM3\ARM_GCC_541\Debug\morse.o
 .debug_line    0x00000926      0x21f .\CortexM3\ARM_GCC_541\Debug\semaphore.o
 .debug_line    0x00000b45      0x238 .\CortexM3\ARM_GCC_541\Debug\cyfitter_cfg.o
 .debug_line    0x00000d7d      0x141 .\CortexM3\ARM_GCC_541\Debug\cymetadata.o
 .debug_line    0x00000ebe      0x234 .\CortexM3\ARM_GCC_541\Debug\Cm3Start.o
 .debug_line    0x000010f2       0x92 .\CortexM3\ARM_GCC_541\Debug\Project_Final.a(Led_1.o)
 .debug_line    0x00001184       0x92 .\CortexM3\ARM_GCC_541\Debug\Project_Final.a(Led_2.o)
 .debug_line    0x00001216       0x92 .\CortexM3\ARM_GCC_541\Debug\Project_Final.a(Led_3.o)
 .debug_line    0x000012a8       0x92 .\CortexM3\ARM_GCC_541\Debug\Project_Final.a(Led_4.o)
 .debug_line    0x0000133a      0x816 .\CortexM3\ARM_GCC_541\Debug\Project_Final.a(CyLib.o)
 .debug_line    0x00001b50      0x367 .\CortexM3\ARM_GCC_541\Debug\Project_Final.a(cyPm.o)
 .debug_line    0x00001eb7       0x90 .\CortexM3\ARM_GCC_541\Debug\Project_Final.a(SW1.o)
 .debug_line    0x00001f47      0x153 .\CortexM3\ARM_GCC_541\Debug\Project_Final.a(Timer.o)
 .debug_line    0x0000209a       0xe1 .\CortexM3\ARM_GCC_541\Debug\Project_Final.a(VDAC.o)
 .debug_line    0x0000217b      0x130 .\CortexM3\ARM_GCC_541\Debug\Project_Final.a(isr.o)
 .debug_line    0x000022ab       0x90 .\CortexM3\ARM_GCC_541\Debug\Project_Final.a(SW2.o)
 .debug_line    0x0000233b       0x90 .\CortexM3\ARM_GCC_541\Debug\Project_Final.a(SW3.o)
 .debug_line    0x000023cb       0xb4 .\CortexM3\ARM_GCC_541\Debug\Project_Final.a(SW4.o)
 .debug_line    0x0000247f      0x155 .\CortexM3\ARM_GCC_541\Debug\Project_Final.a(Timer_1.o)
 .debug_line    0x000025d4       0x91 .\CortexM3\ARM_GCC_541\Debug\Project_Final.a(COL1.o)
 .debug_line    0x00002665       0x91 .\CortexM3\ARM_GCC_541\Debug\Project_Final.a(COL2.o)
 .debug_line    0x000026f6       0x91 .\CortexM3\ARM_GCC_541\Debug\Project_Final.a(ROW1.o)
 .debug_line    0x00002787       0x91 .\CortexM3\ARM_GCC_541\Debug\Project_Final.a(ROW0.o)
 .debug_line    0x00002818       0x91 .\CortexM3\ARM_GCC_541\Debug\Project_Final.a(ROW2.o)
 .debug_line    0x000028a9       0x91 .\CortexM3\ARM_GCC_541\Debug\Project_Final.a(ROW3.o)
 .debug_line    0x0000293a       0x91 .\CortexM3\ARM_GCC_541\Debug\Project_Final.a(COL3.o)
 .debug_line    0x000029cb      0x1dc .\CortexM3\ARM_GCC_541\Debug\Project_Final.a(LCD.o)
 .debug_line    0x00002ba7      0x2bc .\CortexM3\ARM_GCC_541\Debug\Project_Final.a(UART.o)
 .debug_line    0x00002e63      0x1aa .\CortexM3\ARM_GCC_541\Debug\Project_Final.a(PWM.o)
 .debug_line    0x0000300d      0x17c .\CortexM3\ARM_GCC_541\Debug\Project_Final.a(UART_IntClock.o)
 .debug_line    0x00003189      0x3c1 .\CortexM3\ARM_GCC_541\Debug\Project_Final.a(ADC.o)
 .debug_line    0x0000354a       0x80 .\CortexM3\ARM_GCC_541\Debug\Project_Final.a(ADC_INT.o)
 .debug_line    0x000035ca       0xac .\CortexM3\ARM_GCC_541\Debug\Project_Final.a(ADC_AMux.o)
 .debug_line    0x00003676      0x17d .\CortexM3\ARM_GCC_541\Debug\Project_Final.a(ADC_Ext_CP_Clk.o)
 .debug_line    0x000037f3      0x19d .\CortexM3\ARM_GCC_541\Debug\Project_Final.a(ADC_theACLK.o)
 .debug_line    0x00003990      0x138 .\CortexM3\ARM_GCC_541\Debug\Project_Final.a(pin_SW4_int.o)
 .debug_line    0x00003ac8       0xa8 .\CortexM3\ARM_GCC_541\Debug\Project_Final.a(AMux.o)
 .debug_line    0x00003b70      0x131 .\CortexM3\ARM_GCC_541\Debug\Project_Final.a(isr1.o)
 .debug_line    0x00003ca1       0x66 .\CortexM3\ARM_GCC_541\Debug\Project_Final.a(CyBootAsmGnu.o)
 .debug_line    0x00003d07      0x21a .\CortexM3\ARM_GCC_541\Debug\Project_Final.a(CyFlash.o)
 .debug_line    0x00003f21      0x260 .\CortexM3\ARM_GCC_541\Debug\Project_Final.a(CySpc.o)

.debug_frame    0x00000000     0x2bd0
 *(.debug_frame)
 .debug_frame   0x00000000      0x238 .\CortexM3\ARM_GCC_541\Debug\main.o
 .debug_frame   0x00000238       0x48 .\CortexM3\ARM_GCC_541\Debug\keypad.o
 .debug_frame   0x00000280       0x20 .\CortexM3\ARM_GCC_541\Debug\morse.o
 .debug_frame   0x000002a0       0x40 .\CortexM3\ARM_GCC_541\Debug\semaphore.o
 .debug_frame   0x000002e0      0x13c .\CortexM3\ARM_GCC_541\Debug\cyfitter_cfg.o
 .debug_frame   0x0000041c       0xb8 .\CortexM3\ARM_GCC_541\Debug\Cm3Start.o
 .debug_frame   0x000004d4       0x50 .\CortexM3\ARM_GCC_541\Debug\Project_Final.a(Led_1.o)
 .debug_frame   0x00000524       0x50 .\CortexM3\ARM_GCC_541\Debug\Project_Final.a(Led_2.o)
 .debug_frame   0x00000574       0x50 .\CortexM3\ARM_GCC_541\Debug\Project_Final.a(Led_3.o)
 .debug_frame   0x000005c4       0x50 .\CortexM3\ARM_GCC_541\Debug\Project_Final.a(Led_4.o)
 .debug_frame   0x00000614      0x738 .\CortexM3\ARM_GCC_541\Debug\Project_Final.a(CyLib.o)
 .debug_frame   0x00000d4c      0x1f8 .\CortexM3\ARM_GCC_541\Debug\Project_Final.a(cyPm.o)
 .debug_frame   0x00000f44       0x50 .\CortexM3\ARM_GCC_541\Debug\Project_Final.a(SW1.o)
 .debug_frame   0x00000f94      0x108 .\CortexM3\ARM_GCC_541\Debug\Project_Final.a(Timer.o)
 .debug_frame   0x0000109c       0xb4 .\CortexM3\ARM_GCC_541\Debug\Project_Final.a(VDAC.o)
 .debug_frame   0x00001150      0x104 .\CortexM3\ARM_GCC_541\Debug\Project_Final.a(isr.o)
 .debug_frame   0x00001254       0x50 .\CortexM3\ARM_GCC_541\Debug\Project_Final.a(SW2.o)
 .debug_frame   0x000012a4       0x50 .\CortexM3\ARM_GCC_541\Debug\Project_Final.a(SW3.o)
 .debug_frame   0x000012f4       0x70 .\CortexM3\ARM_GCC_541\Debug\Project_Final.a(SW4.o)
 .debug_frame   0x00001364      0x108 .\CortexM3\ARM_GCC_541\Debug\Project_Final.a(Timer_1.o)
 .debug_frame   0x0000146c       0x50 .\CortexM3\ARM_GCC_541\Debug\Project_Final.a(COL1.o)
 .debug_frame   0x000014bc       0x50 .\CortexM3\ARM_GCC_541\Debug\Project_Final.a(COL2.o)
 .debug_frame   0x0000150c       0x50 .\CortexM3\ARM_GCC_541\Debug\Project_Final.a(ROW1.o)
 .debug_frame   0x0000155c       0x50 .\CortexM3\ARM_GCC_541\Debug\Project_Final.a(ROW0.o)
 .debug_frame   0x000015ac       0x50 .\CortexM3\ARM_GCC_541\Debug\Project_Final.a(ROW2.o)
 .debug_frame   0x000015fc       0x50 .\CortexM3\ARM_GCC_541\Debug\Project_Final.a(ROW3.o)
 .debug_frame   0x0000164c       0x50 .\CortexM3\ARM_GCC_541\Debug\Project_Final.a(COL3.o)
 .debug_frame   0x0000169c      0x1e8 .\CortexM3\ARM_GCC_541\Debug\Project_Final.a(LCD.o)
 .debug_frame   0x00001884      0x250 .\CortexM3\ARM_GCC_541\Debug\Project_Final.a(UART.o)
 .debug_frame   0x00001ad4      0x154 .\CortexM3\ARM_GCC_541\Debug\Project_Final.a(PWM.o)
 .debug_frame   0x00001c28       0xe0 .\CortexM3\ARM_GCC_541\Debug\Project_Final.a(UART_IntClock.o)
 .debug_frame   0x00001d08      0x284 .\CortexM3\ARM_GCC_541\Debug\Project_Final.a(ADC.o)
 .debug_frame   0x00001f8c       0x50 .\CortexM3\ARM_GCC_541\Debug\Project_Final.a(ADC_INT.o)
 .debug_frame   0x00001fdc       0x64 .\CortexM3\ARM_GCC_541\Debug\Project_Final.a(ADC_AMux.o)
 .debug_frame   0x00002040       0xe0 .\CortexM3\ARM_GCC_541\Debug\Project_Final.a(ADC_Ext_CP_Clk.o)
 .debug_frame   0x00002120      0x100 .\CortexM3\ARM_GCC_541\Debug\Project_Final.a(ADC_theACLK.o)
 .debug_frame   0x00002220      0x104 .\CortexM3\ARM_GCC_541\Debug\Project_Final.a(pin_SW4_int.o)
 .debug_frame   0x00002324       0x64 .\CortexM3\ARM_GCC_541\Debug\Project_Final.a(AMux.o)
 .debug_frame   0x00002388      0x104 .\CortexM3\ARM_GCC_541\Debug\Project_Final.a(isr1.o)
 .debug_frame   0x0000248c      0x194 .\CortexM3\ARM_GCC_541\Debug\Project_Final.a(CyFlash.o)
 .debug_frame   0x00002620      0x180 .\CortexM3\ARM_GCC_541\Debug\Project_Final.a(CySpc.o)
 .debug_frame   0x000027a0       0x38 c:/program files (x86)/cypress/psoc creator/4.3/psoc creator/import/gnu/arm/5.4.1/bin/../lib/gcc/arm-none-eabi/5.4.1/../../../../arm-none-eabi/lib/armv7-m\libm.a(lib_a-s_sin.o)
 .debug_frame   0x000027d8       0x48 c:/program files (x86)/cypress/psoc creator/4.3/psoc creator/import/gnu/arm/5.4.1/bin/../lib/gcc/arm-none-eabi/5.4.1/../../../../arm-none-eabi/lib/armv7-m\libm.a(lib_a-e_rem_pio2.o)
 .debug_frame   0x00002820       0x4c c:/program files (x86)/cypress/psoc creator/4.3/psoc creator/import/gnu/arm/5.4.1/bin/../lib/gcc/arm-none-eabi/5.4.1/../../../../arm-none-eabi/lib/armv7-m\libm.a(lib_a-k_cos.o)
 .debug_frame   0x0000286c       0x50 c:/program files (x86)/cypress/psoc creator/4.3/psoc creator/import/gnu/arm/5.4.1/bin/../lib/gcc/arm-none-eabi/5.4.1/../../../../arm-none-eabi/lib/armv7-m\libm.a(lib_a-k_rem_pio2.o)
 .debug_frame   0x000028bc       0x48 c:/program files (x86)/cypress/psoc creator/4.3/psoc creator/import/gnu/arm/5.4.1/bin/../lib/gcc/arm-none-eabi/5.4.1/../../../../arm-none-eabi/lib/armv7-m\libm.a(lib_a-k_sin.o)
 .debug_frame   0x00002904       0x20 c:/program files (x86)/cypress/psoc creator/4.3/psoc creator/import/gnu/arm/5.4.1/bin/../lib/gcc/arm-none-eabi/5.4.1/../../../../arm-none-eabi/lib/armv7-m\libm.a(lib_a-s_fabs.o)
 .debug_frame   0x00002924       0x34 c:/program files (x86)/cypress/psoc creator/4.3/psoc creator/import/gnu/arm/5.4.1/bin/../lib/gcc/arm-none-eabi/5.4.1/../../../../arm-none-eabi/lib/armv7-m\libm.a(lib_a-s_floor.o)
 .debug_frame   0x00002958       0x30 c:/program files (x86)/cypress/psoc creator/4.3/psoc creator/import/gnu/arm/5.4.1/bin/../lib/gcc/arm-none-eabi/5.4.1/../../../../arm-none-eabi/lib/armv7-m\libm.a(lib_a-s_scalbn.o)
 .debug_frame   0x00002988       0x20 c:/program files (x86)/cypress/psoc creator/4.3/psoc creator/import/gnu/arm/5.4.1/bin/../lib/gcc/arm-none-eabi/5.4.1/../../../../arm-none-eabi/lib/armv7-m\libm.a(lib_a-s_copysign.o)
 .debug_frame   0x000029a8       0x20 c:/program files (x86)/cypress/psoc creator/4.3/psoc creator/import/gnu/arm/5.4.1/bin/../lib/gcc/arm-none-eabi/5.4.1/../../../../arm-none-eabi/lib/armv7-m\libg_nano.a(lib_a-errno.o)
 .debug_frame   0x000029c8       0x28 c:/program files (x86)/cypress/psoc creator/4.3/psoc creator/import/gnu/arm/5.4.1/bin/../lib/gcc/arm-none-eabi/5.4.1/../../../../arm-none-eabi/lib/armv7-m\libg_nano.a(lib_a-exit.o)
 .debug_frame   0x000029f0       0x2c c:/program files (x86)/cypress/psoc creator/4.3/psoc creator/import/gnu/arm/5.4.1/bin/../lib/gcc/arm-none-eabi/5.4.1/../../../../arm-none-eabi/lib/armv7-m\libg_nano.a(lib_a-init.o)
 .debug_frame   0x00002a1c       0x30 c:/program files (x86)/cypress/psoc creator/4.3/psoc creator/import/gnu/arm/5.4.1/bin/../lib/gcc/arm-none-eabi/5.4.1/../../../../arm-none-eabi/lib/armv7-m\libg_nano.a(lib_a-malloc.o)
 .debug_frame   0x00002a4c       0x28 c:/program files (x86)/cypress/psoc creator/4.3/psoc creator/import/gnu/arm/5.4.1/bin/../lib/gcc/arm-none-eabi/5.4.1/../../../../arm-none-eabi/lib/armv7-m\libg_nano.a(lib_a-memcpy-stub.o)
 .debug_frame   0x00002a74       0x20 c:/program files (x86)/cypress/psoc creator/4.3/psoc creator/import/gnu/arm/5.4.1/bin/../lib/gcc/arm-none-eabi/5.4.1/../../../../arm-none-eabi/lib/armv7-m\libg_nano.a(lib_a-memset.o)
 .debug_frame   0x00002a94       0x38 c:/program files (x86)/cypress/psoc creator/4.3/psoc creator/import/gnu/arm/5.4.1/bin/../lib/gcc/arm-none-eabi/5.4.1/../../../../arm-none-eabi/lib/armv7-m\libg_nano.a(lib_a-nano-freer.o)
 .debug_frame   0x00002acc       0x2c c:/program files (x86)/cypress/psoc creator/4.3/psoc creator/import/gnu/arm/5.4.1/bin/../lib/gcc/arm-none-eabi/5.4.1/../../../../arm-none-eabi/lib/armv7-m\libg_nano.a(lib_a-nano-mallocr.o)
 .debug_frame   0x00002af8       0x2c c:/program files (x86)/cypress/psoc creator/4.3/psoc creator/import/gnu/arm/5.4.1/bin/../lib/gcc/arm-none-eabi/5.4.1/../../../../arm-none-eabi/lib/armv7-m\libg_nano.a(lib_a-sbrkr.o)
 .debug_frame   0x00002b24       0x20 c:/program files (x86)/cypress/psoc creator/4.3/psoc creator/import/gnu/arm/5.4.1/bin/../lib/gcc/arm-none-eabi/5.4.1/../../../../arm-none-eabi/lib/armv7-m\libg_nano.a(lib_a-strcpy.o)
 .debug_frame   0x00002b44       0x30 c:/program files (x86)/cypress/psoc creator/4.3/psoc creator/import/gnu/arm/5.4.1/bin/../lib/gcc/arm-none-eabi/5.4.1/../../../../arm-none-eabi/lib/armv7-m\libg_nano.a(lib_a-mlock.o)
 .debug_frame   0x00002b74       0x5c c:/program files (x86)/cypress/psoc creator/4.3/psoc creator/import/gnu/arm/5.4.1/bin/../lib/gcc/arm-none-eabi/5.4.1/../../../../arm-none-eabi/lib/armv7-m\libg_nano.a(lib_a-reent.o)

.debug_str      0x00000000     0x2df2
 *(.debug_str)
 .debug_str     0x00000000      0x51b .\CortexM3\ARM_GCC_541\Debug\main.o
                                0x5a0 (size before relaxing)
 .debug_str     0x0000051b       0x5d .\CortexM3\ARM_GCC_541\Debug\keypad.o
                                0x222 (size before relaxing)
 .debug_str     0x00000578       0x3f .\CortexM3\ARM_GCC_541\Debug\morse.o
                                0x1e8 (size before relaxing)
 .debug_str     0x000005b7        0xc .\CortexM3\ARM_GCC_541\Debug\semaphore.o
                                0x1fc (size before relaxing)
 .debug_str     0x000005c3      0x1bb .\CortexM3\ARM_GCC_541\Debug\cyfitter_cfg.o
                                0x395 (size before relaxing)
 .debug_str     0x0000077e       0x75 .\CortexM3\ARM_GCC_541\Debug\cymetadata.o
                                0x1ea (size before relaxing)
 .debug_str     0x000007f3      0x144 .\CortexM3\ARM_GCC_541\Debug\Cm3Start.o
                                0x310 (size before relaxing)
 .debug_str     0x00000937       0x5f .\CortexM3\ARM_GCC_541\Debug\Project_Final.a(Led_1.o)
                                0x1e8 (size before relaxing)
 .debug_str     0x00000996       0x4f .\CortexM3\ARM_GCC_541\Debug\Project_Final.a(Led_2.o)
                                0x1e8 (size before relaxing)
 .debug_str     0x000009e5       0x4f .\CortexM3\ARM_GCC_541\Debug\Project_Final.a(Led_3.o)
                                0x1e8 (size before relaxing)
 .debug_str     0x00000a34       0x4f .\CortexM3\ARM_GCC_541\Debug\Project_Final.a(Led_4.o)
                                0x1e8 (size before relaxing)
 .debug_str     0x00000a83      0x832 .\CortexM3\ARM_GCC_541\Debug\Project_Final.a(CyLib.o)
                                0xa4d (size before relaxing)
 .debug_str     0x000012b5      0x365 .\CortexM3\ARM_GCC_541\Debug\Project_Final.a(cyPm.o)
                                0x739 (size before relaxing)
 .debug_str     0x0000161a       0x48 .\CortexM3\ARM_GCC_541\Debug\Project_Final.a(SW1.o)
                                0x1de (size before relaxing)
 .debug_str     0x00001662      0x132 .\CortexM3\ARM_GCC_541\Debug\Project_Final.a(Timer.o)
                                0x2fb (size before relaxing)
 .debug_str     0x00001794       0x80 .\CortexM3\ARM_GCC_541\Debug\Project_Final.a(VDAC.o)
                                0x21b (size before relaxing)
 .debug_str     0x00001814       0xbe .\CortexM3\ARM_GCC_541\Debug\Project_Final.a(isr.o)
                                0x290 (size before relaxing)
 .debug_str     0x000018d2       0x48 .\CortexM3\ARM_GCC_541\Debug\Project_Final.a(SW2.o)
                                0x1de (size before relaxing)
 .debug_str     0x0000191a       0x48 .\CortexM3\ARM_GCC_541\Debug\Project_Final.a(SW3.o)
                                0x1de (size before relaxing)
 .debug_str     0x00001962       0x66 .\CortexM3\ARM_GCC_541\Debug\Project_Final.a(SW4.o)
                                0x216 (size before relaxing)
 .debug_str     0x000019c8      0x128 .\CortexM3\ARM_GCC_541\Debug\Project_Final.a(Timer_1.o)
                                0x31b (size before relaxing)
 .debug_str     0x00001af0       0x4b .\CortexM3\ARM_GCC_541\Debug\Project_Final.a(COL1.o)
                                0x1e3 (size before relaxing)
 .debug_str     0x00001b3b       0x4b .\CortexM3\ARM_GCC_541\Debug\Project_Final.a(COL2.o)
                                0x1e3 (size before relaxing)
 .debug_str     0x00001b86       0x4c .\CortexM3\ARM_GCC_541\Debug\Project_Final.a(ROW1.o)
                                0x1e3 (size before relaxing)
 .debug_str     0x00001bd2       0x4c .\CortexM3\ARM_GCC_541\Debug\Project_Final.a(ROW0.o)
                                0x1e3 (size before relaxing)
 .debug_str     0x00001c1e       0x4c .\CortexM3\ARM_GCC_541\Debug\Project_Final.a(ROW2.o)
                                0x1e3 (size before relaxing)
 .debug_str     0x00001c6a       0x4c .\CortexM3\ARM_GCC_541\Debug\Project_Final.a(ROW3.o)
                                0x1e3 (size before relaxing)
 .debug_str     0x00001cb6       0x4b .\CortexM3\ARM_GCC_541\Debug\Project_Final.a(COL3.o)
                                0x1e3 (size before relaxing)
 .debug_str     0x00001d01      0x130 .\CortexM3\ARM_GCC_541\Debug\Project_Final.a(LCD.o)
                                0x331 (size before relaxing)
 .debug_str     0x00001e31      0x242 .\CortexM3\ARM_GCC_541\Debug\Project_Final.a(UART.o)
                                0x47b (size before relaxing)
 .debug_str     0x00002073      0x14a .\CortexM3\ARM_GCC_541\Debug\Project_Final.a(PWM.o)
                                0x363 (size before relaxing)
 .debug_str     0x000021bd      0x183 .\CortexM3\ARM_GCC_541\Debug\Project_Final.a(UART_IntClock.o)
                                0x33c (size before relaxing)
 .debug_str     0x00002340      0x31f .\CortexM3\ARM_GCC_541\Debug\Project_Final.a(ADC.o)
                                0x5cf (size before relaxing)
 .debug_str     0x0000265f       0x45 .\CortexM3\ARM_GCC_541\Debug\Project_Final.a(ADC_INT.o)
                                0x1c6 (size before relaxing)
 .debug_str     0x000026a4       0x5f .\CortexM3\ARM_GCC_541\Debug\Project_Final.a(ADC_AMux.o)
                                0x205 (size before relaxing)
 .debug_str     0x00002703      0x12a .\CortexM3\ARM_GCC_541\Debug\Project_Final.a(ADC_Ext_CP_Clk.o)
                                0x348 (size before relaxing)
 .debug_str     0x0000282d      0x14f .\CortexM3\ARM_GCC_541\Debug\Project_Final.a(ADC_theACLK.o)
                                0x367 (size before relaxing)
 .debug_str     0x0000297c      0x126 .\CortexM3\ARM_GCC_541\Debug\Project_Final.a(pin_SW4_int.o)
                                0x300 (size before relaxing)
 .debug_str     0x00002aa2       0x1e .\CortexM3\ARM_GCC_541\Debug\Project_Final.a(AMux.o)
                                0x1e9 (size before relaxing)
 .debug_str     0x00002ac0       0xcb .\CortexM3\ARM_GCC_541\Debug\Project_Final.a(isr1.o)
                                0x29e (size before relaxing)
 .debug_str     0x00002b8b      0x1bb .\CortexM3\ARM_GCC_541\Debug\Project_Final.a(CyFlash.o)
                                0x3c6 (size before relaxing)
 .debug_str     0x00002d46       0xac .\CortexM3\ARM_GCC_541\Debug\Project_Final.a(CySpc.o)
                                0x33e (size before relaxing)

.debug_loc      0x00000000     0x362d
 *(.debug_loc)
 .debug_loc     0x00000000      0x347 .\CortexM3\ARM_GCC_541\Debug\main.o
 .debug_loc     0x00000347       0x86 .\CortexM3\ARM_GCC_541\Debug\morse.o
 .debug_loc     0x000003cd       0xd0 .\CortexM3\ARM_GCC_541\Debug\semaphore.o
 .debug_loc     0x0000049d      0x2c7 .\CortexM3\ARM_GCC_541\Debug\cyfitter_cfg.o
 .debug_loc     0x00000764      0x144 .\CortexM3\ARM_GCC_541\Debug\Cm3Start.o
 .debug_loc     0x000008a8       0x42 .\CortexM3\ARM_GCC_541\Debug\Project_Final.a(Led_1.o)
 .debug_loc     0x000008ea       0x42 .\CortexM3\ARM_GCC_541\Debug\Project_Final.a(Led_2.o)
 .debug_loc     0x0000092c       0x42 .\CortexM3\ARM_GCC_541\Debug\Project_Final.a(Led_3.o)
 .debug_loc     0x0000096e       0x42 .\CortexM3\ARM_GCC_541\Debug\Project_Final.a(Led_4.o)
 .debug_loc     0x000009b0      0xa11 .\CortexM3\ARM_GCC_541\Debug\Project_Final.a(CyLib.o)
 .debug_loc     0x000013c1      0x1e4 .\CortexM3\ARM_GCC_541\Debug\Project_Final.a(cyPm.o)
 .debug_loc     0x000015a5       0x42 .\CortexM3\ARM_GCC_541\Debug\Project_Final.a(SW1.o)
 .debug_loc     0x000015e7       0x79 .\CortexM3\ARM_GCC_541\Debug\Project_Final.a(VDAC.o)
 .debug_loc     0x00001660       0x56 .\CortexM3\ARM_GCC_541\Debug\Project_Final.a(isr.o)
 .debug_loc     0x000016b6       0x42 .\CortexM3\ARM_GCC_541\Debug\Project_Final.a(SW2.o)
 .debug_loc     0x000016f8       0x42 .\CortexM3\ARM_GCC_541\Debug\Project_Final.a(SW3.o)
 .debug_loc     0x0000173a       0x84 .\CortexM3\ARM_GCC_541\Debug\Project_Final.a(SW4.o)
 .debug_loc     0x000017be       0x42 .\CortexM3\ARM_GCC_541\Debug\Project_Final.a(COL1.o)
 .debug_loc     0x00001800       0x42 .\CortexM3\ARM_GCC_541\Debug\Project_Final.a(COL2.o)
 .debug_loc     0x00001842       0x42 .\CortexM3\ARM_GCC_541\Debug\Project_Final.a(ROW1.o)
 .debug_loc     0x00001884       0x42 .\CortexM3\ARM_GCC_541\Debug\Project_Final.a(ROW0.o)
 .debug_loc     0x000018c6       0x42 .\CortexM3\ARM_GCC_541\Debug\Project_Final.a(ROW2.o)
 .debug_loc     0x00001908       0x42 .\CortexM3\ARM_GCC_541\Debug\Project_Final.a(ROW3.o)
 .debug_loc     0x0000194a       0x42 .\CortexM3\ARM_GCC_541\Debug\Project_Final.a(COL3.o)
 .debug_loc     0x0000198c      0x3c6 .\CortexM3\ARM_GCC_541\Debug\Project_Final.a(LCD.o)
 .debug_loc     0x00001d52      0x258 .\CortexM3\ARM_GCC_541\Debug\Project_Final.a(UART.o)
 .debug_loc     0x00001faa       0x26 .\CortexM3\ARM_GCC_541\Debug\Project_Final.a(PWM.o)
 .debug_loc     0x00001fd0      0x128 .\CortexM3\ARM_GCC_541\Debug\Project_Final.a(UART_IntClock.o)
 .debug_loc     0x000020f8      0x681 .\CortexM3\ARM_GCC_541\Debug\Project_Final.a(ADC.o)
 .debug_loc     0x00002779       0x6c .\CortexM3\ARM_GCC_541\Debug\Project_Final.a(ADC_AMux.o)
 .debug_loc     0x000027e5      0x12c .\CortexM3\ARM_GCC_541\Debug\Project_Final.a(ADC_Ext_CP_Clk.o)
 .debug_loc     0x00002911      0x14d .\CortexM3\ARM_GCC_541\Debug\Project_Final.a(ADC_theACLK.o)
 .debug_loc     0x00002a5e       0x56 .\CortexM3\ARM_GCC_541\Debug\Project_Final.a(pin_SW4_int.o)
 .debug_loc     0x00002ab4       0x6c .\CortexM3\ARM_GCC_541\Debug\Project_Final.a(AMux.o)
 .debug_loc     0x00002b20       0x56 .\CortexM3\ARM_GCC_541\Debug\Project_Final.a(isr1.o)
 .debug_loc     0x00002b76      0x3b2 .\CortexM3\ARM_GCC_541\Debug\Project_Final.a(CyFlash.o)
 .debug_loc     0x00002f28      0x705 .\CortexM3\ARM_GCC_541\Debug\Project_Final.a(CySpc.o)

.debug_macinfo
 *(.debug_macinfo)

.debug_ranges   0x00000000      0xf08
 *(.debug_ranges)
 .debug_ranges  0x00000000       0xc8 .\CortexM3\ARM_GCC_541\Debug\main.o
 .debug_ranges  0x000000c8       0x18 .\CortexM3\ARM_GCC_541\Debug\keypad.o
 .debug_ranges  0x000000e0       0x10 .\CortexM3\ARM_GCC_541\Debug\morse.o
 .debug_ranges  0x000000f0       0x18 .\CortexM3\ARM_GCC_541\Debug\semaphore.o
 .debug_ranges  0x00000108       0x68 .\CortexM3\ARM_GCC_541\Debug\cyfitter_cfg.o
 .debug_ranges  0x00000170       0x38 .\CortexM3\ARM_GCC_541\Debug\Cm3Start.o
 .debug_ranges  0x000001a8       0x28 .\CortexM3\ARM_GCC_541\Debug\Project_Final.a(Led_1.o)
 .debug_ranges  0x000001d0       0x28 .\CortexM3\ARM_GCC_541\Debug\Project_Final.a(Led_2.o)
 .debug_ranges  0x000001f8       0x28 .\CortexM3\ARM_GCC_541\Debug\Project_Final.a(Led_3.o)
 .debug_ranges  0x00000220       0x28 .\CortexM3\ARM_GCC_541\Debug\Project_Final.a(Led_4.o)
 .debug_ranges  0x00000248      0x290 .\CortexM3\ARM_GCC_541\Debug\Project_Final.a(CyLib.o)
 .debug_ranges  0x000004d8       0x88 .\CortexM3\ARM_GCC_541\Debug\Project_Final.a(cyPm.o)
 .debug_ranges  0x00000560       0x28 .\CortexM3\ARM_GCC_541\Debug\Project_Final.a(SW1.o)
 .debug_ranges  0x00000588       0x78 .\CortexM3\ARM_GCC_541\Debug\Project_Final.a(Timer.o)
 .debug_ranges  0x00000600       0x48 .\CortexM3\ARM_GCC_541\Debug\Project_Final.a(VDAC.o)
 .debug_ranges  0x00000648       0x70 .\CortexM3\ARM_GCC_541\Debug\Project_Final.a(isr.o)
 .debug_ranges  0x000006b8       0x28 .\CortexM3\ARM_GCC_541\Debug\Project_Final.a(SW2.o)
 .debug_ranges  0x000006e0       0x28 .\CortexM3\ARM_GCC_541\Debug\Project_Final.a(SW3.o)
 .debug_ranges  0x00000708       0x38 .\CortexM3\ARM_GCC_541\Debug\Project_Final.a(SW4.o)
 .debug_ranges  0x00000740       0x78 .\CortexM3\ARM_GCC_541\Debug\Project_Final.a(Timer_1.o)
 .debug_ranges  0x000007b8       0x28 .\CortexM3\ARM_GCC_541\Debug\Project_Final.a(COL1.o)
 .debug_ranges  0x000007e0       0x28 .\CortexM3\ARM_GCC_541\Debug\Project_Final.a(COL2.o)
 .debug_ranges  0x00000808       0x28 .\CortexM3\ARM_GCC_541\Debug\Project_Final.a(ROW1.o)
 .debug_ranges  0x00000830       0x28 .\CortexM3\ARM_GCC_541\Debug\Project_Final.a(ROW0.o)
 .debug_ranges  0x00000858       0x28 .\CortexM3\ARM_GCC_541\Debug\Project_Final.a(ROW2.o)
 .debug_ranges  0x00000880       0x28 .\CortexM3\ARM_GCC_541\Debug\Project_Final.a(ROW3.o)
 .debug_ranges  0x000008a8       0x28 .\CortexM3\ARM_GCC_541\Debug\Project_Final.a(COL3.o)
 .debug_ranges  0x000008d0       0x88 .\CortexM3\ARM_GCC_541\Debug\Project_Final.a(LCD.o)
 .debug_ranges  0x00000958       0xe0 .\CortexM3\ARM_GCC_541\Debug\Project_Final.a(UART.o)
 .debug_ranges  0x00000a38       0x98 .\CortexM3\ARM_GCC_541\Debug\Project_Final.a(PWM.o)
 .debug_ranges  0x00000ad0       0x60 .\CortexM3\ARM_GCC_541\Debug\Project_Final.a(UART_IntClock.o)
 .debug_ranges  0x00000b30       0xd8 .\CortexM3\ARM_GCC_541\Debug\Project_Final.a(ADC.o)
 .debug_ranges  0x00000c08       0x28 .\CortexM3\ARM_GCC_541\Debug\Project_Final.a(ADC_INT.o)
 .debug_ranges  0x00000c30       0x20 .\CortexM3\ARM_GCC_541\Debug\Project_Final.a(ADC_AMux.o)
 .debug_ranges  0x00000c50       0x60 .\CortexM3\ARM_GCC_541\Debug\Project_Final.a(ADC_Ext_CP_Clk.o)
 .debug_ranges  0x00000cb0       0x70 .\CortexM3\ARM_GCC_541\Debug\Project_Final.a(ADC_theACLK.o)
 .debug_ranges  0x00000d20       0x70 .\CortexM3\ARM_GCC_541\Debug\Project_Final.a(pin_SW4_int.o)
 .debug_ranges  0x00000d90       0x20 .\CortexM3\ARM_GCC_541\Debug\Project_Final.a(AMux.o)
 .debug_ranges  0x00000db0       0x70 .\CortexM3\ARM_GCC_541\Debug\Project_Final.a(isr1.o)
 .debug_ranges  0x00000e20       0x78 .\CortexM3\ARM_GCC_541\Debug\Project_Final.a(CyFlash.o)
 .debug_ranges  0x00000e98       0x70 .\CortexM3\ARM_GCC_541\Debug\Project_Final.a(CySpc.o)

.comment        0x00000000       0x6e
 .comment       0x00000000       0x6e .\CortexM3\ARM_GCC_541\Debug\main.o
                                 0x6f (size before relaxing)
 .comment       0x0000006e       0x6f .\CortexM3\ARM_GCC_541\Debug\keypad.o
 .comment       0x0000006e       0x6f .\CortexM3\ARM_GCC_541\Debug\morse.o
 .comment       0x0000006e       0x6f .\CortexM3\ARM_GCC_541\Debug\semaphore.o
 .comment       0x0000006e       0x6f .\CortexM3\ARM_GCC_541\Debug\cyfitter_cfg.o
 .comment       0x0000006e       0x6f .\CortexM3\ARM_GCC_541\Debug\cymetadata.o
 .comment       0x0000006e       0x6f .\CortexM3\ARM_GCC_541\Debug\Cm3Start.o
 .comment       0x0000006e       0x6f .\CortexM3\ARM_GCC_541\Debug\Project_Final.a(Led_1.o)
 .comment       0x0000006e       0x6f .\CortexM3\ARM_GCC_541\Debug\Project_Final.a(Led_2.o)
 .comment       0x0000006e       0x6f .\CortexM3\ARM_GCC_541\Debug\Project_Final.a(Led_3.o)
 .comment       0x0000006e       0x6f .\CortexM3\ARM_GCC_541\Debug\Project_Final.a(Led_4.o)