Archive member included to satisfy reference by file (symbol)

.\CortexM3\ARM_GCC_541\Debug\Project_Final.a(Led_1.o)
                              .\CortexM3\ARM_GCC_541\Debug\main.o (Led_1_Write)
.\CortexM3\ARM_GCC_541\Debug\Project_Final.a(Led_2.o)
                              .\CortexM3\ARM_GCC_541\Debug\main.o (Led_2_Write)
.\CortexM3\ARM_GCC_541\Debug\Project_Final.a(Led_3.o)
                              .\CortexM3\ARM_GCC_541\Debug\main.o (Led_3_Write)
.\CortexM3\ARM_GCC_541\Debug\Project_Final.a(Led_4.o)
                              .\CortexM3\ARM_GCC_541\Debug\main.o (Led_4_Write)
.\CortexM3\ARM_GCC_541\Debug\Project_Final.a(CyLib.o)
                              .\CortexM3\ARM_GCC_541\Debug\Cm3Start.o (CyHalt)
.\CortexM3\ARM_GCC_541\Debug\Project_Final.a(cyPm.o)
                              .\CortexM3\ARM_GCC_541\Debug\Project_Final.a(CyLib.o) (CyPmReadStatus)
.\CortexM3\ARM_GCC_541\Debug\Project_Final.a(SW1.o)
                              .\CortexM3\ARM_GCC_541\Debug\main.o (SW1_Read)
.\CortexM3\ARM_GCC_541\Debug\Project_Final.a(Timer.o)
                              .\CortexM3\ARM_GCC_541\Debug\main.o (Timer_Stop)
.\CortexM3\ARM_GCC_541\Debug\Project_Final.a(VDAC.o)
                              .\CortexM3\ARM_GCC_541\Debug\main.o (VDAC_SetValue)
.\CortexM3\ARM_GCC_541\Debug\Project_Final.a(isr.o)
                              .\CortexM3\ARM_GCC_541\Debug\main.o (isr_StartEx)
.\CortexM3\ARM_GCC_541\Debug\Project_Final.a(SW2.o)
                              .\CortexM3\ARM_GCC_541\Debug\main.o (SW2_Read)
.\CortexM3\ARM_GCC_541\Debug\Project_Final.a(SW3.o)
                              .\CortexM3\ARM_GCC_541\Debug\main.o (SW3_Read)
.\CortexM3\ARM_GCC_541\Debug\Project_Final.a(SW4.o)
                              .\CortexM3\ARM_GCC_541\Debug\main.o (SW4_ClearInterrupt)
.\CortexM3\ARM_GCC_541\Debug\Project_Final.a(Timer_1.o)
                              .\CortexM3\ARM_GCC_541\Debug\main.o (Timer_1_ReadStatusRegister)
.\CortexM3\ARM_GCC_541\Debug\Project_Final.a(COL1.o)
                              .\CortexM3\ARM_GCC_541\Debug\keypad.o (COL1_Write)
.\CortexM3\ARM_GCC_541\Debug\Project_Final.a(COL2.o)
                              .\CortexM3\ARM_GCC_541\Debug\keypad.o (COL2_Write)
.\CortexM3\ARM_GCC_541\Debug\Project_Final.a(ROW1.o)
                              .\CortexM3\ARM_GCC_541\Debug\keypad.o (ROW1_Read)
.\CortexM3\ARM_GCC_541\Debug\Project_Final.a(ROW0.o)
                              .\CortexM3\ARM_GCC_541\Debug\keypad.o (ROW0_Read)
.\CortexM3\ARM_GCC_541\Debug\Project_Final.a(ROW2.o)
                              .\CortexM3\ARM_GCC_541\Debug\keypad.o (ROW2_Read)
.\CortexM3\ARM_GCC_541\Debug\Project_Final.a(ROW3.o)
                              .\CortexM3\ARM_GCC_541\Debug\keypad.o (ROW3_Read)
.\CortexM3\ARM_GCC_541\Debug\Project_Final.a(COL3.o)
                              .\CortexM3\ARM_GCC_541\Debug\keypad.o (COL3_Write)
.\CortexM3\ARM_GCC_541\Debug\Project_Final.a(LCD.o)
                              .\CortexM3\ARM_GCC_541\Debug\main.o (LCD_PrintString)
.\CortexM3\ARM_GCC_541\Debug\Project_Final.a(UART.o)
                              .\CortexM3\ARM_GCC_541\Debug\main.o (UART_Start)
.\CortexM3\ARM_GCC_541\Debug\Project_Final.a(PWM.o)
                              .\CortexM3\ARM_GCC_541\Debug\main.o (PWM_Stop)
.\CortexM3\ARM_GCC_541\Debug\Project_Final.a(UART_IntClock.o)
                              .\CortexM3\ARM_GCC_541\Debug\Project_Final.a(UART.o) (UART_IntClock_Start)
.\CortexM3\ARM_GCC_541\Debug\Project_Final.a(ADC.o)
                              .\CortexM3\ARM_GCC_541\Debug\main.o (ADC_Start)
.\CortexM3\ARM_GCC_541\Debug\Project_Final.a(ADC_INT.o)
                              .\CortexM3\ARM_GCC_541\Debug\Project_Final.a(ADC.o) (ADC_ISR1)
.\CortexM3\ARM_GCC_541\Debug\Project_Final.a(ADC_AMux.o)
                              .\CortexM3\ARM_GCC_541\Debug\Project_Final.a(ADC.o) (ADC_AMux_Select)
.\CortexM3\ARM_GCC_541\Debug\Project_Final.a(ADC_Ext_CP_Clk.o)
                              .\CortexM3\ARM_GCC_541\Debug\Project_Final.a(ADC.o) (ADC_Ext_CP_Clk_SetModeRegister)
.\CortexM3\ARM_GCC_541\Debug\Project_Final.a(ADC_theACLK.o)
                              .\CortexM3\ARM_GCC_541\Debug\Project_Final.a(ADC.o) (ADC_theACLK_SetModeRegister)
.\CortexM3\ARM_GCC_541\Debug\Project_Final.a(pin_SW4_int.o)
                              .\CortexM3\ARM_GCC_541\Debug\main.o (pin_SW4_int_StartEx)
.\CortexM3\ARM_GCC_541\Debug\Project_Final.a(AMux.o)
                              .\CortexM3\ARM_GCC_541\Debug\main.o (AMux_FastSelect)
.\CortexM3\ARM_GCC_541\Debug\Project_Final.a(isr1.o)
                              .\CortexM3\ARM_GCC_541\Debug\main.o (isr1_StartEx)
.\CortexM3\ARM_GCC_541\Debug\Project_Final.a(CyBootAsmGnu.o)
                              .\CortexM3\ARM_GCC_541\Debug\cyfitter_cfg.o (CyDelayCycles)
.\CortexM3\ARM_GCC_541\Debug\Project_Final.a(CyFlash.o)
                              .\CortexM3\ARM_GCC_541\Debug\Project_Final.a(cyPm.o) (CyFlash_SetWaitCycles)
[...]
Memory Configuration

Name             Origin             Length             Attributes
rom              0x00000000         0x00040000         xr
ram              0x1fff8000         0x00010000         xrw
*default*        0x00000000         0xffffffff

Linker script and memory map

LOAD c:/program files (x86)/cypress/psoc creator/4.3/psoc creator/import/gnu/arm/5.4.1/bin/../lib/gcc/arm-none-eabi/5.4.1/armv7-m/crti.o
LOAD c:/program files (x86)/cypress/psoc creator/4.3/psoc creator/import/gnu/arm/5.4.1/bin/../lib/gcc/arm-none-eabi/5.4.1/armv7-m/crtbegin.o
LOAD c:/program files (x86)/cypress/psoc creator/4.3/psoc creator/import/gnu/arm/5.4.1/bin/../lib/gcc/arm-none-eabi/5.4.1/../../../../arm-none-eabi/lib/armv7-m/crt0.o
START GROUP
LOAD .\CortexM3\ARM_GCC_541\Debug\main.o
LOAD .\CortexM3\ARM_GCC_541\Debug\keypad.o
LOAD .\CortexM3\ARM_GCC_541\Debug\morse.o
LOAD .\CortexM3\ARM_GCC_541\Debug\semaphore.o
LOAD .\CortexM3\ARM_GCC_541\Debug\cyfitter_cfg.o
LOAD .\CortexM3\ARM_GCC_541\Debug\cymetadata.o
LOAD .\CortexM3\ARM_GCC_541\Debug\Cm3Start.o
LOAD .\CortexM3\ARM_GCC_541\Debug\Project_Final.a
LOAD C:\Program Files (x86)\Cypress\PSoC Creator\4.3\PSoC Creator\psoc\content\cycomponentlibrary\CyComponentLibrary.cylib\CortexM3\ARM_GCC_541\Debug\CyComponentLibrary.a
LOAD c:/program files (x86)/cypress/psoc creator/4.3/psoc creator/import/gnu/arm/5.4.1/bin/../lib/gcc/arm-none-eabi/5.4.1/../../../../arm-none-eabi/lib/armv7-m\libm.a
END GROUP
START GROUP
LOAD c:/program files (x86)/cypress/psoc creator/4.3/psoc creator/import/gnu/arm/5.4.1/bin/../lib/gcc/arm-none-eabi/5.4.1/armv7-m\libgcc.a
LOAD c:/program files (x86)/cypress/psoc creator/4.3/psoc creator/import/gnu/arm/5.4.1/bin/../lib/gcc/arm-none-eabi/5.4.1/../../../../arm-none-eabi/lib/armv7-m\libg_nano.a
LOAD c:/program files (x86)/cypress/psoc creator/4.3/psoc creator/import/gnu/arm/5.4.1/bin/../lib/gcc/arm-none-eabi/5.4.1/../../../../arm-none-eabi/lib/armv7-m\libc_nano.a
END GROUP
START GROUP
LOAD c:/program files (x86)/cypress/psoc creator/4.3/psoc creator/import/gnu/arm/5.4.1/bin/../lib/gcc/arm-none-eabi/5.4.1/armv7-m\libgcc.a
LOAD c:/program files (x86)/cypress/psoc creator/4.3/psoc creator/import/gnu/arm/5.4.1/bin/../lib/gcc/arm-none-eabi/5.4.1/../../../../arm-none-eabi/lib/armv7-m\libc_nano.a
END GROUP
LOAD c:/program files (x86)/cypress/psoc creator/4.3/psoc creator/import/gnu/arm/5.4.1/bin/../lib/gcc/arm-none-eabi/5.4.1/armv7-m/crtend.o
LOAD c:/program files (x86)/cypress/psoc creator/4.3/psoc creator/import/gnu/arm/5.4.1/bin/../lib/gcc/arm-none-eabi/5.4.1/armv7-m/crtn.o
START GROUP
LOAD c:/program files (x86)/cypress/psoc creator/4.3/psoc creator/import/gnu/arm/5.4.1/bin/../lib/gcc/arm-none-eabi/5.4.1/armv7-m\libgcc.a
LOAD c:/program files (x86)/cypress/psoc creator/4.3/psoc creator/import/gnu/arm/5.4.1/bin/../lib/gcc/arm-none-eabi/5.4.1/../../../../arm-none-eabi/lib/armv7-m\libc.a
LOAD c:/program files (x86)/cypress/psoc creator/4.3/psoc creator/import/gnu/arm/5.4.1/bin/../lib/gcc/arm-none-eabi/5.4.1/../../../../arm-none-eabi/lib/armv7-m\libnosys.a
END GROUP
                0x00000000                CY_APPL_ORIGIN = 0x0
                0x00000100                CY_FLASH_ROW_SIZE = 0x100
                0x00000020                CY_ECC_ROW_SIZE = 0x20
                0x00000000                CY_EE_IN_BTLDR = 0x0
                0x00000000                CY_APPL_LOADABLE = 0x0
                0x00000800                CY_EE_SIZE = 0x800
                0x00000001                CY_APPL_NUM = 0x1
                0x00000001                CY_APPL_MAX = 0x1
                0x00000040                CY_METADATA_SIZE = 0x40
                0x00000000                CY_APPL_LOADABLE = 0x0
                0x00000000                CY_CHECKSUM_EXCLUDE_SIZE = ALIGN (0x0, CY_FLASH_ROW_SIZE)
                [!provide]                PROVIDE (__cy_heap_start, _end)
                0x00000001                PROVIDE (__cy_region_num, ((__cy_regions_end - __cy_regions) / 0x10))
                0x20008000                PROVIDE (__cy_stack, (ORIGIN (ram) + LENGTH (ram)))
                [!provide]                PROVIDE (__cy_heap_end, (__cy_stack - 0x800))

.cybootloader   0x00000000        0x0
 *(.cybootloader)
                0x00000000                appl1_start = CY_APPL_ORIGIN?CY_APPL_ORIGIN:ALIGN (CY_FLASH_ROW_SIZE)
                0x0001ff00                appl2_start = (appl1_start + ALIGN ((((LENGTH (rom) - appl1_start) - (0x2 * CY_FLASH_ROW_SIZE)) / 0x2), CY_FLASH_ROW_SIZE))
                0x00000000                appl_start = (CY_APPL_NUM == 0x1)?appl1_start:appl2_start
                0x00000000                ecc_offset = ((appl_start / CY_FLASH_ROW_SIZE) * CY_ECC_ROW_SIZE)
                0x00000000                ee_offset = (CY_APPL_LOADABLE && ! (CY_EE_IN_BTLDR))?((CY_EE_SIZE / CY_APPL_MAX) * (CY_APPL_NUM - 0x1)):0x0
                0x00000800                ee_size = (CY_APPL_LOADABLE && ! (CY_EE_IN_BTLDR))?(CY_EE_SIZE / CY_APPL_MAX):CY_EE_SIZE
                [!provide]                PROVIDE (CY_ECC_OFFSET, ecc_offset)

.text           0x00000000     0x3ee8
 CREATE_OBJECT_SYMBOLS
                0x00000000                PROVIDE (__cy_interrupt_vector, RomVectors)
 *(.romvectors)
 .romvectors    0x00000000       0x10 .\CortexM3\ARM_GCC_541\Debug\Cm3Start.o
                0x00000000                RomVectors
                0x00000001                ASSERT ((. != __cy_interrupt_vector), No interrupt vector)
                0x00000001                ASSERT (CY_APPL_ORIGIN?(SIZEOF (.cybootloader) <= CY_APPL_ORIGIN):0x1, Wrong image location)
                0x00000010                PROVIDE (__cy_reset, Reset)
 *(.text.Reset)
 .text.Reset    0x00000010       0x18 .\CortexM3\ARM_GCC_541\Debug\Cm3Start.o
                0x00000010                Reset
                0x00000001                ASSERT ((. != __cy_reset), No reset code)
 *(.dma_init)
                0x00000001                ASSERT ((((appl_start + .) <= 0x10000) || 0x1), DMA Init must be within the first 64k of flash)
 *(.text .text.* .gnu.linkonce.t.*)
 .text          0x00000028       0x5c c:/program files (x86)/cypress/psoc creator/4.3/psoc creator/import/gnu/arm/5.4.1/bin/../lib/gcc/arm-none-eabi/5.4.1/armv7-m/crtbegin.o
 .text.Timer_Handler
                0x00000084       0x34 .\CortexM3\ARM_GCC_541\Debug\main.o
                0x00000084                Timer_Handler
 .text.SW4_Handler
                0x000000b8       0x18 .\CortexM3\ARM_GCC_541\Debug\main.o
                0x000000b8                SW4_Handler
 .text.UART_Handler
                0x000000d0       0x4c .\CortexM3\ARM_GCC_541\Debug\main.o
                0x000000d0                UART_Handler
 .text.displayMessage
                0x0000011c       0x14 .\CortexM3\ARM_GCC_541\Debug\main.o
                0x0000011c                displayMessage
 .text.checkTimerStatus
                0x00000130       0x1c .\CortexM3\ARM_GCC_541\Debug\main.o
                0x00000130                checkTimerStatus
 .text.ledsState
                0x0000014c       0x20 .\CortexM3\ARM_GCC_541\Debug\main.o
                0x0000014c                ledsState
 .text.activateSoundAndLEDS
                0x0000016c       0x44 .\CortexM3\ARM_GCC_541\Debug\main.o
                0x0000016c                activateSoundAndLEDS
 .text.UART_WriteChar
                0x000001b0       0x64 .\CortexM3\ARM_GCC_541\Debug\main.o
                0x000001b0                UART_WriteChar
 .text.switchMorseCode
                0x00000214       0x60 .\CortexM3\ARM_GCC_541\Debug\main.o
                0x00000214                switchMorseCode
 .text.sendMorseToComputer
                0x00000274       0x48 .\CortexM3\ARM_GCC_541\Debug\main.o
                0x00000274                sendMorseToComputer
 .text.sendSignal
                0x000002bc       0xc4 .\CortexM3\ARM_GCC_541\Debug\main.o
                0x000002bc                sendSignal
 .text.pushSW1  0x00000380       0x20 .\CortexM3\ARM_GCC_541\Debug\main.o
                0x00000380                pushSW1
 .text.pushSW2  0x000003a0       0x2c .\CortexM3\ARM_GCC_541\Debug\main.o
                0x000003a0                pushSW2
 .text.pushSW3  0x000003cc       0x2c .\CortexM3\ARM_GCC_541\Debug\main.o
                0x000003cc                pushSW3
 .text.photoResistor
                0x000003f8       0x3c .\CortexM3\ARM_GCC_541\Debug\main.o
                0x000003f8                photoResistor
 .text.keyboard
                0x00000434       0xb8 .\CortexM3\ARM_GCC_541\Debug\main.o
                0x00000434                keyboard
 *fill*         0x000004ec        0x4 
 .text.potentiometer
                0x000004f0       0x4c .\CortexM3\ARM_GCC_541\Debug\main.o
                0x000004f0                potentiometer
 *fill*         0x0000053c        0x4 
 .text.main     0x00000540      0x108 .\CortexM3\ARM_GCC_541\Debug\main.o
                0x00000540                main
 .text.keypadScan
                0x00000648       0xfc .\CortexM3\ARM_GCC_541\Debug\keypad.o
                0x00000648                keypadScan
 .text.getMorse
                0x00000744       0x28 .\CortexM3\ARM_GCC_541\Debug\morse.o
                0x00000744                getMorse
 *fill*         0x0000076c        0x4 
 .text.getSemaphore
                0x00000770       0xa0 .\CortexM3\ARM_GCC_541\Debug\semaphore.o
                0x00000770                getSemaphore
 .text.CyClockStartupError
                0x00000810        0x4 .\CortexM3\ARM_GCC_541\Debug\cyfitter_cfg.o
 .text.cfg_write_bytes32
                0x00000814       0x34 .\CortexM3\ARM_GCC_541\Debug\cyfitter_cfg.o
 .text.AnalogSetDefault
                0x00000848       0x40 .\CortexM3\ARM_GCC_541\Debug\cyfitter_cfg.o
 .text.CYMEMZERO
                0x00000888        0xc .\CortexM3\ARM_GCC_541\Debug\cyfitter_cfg.o
 .text.CYCONFIGCPY
                0x00000894        0x8 .\CortexM3\ARM_GCC_541\Debug\cyfitter_cfg.o
 .text.ClockSetup
                0x0000089c      0x100 .\CortexM3\ARM_GCC_541\Debug\cyfitter_cfg.o
 .text.AMux_Set
                0x0000099c       0x34 .\CortexM3\ARM_GCC_541\Debug\cyfitter_cfg.o
                0x0000099c                AMux_Set
 .text.AMux_Unset
                0x000009d0       0x38 .\CortexM3\ARM_GCC_541\Debug\cyfitter_cfg.o
                0x000009d0                AMux_Unset
 .text.ADC_AMux_Set
                0x00000a08       0x1c .\CortexM3\ARM_GCC_541\Debug\cyfitter_cfg.o
                0x00000a08                ADC_AMux_Set
 .text.ADC_AMux_Unset
                0x00000a24       0x20 .\CortexM3\ARM_GCC_541\Debug\cyfitter_cfg.o
                0x00000a24                ADC_AMux_Unset
 .text.cyfitter_cfg
                0x00000a44      0x12c .\CortexM3\ARM_GCC_541\Debug\cyfitter_cfg.o
                0x00000a44                cyfitter_cfg
 .text.IntDefaultHandler
                0x00000b70       0x10 .\CortexM3\ARM_GCC_541\Debug\Cm3Start.o
                0x00000b70                IntDefaultHandler
 .text._sbrk    0x00000b80       0x30 .\CortexM3\ARM_GCC_541\Debug\Cm3Start.o
                0x00000b80                _sbrk
 .text.Start_c  0x00000bb0       0x4c .\CortexM3\ARM_GCC_541\Debug\Cm3Start.o
                0x00000bb0                Start_c
 .text.initialize_psoc
                0x00000bfc       0x68 .\CortexM3\ARM_GCC_541\Debug\Cm3Start.o
                0x00000bfc                initialize_psoc
 .text.Led_1_Write
                0x00000c64       0x18 .\CortexM3\ARM_GCC_541\Debug\Project_Final.a(Led_1.o)
                0x00000c64                Led_1_Write
 .text.Led_2_Write
                0x00000c7c       0x18 .\CortexM3\ARM_GCC_541\Debug\Project_Final.a(Led_2.o)
                0x00000c7c                Led_2_Write
 .text.Led_3_Write
                0x00000c94       0x18 .\CortexM3\ARM_GCC_541\Debug\Project_Final.a(Led_3.o)
                0x00000c94                Led_3_Write
 .text.Led_4_Write
                0x00000cac       0x18 .\CortexM3\ARM_GCC_541\Debug\Project_Final.a(Led_4.o)
                0x00000cac                Led_4_Write
 .text.CyHalt   0x00000cc4        0x4 .\CortexM3\ARM_GCC_541\Debug\Project_Final.a(CyLib.o)
                0x00000cc4                CyHalt
 .text.CyDelay  0x00000cc8       0x2c .\CortexM3\ARM_GCC_541\Debug\Project_Final.a(CyLib.o)
                0x00000cc8                CyDelay
 .text.CyDelayUs
                0x00000cf4       0x14 .\CortexM3\ARM_GCC_541\Debug\Project_Final.a(CyLib.o)
                0x00000cf4                CyDelayUs
 .text.CyIntSetVector
                0x00000d08       0x28 .\CortexM3\ARM_GCC_541\Debug\Project_Final.a(CyLib.o)
                0x00000d08                CyIntSetVector
 .text.CyIntSetPriority
                0x00000d30       0x30 .\CortexM3\ARM_GCC_541\Debug\Project_Final.a(CyLib.o)
                0x00000d30                CyIntSetPriority
 .text.SW1_Read
                0x00000d60       0x10 .\CortexM3\ARM_GCC_541\Debug\Project_Final.a(SW1.o)
                0x00000d60                SW1_Read
 .text.Timer_Enable
                0x00000d70       0x28 .\CortexM3\ARM_GCC_541\Debug\Project_Final.a(Timer.o)
                0x00000d70                Timer_Enable
 .text.Timer_Stop
                0x00000d98       0x28 .\CortexM3\ARM_GCC_541\Debug\Project_Final.a(Timer.o)
                0x00000d98                Timer_Stop
 .text.Timer_SetInterruptMode
                0x00000dc0        0xc .\CortexM3\ARM_GCC_541\Debug\Project_Final.a(Timer.o)
                0x00000dc0                Timer_SetInterruptMode
 .text.Timer_ReadStatusRegister
                0x00000dcc        0xc .\CortexM3\ARM_GCC_541\Debug\Project_Final.a(Timer.o)
                0x00000dcc                Timer_ReadStatusRegister
 .text.Timer_WritePeriod
                0x00000dd8        0xc .\CortexM3\ARM_GCC_541\Debug\Project_Final.a(Timer.o)
                0x00000dd8                Timer_WritePeriod
 .text.Timer_WriteCounter
                0x00000de4        0xc .\CortexM3\ARM_GCC_541\Debug\Project_Final.a(Timer.o)
                0x00000de4                Timer_WriteCounter
 .text.Timer_Init
                0x00000df0       0x68 .\CortexM3\ARM_GCC_541\Debug\Project_Final.a(Timer.o)
                0x00000df0                Timer_Init
 .text.Timer_Start
                0x00000e58       0x1c .\CortexM3\ARM_GCC_541\Debug\Project_Final.a(Timer.o)
                0x00000e58                Timer_Start
 .text.VDAC_Enable
                0x00000e74       0x1c .\CortexM3\ARM_GCC_541\Debug\Project_Final.a(VDAC.o)
                0x00000e74                VDAC_Enable
 .text.VDAC_SetSpeed
                0x00000e90       0x1c .\CortexM3\ARM_GCC_541\Debug\Project_Final.a(VDAC.o)
                0x00000e90                VDAC_SetSpeed
 .text.VDAC_SetValue
                0x00000eac        0xc .\CortexM3\ARM_GCC_541\Debug\Project_Final.a(VDAC.o)
                0x00000eac                VDAC_SetValue
 .text.VDAC_DacTrim
                0x00000eb8       0x24 .\CortexM3\ARM_GCC_541\Debug\Project_Final.a(VDAC.o)
                0x00000eb8                VDAC_DacTrim
 .text.VDAC_SetRange
                0x00000edc       0x20 .\CortexM3\ARM_GCC_541\Debug\Project_Final.a(VDAC.o)
                0x00000edc                VDAC_SetRange
 .text.VDAC_Init
                0x00000efc       0x20 .\CortexM3\ARM_GCC_541\Debug\Project_Final.a(VDAC.o)
                0x00000efc                VDAC_Init
 .text.VDAC_Start
                0x00000f1c       0x24 .\CortexM3\ARM_GCC_541\Debug\Project_Final.a(VDAC.o)
                0x00000f1c                VDAC_Start
 .text.isr_SetVector
                0x00000f40       0x10 .\CortexM3\ARM_GCC_541\Debug\Project_Final.a(isr.o)
                0x00000f40                isr_SetVector
 .text.isr_SetPriority
                0x00000f50       0x10 .\CortexM3\ARM_GCC_541\Debug\Project_Final.a(isr.o)
                0x00000f50                isr_SetPriority
 .text.isr_Enable
                0x00000f60       0x10 .\CortexM3\ARM_GCC_541\Debug\Project_Final.a(isr.o)
                0x00000f60                isr_Enable
 .text.isr_Disable
                0x00000f70       0x10 .\CortexM3\ARM_GCC_541\Debug\Project_Final.a(isr.o)
                0x00000f70                isr_Disable
 .text.isr_StartEx
                0x00000f80       0x1c .\CortexM3\ARM_GCC_541\Debug\Project_Final.a(isr.o)
                0x00000f80                isr_StartEx
 .text.SW2_Read
                0x00000f9c       0x10 .\CortexM3\ARM_GCC_541\Debug\Project_Final.a(SW2.o)
                0x00000f9c                SW2_Read
 .text.SW3_Read
                0x00000fac       0x10 .\CortexM3\ARM_GCC_541\Debug\Project_Final.a(SW3.o)
                0x00000fac                SW3_Read
 .text.SW4_ClearInterrupt
                0x00000fbc       0x10 .\CortexM3\ARM_GCC_541\Debug\Project_Final.a(SW4.o)
                0x00000fbc                SW4_ClearInterrupt
 .text.Timer_1_Enable
                0x00000fcc       0x28 .\CortexM3\ARM_GCC_541\Debug\Project_Final.a(Timer_1.o)
                0x00000fcc                Timer_1_Enable
 .text.Timer_1_SetInterruptMode
                0x00000ff4        0xc .\CortexM3\ARM_GCC_541\Debug\Project_Final.a(Timer_1.o)
                0x00000ff4                Timer_1_SetInterruptMode
 .text.Timer_1_ReadStatusRegister
                0x00001000        0xc .\CortexM3\ARM_GCC_541\Debug\Project_Final.a(Timer_1.o)
                0x00001000                Timer_1_ReadStatusRegister
 .text.Timer_1_WritePeriod
                0x0000100c        0xc .\CortexM3\ARM_GCC_541\Debug\Project_Final.a(Timer_1.o)
                0x0000100c                Timer_1_WritePeriod
 .text.Timer_1_WriteCounter
                0x00001018        0xc .\CortexM3\ARM_GCC_541\Debug\Project_Final.a(Timer_1.o)
                0x00001018                Timer_1_WriteCounter
 .text.Timer_1_Init
                0x00001024       0x68 .\CortexM3\ARM_GCC_541\Debug\Project_Final.a(Timer_1.o)
                0x00001024                Timer_1_Init
 .text.Timer_1_Start
                0x0000108c       0x1c .\CortexM3\ARM_GCC_541\Debug\Project_Final.a(Timer_1.o)
                0x0000108c                Timer_1_Start
 .text.COL1_Write
                0x000010a8       0x18 .\CortexM3\ARM_GCC_541\Debug\Project_Final.a(COL1.o)
                0x000010a8                COL1_Write
 .text.COL2_Write
                0x000010c0       0x18 .\CortexM3\ARM_GCC_541\Debug\Project_Final.a(COL2.o)
                0x000010c0                COL2_Write
 .text.ROW1_Read
                0x000010d8       0x10 .\CortexM3\ARM_GCC_541\Debug\Project_Final.a(ROW1.o)
                0x000010d8                ROW1_Read
 .text.ROW0_Read
                0x000010e8       0x10 .\CortexM3\ARM_GCC_541\Debug\Project_Final.a(ROW0.o)
                0x000010e8                ROW0_Read
 .text.ROW2_Read
                0x000010f8        0xc .\CortexM3\ARM_GCC_541\Debug\Project_Final.a(ROW2.o)
                0x000010f8                ROW2_Read
 .text.ROW3_Read
                0x00001104       0x10 .\CortexM3\ARM_GCC_541\Debug\Project_Final.a(ROW3.o)
                0x00001104                ROW3_Read
 .text.COL3_Write
                0x00001114       0x18 .\CortexM3\ARM_GCC_541\Debug\Project_Final.a(COL3.o)
                0x00001114                COL3_Write
 .text.LCD_WrCntrlNib
                0x0000112c       0x34 .\CortexM3\ARM_GCC_541\Debug\Project_Final.a(LCD.o)
 .text.LCD_WrDatNib
                0x00001160       0x44 .\CortexM3\ARM_GCC_541\Debug\Project_Final.a(LCD.o)
 .text.LCD_IsReady
                0x000011a4       0xe4 .\CortexM3\ARM_GCC_541\Debug\Project_Final.a(LCD.o)
                0x000011a4                LCD_IsReady
 .text.LCD_WriteData
                0x00001288       0x18 .\CortexM3\ARM_GCC_541\Debug\Project_Final.a(LCD.o)
                0x00001288                LCD_WriteData
 .text.LCD_PrintString
                0x000012a0       0x1c .\CortexM3\ARM_GCC_541\Debug\Project_Final.a(LCD.o)
                0x000012a0                LCD_PrintString
 .text.LCD_WriteControl
                0x000012bc       0x18 .\CortexM3\ARM_GCC_541\Debug\Project_Final.a(LCD.o)
                0x000012bc                LCD_WriteControl
 .text.LCD_Init
                0x000012d4       0x6c .\CortexM3\ARM_GCC_541\Debug\Project_Final.a(LCD.o)
                0x000012d4                LCD_Init
 .text.LCD_Enable
                0x00001340       0x14 .\CortexM3\ARM_GCC_541\Debug\Project_Final.a(LCD.o)
                0x00001340                LCD_Enable
 .text.LCD_Start
                0x00001354       0x1c .\CortexM3\ARM_GCC_541\Debug\Project_Final.a(LCD.o)
                0x00001354                LCD_Start
 .text.LCD_Position
                0x00001370       0x3c .\CortexM3\ARM_GCC_541\Debug\Project_Final.a(LCD.o)
                0x00001370                LCD_Position
 .text.UART_Init
                0x000013ac       0x28 .\CortexM3\ARM_GCC_541\Debug\Project_Final.a(UART.o)
                0x000013ac                UART_Init
 .text.UART_Enable
                0x000013d4       0x38 .\CortexM3\ARM_GCC_541\Debug\Project_Final.a(UART.o)
                0x000013d4                UART_Enable
 .text.UART_Start
                0x0000140c       0x1c .\CortexM3\ARM_GCC_541\Debug\Project_Final.a(UART.o)
                0x0000140c                UART_Start
 .text.UART_ReadRxData
                0x00001428        0xc .\CortexM3\ARM_GCC_541\Debug\Project_Final.a(UART.o)
                0x00001428                UART_ReadRxData
 .text.UART_ReadRxStatus
                0x00001434       0x10 .\CortexM3\ARM_GCC_541\Debug\Project_Final.a(UART.o)
                0x00001434                UART_ReadRxStatus
 .text.UART_PutChar
                0x00001444       0x18 .\CortexM3\ARM_GCC_541\Debug\Project_Final.a(UART.o)
                0x00001444                UART_PutChar
 .text.UART_PutString
                0x0000145c       0x24 .\CortexM3\ARM_GCC_541\Debug\Project_Final.a(UART.o)
                0x0000145c                UART_PutString
 .text.PWM_Enable
                0x00001480       0x10 .\CortexM3\ARM_GCC_541\Debug\Project_Final.a(PWM.o)
                0x00001480                PWM_Enable
 .text.PWM_Stop
                0x00001490       0x10 .\CortexM3\ARM_GCC_541\Debug\Project_Final.a(PWM.o)
                0x00001490                PWM_Stop
 .text.PWM_WriteCounter
                0x000014a0        0xc .\CortexM3\ARM_GCC_541\Debug\Project_Final.a(PWM.o)
                0x000014a0                PWM_WriteCounter
 .text.PWM_WritePeriod
                0x000014ac        0xc .\CortexM3\ARM_GCC_541\Debug\Project_Final.a(PWM.o)
                0x000014ac                PWM_WritePeriod
 .text.PWM_WriteCompare1
                0x000014b8        0xc .\CortexM3\ARM_GCC_541\Debug\Project_Final.a(PWM.o)
                0x000014b8                PWM_WriteCompare1
 .text.PWM_WriteCompare2
                0x000014c4        0xc .\CortexM3\ARM_GCC_541\Debug\Project_Final.a(PWM.o)
                0x000014c4                PWM_WriteCompare2
 .text.PWM_SetInterruptMode
                0x000014d0        0xc .\CortexM3\ARM_GCC_541\Debug\Project_Final.a(PWM.o)
                0x000014d0                PWM_SetInterruptMode
 .text.PWM_ReadStatusRegister
                0x000014dc        0xc .\CortexM3\ARM_GCC_541\Debug\Project_Final.a(PWM.o)
                0x000014dc                PWM_ReadStatusRegister
 .text.PWM_ReadCapture
                0x000014e8        0xc .\CortexM3\ARM_GCC_541\Debug\Project_Final.a(PWM.o)
                0x000014e8                PWM_ReadCapture
 .text.PWM_ClearFIFO
                0x000014f4       0x14 .\CortexM3\ARM_GCC_541\Debug\Project_Final.a(PWM.o)
                0x000014f4                PWM_ClearFIFO
 .text.PWM_Init
                0x00001508       0x68 .\CortexM3\ARM_GCC_541\Debug\Project_Final.a(PWM.o)
                0x00001508                PWM_Init
 .text.PWM_Start
                0x00001570       0x1c .\CortexM3\ARM_GCC_541\Debug\Project_Final.a(PWM.o)
                0x00001570                PWM_Start
 .text.UART_IntClock_Start
                0x0000158c       0x1c .\CortexM3\ARM_GCC_541\Debug\Project_Final.a(UART_IntClock.o)
                0x0000158c                UART_IntClock_Start
 .text.ADC_GainCompensation
                0x000015a8       0xe0 .\CortexM3\ARM_GCC_541\Debug\Project_Final.a(ADC.o)
 .text.ADC_SetDSMRef0Reg
                0x00001688       0x4c .\CortexM3\ARM_GCC_541\Debug\Project_Final.a(ADC.o)
 .text.ADC_InitConfig
                0x000016d4      0x328 .\CortexM3\ARM_GCC_541\Debug\Project_Final.a(ADC.o)
 .text.ADC_Init
                0x000019fc      0x108 .\CortexM3\ARM_GCC_541\Debug\Project_Final.a(ADC.o)
                0x000019fc                ADC_Init
 .text.ADC_Enable
                0x00001b04       0xd8 .\CortexM3\ARM_GCC_541\Debug\Project_Final.a(ADC.o)
                0x00001b04                ADC_Enable
 .text.ADC_Start
                0x00001bdc       0x28 .\CortexM3\ARM_GCC_541\Debug\Project_Final.a(ADC.o)
                0x00001bdc                ADC_Start
 .text.ADC_StartConvert
                0x00001c04       0x10 .\CortexM3\ARM_GCC_541\Debug\Project_Final.a(ADC.o)
                0x00001c04                ADC_StartConvert
 .text.ADC_IsEndConversion
                0x00001c14       0x30 .\CortexM3\ARM_GCC_541\Debug\Project_Final.a(ADC.o)
                0x00001c14                ADC_IsEndConversion
 .text.ADC_GetResult32
                0x00001c44       0x6c .\CortexM3\ARM_GCC_541\Debug\Project_Final.a(ADC.o)
                0x00001c44                ADC_GetResult32
 .text.ADC_ISR1
                0x00001cb0        0x4 .\CortexM3\ARM_GCC_541\Debug\Project_Final.a(ADC_INT.o)
                0x00001cb0                ADC_ISR1
 .text.ADC_ISR2
                0x00001cb4        0x4 .\CortexM3\ARM_GCC_541\Debug\Project_Final.a(ADC_INT.o)
                0x00001cb4                ADC_ISR2
 .text.ADC_ISR3
                0x00001cb8        0x4 .\CortexM3\ARM_GCC_541\Debug\Project_Final.a(ADC_INT.o)
                0x00001cb8                ADC_ISR3
 .text.ADC_ISR4
                0x00001cbc        0x4 .\CortexM3\ARM_GCC_541\Debug\Project_Final.a(ADC_INT.o)
                0x00001cbc                ADC_ISR4
 .text.ADC_AMux_Start
                0x00001cc0       0x20 .\CortexM3\ARM_GCC_541\Debug\Project_Final.a(ADC_AMux.o)
                0x00001cc0                ADC_AMux_Start
 .text.ADC_AMux_Select
                0x00001ce0       0x18 .\CortexM3\ARM_GCC_541\Debug\Project_Final.a(ADC_AMux.o)
                0x00001ce0                ADC_AMux_Select
 .text.ADC_Ext_CP_Clk_GetDividerRegister
                0x00001cf8        0xc .\CortexM3\ARM_GCC_541\Debug\Project_Final.a(ADC_Ext_CP_Clk.o)
                0x00001cf8                ADC_Ext_CP_Clk_GetDividerRegister
 .text.ADC_Ext_CP_Clk_SetModeRegister
                0x00001d04       0x14 .\CortexM3\ARM_GCC_541\Debug\Project_Final.a(ADC_Ext_CP_Clk.o)
                0x00001d04                ADC_Ext_CP_Clk_SetModeRegister
 .text.ADC_Ext_CP_Clk_GetSourceRegister
                0x00001d18       0x10 .\CortexM3\ARM_GCC_541\Debug\Project_Final.a(ADC_Ext_CP_Clk.o)
                0x00001d18                ADC_Ext_CP_Clk_GetSourceRegister
 .text.ADC_Ext_CP_Clk_SetDividerRegister
                0x00001d28       0xd8 .\CortexM3\ARM_GCC_541\Debug\Project_Final.a(ADC_Ext_CP_Clk.o)
                0x00001d28                ADC_Ext_CP_Clk_SetDividerRegister
 .text.ADC_theACLK_GetDividerRegister
                0x00001e00        0xc .\CortexM3\ARM_GCC_541\Debug\Project_Final.a(ADC_theACLK.o)
                0x00001e00                ADC_theACLK_GetDividerRegister
 .text.ADC_theACLK_SetModeRegister
                0x00001e0c       0x14 .\CortexM3\ARM_GCC_541\Debug\Project_Final.a(ADC_theACLK.o)
                0x00001e0c                ADC_theACLK_SetModeRegister
 .text.ADC_theACLK_GetSourceRegister
                0x00001e20       0x10 .\CortexM3\ARM_GCC_541\Debug\Project_Final.a(ADC_theACLK.o)
                0x00001e20                ADC_theACLK_GetSourceRegister
 .text.ADC_theACLK_SetDividerRegister
                0x00001e30       0xd8 .\CortexM3\ARM_GCC_541\Debug\Project_Final.a(ADC_theACLK.o)
                0x00001e30                ADC_theACLK_SetDividerRegister
 .text.pin_SW4_int_SetVector
                0x00001f08        0xc .\CortexM3\ARM_GCC_541\Debug\Project_Final.a(pin_SW4_int.o)
                0x00001f08                pin_SW4_int_SetVector
 .text.pin_SW4_int_SetPriority
                0x00001f14       0x10 .\CortexM3\ARM_GCC_541\Debug\Project_Final.a(pin_SW4_int.o)
                0x00001f14                pin_SW4_int_SetPriority
 .text.pin_SW4_int_Enable
                0x00001f24       0x10 .\CortexM3\ARM_GCC_541\Debug\Project_Final.a(pin_SW4_int.o)
                0x00001f24                pin_SW4_int_Enable
 .text.pin_SW4_int_Disable
                0x00001f34       0x10 .\CortexM3\ARM_GCC_541\Debug\Project_Final.a(pin_SW4_int.o)
                0x00001f34                pin_SW4_int_Disable
 .text.pin_SW4_int_StartEx
                0x00001f44       0x1c .\CortexM3\ARM_GCC_541\Debug\Project_Final.a(pin_SW4_int.o)
                0x00001f44                pin_SW4_int_StartEx
 .text.AMux_FastSelect
                0x00001f60       0x20 .\CortexM3\ARM_GCC_541\Debug\Project_Final.a(AMux.o)
                0x00001f60                AMux_FastSelect
 .text.isr1_SetVector
                0x00001f80        0xc .\CortexM3\ARM_GCC_541\Debug\Project_Final.a(isr1.o)
                0x00001f80                isr1_SetVector
 .text.isr1_SetPriority
                0x00001f8c       0x10 .\CortexM3\ARM_GCC_541\Debug\Project_Final.a(isr1.o)
                0x00001f8c                isr1_SetPriority
 .text.isr1_Enable
                0x00001f9c        0xc .\CortexM3\ARM_GCC_541\Debug\Project_Final.a(isr1.o)
                0x00001f9c                isr1_Enable
 .text.isr1_Disable
                0x00001fa8        0xc .\CortexM3\ARM_GCC_541\Debug\Project_Final.a(isr1.o)
                0x00001fa8                isr1_Disable
 .text.isr1_StartEx
                0x00001fb4       0x1c .\CortexM3\ARM_GCC_541\Debug\Project_Final.a(isr1.o)
                0x00001fb4                isr1_StartEx
 .text          0x00001fd0       0x20 .\CortexM3\ARM_GCC_541\Debug\Project_Final.a(CyBootAsmGnu.o)
                0x00001fd0                CyDelayCycles
                0x00001fe0                CyEnterCriticalSection
                0x00001fe8                CyExitCriticalSection
 .text.sin      0x00001ff0       0x90 c:/program files (x86)/cypress/psoc creator/4.3/psoc creator/import/gnu/arm/5.4.1/bin/../lib/gcc/arm-none-eabi/5.4.1/../../../../arm-none-eabi/lib/armv7-m\libm.a(lib_a-s_sin.o)
                0x00001ff0                sin
 .text.__ieee754_rem_pio2
                0x00002080      0x42c c:/program files (x86)/cypress/psoc creator/4.3/psoc creator/import/gnu/arm/5.4.1/bin/../lib/gcc/arm-none-eabi/5.4.1/../../../../arm-none-eabi/lib/armv7-m\libm.a(lib_a-e_rem_pio2.o)
                0x00002080                __ieee754_rem_pio2
 *fill*         0x000024ac        0x4 
 .text.__kernel_cos
                0x000024b0      0x248 c:/program files (x86)/cypress/psoc creator/4.3/psoc creator/import/gnu/arm/5.4.1/bin/../lib/gcc/arm-none-eabi/5.4.1/../../../../arm-none-eabi/lib/armv7-m\libm.a(lib_a-k_cos.o)
                0x000024b0                __kernel_cos
 .text.__kernel_rem_pio2
                0x000026f8      0x7f0 c:/program files (x86)/cypress/psoc creator/4.3/psoc creator/import/gnu/arm/5.4.1/bin/../lib/gcc/arm-none-eabi/5.4.1/../../../../arm-none-eabi/lib/armv7-m\libm.a(lib_a-k_rem_pio2.o)
                0x000026f8                __kernel_rem_pio2
 .text.__kernel_sin
                0x00002ee8      0x16c c:/program files (x86)/cypress/psoc creator/4.3/psoc creator/import/gnu/arm/5.4.1/bin/../lib/gcc/arm-none-eabi/5.4.1/../../../../arm-none-eabi/lib/armv7-m\libm.a(lib_a-k_sin.o)
                0x00002ee8                __kernel_sin
 .text.fabs     0x00003054        0x8 c:/program files (x86)/cypress/psoc creator/4.3/psoc creator/import/gnu/arm/5.4.1/bin/../lib/gcc/arm-none-eabi/5.4.1/../../../../arm-none-eabi/lib/armv7-m\libm.a(lib_a-s_fabs.o)
                0x00003054                fabs
 *fill*         0x0000305c        0x4 
 .text.floor    0x00003060      0x110 c:/program files (x86)/cypress/psoc creator/4.3/psoc creator/import/gnu/arm/5.4.1/bin/../lib/gcc/arm-none-eabi/5.4.1/../../../../arm-none-eabi/lib/armv7-m\libm.a(lib_a-s_floor.o)
                0x00003060                floor
 .text.scalbn   0x00003170       0xe4 c:/program files (x86)/cypress/psoc creator/4.3/psoc creator/import/gnu/arm/5.4.1/bin/../lib/gcc/arm-none-eabi/5.4.1/../../../../arm-none-eabi/lib/armv7-m\libm.a(lib_a-s_scalbn.o)
                0x00003170                scalbn
 .text.copysign
                0x00003254       0x10 c:/program files (x86)/cypress/psoc creator/4.3/psoc creator/import/gnu/arm/5.4.1/bin/../lib/gcc/arm-none-eabi/5.4.1/../../../../arm-none-eabi/lib/armv7-m\libm.a(lib_a-s_copysign.o)
                0x00003254                copysign
 .text          0x00003264      0x370 c:/program files (x86)/cypress/psoc creator/4.3/psoc creator/import/gnu/arm/5.4.1/bin/../lib/gcc/arm-none-eabi/5.4.1/armv7-m\libgcc.a(_arm_addsubdf3.o)
                0x00003264                __aeabi_drsub
                0x0000326c                __aeabi_dsub
                0x0000326c                __subdf3
                0x00003270                __aeabi_dadd
                0x00003270                __adddf3
                0x000034e8                __floatunsidf
                0x000034e8                __aeabi_ui2d
                0x00003508                __floatsidf
                0x00003508                __aeabi_i2d
                0x0000352c                __aeabi_f2d
                0x0000352c                __extendsfdf2
                0x00003568                __floatundidf
                0x00003568                __aeabi_ul2d
                0x00003578                __floatdidf
                0x00003578                __aeabi_l2d
 .text          0x000035d4      0x424 c:/program files (x86)/cypress/psoc creator/4.3/psoc creator/import/gnu/arm/5.4.1/bin/../lib/gcc/arm-none-eabi/5.4.1/armv7-m\libgcc.a(_arm_muldivdf3.o)
                0x000035d4                __aeabi_dmul
                0x000035d4                __muldf3
                0x00003828                __divdf3
                0x00003828                __aeabi_ddiv
 .text          0x000039f8      0x110 c:/program files (x86)/cypress/psoc creator/4.3/psoc creator/import/gnu/arm/5.4.1/bin/../lib/gcc/arm-none-eabi/5.4.1/armv7-m\libgcc.a(_arm_cmpdf2.o)
                0x000039f8                __gtdf2
                0x000039f8                __gedf2
                0x00003a00                __ltdf2
                0x00003a00                __ledf2
                0x00003a08                __nedf2
                0x00003a08                __eqdf2
                0x00003a08                __cmpdf2
                0x00003a84                __aeabi_cdrcmple
                0x00003a94                __aeabi_cdcmpeq
                0x00003a94                __aeabi_cdcmple
                0x00003aa4                __aeabi_dcmpeq
                0x00003ab8                __aeabi_dcmplt
                0x00003acc                __aeabi_dcmple
                0x00003ae0                __aeabi_dcmpge
                0x00003af4                __aeabi_dcmpgt
 .text          0x00003b08       0x50 c:/program files (x86)/cypress/psoc creator/4.3/psoc creator/import/gnu/arm/5.4.1/bin/../lib/gcc/arm-none-eabi/5.4.1/armv7-m\libgcc.a(_arm_fixdfsi.o)
                0x00003b08                __aeabi_d2iz
                0x00003b08                __fixdfsi
 .text          0x00003b58       0xa0 c:/program files (x86)/cypress/psoc creator/4.3/psoc creator/import/gnu/arm/5.4.1/bin/../lib/gcc/arm-none-eabi/5.4.1/armv7-m\libgcc.a(_arm_truncdfsf2.o)
                0x00003b58                __truncdfsf2
                0x00003b58                __aeabi_d2f
 .text          0x00003bf8       0x40 c:/program files (x86)/cypress/psoc creator/4.3/psoc creator/import/gnu/arm/5.4.1/bin/../lib/gcc/arm-none-eabi/5.4.1/armv7-m\libgcc.a(_arm_fixunssfsi.o)
                0x00003bf8                __fixunssfsi
                0x00003bf8                __aeabi_f2uiz
 .text.__errno  0x00003c38        0xc c:/program files (x86)/cypress/psoc creator/4.3/psoc creator/import/gnu/arm/5.4.1/bin/../lib/gcc/arm-none-eabi/5.4.1/../../../../arm-none-eabi/lib/armv7-m\libg_nano.a(lib_a-errno.o)
                0x00003c38                __errno
 .text.__libc_init_array
                0x00003c44       0x4c c:/program files (x86)/cypress/psoc creator/4.3/psoc creator/import/gnu/arm/5.4.1/bin/../lib/gcc/arm-none-eabi/5.4.1/../../../../arm-none-eabi/lib/armv7-m\libg_nano.a(lib_a-init.o)
                0x00003c44                __libc_init_array
 .text.malloc   0x00003c90       0x10 c:/program files (x86)/cypress/psoc creator/4.3/psoc creator/import/gnu/arm/5.4.1/bin/../lib/gcc/arm-none-eabi/5.4.1/../../../../arm-none-eabi/lib/armv7-m\libg_nano.a(lib_a-malloc.o)
                0x00003c90                malloc
 .text.memcpy   0x00003ca0       0x16 c:/program files (x86)/cypress/psoc creator/4.3/psoc creator/import/gnu/arm/5.4.1/bin/../lib/gcc/arm-none-eabi/5.4.1/../../../../arm-none-eabi/lib/armv7-m\libg_nano.a(lib_a-memcpy-stub.o)
                0x00003ca0                memcpy
 .text.memset   0x00003cb6       0x10 c:/program files (x86)/cypress/psoc creator/4.3/psoc creator/import/gnu/arm/5.4.1/bin/../lib/gcc/arm-none-eabi/5.4.1/../../../../arm-none-eabi/lib/armv7-m\libg_nano.a(lib_a-memset.o)
                0x00003cb6                memset
 *fill*         0x00003cc6        0x2 
 .text._free_r  0x00003cc8       0x98 c:/program files (x86)/cypress/psoc creator/4.3/psoc creator/import/gnu/arm/5.4.1/bin/../lib/gcc/arm-none-eabi/5.4.1/../../../../arm-none-eabi/lib/armv7-m\libg_nano.a(lib_a-nano-freer.o)
                0x00003cc8                _free_r
 .text._malloc_r
                0x00003d60       0xbc c:/program files (x86)/cypress/psoc creator/4.3/psoc creator/import/gnu/arm/5.4.1/bin/../lib/gcc/arm-none-eabi/5.4.1/../../../../arm-none-eabi/lib/armv7-m\libg_nano.a(lib_a-nano-mallocr.o)
                0x00003d60                _malloc_r
 .text.realloc  0x00003e1c       0x10 c:/program files (x86)/cypress/psoc creator/4.3/psoc creator/import/gnu/arm/5.4.1/bin/../lib/gcc/arm-none-eabi/5.4.1/../../../../arm-none-eabi/lib/armv7-m\libg_nano.a(lib_a-realloc.o)
                0x00003e1c                realloc
 .text._sbrk_r  0x00003e2c       0x20 c:/program files (x86)/cypress/psoc creator/4.3/psoc creator/import/gnu/arm/5.4.1/bin/../lib/gcc/arm-none-eabi/5.4.1/../../../../arm-none-eabi/lib/armv7-m\libg_nano.a(lib_a-sbrkr.o)
                0x00003e2c                _sbrk_r
 .text.strcpy   0x00003e4c       0x10 c:/program files (x86)/cypress/psoc creator/4.3/psoc creator/import/gnu/arm/5.4.1/bin/../lib/gcc/arm-none-eabi/5.4.1/../../../../arm-none-eabi/lib/armv7-m\libg_nano.a(lib_a-strcpy.o)
                0x00003e4c                strcpy
 .text          0x00003e5c       0x10 c:/program files (x86)/cypress/psoc creator/4.3/psoc creator/import/gnu/arm/5.4.1/bin/../lib/gcc/arm-none-eabi/5.4.1/../../../../arm-none-eabi/lib/armv7-m\libg_nano.a(lib_a-strlen.o)
                0x00003e5c                strlen
 .text.tolower  0x00003e6c       0x18 c:/program files (x86)/cypress/psoc creator/4.3/psoc creator/import/gnu/arm/5.4.1/bin/../lib/gcc/arm-none-eabi/5.4.1/../../../../arm-none-eabi/lib/armv7-m\libg_nano.a(lib_a-tolower.o)
                0x00003e6c                tolower
 .text.__malloc_lock
                0x00003e84        0x2 c:/program files (x86)/cypress/psoc creator/4.3/psoc creator/import/gnu/arm/5.4.1/bin/../lib/gcc/arm-none-eabi/5.4.1/../../../../arm-none-eabi/lib/armv7-m\libg_nano.a(lib_a-mlock.o)
                0x00003e84                __malloc_lock
 .text.__malloc_unlock
                0x00003e86        0x2 c:/program files (x86)/cypress/psoc creator/4.3/psoc creator/import/gnu/arm/5.4.1/bin/../lib/gcc/arm-none-eabi/5.4.1/../../../../arm-none-eabi/lib/armv7-m\libg_nano.a(lib_a-mlock.o)
                0x00003e86                __malloc_unlock
 .text._realloc_r
                0x00003e88       0x4c c:/program files (x86)/cypress/psoc creator/4.3/psoc creator/import/gnu/arm/5.4.1/bin/../lib/gcc/arm-none-eabi/5.4.1/../../../../arm-none-eabi/lib/armv7-m\libg_nano.a(lib_a-nano-reallocr.o)
                0x00003e88                _realloc_r
 .text._malloc_usable_size_r
                0x00003ed4       0x14 c:/program files (x86)/cypress/psoc creator/4.3/psoc creator/import/gnu/arm/5.4.1/bin/../lib/gcc/arm-none-eabi/5.4.1/../../../../arm-none-eabi/lib/armv7-m\libg_nano.a(lib_a-nano-msizer.o)
                0x00003ed4                _malloc_usable_size_r
 *(.plt)
 *(.gnu.warning)
 *(.glue_7t)
 .glue_7t       0x00003ee8        0x0 linker stubs
 *(.glue_7)
 .glue_7        0x00003ee8        0x0 linker stubs
 *(.vfp11_veneer)
 .vfp11_veneer  0x00003ee8        0x0 linker stubs
 *(.bootloader)
 *(.ARM.extab* .gnu.linkonce.armextab.*)
 *(.gcc_except_table)

.v4_bx          0x00003ee8        0x0
 .v4_bx         0x00003ee8        0x0 linker stubs

.iplt           0x00003ee8        0x0
 .iplt          0x00003ee8        0x0 c:/program files (x86)/cypress/psoc creator/4.3/psoc creator/import/gnu/arm/5.4.1/bin/../lib/gcc/arm-none-eabi/5.4.1/armv7-m/crtbegin.o

.eh_frame_hdr
 *(.eh_frame_hdr)

.eh_frame       0x00003ee8        0x4
 *(.eh_frame)
 .eh_frame      0x00003ee8        0x0 c:/program files (x86)/cypress/psoc creator/4.3/psoc creator/import/gnu/arm/5.4.1/bin/../lib/gcc/arm-none-eabi/5.4.1/armv7-m/crtbegin.o
 .eh_frame      0x00003ee8        0x4 c:/program files (x86)/cypress/psoc creator/4.3/psoc creator/import/gnu/arm/5.4.1/bin/../lib/gcc/arm-none-eabi/5.4.1/armv7-m/crtend.o
                [!provide]                PROVIDE (__exidx_start, .)

.ARM.exidx
 *(.ARM.exidx* .gnu.linkonce.armexidx.*)
                0x00003eec                __exidx_end = .

.rodata         0x00003ef0      0x470
 *(.rodata .rodata.* .gnu.linkonce.r.*)
 .rodata.str1.4
                0x00003ef0       0x2c .\CortexM3\ARM_GCC_541\Debug\main.o
 .rodata.str1.4
                0x00003f1c       0xe8 .\CortexM3\ARM_GCC_541\Debug\morse.o
                                0x130 (size before relaxing)
 .rodata        0x00004004       0x4a .\CortexM3\ARM_GCC_541\Debug\cyfitter_cfg.o
                0x00004004                AMux__addrTable
                0x00004014                AMux__maskTable
                0x00004018                ADC_AMux__addrTable
                0x00004020                ADC_AMux__maskTable
 *fill*         0x0000404e        0x2 
 .rodata.npio2_hw
                0x00004050       0x80 c:/program files (x86)/cypress/psoc creator/4.3/psoc creator/import/gnu/arm/5.4.1/bin/../lib/gcc/arm-none-eabi/5.4.1/../../../../arm-none-eabi/lib/armv7-m\libm.a(lib_a-e_rem_pio2.o)
 .rodata.two_over_pi
                0x000040d0      0x108 c:/program files (x86)/cypress/psoc creator/4.3/psoc creator/import/gnu/arm/5.4.1/bin/../lib/gcc/arm-none-eabi/5.4.1/../../../../arm-none-eabi/lib/armv7-m\libm.a(lib_a-e_rem_pio2.o)
 .rodata.init_jk
                0x000041d8       0x10 c:/program files (x86)/cypress/psoc creator/4.3/psoc creator/import/gnu/arm/5.4.1/bin/../lib/gcc/arm-none-eabi/5.4.1/../../../../arm-none-eabi/lib/armv7-m\libm.a(lib_a-k_rem_pio2.o)
 .rodata.PIo2   0x000041e8       0x40 c:/program files (x86)/cypress/psoc creator/4.3/psoc creator/import/gnu/arm/5.4.1/bin/../lib/gcc/arm-none-eabi/5.4.1/../../../../arm-none-eabi/lib/armv7-m\libm.a(lib_a-k_rem_pio2.o)
 .rodata.str1.1
                0x00004228        0x2 c:/program files (x86)/cypress/psoc creator/4.3/psoc creator/import/gnu/arm/5.4.1/bin/../lib/gcc/arm-none-eabi/5.4.1/../../../../arm-none-eabi/lib/armv7-m\libg_nano.a(lib_a-impure.o)
 .rodata._ctype_
                0x0000422a      0x101 c:/program files (x86)/cypress/psoc creator/4.3/psoc creator/import/gnu/arm/5.4.1/bin/../lib/gcc/arm-none-eabi/5.4.1/../../../../arm-none-eabi/lib/armv7-m\libg_nano.a(lib_a-ctype_.o)
                0x0000422a                _ctype_
                0x0000432c                . = ALIGN (0x4)
 *fill*         0x0000432b        0x1 
 *(.init)
 .init          0x0000432c        0x4 c:/program files (x86)/cypress/psoc creator/4.3/psoc creator/import/gnu/arm/5.4.1/bin/../lib/gcc/arm-none-eabi/5.4.1/armv7-m/crti.o
                0x0000432c                _init
 .init          0x00004330        0x8 c:/program files (x86)/cypress/psoc creator/4.3/psoc creator/import/gnu/arm/5.4.1/bin/../lib/gcc/arm-none-eabi/5.4.1/armv7-m/crtn.o
                0x00004338                . = ALIGN (0x4)
                0x00004338                __preinit_array_start = .
 *(.preinit_array)
                0x00004338                __preinit_array_end = .
                0x00004338                . = ALIGN (0x4)
                0x00004338                __init_array_start = .
 *(SORT(.init_array.*))
 *(.init_array)
 .init_array    0x00004338        0x4 c:/program files (x86)/cypress/psoc creator/4.3/psoc creator/import/gnu/arm/5.4.1/bin/../lib/gcc/arm-none-eabi/5.4.1/armv7-m/crtbegin.o
 .init_array    0x0000433c        0x4 .\CortexM3\ARM_GCC_541\Debug\Cm3Start.o
                0x00004340                __init_array_end = .
                0x00004340                . = ALIGN (0x4)
 *(.fini)
 .fini          0x00004340        0x4 c:/program files (x86)/cypress/psoc creator/4.3/psoc creator/import/gnu/arm/5.4.1/bin/../lib/gcc/arm-none-eabi/5.4.1/armv7-m/crti.o
                0x00004340                _fini
 .fini          0x00004344        0x8 c:/program files (x86)/cypress/psoc creator/4.3/psoc creator/import/gnu/arm/5.4.1/bin/../lib/gcc/arm-none-eabi/5.4.1/armv7-m/crtn.o
                0x0000434c                . = ALIGN (0x4)
                0x0000434c                __fini_array_start = .
 *(.fini_array)
 .fini_array    0x0000434c        0x4 c:/program files (x86)/cypress/psoc creator/4.3/psoc creator/import/gnu/arm/5.4.1/bin/../lib/gcc/arm-none-eabi/5.4.1/armv7-m/crtbegin.o
 *(SORT(.fini_array.*))
                0x00004350                __fini_array_end = .
                0x00004350                . = ALIGN (0x4)
 *crtbegin.o(.ctors)
 *(EXCLUDE_FILE(*crtend.o) .ctors)
 *(SORT(.ctors.*))
 *crtend.o(.ctors)
                0x00004350                . = ALIGN (0x4)
 *crtbegin.o(.dtors)
 *(EXCLUDE_FILE(*crtend.o) .dtors)
 *(SORT(.dtors.*))
 *crtend.o(.dtors)
                0x00004350                . = ALIGN (0x4)
                0x00004350                __cy_regions = .
                0x00004350        0x4 LONG 0x4360 __cy_region_init_ram
                0x00004354        0x4 LONG 0x1fff80c8 __cy_region_start_data
                0x00004358        0x4 LONG 0x118 __cy_region_init_size_ram
                0x0000435c        0x4 LONG 0x1f8 __cy_region_zero_size_ram
                0x00004360                __cy_regions_end = .
                0x00004360                . = ALIGN (0x8)
                0x00004360                _etext = .

.cy_checksum_exclude
                0x00004360        0x0
 *(.cy_checksum_exclude)

.ramvectors     0x1fff8000       0xc0
                0x1fff8000                __cy_region_start_ram = .
 *(.ramvectors)
 .ramvectors    0x1fff8000       0xc0 .\CortexM3\ARM_GCC_541\Debug\Cm3Start.o
                0x1fff8000                CyRamVectors

.noinit         0x1fff80c0        0x1
 *(.noinit)
 .noinit        0x1fff80c0        0x1 .\CortexM3\ARM_GCC_541\Debug\Project_Final.a(CyLib.o)
                0x1fff80c0                CyResetStatus

.data           0x1fff80c8      0x118 load address 0x00004360
                0x1fff80c8                __cy_region_start_data = .
 *(.jcr)
 .jcr           0x1fff80c8        0x0 c:/program files (x86)/cypress/psoc creator/4.3/psoc creator/import/gnu/arm/5.4.1/bin/../lib/gcc/arm-none-eabi/5.4.1/armv7-m/crtbegin.o
 .jcr           0x1fff80c8        0x4 c:/program files (x86)/cypress/psoc creator/4.3/psoc creator/import/gnu/arm/5.4.1/bin/../lib/gcc/arm-none-eabi/5.4.1/armv7-m/crtend.o
 *(.got.plt)
 *(.got)
 *(.shdata)
 *(.data .data.* .gnu.linkonce.d.*)
 .data          0x1fff80cc       0x90 .\CortexM3\ARM_GCC_541\Debug\morse.o
                0x1fff80cc                numbers
                0x1fff80f4                alpha
 .data          0x1fff815c        0x4 .\CortexM3\ARM_GCC_541\Debug\Cm3Start.o
 .data          0x1fff8160       0x10 .\CortexM3\ARM_GCC_541\Debug\Project_Final.a(CyLib.o)
                0x1fff8160                cydelay_32k_ms
                0x1fff8164                cydelay_freq_khz
                0x1fff8168                cydelay_freq_mhz
                0x1fff816c                cydelay_freq_hz
 .data          0x1fff8170        0x1 .\CortexM3\ARM_GCC_541\Debug\Project_Final.a(ADC.o)
                0x1fff8170                ADC_Config
 .data          0x1fff8171        0x1 .\CortexM3\ARM_GCC_541\Debug\Project_Final.a(ADC_AMux.o)
 .data          0x1fff8172        0x1 .\CortexM3\ARM_GCC_541\Debug\Project_Final.a(AMux.o)
 *fill*         0x1fff8173        0x1 
 .data.impure_data
                0x1fff8174       0x60 c:/program files (x86)/cypress/psoc creator/4.3/psoc creator/import/gnu/arm/5.4.1/bin/../lib/gcc/arm-none-eabi/5.4.1/../../../../arm-none-eabi/lib/armv7-m\libg_nano.a(lib_a-impure.o)
 .data._impure_ptr
                0x1fff81d4        0x4 c:/program files (x86)/cypress/psoc creator/4.3/psoc creator/import/gnu/arm/5.4.1/bin/../lib/gcc/arm-none-eabi/5.4.1/../../../../arm-none-eabi/lib/armv7-m\libg_nano.a(lib_a-impure.o)
                0x1fff81d4                _impure_ptr
 .data.__ctype_ptr__
                0x1fff81d8        0x4 c:/program files (x86)/cypress/psoc creator/4.3/psoc creator/import/gnu/arm/5.4.1/bin/../lib/gcc/arm-none-eabi/5.4.1/../../../../arm-none-eabi/lib/armv7-m\libg_nano.a(lib_a-ctype_.o)
                0x1fff81d8                __ctype_ptr__
                0x1fff81e0                . = ALIGN (0x8)
 *fill*         0x1fff81dc        0x4 
 *(.ram)
                0x1fff81e0                _edata = .

.igot.plt       0x1fff81e0        0x0 load address 0x00004478
 .igot.plt      0x1fff81e0        0x0 c:/program files (x86)/cypress/psoc creator/4.3/psoc creator/import/gnu/arm/5.4.1/bin/../lib/gcc/arm-none-eabi/5.4.1/armv7-m/crtbegin.o

.bss            0x1fff81e0      0x1f8 load address 0x00004478
                0x1fff81e0                PROVIDE (__bss_start__, .)
 *(.shbss)
 *(.bss .bss.* .gnu.linkonce.b.*)
 .bss           0x1fff81e0       0x1c c:/program files (x86)/cypress/psoc creator/4.3/psoc creator/import/gnu/arm/5.4.1/bin/../lib/gcc/arm-none-eabi/5.4.1/armv7-m/crtbegin.o
 .bss           0x1fff81fc        0x9 .\CortexM3\ARM_GCC_541\Debug\main.o
                0x1fff81fc                flag
                0x1fff8200                clock
                0x1fff8204                pushSW4
 .bss           0x1fff8205        0x1 .\CortexM3\ARM_GCC_541\Debug\Project_Final.a(Timer.o)
                0x1fff8205                Timer_initVar
 .bss           0x1fff8206        0x1 .\CortexM3\ARM_GCC_541\Debug\Project_Final.a(VDAC.o)
                0x1fff8206                VDAC_initVar
 .bss           0x1fff8207        0x1 .\CortexM3\ARM_GCC_541\Debug\Project_Final.a(Timer_1.o)
                0x1fff8207                Timer_1_initVar
 .bss           0x1fff8208        0x2 .\CortexM3\ARM_GCC_541\Debug\Project_Final.a(LCD.o)
                0x1fff8208                LCD_enableState
                0x1fff8209                LCD_initVar
 .bss           0x1fff820a        0x2 .\CortexM3\ARM_GCC_541\Debug\Project_Final.a(UART.o)
                0x1fff820a                UART_initVar
 .bss           0x1fff820c        0x1 .\CortexM3\ARM_GCC_541\Debug\Project_Final.a(PWM.o)
                0x1fff820c                PWM_initVar
 *fill*         0x1fff820d        0x3 
 .bss           0x1fff8210       0x18 .\CortexM3\ARM_GCC_541\Debug\Project_Final.a(ADC.o)
                0x1fff8220                ADC_stopConversion
                0x1fff8221                ADC_convDone
                0x1fff8222                ADC_initVar
                0x1fff8223                ADC_started
                0x1fff8224                ADC_Offset
 .bss.__malloc_sbrk_start
                0x1fff8228        0x4 c:/program files (x86)/cypress/psoc creator/4.3/psoc creator/import/gnu/arm/5.4.1/bin/../lib/gcc/arm-none-eabi/5.4.1/../../../../arm-none-eabi/lib/armv7-m\libg_nano.a(lib_a-nano-mallocr.o)
                0x1fff8228                __malloc_sbrk_start
 .bss.__malloc_free_list
                0x1fff822c        0x4 c:/program files (x86)/cypress/psoc creator/4.3/psoc creator/import/gnu/arm/5.4.1/bin/../lib/gcc/arm-none-eabi/5.4.1/../../../../arm-none-eabi/lib/armv7-m\libg_nano.a(lib_a-nano-mallocr.o)
                0x1fff822c                __malloc_free_list
 *(COMMON)
 COMMON         0x1fff8230      0x1a0 .\CortexM3\ARM_GCC_541\Debug\main.o
                0x1fff8230                rxData
                0x1fff8231                lightOn
                0x1fff8234                adc_value
                0x1fff8238                i
                0x1fff823c                signal
                0x1fff83cc                adc_value_float
 COMMON         0x1fff83d0        0x4 .\CortexM3\ARM_GCC_541\Debug\Project_Final.a(ADC.o)
                0x1fff83d0                ADC_CountsPerVolt
 COMMON         0x1fff83d4        0x4 c:/program files (x86)/cypress/psoc creator/4.3/psoc creator/import/gnu/arm/5.4.1/bin/../lib/gcc/arm-none-eabi/5.4.1/../../../../arm-none-eabi/lib/armv7-m\libg_nano.a(lib_a-reent.o)
                0x1fff83d4                errno
                0x1fff83d8                . = ALIGN (0x8)
 *(.ram.b)
                0x1fff83d8                _end = .
                0x1fff83d8                __end = .
                0x1fff83d8                PROVIDE (end, .)
                0x1fff83d8                PROVIDE (__bss_end__, .)
                0x00004360                __cy_region_init_ram = LOADADDR (.data)
                0x00000118                __cy_region_init_size_ram = (_edata - ADDR (.data))
                0x000001f8                __cy_region_zero_size_ram = (_end - _edata)

.heap           0x1fff83d8       0x80 load address 0x00004478
                0x1fff83d8                . = _end
                0x1fff8458                . = (. + 0x80)
 *fill*         0x1fff83d8       0x80 
                0x1fff8458                __cy_heap_limit = .

.stack          0x20007800      0x800
                0x20007800                __cy_stack_limit = .
                0x20008000                . = (. + 0x800)
 *fill*         0x20007800      0x800 
                0x00000001                ASSERT ((__cy_stack_limit >= __cy_heap_limit), region RAM overflowed with stack)
                0x00000000                cy_checksum_exclude_size = (CY_APPL_LOADABLE == 0x1)?SIZEOF (.cy_checksum_exclude):0x0
                0x00000001                ASSERT ((cy_checksum_exclude_size <= CY_CHECKSUM_EXCLUDE_SIZE), CY_BOOT: Section .cy_checksum_exclude size exceedes specified limit.)

.cyloadermeta
 *(.cyloadermeta)

.cyloadablemeta
 *(.cyloadablemeta)

.cyconfigecc    0x80000000      0x5cc
 *(.cyconfigecc)
 .cyconfigecc   0x80000000      0x5cc .\CortexM3\ARM_GCC_541\Debug\cymetadata.o
                0x80000000                cy_meta_configecc

.cycustnvl      0x90000000        0x4
 *(.cycustnvl)
 .cycustnvl     0x90000000        0x4 .\CortexM3\ARM_GCC_541\Debug\cymetadata.o
                0x90000000                cy_meta_custnvl

.cywolatch      0x90100000        0x4
 *(.cywolatch)
 .cywolatch     0x90100000        0x4 .\CortexM3\ARM_GCC_541\Debug\cymetadata.o
                0x90100000                cy_meta_wonvl

.cyeeprom       0x90200000        0x0
 *(.cyeeprom)
                0x00000001                ASSERT ((. <= ((0x90200000 + ee_offset) + ee_size)), .cyeeprom data will not fit in EEPROM)

.cyflashprotect
                0x90400000      0x100
 *(.cyflashprotect)
 .cyflashprotect
                0x90400000      0x100 .\CortexM3\ARM_GCC_541\Debug\cymetadata.o
                0x90400000                cy_meta_flashprotect

.cymeta         0x90500000        0xc
 *(.cymeta)
 .cymeta        0x90500000        0xc .\CortexM3\ARM_GCC_541\Debug\cymetadata.o
                0x90500000                cy_metadata

.rel.dyn        0x00004478        0x0 load address 0x9050000c
 .rel.iplt      0x00004478        0x0 c:/program files (x86)/cypress/psoc creator/4.3/psoc creator/import/gnu/arm/5.4.1/bin/../lib/gcc/arm-none-eabi/5.4.1/armv7-m/crtbegin.o

.stab
 *(.stab)

.stabstr
 *(.stabstr)

.debug
 *(.debug)

.line
 *(.line)

.debug_srcinfo
 *(.debug_srcinfo)

.debug_sfnames
 *(.debug_sfnames)

.debug_aranges  0x00000000     0x1198
 *(.debug_aranges)
 .debug_aranges
                0x00000000       0xa8 .\CortexM3\ARM_GCC_541\Debug\main.o
 .debug_aranges
                0x000000a8       0x28 .\CortexM3\ARM_GCC_541\Debug\keypad.o
 .debug_aranges
                0x000000d0       0x20 .\CortexM3\ARM_GCC_541\Debug\morse.o
 .debug_aranges
                0x000000f0       0x20 .\CortexM3\ARM_GCC_541\Debug\semaphore.o
 .debug_aranges
                0x00000110       0x78 .\CortexM3\ARM_GCC_541\Debug\cyfitter_cfg.o
 .debug_aranges
                0x00000188       0x18 .\CortexM3\ARM_GCC_541\Debug\cymetadata.o
 .debug_aranges
                0x000001a0       0x48 .\CortexM3\ARM_GCC_541\Debug\Cm3Start.o
 .debug_aranges
                0x000001e8       0x38 .\CortexM3\ARM_GCC_541\Debug\Project_Final.a(Led_1.o)
 .debug_aranges
                0x00000220       0x38 .\CortexM3\ARM_GCC_541\Debug\Project_Final.a(Led_2.o)
 .debug_aranges
                0x00000258       0x38 .\CortexM3\ARM_GCC_541\Debug\Project_Final.a(Led_3.o)
 .debug_aranges
                0x00000290       0x38 .\CortexM3\ARM_GCC_541\Debug\Project_Final.a(Led_4.o)
 .debug_aranges
                0x000002c8      0x2a0 .\CortexM3\ARM_GCC_541\Debug\Project_Final.a(CyLib.o)
 .debug_aranges
                0x00000568       0x98 .\CortexM3\ARM_GCC_541\Debug\Project_Final.a(cyPm.o)
 .debug_aranges
                0x00000600       0x38 .\CortexM3\ARM_GCC_541\Debug\Project_Final.a(SW1.o)
 .debug_aranges
                0x00000638       0x88 .\CortexM3\ARM_GCC_541\Debug\Project_Final.a(Timer.o)
 .debug_aranges
                0x000006c0       0x58 .\CortexM3\ARM_GCC_541\Debug\Project_Final.a(VDAC.o)
 .debug_aranges
                0x00000718       0x80 .\CortexM3\ARM_GCC_541\Debug\Project_Final.a(isr.o)
 .debug_aranges
                0x00000798       0x38 .\CortexM3\ARM_GCC_541\Debug\Project_Final.a(SW2.o)
 .debug_aranges
                0x000007d0       0x38 .\CortexM3\ARM_GCC_541\Debug\Project_Final.a(SW3.o)
 .debug_aranges
                0x00000808       0x48 .\CortexM3\ARM_GCC_541\Debug\Project_Final.a(SW4.o)
 .debug_aranges
                0x00000850       0x88 .\CortexM3\ARM_GCC_541\Debug\Project_Final.a(Timer_1.o)
 .debug_aranges
                0x000008d8       0x38 .\CortexM3\ARM_GCC_541\Debug\Project_Final.a(COL1.o)
 .debug_aranges
                0x00000910       0x38 .\CortexM3\ARM_GCC_541\Debug\Project_Final.a(COL2.o)
 .debug_aranges
                0x00000948       0x38 .\CortexM3\ARM_GCC_541\Debug\Project_Final.a(ROW1.o)
 .debug_aranges
                0x00000980       0x38 .\CortexM3\ARM_GCC_541\Debug\Project_Final.a(ROW0.o)
 .debug_aranges
                0x000009b8       0x38 .\CortexM3\ARM_GCC_541\Debug\Project_Final.a(ROW2.o)
 .debug_aranges
                0x000009f0       0x38 .\CortexM3\ARM_GCC_541\Debug\Project_Final.a(ROW3.o)
 .debug_aranges
                0x00000a28       0x38 .\CortexM3\ARM_GCC_541\Debug\Project_Final.a(COL3.o)
 .debug_aranges
                0x00000a60       0x98 .\CortexM3\ARM_GCC_541\Debug\Project_Final.a(LCD.o)
 .debug_aranges
                0x00000af8       0xf0 .\CortexM3\ARM_GCC_541\Debug\Project_Final.a(UART.o)
 .debug_aranges
                0x00000be8       0xa8 .\CortexM3\ARM_GCC_541\Debug\Project_Final.a(PWM.o)
 .debug_aranges
                0x00000c90       0x70 .\CortexM3\ARM_GCC_541\Debug\Project_Final.a(UART_IntClock.o)
 .debug_aranges
                0x00000d00       0xe8 .\CortexM3\ARM_GCC_541\Debug\Project_Final.a(ADC.o)
 .debug_aranges
                0x00000de8       0x38 .\CortexM3\ARM_GCC_541\Debug\Project_Final.a(ADC_INT.o)
 .debug_aranges
                0x00000e20       0x30 .\CortexM3\ARM_GCC_541\Debug\Project_Final.a(ADC_AMux.o)
 .debug_aranges
                0x00000e50       0x70 .\CortexM3\ARM_GCC_541\Debug\Project_Final.a(ADC_Ext_CP_Clk.o)
 .debug_aranges
                0x00000ec0       0x80 .\CortexM3\ARM_GCC_541\Debug\Project_Final.a(ADC_theACLK.o)
 .debug_aranges
                0x00000f40       0x80 .\CortexM3\ARM_GCC_541\Debug\Project_Final.a(pin_SW4_int.o)
 .debug_aranges
                0x00000fc0       0x30 .\CortexM3\ARM_GCC_541\Debug\Project_Final.a(AMux.o)
 .debug_aranges
                0x00000ff0       0x80 .\CortexM3\ARM_GCC_541\Debug\Project_Final.a(isr1.o)
 .debug_aranges
                0x00001070       0x20 .\CortexM3\ARM_GCC_541\Debug\Project_Final.a(CyBootAsmGnu.o)
 .debug_aranges
                0x00001090       0x88 .\CortexM3\ARM_GCC_541\Debug\Project_Final.a(CyFlash.o)
 .debug_aranges
                0x00001118       0x80 .\CortexM3\ARM_GCC_541\Debug\Project_Final.a(CySpc.o)

.debug_pubnames
 *(.debug_pubnames)

.debug_info     0x00000000     0x92f4
 *(.debug_info .gnu.linkonce.wi.*)
 .debug_info    0x00000000      0xea9 .\CortexM3\ARM_GCC_541\Debug\main.o
 .debug_info    0x00000ea9      0x380 .\CortexM3\ARM_GCC_541\Debug\keypad.o
 .debug_info    0x00001229      0x130 .\CortexM3\ARM_GCC_541\Debug\morse.o
 .debug_info    0x00001359      0x16e .\CortexM3\ARM_GCC_541\Debug\semaphore.o
 .debug_info    0x000014c7      0x6ab .\CortexM3\ARM_GCC_541\Debug\cyfitter_cfg.o
 .debug_info    0x00001b72      0x137 .\CortexM3\ARM_GCC_541\Debug\cymetadata.o
 .debug_info    0x00001ca9      0x3bb .\CortexM3\ARM_GCC_541\Debug\Cm3Start.o
 .debug_info    0x00002064      0x11f .\CortexM3\ARM_GCC_541\Debug\Project_Final.a(Led_1.o)
 .debug_info    0x00002183      0x11f .\CortexM3\ARM_GCC_541\Debug\Project_Final.a(Led_2.o)
 .debug_info    0x000022a2      0x11f .\CortexM3\ARM_GCC_541\Debug\Project_Final.a(Led_3.o)
 .debug_info    0x000023c1      0x11f .\CortexM3\ARM_GCC_541\Debug\Project_Final.a(Led_4.o)
 .debug_info    0x000024e0     0x1374 .\CortexM3\ARM_GCC_541\Debug\Project_Final.a(CyLib.o)
 .debug_info    0x00003854      0xa2a .\CortexM3\ARM_GCC_541\Debug\Project_Final.a(cyPm.o)
 .debug_info    0x0000427e      0x11f .\CortexM3\ARM_GCC_541\Debug\Project_Final.a(SW1.o)
 .debug_info    0x0000439d      0x295 .\CortexM3\ARM_GCC_541\Debug\Project_Final.a(Timer.o)
 .debug_info    0x00004632      0x1e0 .\CortexM3\ARM_GCC_541\Debug\Project_Final.a(VDAC.o)
 .debug_info    0x00004812      0x2d2 .\CortexM3\ARM_GCC_541\Debug\Project_Final.a(isr.o)
 .debug_info    0x00004ae4      0x11f .\CortexM3\ARM_GCC_541\Debug\Project_Final.a(SW2.o)
 .debug_info    0x00004c03      0x11f .\CortexM3\ARM_GCC_541\Debug\Project_Final.a(SW3.o)
 .debug_info    0x00004d22      0x174 .\CortexM3\ARM_GCC_541\Debug\Project_Final.a(SW4.o)
 .debug_info    0x00004e96      0x295 .\CortexM3\ARM_GCC_541\Debug\Project_Final.a(Timer_1.o)
 .debug_info    0x0000512b      0x11f .\CortexM3\ARM_GCC_541\Debug\Project_Final.a(COL1.o)
 .debug_info    0x0000524a      0x11f .\CortexM3\ARM_GCC_541\Debug\Project_Final.a(COL2.o)
 .debug_info    0x00005369      0x11f .\CortexM3\ARM_GCC_541\Debug\Project_Final.a(ROW1.o)
 .debug_info    0x00005488      0x11f .\CortexM3\ARM_GCC_541\Debug\Project_Final.a(ROW0.o)
 .debug_info    0x000055a7      0x11f .\CortexM3\ARM_GCC_541\Debug\Project_Final.a(ROW2.o)
 .debug_info    0x000056c6      0x11f .\CortexM3\ARM_GCC_541\Debug\Project_Final.a(ROW3.o)
 .debug_info    0x000057e5      0x11f .\CortexM3\ARM_GCC_541\Debug\Project_Final.a(COL3.o)
 .debug_info    0x00005904      0x715 .\CortexM3\ARM_GCC_541\Debug\Project_Final.a(LCD.o)
 .debug_info    0x00006019      0x60c .\CortexM3\ARM_GCC_541\Debug\Project_Final.a(UART.o)
 .debug_info    0x00006625      0x3a4 .\CortexM3\ARM_GCC_541\Debug\Project_Final.a(PWM.o)
 .debug_info    0x000069c9      0x283 .\CortexM3\ARM_GCC_541\Debug\Project_Final.a(UART_IntClock.o)
 .debug_info    0x00006c4c      0xbed .\CortexM3\ARM_GCC_541\Debug\Project_Final.a(ADC.o)
 .debug_info    0x00007839       0xd3 .\CortexM3\ARM_GCC_541\Debug\Project_Final.a(ADC_INT.o)
 .debug_info    0x0000790c      0x165 .\CortexM3\ARM_GCC_541\Debug\Project_Final.a(ADC_AMux.o)
 .debug_info    0x00007a71      0x283 .\CortexM3\ARM_GCC_541\Debug\Project_Final.a(ADC_Ext_CP_Clk.o)
 .debug_info    0x00007cf4      0x2c4 .\CortexM3\ARM_GCC_541\Debug\Project_Final.a(ADC_theACLK.o)
 .debug_info    0x00007fb8      0x2d2 .\CortexM3\ARM_GCC_541\Debug\Project_Final.a(pin_SW4_int.o)
 .debug_info    0x0000828a      0x165 .\CortexM3\ARM_GCC_541\Debug\Project_Final.a(AMux.o)
 .debug_info    0x000083ef      0x2d2 .\CortexM3\ARM_GCC_541\Debug\Project_Final.a(isr1.o)
 .debug_info    0x000086c1       0x96 .\CortexM3\ARM_GCC_541\Debug\Project_Final.a(CyBootAsmGnu.o)
 .debug_info    0x00008757      0x64d .\CortexM3\ARM_GCC_541\Debug\Project_Final.a(CyFlash.o)
 .debug_info    0x00008da4      0x550 .\CortexM3\ARM_GCC_541\Debug\Project_Final.a(CySpc.o)

.debug_abbrev   0x00000000     0x2b7e
 *(.debug_abbrev)
 .debug_abbrev  0x00000000      0x222 .\CortexM3\ARM_GCC_541\Debug\main.o
 .debug_abbrev  0x00000222       0xc5 .\CortexM3\ARM_GCC_541\Debug\keypad.o
 .debug_abbrev  0x000002e7       0xcd .\CortexM3\ARM_GCC_541\Debug\morse.o
 .debug_abbrev  0x000003b4       0xea .\CortexM3\ARM_GCC_541\Debug\semaphore.o
 .debug_abbrev  0x0000049e      0x21e .\CortexM3\ARM_GCC_541\Debug\cyfitter_cfg.o
 .debug_abbrev  0x000006bc       0x77 .\CortexM3\ARM_GCC_541\Debug\cymetadata.o
 .debug_abbrev  0x00000733      0x1e8 .\CortexM3\ARM_GCC_541\Debug\Cm3Start.o
 .debug_abbrev  0x0000091b       0x90 .\CortexM3\ARM_GCC_541\Debug\Project_Final.a(Led_1.o)
 .debug_abbrev  0x000009ab       0x90 .\CortexM3\ARM_GCC_541\Debug\Project_Final.a(Led_2.o)
 .debug_abbrev  0x00000a3b       0x90 .\CortexM3\ARM_GCC_541\Debug\Project_Final.a(Led_3.o)
 .debug_abbrev  0x00000acb       0x90 .\CortexM3\ARM_GCC_541\Debug\Project_Final.a(Led_4.o)
 .debug_abbrev  0x00000b5b      0x254 .\CortexM3\ARM_GCC_541\Debug\Project_Final.a(CyLib.o)
 .debug_abbrev  0x00000daf      0x1ab .\CortexM3\ARM_GCC_541\Debug\Project_Final.a(cyPm.o)
 .debug_abbrev  0x00000f5a       0x90 .\CortexM3\ARM_GCC_541\Debug\Project_Final.a(SW1.o)
 .debug_abbrev  0x00000fea      0x11a .\CortexM3\ARM_GCC_541\Debug\Project_Final.a(Timer.o)
 .debug_abbrev  0x00001104       0xf7 .\CortexM3\ARM_GCC_541\Debug\Project_Final.a(VDAC.o)
 .debug_abbrev  0x000011fb      0x173 .\CortexM3\ARM_GCC_541\Debug\Project_Final.a(isr.o)
 .debug_abbrev  0x0000136e       0x90 .\CortexM3\ARM_GCC_541\Debug\Project_Final.a(SW2.o)
 .debug_abbrev  0x000013fe       0x90 .\CortexM3\ARM_GCC_541\Debug\Project_Final.a(SW3.o)
 .debug_abbrev  0x0000148e       0x90 .\CortexM3\ARM_GCC_541\Debug\Project_Final.a(SW4.o)
 .debug_abbrev  0x0000151e      0x11a .\CortexM3\ARM_GCC_541\Debug\Project_Final.a(Timer_1.o)
 .debug_abbrev  0x00001638       0x90 .\CortexM3\ARM_GCC_541\Debug\Project_Final.a(COL1.o)
 .debug_abbrev  0x000016c8       0x90 .\CortexM3\ARM_GCC_541\Debug\Project_Final.a(COL2.o)
 .debug_abbrev  0x00001758       0x90 .\CortexM3\ARM_GCC_541\Debug\Project_Final.a(ROW1.o)
 .debug_abbrev  0x000017e8       0x90 .\CortexM3\ARM_GCC_541\Debug\Project_Final.a(ROW0.o)
 .debug_abbrev  0x00001878       0x90 .\CortexM3\ARM_GCC_541\Debug\Project_Final.a(ROW2.o)
 .debug_abbrev  0x00001908       0x90 .\CortexM3\ARM_GCC_541\Debug\Project_Final.a(ROW3.o)
 .debug_abbrev  0x00001998       0x90 .\CortexM3\ARM_GCC_541\Debug\Project_Final.a(COL3.o)
 .debug_abbrev  0x00001a28      0x157 .\CortexM3\ARM_GCC_541\Debug\Project_Final.a(LCD.o)
 .debug_abbrev  0x00001b7f      0x175 .\CortexM3\ARM_GCC_541\Debug\Project_Final.a(UART.o)
 .debug_abbrev  0x00001cf4      0x133 .\CortexM3\ARM_GCC_541\Debug\Project_Final.a(PWM.o)
 .debug_abbrev  0x00001e27      0x139 .\CortexM3\ARM_GCC_541\Debug\Project_Final.a(UART_IntClock.o)
 .debug_abbrev  0x00001f60      0x1eb .\CortexM3\ARM_GCC_541\Debug\Project_Final.a(ADC.o)
 .debug_abbrev  0x0000214b       0x42 .\CortexM3\ARM_GCC_541\Debug\Project_Final.a(ADC_INT.o)
 .debug_abbrev  0x0000218d       0xb1 .\CortexM3\ARM_GCC_541\Debug\Project_Final.a(ADC_AMux.o)
 .debug_abbrev  0x0000223e      0x139 .\CortexM3\ARM_GCC_541\Debug\Project_Final.a(ADC_Ext_CP_Clk.o)
 .debug_abbrev  0x00002377      0x121 .\CortexM3\ARM_GCC_541\Debug\Project_Final.a(ADC_theACLK.o)
 .debug_abbrev  0x00002498      0x173 .\CortexM3\ARM_GCC_541\Debug\Project_Final.a(pin_SW4_int.o)
 .debug_abbrev  0x0000260b       0xb1 .\CortexM3\ARM_GCC_541\Debug\Project_Final.a(AMux.o)
 .debug_abbrev  0x000026bc      0x173 .\CortexM3\ARM_GCC_541\Debug\Project_Final.a(isr1.o)
 .debug_abbrev  0x0000282f       0x14 .\CortexM3\ARM_GCC_541\Debug\Project_Final.a(CyBootAsmGnu.o)
 .debug_abbrev  0x00002843      0x1a7 .\CortexM3\ARM_GCC_541\Debug\Project_Final.a(CyFlash.o)
 .debug_abbrev  0x000029ea      0x194 .\CortexM3\ARM_GCC_541\Debug\Project_Final.a(CySpc.o)

.debug_line     0x00000000     0x3e43
 *(.debug_line)
 .debug_line    0x00000000      0x55d .\CortexM3\ARM_GCC_541\Debug\main.o
 .debug_line    0x0000055d      0x1ec .\CortexM3\ARM_GCC_541\Debug\keypad.o
 .debug_line    0x00000749       0x4b .\CortexM3\ARM_GCC_541\Debug\morse.o
 .debug_line    0x00000794       0x73 .\CortexM3\ARM_GCC_541\Debug\semaphore.o
 .debug_line    0x00000807      0x238 .\CortexM3\ARM_GCC_541\Debug\cyfitter_cfg.o
 .debug_line    0x00000a3f      0x141 .\CortexM3\ARM_GCC_541\Debug\cymetadata.o
 .debug_line    0x00000b80      0x234 .\CortexM3\ARM_GCC_541\Debug\Cm3Start.o
 .debug_line    0x00000db4       0x92 .\CortexM3\ARM_GCC_541\Debug\Project_Final.a(Led_1.o)
 .debug_line    0x00000e46       0x92 .\CortexM3\ARM_GCC_541\Debug\Project_Final.a(Led_2.o)
 .debug_line    0x00000ed8       0x92 .\CortexM3\ARM_GCC_541\Debug\Project_Final.a(Led_3.o)
 .debug_line    0x00000f6a       0x92 .\CortexM3\ARM_GCC_541\Debug\Project_Final.a(Led_4.o)
 .debug_line    0x00000ffc      0x816 .\CortexM3\ARM_GCC_541\Debug\Project_Final.a(CyLib.o)
 .debug_line    0x00001812      0x367 .\CortexM3\ARM_GCC_541\Debug\Project_Final.a(cyPm.o)
 .debug_line    0x00001b79       0x90 .\CortexM3\ARM_GCC_541\Debug\Project_Final.a(SW1.o)
 .debug_line    0x00001c09      0x153 .\CortexM3\ARM_GCC_541\Debug\Project_Final.a(Timer.o)
 .debug_line    0x00001d5c       0xe1 .\CortexM3\ARM_GCC_541\Debug\Project_Final.a(VDAC.o)
 .debug_line    0x00001e3d      0x130 .\CortexM3\ARM_GCC_541\Debug\Project_Final.a(isr.o)
 .debug_line    0x00001f6d       0x90 .\CortexM3\ARM_GCC_541\Debug\Project_Final.a(SW2.o)
 .debug_line    0x00001ffd       0x90 .\CortexM3\ARM_GCC_541\Debug\Project_Final.a(SW3.o)
 .debug_line    0x0000208d       0xb4 .\CortexM3\ARM_GCC_541\Debug\Project_Final.a(SW4.o)
 .debug_line    0x00002141      0x155 .\CortexM3\ARM_GCC_541\Debug\Project_Final.a(Timer_1.o)
 .debug_line    0x00002296       0x91 .\CortexM3\ARM_GCC_541\Debug\Project_Final.a(COL1.o)
 .debug_line    0x00002327       0x91 .\CortexM3\ARM_GCC_541\Debug\Project_Final.a(COL2.o)
 .debug_line    0x000023b8       0x91 .\CortexM3\ARM_GCC_541\Debug\Project_Final.a(ROW1.o)
 .debug_line    0x00002449       0x91 .\CortexM3\ARM_GCC_541\Debug\Project_Final.a(ROW0.o)
 .debug_line    0x000024da       0x91 .\CortexM3\ARM_GCC_541\Debug\Project_Final.a(ROW2.o)
 .debug_line    0x0000256b       0x91 .\CortexM3\ARM_GCC_541\Debug\Project_Final.a(ROW3.o)
 .debug_line    0x000025fc       0x91 .\CortexM3\ARM_GCC_541\Debug\Project_Final.a(COL3.o)
 .debug_line    0x0000268d      0x1dc .\CortexM3\ARM_GCC_541\Debug\Project_Final.a(LCD.o)
 .debug_line    0x00002869      0x2bc .\CortexM3\ARM_GCC_541\Debug\Project_Final.a(UART.o)
 .debug_line    0x00002b25      0x1aa .\CortexM3\ARM_GCC_541\Debug\Project_Final.a(PWM.o)
 .debug_line    0x00002ccf      0x17c .\CortexM3\ARM_GCC_541\Debug\Project_Final.a(UART_IntClock.o)
 .debug_line    0x00002e4b      0x3c1 .\CortexM3\ARM_GCC_541\Debug\Project_Final.a(ADC.o)
 .debug_line    0x0000320c       0x80 .\CortexM3\ARM_GCC_541\Debug\Project_Final.a(ADC_INT.o)
 .debug_line    0x0000328c       0xac .\CortexM3\ARM_GCC_541\Debug\Project_Final.a(ADC_AMux.o)
 .debug_line    0x00003338      0x17d .\CortexM3\ARM_GCC_541\Debug\Project_Final.a(ADC_Ext_CP_Clk.o)
 .debug_line    0x000034b5      0x19d .\CortexM3\ARM_GCC_541\Debug\Project_Final.a(ADC_theACLK.o)
 .debug_line    0x00003652      0x138 .\CortexM3\ARM_GCC_541\Debug\Project_Final.a(pin_SW4_int.o)
 .debug_line    0x0000378a       0xa8 .\CortexM3\ARM_GCC_541\Debug\Project_Final.a(AMux.o)
 .debug_line    0x00003832      0x131 .\CortexM3\ARM_GCC_541\Debug\Project_Final.a(isr1.o)
 .debug_line    0x00003963       0x66 .\CortexM3\ARM_GCC_541\Debug\Project_Final.a(CyBootAsmGnu.o)
 .debug_line    0x000039c9      0x21a .\CortexM3\ARM_GCC_541\Debug\Project_Final.a(CyFlash.o)
 .debug_line    0x00003be3      0x260 .\CortexM3\ARM_GCC_541\Debug\Project_Final.a(CySpc.o)

.debug_frame    0x00000000     0x2c68
 *(.debug_frame)
 .debug_frame   0x00000000      0x238 .\CortexM3\ARM_GCC_541\Debug\main.o
 .debug_frame   0x00000238       0x48 .\CortexM3\ARM_GCC_541\Debug\keypad.o
 .debug_frame   0x00000280       0x2c .\CortexM3\ARM_GCC_541\Debug\morse.o
 .debug_frame   0x000002ac       0x30 .\CortexM3\ARM_GCC_541\Debug\semaphore.o
 .debug_frame   0x000002dc      0x13c .\CortexM3\ARM_GCC_541\Debug\cyfitter_cfg.o
 .debug_frame   0x00000418       0xb8 .\CortexM3\ARM_GCC_541\Debug\Cm3Start.o
 .debug_frame   0x000004d0       0x50 .\CortexM3\ARM_GCC_541\Debug\Project_Final.a(Led_1.o)
 .debug_frame   0x00000520       0x50 .\CortexM3\ARM_GCC_541\Debug\Project_Final.a(Led_2.o)
 .debug_frame   0x00000570       0x50 .\CortexM3\ARM_GCC_541\Debug\Project_Final.a(Led_3.o)
 .debug_frame   0x000005c0       0x50 .\CortexM3\ARM_GCC_541\Debug\Project_Final.a(Led_4.o)
 .debug_frame   0x00000610      0x738 .\CortexM3\ARM_GCC_541\Debug\Project_Final.a(CyLib.o)
 .debug_frame   0x00000d48      0x1f8 .\CortexM3\ARM_GCC_541\Debug\Project_Final.a(cyPm.o)
 .debug_frame   0x00000f40       0x50 .\CortexM3\ARM_GCC_541\Debug\Project_Final.a(SW1.o)
 .debug_frame   0x00000f90      0x108 .\CortexM3\ARM_GCC_541\Debug\Project_Final.a(Timer.o)
 .debug_frame   0x00001098       0xb4 .\CortexM3\ARM_GCC_541\Debug\Project_Final.a(VDAC.o)
 .debug_frame   0x0000114c      0x104 .\CortexM3\ARM_GCC_541\Debug\Project_Final.a(isr.o)
 .debug_frame   0x00001250       0x50 .\CortexM3\ARM_GCC_541\Debug\Project_Final.a(SW2.o)
 .debug_frame   0x000012a0       0x50 .\CortexM3\ARM_GCC_541\Debug\Project_Final.a(SW3.o)
 .debug_frame   0x000012f0       0x70 .\CortexM3\ARM_GCC_541\Debug\Project_Final.a(SW4.o)
 .debug_frame   0x00001360      0x108 .\CortexM3\ARM_GCC_541\Debug\Project_Final.a(Timer_1.o)
 .debug_frame   0x00001468       0x50 .\CortexM3\ARM_GCC_541\Debug\Project_Final.a(COL1.o)
 .debug_frame   0x000014b8       0x50 .\CortexM3\ARM_GCC_541\Debug\Project_Final.a(COL2.o)
 .debug_frame   0x00001508       0x50 .\CortexM3\ARM_GCC_541\Debug\Project_Final.a(ROW1.o)
 .debug_frame   0x00001558       0x50 .\CortexM3\ARM_GCC_541\Debug\Project_Final.a(ROW0.o)
 .debug_frame   0x000015a8       0x50 .\CortexM3\ARM_GCC_541\Debug\Project_Final.a(ROW2.o)
 .debug_frame   0x000015f8       0x50 .\CortexM3\ARM_GCC_541\Debug\Project_Final.a(ROW3.o)
 .debug_frame   0x00001648       0x50 .\CortexM3\ARM_GCC_541\Debug\Project_Final.a(COL3.o)
 .debug_frame   0x00001698      0x1e8 .\CortexM3\ARM_GCC_541\Debug\Project_Final.a(LCD.o)
 .debug_frame   0x00001880      0x250 .\CortexM3\ARM_GCC_541\Debug\Project_Final.a(UART.o)
 .debug_frame   0x00001ad0      0x154 .\CortexM3\ARM_GCC_541\Debug\Project_Final.a(PWM.o)
 .debug_frame   0x00001c24       0xe0 .\CortexM3\ARM_GCC_541\Debug\Project_Final.a(UART_IntClock.o)
 .debug_frame   0x00001d04      0x284 .\CortexM3\ARM_GCC_541\Debug\Project_Final.a(ADC.o)
 .debug_frame   0x00001f88       0x50 .\CortexM3\ARM_GCC_541\Debug\Project_Final.a(ADC_INT.o)
 .debug_frame   0x00001fd8       0x64 .\CortexM3\ARM_GCC_541\Debug\Project_Final.a(ADC_AMux.o)
 .debug_frame   0x0000203c       0xe0 .\CortexM3\ARM_GCC_541\Debug\Project_Final.a(ADC_Ext_CP_Clk.o)
 .debug_frame   0x0000211c      0x100 .\CortexM3\ARM_GCC_541\Debug\Project_Final.a(ADC_theACLK.o)
 .debug_frame   0x0000221c      0x104 .\CortexM3\ARM_GCC_541\Debug\Project_Final.a(pin_SW4_int.o)
 .debug_frame   0x00002320       0x64 .\CortexM3\ARM_GCC_541\Debug\Project_Final.a(AMux.o)
 .debug_frame   0x00002384      0x104 .\CortexM3\ARM_GCC_541\Debug\Project_Final.a(isr1.o)
 .debug_frame   0x00002488      0x194 .\CortexM3\ARM_GCC_541\Debug\Project_Final.a(CyFlash.o)
 .debug_frame   0x0000261c      0x180 .\CortexM3\ARM_GCC_541\Debug\Project_Final.a(CySpc.o)
 .debug_frame   0x0000279c       0x38 c:/program files (x86)/cypress/psoc creator/4.3/psoc creator/import/gnu/arm/5.4.1/bin/../lib/gcc/arm-none-eabi/5.4.1/../../../../arm-none-eabi/lib/armv7-m\libm.a(lib_a-s_sin.o)
 .debug_frame   0x000027d4       0x48 c:/program files (x86)/cypress/psoc creator/4.3/psoc creator/import/gnu/arm/5.4.1/bin/../lib/gcc/arm-none-eabi/5.4.1/../../../../arm-none-eabi/lib/armv7-m\libm.a(lib_a-e_rem_pio2.o)
 .debug_frame   0x0000281c       0x4c c:/program files (x86)/cypress/psoc creator/4.3/psoc creator/import/gnu/arm/5.4.1/bin/../lib/gcc/arm-none-eabi/5.4.1/../../../../arm-none-eabi/lib/armv7-m\libm.a(lib_a-k_cos.o)
 .debug_frame   0x00002868       0x50 c:/program files (x86)/cypress/psoc creator/4.3/psoc creator/import/gnu/arm/5.4.1/bin/../lib/gcc/arm-none-eabi/5.4.1/../../../../arm-none-eabi/lib/armv7-m\libm.a(lib_a-k_rem_pio2.o)
 .debug_frame   0x000028b8       0x48 c:/program files (x86)/cypress/psoc creator/4.3/psoc creator/import/gnu/arm/5.4.1/bin/../lib/gcc/arm-none-eabi/5.4.1/../../../../arm-none-eabi/lib/armv7-m\libm.a(lib_a-k_sin.o)
 .debug_frame   0x00002900       0x20 c:/program files (x86)/cypress/psoc creator/4.3/psoc creator/import/gnu/arm/5.4.1/bin/../lib/gcc/arm-none-eabi/5.4.1/../../../../arm-none-eabi/lib/armv7-m\libm.a(lib_a-s_fabs.o)
 .debug_frame   0x00002920       0x34 c:/program files (x86)/cypress/psoc creator/4.3/psoc creator/import/gnu/arm/5.4.1/bin/../lib/gcc/arm-none-eabi/5.4.1/../../../../arm-none-eabi/lib/armv7-m\libm.a(lib_a-s_floor.o)
 .debug_frame   0x00002954       0x30 c:/program files (x86)/cypress/psoc creator/4.3/psoc creator/import/gnu/arm/5.4.1/bin/../lib/gcc/arm-none-eabi/5.4.1/../../../../arm-none-eabi/lib/armv7-m\libm.a(lib_a-s_scalbn.o)
 .debug_frame   0x00002984       0x20 c:/program files (x86)/cypress/psoc creator/4.3/psoc creator/import/gnu/arm/5.4.1/bin/../lib/gcc/arm-none-eabi/5.4.1/../../../../arm-none-eabi/lib/armv7-m\libm.a(lib_a-s_copysign.o)
 .debug_frame   0x000029a4       0x20 c:/program files (x86)/cypress/psoc creator/4.3/psoc creator/import/gnu/arm/5.4.1/bin/../lib/gcc/arm-none-eabi/5.4.1/../../../../arm-none-eabi/lib/armv7-m\libg_nano.a(lib_a-errno.o)
 .debug_frame   0x000029c4       0x28 c:/program files (x86)/cypress/psoc creator/4.3/psoc creator/import/gnu/arm/5.4.1/bin/../lib/gcc/arm-none-eabi/5.4.1/../../../../arm-none-eabi/lib/armv7-m\libg_nano.a(lib_a-exit.o)
 .debug_frame   0x000029ec       0x2c c:/program files (x86)/cypress/psoc creator/4.3/psoc creator/import/gnu/arm/5.4.1/bin/../lib/gcc/arm-none-eabi/5.4.1/../../../../arm-none-eabi/lib/armv7-m\libg_nano.a(lib_a-init.o)
 .debug_frame   0x00002a18       0x30 c:/program files (x86)/cypress/psoc creator/4.3/psoc creator/import/gnu/arm/5.4.1/bin/../lib/gcc/arm-none-eabi/5.4.1/../../../../arm-none-eabi/lib/armv7-m\libg_nano.a(lib_a-malloc.o)
 .debug_frame   0x00002a48       0x28 c:/program files (x86)/cypress/psoc creator/4.3/psoc creator/import/gnu/arm/5.4.1/bin/../lib/gcc/arm-none-eabi/5.4.1/../../../../arm-none-eabi/lib/armv7-m\libg_nano.a(lib_a-memcpy-stub.o)
 .debug_frame   0x00002a70       0x20 c:/program files (x86)/cypress/psoc creator/4.3/psoc creator/import/gnu/arm/5.4.1/bin/../lib/gcc/arm-none-eabi/5.4.1/../../../../arm-none-eabi/lib/armv7-m\libg_nano.a(lib_a-memset.o)
 .debug_frame   0x00002a90       0x38 c:/program files (x86)/cypress/psoc creator/4.3/psoc creator/import/gnu/arm/5.4.1/bin/../lib/gcc/arm-none-eabi/5.4.1/../../../../arm-none-eabi/lib/armv7-m\libg_nano.a(lib_a-nano-freer.o)
 .debug_frame   0x00002ac8       0x2c c:/program files (x86)/cypress/psoc creator/4.3/psoc creator/import/gnu/arm/5.4.1/bin/../lib/gcc/arm-none-eabi/5.4.1/../../../../arm-none-eabi/lib/armv7-m\libg_nano.a(lib_a-nano-mallocr.o)
 .debug_frame   0x00002af4       0x20 c:/program files (x86)/cypress/psoc creator/4.3/psoc creator/import/gnu/arm/5.4.1/bin/../lib/gcc/arm-none-eabi/5.4.1/../../../../arm-none-eabi/lib/armv7-m\libg_nano.a(lib_a-realloc.o)
 .debug_frame   0x00002b14       0x2c c:/program files (x86)/cypress/psoc creator/4.3/psoc creator/import/gnu/arm/5.4.1/bin/../lib/gcc/arm-none-eabi/5.4.1/../../../../arm-none-eabi/lib/armv7-m\libg_nano.a(lib_a-sbrkr.o)
 .debug_frame   0x00002b40       0x20 c:/program files (x86)/cypress/psoc creator/4.3/psoc creator/import/gnu/arm/5.4.1/bin/../lib/gcc/arm-none-eabi/5.4.1/../../../../arm-none-eabi/lib/armv7-m\libg_nano.a(lib_a-strcpy.o)
 .debug_frame   0x00002b60       0x20 c:/program files (x86)/cypress/psoc creator/4.3/psoc creator/import/gnu/arm/5.4.1/bin/../lib/gcc/arm-none-eabi/5.4.1/../../../../arm-none-eabi/lib/armv7-m\libg_nano.a(lib_a-tolower.o)
 .debug_frame   0x00002b80       0x30 c:/program files (x86)/cypress/psoc creator/4.3/psoc creator/import/gnu/arm/5.4.1/bin/../lib/gcc/arm-none-eabi/5.4.1/../../../../arm-none-eabi/lib/armv7-m\libg_nano.a(lib_a-mlock.o)
 .debug_frame   0x00002bb0       0x3c c:/program files (x86)/cypress/psoc creator/4.3/psoc creator/import/gnu/arm/5.4.1/bin/../lib/gcc/arm-none-eabi/5.4.1/../../../../arm-none-eabi/lib/armv7-m\libg_nano.a(lib_a-nano-reallocr.o)
 .debug_frame   0x00002bec       0x5c c:/program files (x86)/cypress/psoc creator/4.3/psoc creator/import/gnu/arm/5.4.1/bin/../lib/gcc/arm-none-eabi/5.4.1/../../../../arm-none-eabi/lib/armv7-m\libg_nano.a(lib_a-reent.o)
 .debug_frame   0x00002c48       0x20 c:/program files (x86)/cypress/psoc creator/4.3/psoc creator/import/gnu/arm/5.4.1/bin/../lib/gcc/arm-none-eabi/5.4.1/../../../../arm-none-eabi/lib/armv7-m\libg_nano.a(lib_a-nano-msizer.o)

.debug_str      0x00000000     0x2de8
 *(.debug_str)
 .debug_str     0x00000000      0x520 .\CortexM3\ARM_GCC_541\Debug\main.o
                                0x5a5 (size before relaxing)
 .debug_str     0x00000520       0x5d .\CortexM3\ARM_GCC_541\Debug\keypad.o
                                0x222 (size before relaxing)
 .debug_str     0x0000057d       0x39 .\CortexM3\ARM_GCC_541\Debug\morse.o
                                0x1b6 (size before relaxing)
 .debug_str     0x000005b6        0xc .\CortexM3\ARM_GCC_541\Debug\semaphore.o
                                0x1c4 (size before relaxing)
 .debug_str     0x000005c2      0x1bb .\CortexM3\ARM_GCC_541\Debug\cyfitter_cfg.o
                                0x395 (size before relaxing)
 .debug_str     0x0000077d       0x75 .\CortexM3\ARM_GCC_541\Debug\cymetadata.o
                                0x1ea (size before relaxing)
 .debug_str     0x000007f2      0x144 .\CortexM3\ARM_GCC_541\Debug\Cm3Start.o
                                0x310 (size before relaxing)
 .debug_str     0x00000936       0x5f .\CortexM3\ARM_GCC_541\Debug\Project_Final.a(Led_1.o)
                                0x1e8 (size before relaxing)
 .debug_str     0x00000995       0x4f .\CortexM3\ARM_GCC_541\Debug\Project_Final.a(Led_2.o)
                                0x1e8 (size before relaxing)
 .debug_str     0x000009e4       0x4f .\CortexM3\ARM_GCC_541\Debug\Project_Final.a(Led_3.o)
                                0x1e8 (size before relaxing)
 .debug_str     0x00000a33       0x4f .\CortexM3\ARM_GCC_541\Debug\Project_Final.a(Led_4.o)
                                0x1e8 (size before relaxing)
 .debug_str     0x00000a82      0x832 .\CortexM3\ARM_GCC_541\Debug\Project_Final.a(CyLib.o)
                                0xa4d (size before relaxing)
 .debug_str     0x000012b4      0x365 .\CortexM3\ARM_GCC_541\Debug\Project_Final.a(cyPm.o)
                                0x739 (size before relaxing)
 .debug_str     0x00001619       0x48 .\CortexM3\ARM_GCC_541\Debug\Project_Final.a(SW1.o)
                                0x1de (size before relaxing)
 .debug_str     0x00001661      0x132 .\CortexM3\ARM_GCC_541\Debug\Project_Final.a(Timer.o)
                                0x2fb (size before relaxing)
 .debug_str     0x00001793       0x80 .\CortexM3\ARM_GCC_541\Debug\Project_Final.a(VDAC.o)
                                0x21b (size before relaxing)
 .debug_str     0x00001813       0xbe .\CortexM3\ARM_GCC_541\Debug\Project_Final.a(isr.o)
                                0x290 (size before relaxing)
 .debug_str     0x000018d1       0x48 .\CortexM3\ARM_GCC_541\Debug\Project_Final.a(SW2.o)
                                0x1de (size before relaxing)
 .debug_str     0x00001919       0x48 .\CortexM3\ARM_GCC_541\Debug\Project_Final.a(SW3.o)
                                0x1de (size before relaxing)
 .debug_str     0x00001961       0x66 .\CortexM3\ARM_GCC_541\Debug\Project_Final.a(SW4.o)
                                0x216 (size before relaxing)
 .debug_str     0x000019c7      0x128 .\CortexM3\ARM_GCC_541\Debug\Project_Final.a(Timer_1.o)
                                0x31b (size before relaxing)
 .debug_str     0x00001aef       0x4b .\CortexM3\ARM_GCC_541\Debug\Project_Final.a(COL1.o)
                                0x1e3 (size before relaxing)
 .debug_str     0x00001b3a       0x4b .\CortexM3\ARM_GCC_541\Debug\Project_Final.a(COL2.o)
                                0x1e3 (size before relaxing)
 .debug_str     0x00001b85       0x4c .\CortexM3\ARM_GCC_541\Debug\Project_Final.a(ROW1.o)
                                0x1e3 (size before relaxing)
 .debug_str     0x00001bd1       0x4c .\CortexM3\ARM_GCC_541\Debug\Project_Final.a(ROW0.o)
                                0x1e3 (size before relaxing)
 .debug_str     0x00001c1d       0x4c .\CortexM3\ARM_GCC_541\Debug\Project_Final.a(ROW2.o)
                                0x1e3 (size before relaxing)
 .debug_str     0x00001c69       0x4c .\CortexM3\ARM_GCC_541\Debug\Project_Final.a(ROW3.o)
                                0x1e3 (size before relaxing)
 .debug_str     0x00001cb5       0x4b .\CortexM3\ARM_GCC_541\Debug\Project_Final.a(COL3.o)
                                0x1e3 (size before relaxing)
 .debug_str     0x00001d00      0x130 .\CortexM3\ARM_GCC_541\Debug\Project_Final.a(LCD.o)
                                0x331 (size before relaxing)
 .debug_str     0x00001e30      0x242 .\CortexM3\ARM_GCC_541\Debug\Project_Final.a(UART.o)
                                0x47b (size before relaxing)
 .debug_str     0x00002072      0x141 .\CortexM3\ARM_GCC_541\Debug\Project_Final.a(PWM.o)
                                0x363 (size before relaxing)
 .debug_str     0x000021b3      0x183 .\CortexM3\ARM_GCC_541\Debug\Project_Final.a(UART_IntClock.o)
                                0x33c (size before relaxing)
 .debug_str     0x00002336      0x31f .\CortexM3\ARM_GCC_541\Debug\Project_Final.a(ADC.o)
                                0x5cf (size before relaxing)
 .debug_str     0x00002655       0x45 .\CortexM3\ARM_GCC_541\Debug\Project_Final.a(ADC_INT.o)
                                0x1c6 (size before relaxing)
 .debug_str     0x0000269a       0x5f .\CortexM3\ARM_GCC_541\Debug\Project_Final.a(ADC_AMux.o)
                                0x205 (size before relaxing)
 .debug_str     0x000026f9      0x12a .\CortexM3\ARM_GCC_541\Debug\Project_Final.a(ADC_Ext_CP_Clk.o)
                                0x348 (size before relaxing)
 .debug_str     0x00002823      0x14f .\CortexM3\ARM_GCC_541\Debug\Project_Final.a(ADC_theACLK.o)
                                0x367 (size before relaxing)
 .debug_str     0x00002972      0x126 .\CortexM3\ARM_GCC_541\Debug\Project_Final.a(pin_SW4_int.o)
                                0x300 (size before relaxing)
 .debug_str     0x00002a98       0x1e .\CortexM3\ARM_GCC_541\Debug\Project_Final.a(AMux.o)
                                0x1e9 (size before relaxing)
 .debug_str     0x00002ab6       0xcb .\CortexM3\ARM_GCC_541\Debug\Project_Final.a(isr1.o)
                                0x29e (size before relaxing)
 .debug_str     0x00002b81      0x1bb .\CortexM3\ARM_GCC_541\Debug\Project_Final.a(CyFlash.o)
                                0x3c6 (size before relaxing)
 .debug_str     0x00002d3c       0xac .\CortexM3\ARM_GCC_541\Debug\Project_Final.a(CySpc.o)
                                0x33e (size before relaxing)

.debug_loc      0x00000000     0x35e1
 *(.debug_loc)
 .debug_loc     0x00000000      0x37b .\CortexM3\ARM_GCC_541\Debug\main.o
 .debug_loc     0x0000037b       0x58 .\CortexM3\ARM_GCC_541\Debug\morse.o
 .debug_loc     0x000003d3       0x7e .\CortexM3\ARM_GCC_541\Debug\semaphore.o
 .debug_loc     0x00000451      0x2c7 .\CortexM3\ARM_GCC_541\Debug\cyfitter_cfg.o
 .debug_loc     0x00000718      0x144 .\CortexM3\ARM_GCC_541\Debug\Cm3Start.o
 .debug_loc     0x0000085c       0x42 .\CortexM3\ARM_GCC_541\Debug\Project_Final.a(Led_1.o)
 .debug_loc     0x0000089e       0x42 .\CortexM3\ARM_GCC_541\Debug\Project_Final.a(Led_2.o)
 .debug_loc     0x000008e0       0x42 .\CortexM3\ARM_GCC_541\Debug\Project_Final.a(Led_3.o)
 .debug_loc     0x00000922       0x42 .\CortexM3\ARM_GCC_541\Debug\Project_Final.a(Led_4.o)
 .debug_loc     0x00000964      0xa11 .\CortexM3\ARM_GCC_541\Debug\Project_Final.a(CyLib.o)
 .debug_loc     0x00001375      0x1e4 .\CortexM3\ARM_GCC_541\Debug\Project_Final.a(cyPm.o)
 .debug_loc     0x00001559       0x42 .\CortexM3\ARM_GCC_541\Debug\Project_Final.a(SW1.o)
 .debug_loc     0x0000159b       0x79 .\CortexM3\ARM_GCC_541\Debug\Project_Final.a(VDAC.o)
 .debug_loc     0x00001614       0x56 .\CortexM3\ARM_GCC_541\Debug\Project_Final.a(isr.o)
 .debug_loc     0x0000166a       0x42 .\CortexM3\ARM_GCC_541\Debug\Project_Final.a(SW2.o)
 .debug_loc     0x000016ac       0x42 .\CortexM3\ARM_GCC_541\Debug\Project_Final.a(SW3.o)
 .debug_loc     0x000016ee       0x84 .\CortexM3\ARM_GCC_541\Debug\Project_Final.a(SW4.o)
 .debug_loc     0x00001772       0x42 .\CortexM3\ARM_GCC_541\Debug\Project_Final.a(COL1.o)
 .debug_loc     0x000017b4       0x42 .\CortexM3\ARM_GCC_541\Debug\Project_Final.a(COL2.o)
 .debug_loc     0x000017f6       0x42 .\CortexM3\ARM_GCC_541\Debug\Project_Final.a(ROW1.o)
 .debug_loc     0x00001838       0x42 .\CortexM3\ARM_GCC_541\Debug\Project_Final.a(ROW0.o)
 .debug_loc     0x0000187a       0x42 .\CortexM3\ARM_GCC_541\Debug\Project_Final.a(ROW2.o)
 .debug_loc     0x000018bc       0x42 .\CortexM3\ARM_GCC_541\Debug\Project_Final.a(ROW3.o)
 .debug_loc     0x000018fe       0x42 .\CortexM3\ARM_GCC_541\Debug\Project_Final.a(COL3.o)
 .debug_loc     0x00001940      0x3c6 .\CortexM3\ARM_GCC_541\Debug\Project_Final.a(LCD.o)
 .debug_loc     0x00001d06      0x258 .\CortexM3\ARM_GCC_541\Debug\Project_Final.a(UART.o)
 .debug_loc     0x00001f5e       0x26 .\CortexM3\ARM_GCC_541\Debug\Project_Final.a(PWM.o)
 .debug_loc     0x00001f84      0x128 .\CortexM3\ARM_GCC_541\Debug\Project_Final.a(UART_IntClock.o)
 .debug_loc     0x000020ac      0x681 .\CortexM3\ARM_GCC_541\Debug\Project_Final.a(ADC.o)
 .debug_loc     0x0000272d       0x6c .\CortexM3\ARM_GCC_541\Debug\Project_Final.a(ADC_AMux.o)
 .debug_loc     0x00002799      0x12c .\CortexM3\ARM_GCC_541\Debug\Project_Final.a(ADC_Ext_CP_Clk.o)
 .debug_loc     0x000028c5      0x14d .\CortexM3\ARM_GCC_541\Debug\Project_Final.a(ADC_theACLK.o)
 .debug_loc     0x00002a12       0x56 .\CortexM3\ARM_GCC_541\Debug\Project_Final.a(pin_SW4_int.o)
 .debug_loc     0x00002a68       0x6c .\CortexM3\ARM_GCC_541\Debug\Project_Final.a(AMux.o)
 .debug_loc     0x00002ad4       0x56 .\CortexM3\ARM_GCC_541\Debug\Project_Final.a(isr1.o)
 .debug_loc     0x00002b2a      0x3b2 .\CortexM3\ARM_GCC_541\Debug\Project_Final.a(CyFlash.o)
 .debug_loc     0x00002edc      0x705 .\CortexM3\ARM_GCC_541\Debug\Project_Final.a(CySpc.o)

.debug_macinfo
 *(.debug_macinfo)

.debug_ranges   0x00000000      0xee8
 *(.debug_ranges)
 .debug_ranges  0x00000000       0xb0 .\CortexM3\ARM_GCC_541\Debug\main.o
 .debug_ranges  0x000000b0       0x18 .\CortexM3\ARM_GCC_541\Debug\keypad.o
 .debug_ranges  0x000000c8       0x10 .\CortexM3\ARM_GCC_541\Debug\morse.o
 .debug_ranges  0x000000d8       0x10 .\CortexM3\ARM_GCC_541\Debug\semaphore.o
 .debug_ranges  0x000000e8       0x68 .\CortexM3\ARM_GCC_541\Debug\cyfitter_cfg.o
 .debug_ranges  0x00000150       0x38 .\CortexM3\ARM_GCC_541\Debug\Cm3Start.o
 .debug_ranges  0x00000188       0x28 .\CortexM3\ARM_GCC_541\Debug\Project_Final.a(Led_1.o)
 .debug_ranges  0x000001b0       0x28 .\CortexM3\ARM_GCC_541\Debug\Project_Final.a(Led_2.o)
 .debug_ranges  0x000001d8       0x28 .\CortexM3\ARM_GCC_541\Debug\Project_Final.a(Led_3.o)
 .debug_ranges  0x00000200       0x28 .\CortexM3\ARM_GCC_541\Debug\Project_Final.a(Led_4.o)
 .debug_ranges  0x00000228      0x290 .\CortexM3\ARM_GCC_541\Debug\Project_Final.a(CyLib.o)
 .debug_ranges  0x000004b8       0x88 .\CortexM3\ARM_GCC_541\Debug\Project_Final.a(cyPm.o)
 .debug_ranges  0x00000540       0x28 .\CortexM3\ARM_GCC_541\Debug\Project_Final.a(SW1.o)
 .debug_ranges  0x00000568       0x78 .\CortexM3\ARM_GCC_541\Debug\Project_Final.a(Timer.o)
 .debug_ranges  0x000005e0       0x48 .\CortexM3\ARM_GCC_541\Debug\Project_Final.a(VDAC.o)
 .debug_ranges  0x00000628       0x70 .\CortexM3\ARM_GCC_541\Debug\Project_Final.a(isr.o)
 .debug_ranges  0x00000698       0x28 .\CortexM3\ARM_GCC_541\Debug\Project_Final.a(SW2.o)
 .debug_ranges  0x000006c0       0x28 .\CortexM3\ARM_GCC_541\Debug\Project_Final.a(SW3.o)
 .debug_ranges  0x000006e8       0x38 .\CortexM3\ARM_GCC_541\Debug\Project_Final.a(SW4.o)
 .debug_ranges  0x00000720       0x78 .\CortexM3\ARM_GCC_541\Debug\Project_Final.a(Timer_1.o)
 .debug_ranges  0x00000798       0x28 .\CortexM3\ARM_GCC_541\Debug\Project_Final.a(COL1.o)
 .debug_ranges  0x000007c0       0x28 .\CortexM3\ARM_GCC_541\Debug\Project_Final.a(COL2.o)
 .debug_ranges  0x000007e8       0x28 .\CortexM3\ARM_GCC_541\Debug\Project_Final.a(ROW1.o)
 .debug_ranges  0x00000810       0x28 .\CortexM3\ARM_GCC_541\Debug\Project_Final.a(ROW0.o)
 .debug_ranges  0x00000838       0x28 .\CortexM3\ARM_GCC_541\Debug\Project_Final.a(ROW2.o)
 .debug_ranges  0x00000860       0x28 .\CortexM3\ARM_GCC_541\Debug\Project_Final.a(ROW3.o)
 .debug_ranges  0x00000888       0x28 .\CortexM3\ARM_GCC_541\Debug\Project_Final.a(COL3.o)