Archive member included to satisfy reference by file (symbol)

.\CortexM3\ARM_GCC_541\Debug\Project_Final.a(Led_1.o)
                              .\CortexM3\ARM_GCC_541\Debug\main.o (Led_1_Write)
.\CortexM3\ARM_GCC_541\Debug\Project_Final.a(Led_2.o)
                              .\CortexM3\ARM_GCC_541\Debug\main.o (Led_2_Write)
.\CortexM3\ARM_GCC_541\Debug\Project_Final.a(Led_3.o)
                              .\CortexM3\ARM_GCC_541\Debug\main.o (Led_3_Write)
.\CortexM3\ARM_GCC_541\Debug\Project_Final.a(Led_4.o)
                              .\CortexM3\ARM_GCC_541\Debug\main.o (Led_4_Write)
.\CortexM3\ARM_GCC_541\Debug\Project_Final.a(CyLib.o)
                              .\CortexM3\ARM_GCC_541\Debug\Cm3Start.o (CyHalt)
.\CortexM3\ARM_GCC_541\Debug\Project_Final.a(cyPm.o)
                              .\CortexM3\ARM_GCC_541\Debug\Project_Final.a(CyLib.o) (CyPmReadStatus)
.\CortexM3\ARM_GCC_541\Debug\Project_Final.a(SW1.o)
                              .\CortexM3\ARM_GCC_541\Debug\main.o (SW1_Read)
.\CortexM3\ARM_GCC_541\Debug\Project_Final.a(Timer.o)
                              .\CortexM3\ARM_GCC_541\Debug\main.o (Timer_Stop)
.\CortexM3\ARM_GCC_541\Debug\Project_Final.a(VDAC.o)
                              .\CortexM3\ARM_GCC_541\Debug\main.o (VDAC_SetValue)
.\CortexM3\ARM_GCC_541\Debug\Project_Final.a(isr.o)
                              .\CortexM3\ARM_GCC_541\Debug\main.o (isr_StartEx)
.\CortexM3\ARM_GCC_541\Debug\Project_Final.a(SW2.o)
                              .\CortexM3\ARM_GCC_541\Debug\main.o (SW2_Read)
.\CortexM3\ARM_GCC_541\Debug\Project_Final.a(Timer_1.o)
                              .\CortexM3\ARM_GCC_541\Debug\main.o (Timer_1_ReadStatusRegister)
.\CortexM3\ARM_GCC_541\Debug\Project_Final.a(CyBootAsmGnu.o)
                              .\CortexM3\ARM_GCC_541\Debug\cyfitter_cfg.o (CyDelayCycles)
.\CortexM3\ARM_GCC_541\Debug\Project_Final.a(CyFlash.o)
                              .\CortexM3\ARM_GCC_541\Debug\Project_Final.a(cyPm.o) (CyFlash_SetWaitCycles)
.\CortexM3\ARM_GCC_541\Debug\Project_Final.a(CySpc.o)
                              .\CortexM3\ARM_GCC_541\Debug\Project_Final.a(CyFlash.o) (CySpcStart)
c:/program files (x86)/cypress/psoc creator/4.3/psoc creator/import/gnu/arm/5.4.1/bin/../lib/gcc/arm-none-eabi/5.4.1/../../../../arm-none-eabi/lib/armv7-m\libm.a(lib_a-s_sin.o)
                              .\CortexM3\ARM_GCC_541\Debug\main.o (sin)
c:/program files (x86)/cypress/psoc creator/4.3/psoc creator/import/gnu/arm/5.4.1/bin/../lib/gcc/arm-none-eabi/5.4.1/../../../../arm-none-eabi/lib/armv7-m\libm.a(lib_a-e_rem_pio2.o)
                              c:/program files (x86)/cypress/psoc creator/4.3/psoc creator/import/gnu/arm/5.4.1/bin/../lib/gcc/arm-none-eabi/5.4.1/../../../../arm-none-eabi/lib/armv7-m\libm.a(lib_a-s_sin.o) (__ieee754_rem_pio2)
c:/program files (x86)/cypress/psoc creator/4.3/psoc creator/import/gnu/arm/5.4.1/bin/../lib/gcc/arm-none-eabi/5.4.1/../../../../arm-none-eabi/lib/armv7-m\libm.a(lib_a-k_cos.o)
                              c:/program files (x86)/cypress/psoc creator/4.3/psoc creator/import/gnu/arm/5.4.1/bin/../lib/gcc/arm-none-eabi/5.4.1/../../../../arm-none-eabi/lib/armv7-m\libm.a(lib_a-s_sin.o) (__kernel_cos)
c:/program files (x86)/cypress/psoc creator/4.3/psoc creator/import/gnu/arm/5.4.1/bin/../lib/gcc/arm-none-eabi/5.4.1/../../../../arm-none-eabi/lib/armv7-m\libm.a(lib_a-k_rem_pio2.o)
                              c:/program files (x86)/cypress/psoc creator/4.3/psoc creator/import/gnu/arm/5.4.1/bin/../lib/gcc/arm-none-eabi/5.4.1/../../../../arm-none-eabi/lib/armv7-m\libm.a(lib_a-e_rem_pio2.o) (__kernel_rem_pio2)
c:/program files (x86)/cypress/psoc creator/4.3/psoc creator/import/gnu/arm/5.4.1/bin/../lib/gcc/arm-none-eabi/5.4.1/../../../../arm-none-eabi/lib/armv7-m\libm.a(lib_a-k_sin.o)
                              c:/program files (x86)/cypress/psoc creator/4.3/psoc creator/import/gnu/arm/5.4.1/bin/../lib/gcc/arm-none-eabi/5.4.1/../../../../arm-none-eabi/lib/armv7-m\libm.a(lib_a-s_sin.o) (__kernel_sin)
c:/program files (x86)/cypress/psoc creator/4.3/psoc creator/import/gnu/arm/5.4.1/bin/../lib/gcc/arm-none-eabi/5.4.1/../../../../arm-none-eabi/lib/armv7-m\libm.a(lib_a-s_fabs.o)
                              c:/program files (x86)/cypress/psoc creator/4.3/psoc creator/import/gnu/arm/5.4.1/bin/../lib/gcc/arm-none-eabi/5.4.1/../../../../arm-none-eabi/lib/armv7-m\libm.a(lib_a-e_rem_pio2.o) (fabs)
c:/program files (x86)/cypress/psoc creator/4.3/psoc creator/import/gnu/arm/5.4.1/bin/../lib/gcc/arm-none-eabi/5.4.1/../../../../arm-none-eabi/lib/armv7-m\libm.a(lib_a-s_floor.o)
                              c:/program files (x86)/cypress/psoc creator/4.3/psoc creator/import/gnu/arm/5.4.1/bin/../lib/gcc/arm-none-eabi/5.4.1/../../../../arm-none-eabi/lib/armv7-m\libm.a(lib_a-k_rem_pio2.o) (floor)
[...]
Memory Configuration

Name             Origin             Length             Attributes
rom              0x00000000         0x00040000         xr
ram              0x1fff8000         0x00010000         xrw
*default*        0x00000000         0xffffffff

Linker script and memory map

LOAD c:/program files (x86)/cypress/psoc creator/4.3/psoc creator/import/gnu/arm/5.4.1/bin/../lib/gcc/arm-none-eabi/5.4.1/armv7-m/crti.o
LOAD c:/program files (x86)/cypress/psoc creator/4.3/psoc creator/import/gnu/arm/5.4.1/bin/../lib/gcc/arm-none-eabi/5.4.1/armv7-m/crtbegin.o
LOAD c:/program files (x86)/cypress/psoc creator/4.3/psoc creator/import/gnu/arm/5.4.1/bin/../lib/gcc/arm-none-eabi/5.4.1/../../../../arm-none-eabi/lib/armv7-m/crt0.o
START GROUP
LOAD .\CortexM3\ARM_GCC_541\Debug\main.o
LOAD .\CortexM3\ARM_GCC_541\Debug\cyfitter_cfg.o
LOAD .\CortexM3\ARM_GCC_541\Debug\cymetadata.o
LOAD .\CortexM3\ARM_GCC_541\Debug\Cm3Start.o
LOAD .\CortexM3\ARM_GCC_541\Debug\Project_Final.a
LOAD C:\Program Files (x86)\Cypress\PSoC Creator\4.3\PSoC Creator\psoc\content\cycomponentlibrary\CyComponentLibrary.cylib\CortexM3\ARM_GCC_541\Debug\CyComponentLibrary.a
LOAD c:/program files (x86)/cypress/psoc creator/4.3/psoc creator/import/gnu/arm/5.4.1/bin/../lib/gcc/arm-none-eabi/5.4.1/../../../../arm-none-eabi/lib/armv7-m\libm.a
END GROUP
START GROUP
LOAD c:/program files (x86)/cypress/psoc creator/4.3/psoc creator/import/gnu/arm/5.4.1/bin/../lib/gcc/arm-none-eabi/5.4.1/armv7-m\libgcc.a
LOAD c:/program files (x86)/cypress/psoc creator/4.3/psoc creator/import/gnu/arm/5.4.1/bin/../lib/gcc/arm-none-eabi/5.4.1/../../../../arm-none-eabi/lib/armv7-m\libg_nano.a
LOAD c:/program files (x86)/cypress/psoc creator/4.3/psoc creator/import/gnu/arm/5.4.1/bin/../lib/gcc/arm-none-eabi/5.4.1/../../../../arm-none-eabi/lib/armv7-m\libc_nano.a
END GROUP
START GROUP
LOAD c:/program files (x86)/cypress/psoc creator/4.3/psoc creator/import/gnu/arm/5.4.1/bin/../lib/gcc/arm-none-eabi/5.4.1/armv7-m\libgcc.a
LOAD c:/program files (x86)/cypress/psoc creator/4.3/psoc creator/import/gnu/arm/5.4.1/bin/../lib/gcc/arm-none-eabi/5.4.1/../../../../arm-none-eabi/lib/armv7-m\libc_nano.a
END GROUP
LOAD c:/program files (x86)/cypress/psoc creator/4.3/psoc creator/import/gnu/arm/5.4.1/bin/../lib/gcc/arm-none-eabi/5.4.1/armv7-m/crtend.o
LOAD c:/program files (x86)/cypress/psoc creator/4.3/psoc creator/import/gnu/arm/5.4.1/bin/../lib/gcc/arm-none-eabi/5.4.1/armv7-m/crtn.o
START GROUP
LOAD c:/program files (x86)/cypress/psoc creator/4.3/psoc creator/import/gnu/arm/5.4.1/bin/../lib/gcc/arm-none-eabi/5.4.1/armv7-m\libgcc.a
LOAD c:/program files (x86)/cypress/psoc creator/4.3/psoc creator/import/gnu/arm/5.4.1/bin/../lib/gcc/arm-none-eabi/5.4.1/../../../../arm-none-eabi/lib/armv7-m\libc.a
LOAD c:/program files (x86)/cypress/psoc creator/4.3/psoc creator/import/gnu/arm/5.4.1/bin/../lib/gcc/arm-none-eabi/5.4.1/../../../../arm-none-eabi/lib/armv7-m\libnosys.a
END GROUP
                0x00000000                CY_APPL_ORIGIN = 0x0
                0x00000100                CY_FLASH_ROW_SIZE = 0x100
                0x00000020                CY_ECC_ROW_SIZE = 0x20
                0x00000000                CY_EE_IN_BTLDR = 0x0
                0x00000000                CY_APPL_LOADABLE = 0x0
                0x00000800                CY_EE_SIZE = 0x800
                0x00000001                CY_APPL_NUM = 0x1
                0x00000001                CY_APPL_MAX = 0x1
                0x00000040                CY_METADATA_SIZE = 0x40
                0x00000000                CY_APPL_LOADABLE = 0x0
                0x00000000                CY_CHECKSUM_EXCLUDE_SIZE = ALIGN (0x0, CY_FLASH_ROW_SIZE)
                [!provide]                PROVIDE (__cy_heap_start, _end)
                0x00000001                PROVIDE (__cy_region_num, ((__cy_regions_end - __cy_regions) / 0x10))
                0x20008000                PROVIDE (__cy_stack, (ORIGIN (ram) + LENGTH (ram)))
                [!provide]                PROVIDE (__cy_heap_end, (__cy_stack - 0x800))

.cybootloader   0x00000000        0x0
 *(.cybootloader)
                0x00000000                appl1_start = CY_APPL_ORIGIN?CY_APPL_ORIGIN:ALIGN (CY_FLASH_ROW_SIZE)
                0x0001ff00                appl2_start = (appl1_start + ALIGN ((((LENGTH (rom) - appl1_start) - (0x2 * CY_FLASH_ROW_SIZE)) / 0x2), CY_FLASH_ROW_SIZE))
                0x00000000                appl_start = (CY_APPL_NUM == 0x1)?appl1_start:appl2_start
                0x00000000                ecc_offset = ((appl_start / CY_FLASH_ROW_SIZE) * CY_ECC_ROW_SIZE)
                0x00000000                ee_offset = (CY_APPL_LOADABLE && ! (CY_EE_IN_BTLDR))?((CY_EE_SIZE / CY_APPL_MAX) * (CY_APPL_NUM - 0x1)):0x0
                0x00000800                ee_size = (CY_APPL_LOADABLE && ! (CY_EE_IN_BTLDR))?(CY_EE_SIZE / CY_APPL_MAX):CY_EE_SIZE
                [!provide]                PROVIDE (CY_ECC_OFFSET, ecc_offset)

.text           0x00000000     0x2b5a
 CREATE_OBJECT_SYMBOLS
                0x00000000                PROVIDE (__cy_interrupt_vector, RomVectors)
 *(.romvectors)
 .romvectors    0x00000000       0x10 .\CortexM3\ARM_GCC_541\Debug\Cm3Start.o
                0x00000000                RomVectors
                0x00000001                ASSERT ((. != __cy_interrupt_vector), No interrupt vector)
                0x00000001                ASSERT (CY_APPL_ORIGIN?(SIZEOF (.cybootloader) <= CY_APPL_ORIGIN):0x1, Wrong image location)
                0x00000010                PROVIDE (__cy_reset, Reset)
 *(.text.Reset)
 .text.Reset    0x00000010       0x18 .\CortexM3\ARM_GCC_541\Debug\Cm3Start.o
                0x00000010                Reset
                0x00000001                ASSERT ((. != __cy_reset), No reset code)
 *(.dma_init)
                0x00000001                ASSERT ((((appl_start + .) <= 0x10000) || 0x1), DMA Init must be within the first 64k of flash)
 *(.text .text.* .gnu.linkonce.t.*)
 .text          0x00000028       0x5c c:/program files (x86)/cypress/psoc creator/4.3/psoc creator/import/gnu/arm/5.4.1/bin/../lib/gcc/arm-none-eabi/5.4.1/armv7-m/crtbegin.o
 .text.Timer_Handler
                0x00000084       0x7c .\CortexM3\ARM_GCC_541\Debug\main.o
                0x00000084                Timer_Handler
 .text.appuiSW1
                0x00000100       0x54 .\CortexM3\ARM_GCC_541\Debug\main.o
                0x00000100                appuiSW1
 .text.resetLed
                0x00000154       0x1c .\CortexM3\ARM_GCC_541\Debug\main.o
                0x00000154                resetLed
 .text.pointAllume
                0x00000170       0x4c .\CortexM3\ARM_GCC_541\Debug\main.o
                0x00000170                pointAllume
 .text.pointEteint
                0x000001bc       0x4c .\CortexM3\ARM_GCC_541\Debug\main.o
                0x000001bc                pointEteint
 .text.barre    0x00000208       0x10 .\CortexM3\ARM_GCC_541\Debug\main.o
                0x00000208                barre
 .text.espacementLettre
                0x00000218       0x10 .\CortexM3\ARM_GCC_541\Debug\main.o
                0x00000218                espacementLettre
 .text.espacementElement
                0x00000228        0x8 .\CortexM3\ARM_GCC_541\Debug\main.o
                0x00000228                espacementElement
 .text.selectSignal
                0x00000230       0x28 .\CortexM3\ARM_GCC_541\Debug\main.o
                0x00000230                selectSignal
 .text.appuiSW2
                0x00000258       0x58 .\CortexM3\ARM_GCC_541\Debug\main.o
                0x00000258                appuiSW2
 .text.main     0x000002b0       0x9c .\CortexM3\ARM_GCC_541\Debug\main.o
                0x000002b0                main
 .text.CyClockStartupError
                0x0000034c        0x4 .\CortexM3\ARM_GCC_541\Debug\cyfitter_cfg.o
 .text.cfg_write_bytes32
                0x00000350       0x34 .\CortexM3\ARM_GCC_541\Debug\cyfitter_cfg.o
 .text.AnalogSetDefault
                0x00000384       0x38 .\CortexM3\ARM_GCC_541\Debug\cyfitter_cfg.o
 .text.CYMEMZERO
                0x000003bc        0xc .\CortexM3\ARM_GCC_541\Debug\cyfitter_cfg.o
 .text.ClockSetup
                0x000003c8       0x9c .\CortexM3\ARM_GCC_541\Debug\cyfitter_cfg.o
 .text.CYCONFIGCPY
                0x00000464        0x8 .\CortexM3\ARM_GCC_541\Debug\cyfitter_cfg.o
 .text.cyfitter_cfg
                0x0000046c      0x100 .\CortexM3\ARM_GCC_541\Debug\cyfitter_cfg.o
                0x0000046c                cyfitter_cfg
 .text.IntDefaultHandler
                0x0000056c       0x10 .\CortexM3\ARM_GCC_541\Debug\Cm3Start.o
                0x0000056c                IntDefaultHandler
 .text.Start_c  0x0000057c       0x4c .\CortexM3\ARM_GCC_541\Debug\Cm3Start.o
                0x0000057c                Start_c
 .text.initialize_psoc
                0x000005c8       0x68 .\CortexM3\ARM_GCC_541\Debug\Cm3Start.o
                0x000005c8                initialize_psoc
 .text.Led_1_Write
                0x00000630       0x18 .\CortexM3\ARM_GCC_541\Debug\Project_Final.a(Led_1.o)
                0x00000630                Led_1_Write
 .text.Led_2_Write
                0x00000648       0x18 .\CortexM3\ARM_GCC_541\Debug\Project_Final.a(Led_2.o)
                0x00000648                Led_2_Write
 .text.Led_3_Write
                0x00000660       0x18 .\CortexM3\ARM_GCC_541\Debug\Project_Final.a(Led_3.o)
                0x00000660                Led_3_Write
 .text.Led_4_Write
                0x00000678       0x18 .\CortexM3\ARM_GCC_541\Debug\Project_Final.a(Led_4.o)
                0x00000678                Led_4_Write
 .text.SW1_Read
                0x00000690       0x10 .\CortexM3\ARM_GCC_541\Debug\Project_Final.a(SW1.o)
                0x00000690                SW1_Read
 .text.Timer_Enable
                0x000006a0       0x28 .\CortexM3\ARM_GCC_541\Debug\Project_Final.a(Timer.o)
                0x000006a0                Timer_Enable
 .text.Timer_Stop
                0x000006c8       0x28 .\CortexM3\ARM_GCC_541\Debug\Project_Final.a(Timer.o)
                0x000006c8                Timer_Stop
 .text.Timer_SetInterruptMode
                0x000006f0        0xc .\CortexM3\ARM_GCC_541\Debug\Project_Final.a(Timer.o)
                0x000006f0                Timer_SetInterruptMode
 .text.Timer_ReadStatusRegister
                0x000006fc        0xc .\CortexM3\ARM_GCC_541\Debug\Project_Final.a(Timer.o)
                0x000006fc                Timer_ReadStatusRegister
 .text.Timer_WritePeriod
                0x00000708        0xc .\CortexM3\ARM_GCC_541\Debug\Project_Final.a(Timer.o)
                0x00000708                Timer_WritePeriod
 .text.Timer_WriteCounter
                0x00000714        0xc .\CortexM3\ARM_GCC_541\Debug\Project_Final.a(Timer.o)
                0x00000714                Timer_WriteCounter
 .text.Timer_Init
                0x00000720       0x68 .\CortexM3\ARM_GCC_541\Debug\Project_Final.a(Timer.o)
                0x00000720                Timer_Init
 .text.Timer_Start
                0x00000788       0x1c .\CortexM3\ARM_GCC_541\Debug\Project_Final.a(Timer.o)
                0x00000788                Timer_Start
 .text.VDAC_Enable
                0x000007a4       0x1c .\CortexM3\ARM_GCC_541\Debug\Project_Final.a(VDAC.o)
                0x000007a4                VDAC_Enable
 .text.VDAC_SetSpeed
                0x000007c0       0x1c .\CortexM3\ARM_GCC_541\Debug\Project_Final.a(VDAC.o)
                0x000007c0                VDAC_SetSpeed
 .text.VDAC_SetValue
                0x000007dc        0xc .\CortexM3\ARM_GCC_541\Debug\Project_Final.a(VDAC.o)
                0x000007dc                VDAC_SetValue
 .text.VDAC_DacTrim
                0x000007e8       0x24 .\CortexM3\ARM_GCC_541\Debug\Project_Final.a(VDAC.o)
                0x000007e8                VDAC_DacTrim
 .text.VDAC_SetRange
                0x0000080c       0x20 .\CortexM3\ARM_GCC_541\Debug\Project_Final.a(VDAC.o)
                0x0000080c                VDAC_SetRange
 .text.VDAC_Init
                0x0000082c       0x20 .\CortexM3\ARM_GCC_541\Debug\Project_Final.a(VDAC.o)
                0x0000082c                VDAC_Init
 .text.VDAC_Start
                0x0000084c       0x24 .\CortexM3\ARM_GCC_541\Debug\Project_Final.a(VDAC.o)
                0x0000084c                VDAC_Start
 .text.isr_SetVector
                0x00000870       0x10 .\CortexM3\ARM_GCC_541\Debug\Project_Final.a(isr.o)
                0x00000870                isr_SetVector
 .text.isr_SetPriority
                0x00000880       0x10 .\CortexM3\ARM_GCC_541\Debug\Project_Final.a(isr.o)
                0x00000880                isr_SetPriority
 .text.isr_Enable
                0x00000890       0x10 .\CortexM3\ARM_GCC_541\Debug\Project_Final.a(isr.o)
                0x00000890                isr_Enable
 .text.isr_Disable
                0x000008a0       0x10 .\CortexM3\ARM_GCC_541\Debug\Project_Final.a(isr.o)
                0x000008a0                isr_Disable
 .text.isr_StartEx
                0x000008b0       0x1c .\CortexM3\ARM_GCC_541\Debug\Project_Final.a(isr.o)
                0x000008b0                isr_StartEx
 .text.SW2_Read
                0x000008cc       0x10 .\CortexM3\ARM_GCC_541\Debug\Project_Final.a(SW2.o)
                0x000008cc                SW2_Read
 .text.Timer_1_Enable
                0x000008dc       0x28 .\CortexM3\ARM_GCC_541\Debug\Project_Final.a(Timer_1.o)
                0x000008dc                Timer_1_Enable
 .text.Timer_1_SetInterruptMode
                0x00000904        0xc .\CortexM3\ARM_GCC_541\Debug\Project_Final.a(Timer_1.o)
                0x00000904                Timer_1_SetInterruptMode
 .text.Timer_1_ReadStatusRegister
                0x00000910        0xc .\CortexM3\ARM_GCC_541\Debug\Project_Final.a(Timer_1.o)
                0x00000910                Timer_1_ReadStatusRegister
 .text.Timer_1_WritePeriod
                0x0000091c        0xc .\CortexM3\ARM_GCC_541\Debug\Project_Final.a(Timer_1.o)
                0x0000091c                Timer_1_WritePeriod
 .text.Timer_1_WriteCounter
                0x00000928        0xc .\CortexM3\ARM_GCC_541\Debug\Project_Final.a(Timer_1.o)
                0x00000928                Timer_1_WriteCounter
 .text.Timer_1_Init
                0x00000934       0x68 .\CortexM3\ARM_GCC_541\Debug\Project_Final.a(Timer_1.o)
                0x00000934                Timer_1_Init
 .text.Timer_1_Start
                0x0000099c       0x1c .\CortexM3\ARM_GCC_541\Debug\Project_Final.a(Timer_1.o)
                0x0000099c                Timer_1_Start
 .text          0x000009b8       0x20 .\CortexM3\ARM_GCC_541\Debug\Project_Final.a(CyBootAsmGnu.o)
                0x000009b8                CyDelayCycles
                0x000009c8                CyEnterCriticalSection
                0x000009d0                CyExitCriticalSection
 .text.sin      0x000009d8       0x90 c:/program files (x86)/cypress/psoc creator/4.3/psoc creator/import/gnu/arm/5.4.1/bin/../lib/gcc/arm-none-eabi/5.4.1/../../../../arm-none-eabi/lib/armv7-m\libm.a(lib_a-s_sin.o)
                0x000009d8                sin
 .text.__ieee754_rem_pio2
                0x00000a68      0x42c c:/program files (x86)/cypress/psoc creator/4.3/psoc creator/import/gnu/arm/5.4.1/bin/../lib/gcc/arm-none-eabi/5.4.1/../../../../arm-none-eabi/lib/armv7-m\libm.a(lib_a-e_rem_pio2.o)
                0x00000a68                __ieee754_rem_pio2
 *fill*         0x00000e94        0x4 
 .text.__kernel_cos
                0x00000e98      0x248 c:/program files (x86)/cypress/psoc creator/4.3/psoc creator/import/gnu/arm/5.4.1/bin/../lib/gcc/arm-none-eabi/5.4.1/../../../../arm-none-eabi/lib/armv7-m\libm.a(lib_a-k_cos.o)
                0x00000e98                __kernel_cos
 .text.__kernel_rem_pio2
                0x000010e0      0x7f0 c:/program files (x86)/cypress/psoc creator/4.3/psoc creator/import/gnu/arm/5.4.1/bin/../lib/gcc/arm-none-eabi/5.4.1/../../../../arm-none-eabi/lib/armv7-m\libm.a(lib_a-k_rem_pio2.o)
                0x000010e0                __kernel_rem_pio2
 .text.__kernel_sin
                0x000018d0      0x16c c:/program files (x86)/cypress/psoc creator/4.3/psoc creator/import/gnu/arm/5.4.1/bin/../lib/gcc/arm-none-eabi/5.4.1/../../../../arm-none-eabi/lib/armv7-m\libm.a(lib_a-k_sin.o)
                0x000018d0                __kernel_sin
 .text.fabs     0x00001a3c        0x8 c:/program files (x86)/cypress/psoc creator/4.3/psoc creator/import/gnu/arm/5.4.1/bin/../lib/gcc/arm-none-eabi/5.4.1/../../../../arm-none-eabi/lib/armv7-m\libm.a(lib_a-s_fabs.o)
                0x00001a3c                fabs
 *fill*         0x00001a44        0x4 
 .text.floor    0x00001a48      0x110 c:/program files (x86)/cypress/psoc creator/4.3/psoc creator/import/gnu/arm/5.4.1/bin/../lib/gcc/arm-none-eabi/5.4.1/../../../../arm-none-eabi/lib/armv7-m\libm.a(lib_a-s_floor.o)
                0x00001a48                floor
 .text.scalbn   0x00001b58       0xe4 c:/program files (x86)/cypress/psoc creator/4.3/psoc creator/import/gnu/arm/5.4.1/bin/../lib/gcc/arm-none-eabi/5.4.1/../../../../arm-none-eabi/lib/armv7-m\libm.a(lib_a-s_scalbn.o)
                0x00001b58                scalbn
 .text.copysign
                0x00001c3c       0x10 c:/program files (x86)/cypress/psoc creator/4.3/psoc creator/import/gnu/arm/5.4.1/bin/../lib/gcc/arm-none-eabi/5.4.1/../../../../arm-none-eabi/lib/armv7-m\libm.a(lib_a-s_copysign.o)
                0x00001c3c                copysign
 .text          0x00001c4c      0x370 c:/program files (x86)/cypress/psoc creator/4.3/psoc creator/import/gnu/arm/5.4.1/bin/../lib/gcc/arm-none-eabi/5.4.1/armv7-m\libgcc.a(_arm_addsubdf3.o)
                0x00001c4c                __aeabi_drsub
                0x00001c54                __aeabi_dsub
                0x00001c54                __subdf3
                0x00001c58                __aeabi_dadd
                0x00001c58                __adddf3
                0x00001ed0                __floatunsidf
                0x00001ed0                __aeabi_ui2d
                0x00001ef0                __floatsidf
                0x00001ef0                __aeabi_i2d
                0x00001f14                __aeabi_f2d
                0x00001f14                __extendsfdf2
                0x00001f50                __floatundidf
                0x00001f50                __aeabi_ul2d
                0x00001f60                __floatdidf
                0x00001f60                __aeabi_l2d
 .text          0x00001fbc      0x424 c:/program files (x86)/cypress/psoc creator/4.3/psoc creator/import/gnu/arm/5.4.1/bin/../lib/gcc/arm-none-eabi/5.4.1/armv7-m\libgcc.a(_arm_muldivdf3.o)
                0x00001fbc                __aeabi_dmul
                0x00001fbc                __muldf3
                0x00002210                __divdf3
                0x00002210                __aeabi_ddiv
 .text          0x000023e0      0x110 c:/program files (x86)/cypress/psoc creator/4.3/psoc creator/import/gnu/arm/5.4.1/bin/../lib/gcc/arm-none-eabi/5.4.1/armv7-m\libgcc.a(_arm_cmpdf2.o)
                0x000023e0                __gtdf2
                0x000023e0                __gedf2
                0x000023e8                __ltdf2
                0x000023e8                __ledf2
                0x000023f0                __nedf2
                0x000023f0                __eqdf2
                0x000023f0                __cmpdf2
                0x0000246c                __aeabi_cdrcmple
                0x0000247c                __aeabi_cdcmpeq
                0x0000247c                __aeabi_cdcmple
                0x0000248c                __aeabi_dcmpeq
                0x000024a0                __aeabi_dcmplt
                0x000024b4                __aeabi_dcmple
                0x000024c8                __aeabi_dcmpge
                0x000024dc                __aeabi_dcmpgt
 .text          0x000024f0       0x50 c:/program files (x86)/cypress/psoc creator/4.3/psoc creator/import/gnu/arm/5.4.1/bin/../lib/gcc/arm-none-eabi/5.4.1/armv7-m\libgcc.a(_arm_fixdfsi.o)
                0x000024f0                __aeabi_d2iz
                0x000024f0                __fixdfsi
 .text          0x00002540       0xa0 c:/program files (x86)/cypress/psoc creator/4.3/psoc creator/import/gnu/arm/5.4.1/bin/../lib/gcc/arm-none-eabi/5.4.1/armv7-m\libgcc.a(_arm_truncdfsf2.o)
                0x00002540                __truncdfsf2
                0x00002540                __aeabi_d2f
 .text          0x000025e0      0x21c c:/program files (x86)/cypress/psoc creator/4.3/psoc creator/import/gnu/arm/5.4.1/bin/../lib/gcc/arm-none-eabi/5.4.1/armv7-m\libgcc.a(_arm_addsubsf3.o)
                0x000025e0                __aeabi_frsub
                0x000025e8                __subsf3
                0x000025e8                __aeabi_fsub
                0x000025ec                __aeabi_fadd
                0x000025ec                __addsf3
                0x0000274c                __aeabi_ui2f
                0x0000274c                __floatunsisf
                0x00002754                __aeabi_i2f
                0x00002754                __floatsisf
                0x00002770                __aeabi_ul2f
                0x00002770                __floatundisf
                0x00002780                __aeabi_l2f
                0x00002780                __floatdisf
 .text          0x000027fc      0x2a0 c:/program files (x86)/cypress/psoc creator/4.3/psoc creator/import/gnu/arm/5.4.1/bin/../lib/gcc/arm-none-eabi/5.4.1/armv7-m\libgcc.a(_arm_muldivsf3.o)
                0x000027fc                __mulsf3
                0x000027fc                __aeabi_fmul
                0x00002964                __aeabi_fdiv
                0x00002964                __divsf3
 .text          0x00002a9c       0x40 c:/program files (x86)/cypress/psoc creator/4.3/psoc creator/import/gnu/arm/5.4.1/bin/../lib/gcc/arm-none-eabi/5.4.1/armv7-m\libgcc.a(_arm_fixunssfsi.o)
                0x00002a9c                __fixunssfsi
                0x00002a9c                __aeabi_f2uiz
 .text.__errno  0x00002adc        0xc c:/program files (x86)/cypress/psoc creator/4.3/psoc creator/import/gnu/arm/5.4.1/bin/../lib/gcc/arm-none-eabi/5.4.1/../../../../arm-none-eabi/lib/armv7-m\libg_nano.a(lib_a-errno.o)
                0x00002adc                __errno
 .text.__libc_init_array
                0x00002ae8       0x4c c:/program files (x86)/cypress/psoc creator/4.3/psoc creator/import/gnu/arm/5.4.1/bin/../lib/gcc/arm-none-eabi/5.4.1/../../../../arm-none-eabi/lib/armv7-m\libg_nano.a(lib_a-init.o)
                0x00002ae8                __libc_init_array
 .text.memcpy   0x00002b34       0x16 c:/program files (x86)/cypress/psoc creator/4.3/psoc creator/import/gnu/arm/5.4.1/bin/../lib/gcc/arm-none-eabi/5.4.1/../../../../arm-none-eabi/lib/armv7-m\libg_nano.a(lib_a-memcpy-stub.o)
                0x00002b34                memcpy
 .text.memset   0x00002b4a       0x10 c:/program files (x86)/cypress/psoc creator/4.3/psoc creator/import/gnu/arm/5.4.1/bin/../lib/gcc/arm-none-eabi/5.4.1/../../../../arm-none-eabi/lib/armv7-m\libg_nano.a(lib_a-memset.o)
                0x00002b4a                memset
 *(.plt)
 *(.gnu.warning)
 *(.glue_7t)
 .glue_7t       0x00002b5a        0x0 linker stubs
 *(.glue_7)
 .glue_7        0x00002b5a        0x0 linker stubs
 *(.vfp11_veneer)
 .vfp11_veneer  0x00002b5a        0x0 linker stubs
 *(.bootloader)
 *(.ARM.extab* .gnu.linkonce.armextab.*)
 *(.gcc_except_table)

.v4_bx          0x00002b5c        0x0
 .v4_bx         0x00002b5c        0x0 linker stubs

.iplt           0x00002b5c        0x0
 .iplt          0x00002b5c        0x0 c:/program files (x86)/cypress/psoc creator/4.3/psoc creator/import/gnu/arm/5.4.1/bin/../lib/gcc/arm-none-eabi/5.4.1/armv7-m/crtbegin.o

.eh_frame_hdr
 *(.eh_frame_hdr)

.eh_frame       0x00002b5c        0x4
 *(.eh_frame)
 .eh_frame      0x00002b5c        0x0 c:/program files (x86)/cypress/psoc creator/4.3/psoc creator/import/gnu/arm/5.4.1/bin/../lib/gcc/arm-none-eabi/5.4.1/armv7-m/crtbegin.o
 .eh_frame      0x00002b5c        0x4 c:/program files (x86)/cypress/psoc creator/4.3/psoc creator/import/gnu/arm/5.4.1/bin/../lib/gcc/arm-none-eabi/5.4.1/armv7-m/crtend.o
                [!provide]                PROVIDE (__exidx_start, .)

.ARM.exidx
 *(.ARM.exidx* .gnu.linkonce.armexidx.*)
                0x00002b60                __exidx_end = .

.rodata         0x00002b60      0x280
 *(.rodata .rodata.* .gnu.linkonce.r.*)
 .rodata        0x00002b60       0x44 .\CortexM3\ARM_GCC_541\Debug\main.o
 .rodata        0x00002ba4       0x2a .\CortexM3\ARM_GCC_541\Debug\cyfitter_cfg.o
 *fill*         0x00002bce        0x2 
 .rodata.npio2_hw
                0x00002bd0       0x80 c:/program files (x86)/cypress/psoc creator/4.3/psoc creator/import/gnu/arm/5.4.1/bin/../lib/gcc/arm-none-eabi/5.4.1/../../../../arm-none-eabi/lib/armv7-m\libm.a(lib_a-e_rem_pio2.o)
 .rodata.two_over_pi
                0x00002c50      0x108 c:/program files (x86)/cypress/psoc creator/4.3/psoc creator/import/gnu/arm/5.4.1/bin/../lib/gcc/arm-none-eabi/5.4.1/../../../../arm-none-eabi/lib/armv7-m\libm.a(lib_a-e_rem_pio2.o)
 .rodata.init_jk
                0x00002d58       0x10 c:/program files (x86)/cypress/psoc creator/4.3/psoc creator/import/gnu/arm/5.4.1/bin/../lib/gcc/arm-none-eabi/5.4.1/../../../../arm-none-eabi/lib/armv7-m\libm.a(lib_a-k_rem_pio2.o)
 .rodata.PIo2   0x00002d68       0x40 c:/program files (x86)/cypress/psoc creator/4.3/psoc creator/import/gnu/arm/5.4.1/bin/../lib/gcc/arm-none-eabi/5.4.1/../../../../arm-none-eabi/lib/armv7-m\libm.a(lib_a-k_rem_pio2.o)
 .rodata.str1.1
                0x00002da8        0x2 c:/program files (x86)/cypress/psoc creator/4.3/psoc creator/import/gnu/arm/5.4.1/bin/../lib/gcc/arm-none-eabi/5.4.1/../../../../arm-none-eabi/lib/armv7-m\libg_nano.a(lib_a-impure.o)
                0x00002dac                . = ALIGN (0x4)
 *fill*         0x00002daa        0x2 
 *(.init)
 .init          0x00002dac        0x4 c:/program files (x86)/cypress/psoc creator/4.3/psoc creator/import/gnu/arm/5.4.1/bin/../lib/gcc/arm-none-eabi/5.4.1/armv7-m/crti.o
                0x00002dac                _init
 .init          0x00002db0        0x8 c:/program files (x86)/cypress/psoc creator/4.3/psoc creator/import/gnu/arm/5.4.1/bin/../lib/gcc/arm-none-eabi/5.4.1/armv7-m/crtn.o
                0x00002db8                . = ALIGN (0x4)
                0x00002db8                __preinit_array_start = .
 *(.preinit_array)
                0x00002db8                __preinit_array_end = .
                0x00002db8                . = ALIGN (0x4)
                0x00002db8                __init_array_start = .
 *(SORT(.init_array.*))
 *(.init_array)
 .init_array    0x00002db8        0x4 c:/program files (x86)/cypress/psoc creator/4.3/psoc creator/import/gnu/arm/5.4.1/bin/../lib/gcc/arm-none-eabi/5.4.1/armv7-m/crtbegin.o
 .init_array    0x00002dbc        0x4 .\CortexM3\ARM_GCC_541\Debug\Cm3Start.o
                0x00002dc0                __init_array_end = .
                0x00002dc0                . = ALIGN (0x4)
 *(.fini)
 .fini          0x00002dc0        0x4 c:/program files (x86)/cypress/psoc creator/4.3/psoc creator/import/gnu/arm/5.4.1/bin/../lib/gcc/arm-none-eabi/5.4.1/armv7-m/crti.o
                0x00002dc0                _fini
 .fini          0x00002dc4        0x8 c:/program files (x86)/cypress/psoc creator/4.3/psoc creator/import/gnu/arm/5.4.1/bin/../lib/gcc/arm-none-eabi/5.4.1/armv7-m/crtn.o
                0x00002dcc                . = ALIGN (0x4)
                0x00002dcc                __fini_array_start = .
 *(.fini_array)
 .fini_array    0x00002dcc        0x4 c:/program files (x86)/cypress/psoc creator/4.3/psoc creator/import/gnu/arm/5.4.1/bin/../lib/gcc/arm-none-eabi/5.4.1/armv7-m/crtbegin.o
 *(SORT(.fini_array.*))
                0x00002dd0                __fini_array_end = .
                0x00002dd0                . = ALIGN (0x4)
 *crtbegin.o(.ctors)
 *(EXCLUDE_FILE(*crtend.o) .ctors)
 *(SORT(.ctors.*))
 *crtend.o(.ctors)
                0x00002dd0                . = ALIGN (0x4)
 *crtbegin.o(.dtors)
 *(EXCLUDE_FILE(*crtend.o) .dtors)
 *(SORT(.dtors.*))
 *crtend.o(.dtors)
                0x00002dd0                . = ALIGN (0x4)
                0x00002dd0                __cy_regions = .
                0x00002dd0        0x4 LONG 0x2de0 __cy_region_init_ram
                0x00002dd4        0x4 LONG 0x1fff80c8 __cy_region_start_data
                0x00002dd8        0x4 LONG 0x68 __cy_region_init_size_ram
                0x00002ddc        0x4 LONG 0x1c0 __cy_region_zero_size_ram
                0x00002de0                __cy_regions_end = .
                0x00002de0                . = ALIGN (0x8)
                0x00002de0                _etext = .

.cy_checksum_exclude
                0x00002de0        0x0
 *(.cy_checksum_exclude)

.ramvectors     0x1fff8000       0xc0
                0x1fff8000                __cy_region_start_ram = .
 *(.ramvectors)
 .ramvectors    0x1fff8000       0xc0 .\CortexM3\ARM_GCC_541\Debug\Cm3Start.o
                0x1fff8000                CyRamVectors

.noinit         0x1fff80c0        0x1
 *(.noinit)
 .noinit        0x1fff80c0        0x1 .\CortexM3\ARM_GCC_541\Debug\Project_Final.a(CyLib.o)
                0x1fff80c0                CyResetStatus

.data           0x1fff80c8       0x68 load address 0x00002de0
                0x1fff80c8                __cy_region_start_data = .
 *(.jcr)
 .jcr           0x1fff80c8        0x0 c:/program files (x86)/cypress/psoc creator/4.3/psoc creator/import/gnu/arm/5.4.1/bin/../lib/gcc/arm-none-eabi/5.4.1/armv7-m/crtbegin.o
 .jcr           0x1fff80c8        0x4 c:/program files (x86)/cypress/psoc creator/4.3/psoc creator/import/gnu/arm/5.4.1/bin/../lib/gcc/arm-none-eabi/5.4.1/armv7-m/crtend.o
 *(.got.plt)
 *(.got)
 *(.shdata)
 *(.data .data.* .gnu.linkonce.d.*)
 .data.impure_data
                0x1fff80cc       0x60 c:/program files (x86)/cypress/psoc creator/4.3/psoc creator/import/gnu/arm/5.4.1/bin/../lib/gcc/arm-none-eabi/5.4.1/../../../../arm-none-eabi/lib/armv7-m\libg_nano.a(lib_a-impure.o)
 .data._impure_ptr
                0x1fff812c        0x4 c:/program files (x86)/cypress/psoc creator/4.3/psoc creator/import/gnu/arm/5.4.1/bin/../lib/gcc/arm-none-eabi/5.4.1/../../../../arm-none-eabi/lib/armv7-m\libg_nano.a(lib_a-impure.o)
                0x1fff812c                _impure_ptr
                0x1fff8130                . = ALIGN (0x8)
 *(.ram)
                0x1fff8130                _edata = .

.igot.plt       0x1fff8130        0x0 load address 0x00002e48
 .igot.plt      0x1fff8130        0x0 c:/program files (x86)/cypress/psoc creator/4.3/psoc creator/import/gnu/arm/5.4.1/bin/../lib/gcc/arm-none-eabi/5.4.1/armv7-m/crtbegin.o

.bss            0x1fff8130      0x1c0 load address 0x00002e48
                0x1fff8130                PROVIDE (__bss_start__, .)
 *(.shbss)
 *(.bss .bss.* .gnu.linkonce.b.*)
 .bss           0x1fff8130       0x1c c:/program files (x86)/cypress/psoc creator/4.3/psoc creator/import/gnu/arm/5.4.1/bin/../lib/gcc/arm-none-eabi/5.4.1/armv7-m/crtbegin.o
 .bss           0x1fff814c      0x19c .\CortexM3\ARM_GCC_541\Debug\main.o
                0x1fff82e4                clock
 .bss           0x1fff82e8        0x1 .\CortexM3\ARM_GCC_541\Debug\Project_Final.a(Timer.o)
                0x1fff82e8                Timer_initVar
 .bss           0x1fff82e9        0x1 .\CortexM3\ARM_GCC_541\Debug\Project_Final.a(VDAC.o)
                0x1fff82e9                VDAC_initVar
 .bss           0x1fff82ea        0x1 .\CortexM3\ARM_GCC_541\Debug\Project_Final.a(Timer_1.o)
                0x1fff82ea                Timer_1_initVar
 *(COMMON)
                0x1fff82f0                . = ALIGN (0x8)
 *fill*         0x1fff82eb        0x5 
 *(.ram.b)
                0x1fff82f0                _end = .
                0x1fff82f0                __end = .
                0x1fff82f0                PROVIDE (end, .)
                0x1fff82f0                PROVIDE (__bss_end__, .)
                0x00002de0                __cy_region_init_ram = LOADADDR (.data)
                0x00000068                __cy_region_init_size_ram = (_edata - ADDR (.data))
                0x000001c0                __cy_region_zero_size_ram = (_end - _edata)

.heap           0x1fff82f0       0x80 load address 0x00002e48
                0x1fff82f0                . = _end
                0x1fff8370                . = (. + 0x80)
 *fill*         0x1fff82f0       0x80 
                0x1fff8370                __cy_heap_limit = .

.stack          0x20007800      0x800
                0x20007800                __cy_stack_limit = .
                0x20008000                . = (. + 0x800)
 *fill*         0x20007800      0x800 
                0x00000001                ASSERT ((__cy_stack_limit >= __cy_heap_limit), region RAM overflowed with stack)
                0x00000000                cy_checksum_exclude_size = (CY_APPL_LOADABLE == 0x1)?SIZEOF (.cy_checksum_exclude):0x0
                0x00000001                ASSERT ((cy_checksum_exclude_size <= CY_CHECKSUM_EXCLUDE_SIZE), CY_BOOT: Section .cy_checksum_exclude size exceedes specified limit.)

.cyloadermeta
 *(.cyloadermeta)

.cyloadablemeta
 *(.cyloadablemeta)

.cyconfigecc    0x80000000       0x68
 *(.cyconfigecc)
 .cyconfigecc   0x80000000       0x68 .\CortexM3\ARM_GCC_541\Debug\cymetadata.o
                0x80000000                cy_meta_configecc

.cycustnvl      0x90000000        0x4
 *(.cycustnvl)
 .cycustnvl     0x90000000        0x4 .\CortexM3\ARM_GCC_541\Debug\cymetadata.o
                0x90000000                cy_meta_custnvl

.cywolatch      0x90100000        0x4
 *(.cywolatch)
 .cywolatch     0x90100000        0x4 .\CortexM3\ARM_GCC_541\Debug\cymetadata.o
                0x90100000                cy_meta_wonvl

.cyeeprom       0x90200000        0x0
 *(.cyeeprom)
                0x00000001                ASSERT ((. <= ((0x90200000 + ee_offset) + ee_size)), .cyeeprom data will not fit in EEPROM)

.cyflashprotect
                0x90400000      0x100
 *(.cyflashprotect)
 .cyflashprotect
                0x90400000      0x100 .\CortexM3\ARM_GCC_541\Debug\cymetadata.o
                0x90400000                cy_meta_flashprotect

.cymeta         0x90500000        0xc
 *(.cymeta)
 .cymeta        0x90500000        0xc .\CortexM3\ARM_GCC_541\Debug\cymetadata.o
                0x90500000                cy_metadata

.rel.dyn        0x00002e48        0x0 load address 0x9050000c
 .rel.iplt      0x00002e48        0x0 c:/program files (x86)/cypress/psoc creator/4.3/psoc creator/import/gnu/arm/5.4.1/bin/../lib/gcc/arm-none-eabi/5.4.1/armv7-m/crtbegin.o

.stab
 *(.stab)

.stabstr
 *(.stabstr)

.debug
 *(.debug)

.line
 *(.line)

.debug_srcinfo
 *(.debug_srcinfo)

.debug_sfnames
 *(.debug_sfnames)

.debug_aranges  0x00000000      0x8c0
 *(.debug_aranges)
 .debug_aranges
                0x00000000       0x70 .\CortexM3\ARM_GCC_541\Debug\main.o
 .debug_aranges
                0x00000070       0x58 .\CortexM3\ARM_GCC_541\Debug\cyfitter_cfg.o
 .debug_aranges
                0x000000c8       0x18 .\CortexM3\ARM_GCC_541\Debug\cymetadata.o
 .debug_aranges
                0x000000e0       0x48 .\CortexM3\ARM_GCC_541\Debug\Cm3Start.o
 .debug_aranges
                0x00000128       0x38 .\CortexM3\ARM_GCC_541\Debug\Project_Final.a(Led_1.o)
 .debug_aranges
                0x00000160       0x38 .\CortexM3\ARM_GCC_541\Debug\Project_Final.a(Led_2.o)
 .debug_aranges
                0x00000198       0x38 .\CortexM3\ARM_GCC_541\Debug\Project_Final.a(Led_3.o)
 .debug_aranges
                0x000001d0       0x38 .\CortexM3\ARM_GCC_541\Debug\Project_Final.a(Led_4.o)
 .debug_aranges
                0x00000208      0x2a0 .\CortexM3\ARM_GCC_541\Debug\Project_Final.a(CyLib.o)
 .debug_aranges
                0x000004a8       0x98 .\CortexM3\ARM_GCC_541\Debug\Project_Final.a(cyPm.o)
 .debug_aranges
                0x00000540       0x38 .\CortexM3\ARM_GCC_541\Debug\Project_Final.a(SW1.o)
 .debug_aranges
                0x00000578       0x88 .\CortexM3\ARM_GCC_541\Debug\Project_Final.a(Timer.o)
 .debug_aranges
                0x00000600       0x58 .\CortexM3\ARM_GCC_541\Debug\Project_Final.a(VDAC.o)
 .debug_aranges
                0x00000658       0x80 .\CortexM3\ARM_GCC_541\Debug\Project_Final.a(isr.o)
 .debug_aranges
                0x000006d8       0x38 .\CortexM3\ARM_GCC_541\Debug\Project_Final.a(SW2.o)
 .debug_aranges
                0x00000710       0x88 .\CortexM3\ARM_GCC_541\Debug\Project_Final.a(Timer_1.o)
 .debug_aranges
                0x00000798       0x20 .\CortexM3\ARM_GCC_541\Debug\Project_Final.a(CyBootAsmGnu.o)
 .debug_aranges
                0x000007b8       0x88 .\CortexM3\ARM_GCC_541\Debug\Project_Final.a(CyFlash.o)
 .debug_aranges
                0x00000840       0x80 .\CortexM3\ARM_GCC_541\Debug\Project_Final.a(CySpc.o)

.debug_pubnames
 *(.debug_pubnames)

.debug_info     0x00000000     0x4a93
 *(.debug_info .gnu.linkonce.wi.*)
 .debug_info    0x00000000      0x64f .\CortexM3\ARM_GCC_541\Debug\main.o
 .debug_info    0x0000064f      0x4ee .\CortexM3\ARM_GCC_541\Debug\cyfitter_cfg.o
 .debug_info    0x00000b3d      0x134 .\CortexM3\ARM_GCC_541\Debug\cymetadata.o
 .debug_info    0x00000c71      0x3bb .\CortexM3\ARM_GCC_541\Debug\Cm3Start.o
 .debug_info    0x0000102c      0x11f .\CortexM3\ARM_GCC_541\Debug\Project_Final.a(Led_1.o)
 .debug_info    0x0000114b      0x11f .\CortexM3\ARM_GCC_541\Debug\Project_Final.a(Led_2.o)
 .debug_info    0x0000126a      0x11f .\CortexM3\ARM_GCC_541\Debug\Project_Final.a(Led_3.o)
 .debug_info    0x00001389      0x11f .\CortexM3\ARM_GCC_541\Debug\Project_Final.a(Led_4.o)
 .debug_info    0x000014a8     0x1374 .\CortexM3\ARM_GCC_541\Debug\Project_Final.a(CyLib.o)
 .debug_info    0x0000281c      0xa2a .\CortexM3\ARM_GCC_541\Debug\Project_Final.a(cyPm.o)
 .debug_info    0x00003246      0x11f .\CortexM3\ARM_GCC_541\Debug\Project_Final.a(SW1.o)
 .debug_info    0x00003365      0x295 .\CortexM3\ARM_GCC_541\Debug\Project_Final.a(Timer.o)
 .debug_info    0x000035fa      0x1e0 .\CortexM3\ARM_GCC_541\Debug\Project_Final.a(VDAC.o)
 .debug_info    0x000037da      0x2d2 .\CortexM3\ARM_GCC_541\Debug\Project_Final.a(isr.o)
 .debug_info    0x00003aac      0x11f .\CortexM3\ARM_GCC_541\Debug\Project_Final.a(SW2.o)
 .debug_info    0x00003bcb      0x295 .\CortexM3\ARM_GCC_541\Debug\Project_Final.a(Timer_1.o)
 .debug_info    0x00003e60       0x96 .\CortexM3\ARM_GCC_541\Debug\Project_Final.a(CyBootAsmGnu.o)
 .debug_info    0x00003ef6      0x64d .\CortexM3\ARM_GCC_541\Debug\Project_Final.a(CyFlash.o)
 .debug_info    0x00004543      0x550 .\CortexM3\ARM_GCC_541\Debug\Project_Final.a(CySpc.o)

.debug_abbrev   0x00000000     0x1522
 *(.debug_abbrev)
 .debug_abbrev  0x00000000      0x193 .\CortexM3\ARM_GCC_541\Debug\main.o
 .debug_abbrev  0x00000193      0x1fe .\CortexM3\ARM_GCC_541\Debug\cyfitter_cfg.o
 .debug_abbrev  0x00000391       0x5d .\CortexM3\ARM_GCC_541\Debug\cymetadata.o
 .debug_abbrev  0x000003ee      0x1e8 .\CortexM3\ARM_GCC_541\Debug\Cm3Start.o
 .debug_abbrev  0x000005d6       0x90 .\CortexM3\ARM_GCC_541\Debug\Project_Final.a(Led_1.o)
 .debug_abbrev  0x00000666       0x90 .\CortexM3\ARM_GCC_541\Debug\Project_Final.a(Led_2.o)
 .debug_abbrev  0x000006f6       0x90 .\CortexM3\ARM_GCC_541\Debug\Project_Final.a(Led_3.o)
 .debug_abbrev  0x00000786       0x90 .\CortexM3\ARM_GCC_541\Debug\Project_Final.a(Led_4.o)
 .debug_abbrev  0x00000816      0x254 .\CortexM3\ARM_GCC_541\Debug\Project_Final.a(CyLib.o)
 .debug_abbrev  0x00000a6a      0x1ab .\CortexM3\ARM_GCC_541\Debug\Project_Final.a(cyPm.o)
 .debug_abbrev  0x00000c15       0x90 .\CortexM3\ARM_GCC_541\Debug\Project_Final.a(SW1.o)
 .debug_abbrev  0x00000ca5      0x11a .\CortexM3\ARM_GCC_541\Debug\Project_Final.a(Timer.o)
 .debug_abbrev  0x00000dbf       0xf7 .\CortexM3\ARM_GCC_541\Debug\Project_Final.a(VDAC.o)
 .debug_abbrev  0x00000eb6      0x173 .\CortexM3\ARM_GCC_541\Debug\Project_Final.a(isr.o)
 .debug_abbrev  0x00001029       0x90 .\CortexM3\ARM_GCC_541\Debug\Project_Final.a(SW2.o)
 .debug_abbrev  0x000010b9      0x11a .\CortexM3\ARM_GCC_541\Debug\Project_Final.a(Timer_1.o)
 .debug_abbrev  0x000011d3       0x14 .\CortexM3\ARM_GCC_541\Debug\Project_Final.a(CyBootAsmGnu.o)
 .debug_abbrev  0x000011e7      0x1a7 .\CortexM3\ARM_GCC_541\Debug\Project_Final.a(CyFlash.o)
 .debug_abbrev  0x0000138e      0x194 .\CortexM3\ARM_GCC_541\Debug\Project_Final.a(CySpc.o)

.debug_line     0x00000000     0x2147
 *(.debug_line)
 .debug_line    0x00000000      0x37c .\CortexM3\ARM_GCC_541\Debug\main.o
 .debug_line    0x0000037c      0x1d8 .\CortexM3\ARM_GCC_541\Debug\cyfitter_cfg.o
 .debug_line    0x00000554      0x141 .\CortexM3\ARM_GCC_541\Debug\cymetadata.o
 .debug_line    0x00000695      0x234 .\CortexM3\ARM_GCC_541\Debug\Cm3Start.o
 .debug_line    0x000008c9       0x92 .\CortexM3\ARM_GCC_541\Debug\Project_Final.a(Led_1.o)
 .debug_line    0x0000095b       0x92 .\CortexM3\ARM_GCC_541\Debug\Project_Final.a(Led_2.o)
 .debug_line    0x000009ed       0x92 .\CortexM3\ARM_GCC_541\Debug\Project_Final.a(Led_3.o)
 .debug_line    0x00000a7f       0x92 .\CortexM3\ARM_GCC_541\Debug\Project_Final.a(Led_4.o)
 .debug_line    0x00000b11      0x816 .\CortexM3\ARM_GCC_541\Debug\Project_Final.a(CyLib.o)
 .debug_line    0x00001327      0x367 .\CortexM3\ARM_GCC_541\Debug\Project_Final.a(cyPm.o)
 .debug_line    0x0000168e       0x90 .\CortexM3\ARM_GCC_541\Debug\Project_Final.a(SW1.o)
 .debug_line    0x0000171e      0x153 .\CortexM3\ARM_GCC_541\Debug\Project_Final.a(Timer.o)
 .debug_line    0x00001871       0xe1 .\CortexM3\ARM_GCC_541\Debug\Project_Final.a(VDAC.o)
 .debug_line    0x00001952      0x130 .\CortexM3\ARM_GCC_541\Debug\Project_Final.a(isr.o)
 .debug_line    0x00001a82       0x90 .\CortexM3\ARM_GCC_541\Debug\Project_Final.a(SW2.o)
 .debug_line    0x00001b12      0x155 .\CortexM3\ARM_GCC_541\Debug\Project_Final.a(Timer_1.o)
 .debug_line    0x00001c67       0x66 .\CortexM3\ARM_GCC_541\Debug\Project_Final.a(CyBootAsmGnu.o)
 .debug_line    0x00001ccd      0x21a .\CortexM3\ARM_GCC_541\Debug\Project_Final.a(CyFlash.o)
 .debug_line    0x00001ee7      0x260 .\CortexM3\ARM_GCC_541\Debug\Project_Final.a(CySpc.o)

.debug_frame    0x00000000     0x1798
 *(.debug_frame)
 .debug_frame   0x00000000      0x14c .\CortexM3\ARM_GCC_541\Debug\main.o
 .debug_frame   0x0000014c       0xe4 .\CortexM3\ARM_GCC_541\Debug\cyfitter_cfg.o
 .debug_frame   0x00000230       0xb8 .\CortexM3\ARM_GCC_541\Debug\Cm3Start.o
 .debug_frame   0x000002e8       0x50 .\CortexM3\ARM_GCC_541\Debug\Project_Final.a(Led_1.o)
 .debug_frame   0x00000338       0x50 .\CortexM3\ARM_GCC_541\Debug\Project_Final.a(Led_2.o)
 .debug_frame   0x00000388       0x50 .\CortexM3\ARM_GCC_541\Debug\Project_Final.a(Led_3.o)
 .debug_frame   0x000003d8       0x50 .\CortexM3\ARM_GCC_541\Debug\Project_Final.a(Led_4.o)
 .debug_frame   0x00000428      0x738 .\CortexM3\ARM_GCC_541\Debug\Project_Final.a(CyLib.o)
 .debug_frame   0x00000b60      0x1f8 .\CortexM3\ARM_GCC_541\Debug\Project_Final.a(cyPm.o)
 .debug_frame   0x00000d58       0x50 .\CortexM3\ARM_GCC_541\Debug\Project_Final.a(SW1.o)
 .debug_frame   0x00000da8      0x108 .\CortexM3\ARM_GCC_541\Debug\Project_Final.a(Timer.o)
 .debug_frame   0x00000eb0       0xb4 .\CortexM3\ARM_GCC_541\Debug\Project_Final.a(VDAC.o)
 .debug_frame   0x00000f64      0x104 .\CortexM3\ARM_GCC_541\Debug\Project_Final.a(isr.o)
 .debug_frame   0x00001068       0x50 .\CortexM3\ARM_GCC_541\Debug\Project_Final.a(SW2.o)
 .debug_frame   0x000010b8      0x108 .\CortexM3\ARM_GCC_541\Debug\Project_Final.a(Timer_1.o)
 .debug_frame   0x000011c0      0x194 .\CortexM3\ARM_GCC_541\Debug\Project_Final.a(CyFlash.o)
 .debug_frame   0x00001354      0x180 .\CortexM3\ARM_GCC_541\Debug\Project_Final.a(CySpc.o)
 .debug_frame   0x000014d4       0x38 c:/program files (x86)/cypress/psoc creator/4.3/psoc creator/import/gnu/arm/5.4.1/bin/../lib/gcc/arm-none-eabi/5.4.1/../../../../arm-none-eabi/lib/armv7-m\libm.a(lib_a-s_sin.o)
 .debug_frame   0x0000150c       0x48 c:/program files (x86)/cypress/psoc creator/4.3/psoc creator/import/gnu/arm/5.4.1/bin/../lib/gcc/arm-none-eabi/5.4.1/../../../../arm-none-eabi/lib/armv7-m\libm.a(lib_a-e_rem_pio2.o)
 .debug_frame   0x00001554       0x4c c:/program files (x86)/cypress/psoc creator/4.3/psoc creator/import/gnu/arm/5.4.1/bin/../lib/gcc/arm-none-eabi/5.4.1/../../../../arm-none-eabi/lib/armv7-m\libm.a(lib_a-k_cos.o)
 .debug_frame   0x000015a0       0x50 c:/program files (x86)/cypress/psoc creator/4.3/psoc creator/import/gnu/arm/5.4.1/bin/../lib/gcc/arm-none-eabi/5.4.1/../../../../arm-none-eabi/lib/armv7-m\libm.a(lib_a-k_rem_pio2.o)
 .debug_frame   0x000015f0       0x48 c:/program files (x86)/cypress/psoc creator/4.3/psoc creator/import/gnu/arm/5.4.1/bin/../lib/gcc/arm-none-eabi/5.4.1/../../../../arm-none-eabi/lib/armv7-m\libm.a(lib_a-k_sin.o)
 .debug_frame   0x00001638       0x20 c:/program files (x86)/cypress/psoc creator/4.3/psoc creator/import/gnu/arm/5.4.1/bin/../lib/gcc/arm-none-eabi/5.4.1/../../../../arm-none-eabi/lib/armv7-m\libm.a(lib_a-s_fabs.o)
 .debug_frame   0x00001658       0x34 c:/program files (x86)/cypress/psoc creator/4.3/psoc creator/import/gnu/arm/5.4.1/bin/../lib/gcc/arm-none-eabi/5.4.1/../../../../arm-none-eabi/lib/armv7-m\libm.a(lib_a-s_floor.o)
 .debug_frame   0x0000168c       0x30 c:/program files (x86)/cypress/psoc creator/4.3/psoc creator/import/gnu/arm/5.4.1/bin/../lib/gcc/arm-none-eabi/5.4.1/../../../../arm-none-eabi/lib/armv7-m\libm.a(lib_a-s_scalbn.o)
 .debug_frame   0x000016bc       0x20 c:/program files (x86)/cypress/psoc creator/4.3/psoc creator/import/gnu/arm/5.4.1/bin/../lib/gcc/arm-none-eabi/5.4.1/../../../../arm-none-eabi/lib/armv7-m\libm.a(lib_a-s_copysign.o)
 .debug_frame   0x000016dc       0x20 c:/program files (x86)/cypress/psoc creator/4.3/psoc creator/import/gnu/arm/5.4.1/bin/../lib/gcc/arm-none-eabi/5.4.1/../../../../arm-none-eabi/lib/armv7-m\libg_nano.a(lib_a-errno.o)
 .debug_frame   0x000016fc       0x28 c:/program files (x86)/cypress/psoc creator/4.3/psoc creator/import/gnu/arm/5.4.1/bin/../lib/gcc/arm-none-eabi/5.4.1/../../../../arm-none-eabi/lib/armv7-m\libg_nano.a(lib_a-exit.o)
 .debug_frame   0x00001724       0x2c c:/program files (x86)/cypress/psoc creator/4.3/psoc creator/import/gnu/arm/5.4.1/bin/../lib/gcc/arm-none-eabi/5.4.1/../../../../arm-none-eabi/lib/armv7-m\libg_nano.a(lib_a-init.o)
 .debug_frame   0x00001750       0x28 c:/program files (x86)/cypress/psoc creator/4.3/psoc creator/import/gnu/arm/5.4.1/bin/../lib/gcc/arm-none-eabi/5.4.1/../../../../arm-none-eabi/lib/armv7-m\libg_nano.a(lib_a-memcpy-stub.o)
 .debug_frame   0x00001778       0x20 c:/program files (x86)/cypress/psoc creator/4.3/psoc creator/import/gnu/arm/5.4.1/bin/../lib/gcc/arm-none-eabi/5.4.1/../../../../arm-none-eabi/lib/armv7-m\libg_nano.a(lib_a-memset.o)

.debug_str      0x00000000     0x1991
 *(.debug_str)
 .debug_str     0x00000000      0x2cb .\CortexM3\ARM_GCC_541\Debug\main.o
                                0x31f (size before relaxing)
 .debug_str     0x000002cb      0x174 .\CortexM3\ARM_GCC_541\Debug\cyfitter_cfg.o
                                0x315 (size before relaxing)
 .debug_str     0x0000043f       0x7f .\CortexM3\ARM_GCC_541\Debug\cymetadata.o
                                0x1ea (size before relaxing)
 .debug_str     0x000004be      0x144 .\CortexM3\ARM_GCC_541\Debug\Cm3Start.o
                                0x310 (size before relaxing)
 .debug_str     0x00000602       0x5f .\CortexM3\ARM_GCC_541\Debug\Project_Final.a(Led_1.o)
                                0x1e8 (size before relaxing)
 .debug_str     0x00000661       0x4f .\CortexM3\ARM_GCC_541\Debug\Project_Final.a(Led_2.o)
                                0x1e8 (size before relaxing)
 .debug_str     0x000006b0       0x4f .\CortexM3\ARM_GCC_541\Debug\Project_Final.a(Led_3.o)
                                0x1e8 (size before relaxing)
 .debug_str     0x000006ff       0x4f .\CortexM3\ARM_GCC_541\Debug\Project_Final.a(Led_4.o)
                                0x1e8 (size before relaxing)
 .debug_str     0x0000074e      0x84f .\CortexM3\ARM_GCC_541\Debug\Project_Final.a(CyLib.o)
                                0xa4d (size before relaxing)
 .debug_str     0x00000f9d      0x365 .\CortexM3\ARM_GCC_541\Debug\Project_Final.a(cyPm.o)
                                0x739 (size before relaxing)
 .debug_str     0x00001302       0x48 .\CortexM3\ARM_GCC_541\Debug\Project_Final.a(SW1.o)
                                0x1de (size before relaxing)
 .debug_str     0x0000134a      0x132 .\CortexM3\ARM_GCC_541\Debug\Project_Final.a(Timer.o)
                                0x2fb (size before relaxing)
 .debug_str     0x0000147c       0x80 .\CortexM3\ARM_GCC_541\Debug\Project_Final.a(VDAC.o)
                                0x21b (size before relaxing)
 .debug_str     0x000014fc       0xbe .\CortexM3\ARM_GCC_541\Debug\Project_Final.a(isr.o)
                                0x290 (size before relaxing)
 .debug_str     0x000015ba       0x48 .\CortexM3\ARM_GCC_541\Debug\Project_Final.a(SW2.o)
                                0x1de (size before relaxing)
 .debug_str     0x00001602      0x128 .\CortexM3\ARM_GCC_541\Debug\Project_Final.a(Timer_1.o)
                                0x31b (size before relaxing)
 .debug_str     0x0000172a      0x1bb .\CortexM3\ARM_GCC_541\Debug\Project_Final.a(CyFlash.o)
                                0x3c6 (size before relaxing)
 .debug_str     0x000018e5       0xac .\CortexM3\ARM_GCC_541\Debug\Project_Final.a(CySpc.o)
                                0x33e (size before relaxing)

.debug_loc      0x00000000     0x1cda
 *(.debug_loc)
 .debug_loc     0x00000000       0xb8 .\CortexM3\ARM_GCC_541\Debug\main.o
 .debug_loc     0x000000b8      0x1d7 .\CortexM3\ARM_GCC_541\Debug\cyfitter_cfg.o
 .debug_loc     0x0000028f      0x144 .\CortexM3\ARM_GCC_541\Debug\Cm3Start.o
 .debug_loc     0x000003d3       0x42 .\CortexM3\ARM_GCC_541\Debug\Project_Final.a(Led_1.o)
 .debug_loc     0x00000415       0x42 .\CortexM3\ARM_GCC_541\Debug\Project_Final.a(Led_2.o)
 .debug_loc     0x00000457       0x42 .\CortexM3\ARM_GCC_541\Debug\Project_Final.a(Led_3.o)
 .debug_loc     0x00000499       0x42 .\CortexM3\ARM_GCC_541\Debug\Project_Final.a(Led_4.o)
 .debug_loc     0x000004db      0xa11 .\CortexM3\ARM_GCC_541\Debug\Project_Final.a(CyLib.o)
 .debug_loc     0x00000eec      0x1e4 .\CortexM3\ARM_GCC_541\Debug\Project_Final.a(cyPm.o)
 .debug_loc     0x000010d0       0x42 .\CortexM3\ARM_GCC_541\Debug\Project_Final.a(SW1.o)
 .debug_loc     0x00001112       0x79 .\CortexM3\ARM_GCC_541\Debug\Project_Final.a(VDAC.o)
 .debug_loc     0x0000118b       0x56 .\CortexM3\ARM_GCC_541\Debug\Project_Final.a(isr.o)
 .debug_loc     0x000011e1       0x42 .\CortexM3\ARM_GCC_541\Debug\Project_Final.a(SW2.o)
 .debug_loc     0x00001223      0x3b2 .\CortexM3\ARM_GCC_541\Debug\Project_Final.a(CyFlash.o)
 .debug_loc     0x000015d5      0x705 .\CortexM3\ARM_GCC_541\Debug\Project_Final.a(CySpc.o)

.debug_macinfo
 *(.debug_macinfo)

.debug_ranges   0x00000000      0x778
 *(.debug_ranges)
 .debug_ranges  0x00000000       0x60 .\CortexM3\ARM_GCC_541\Debug\main.o
 .debug_ranges  0x00000060       0x48 .\CortexM3\ARM_GCC_541\Debug\cyfitter_cfg.o
 .debug_ranges  0x000000a8       0x38 .\CortexM3\ARM_GCC_541\Debug\Cm3Start.o
 .debug_ranges  0x000000e0       0x28 .\CortexM3\ARM_GCC_541\Debug\Project_Final.a(Led_1.o)
 .debug_ranges  0x00000108       0x28 .\CortexM3\ARM_GCC_541\Debug\Project_Final.a(Led_2.o)
 .debug_ranges  0x00000130       0x28 .\CortexM3\ARM_GCC_541\Debug\Project_Final.a(Led_3.o)
 .debug_ranges  0x00000158       0x28 .\CortexM3\ARM_GCC_541\Debug\Project_Final.a(Led_4.o)
 .debug_ranges  0x00000180      0x290 .\CortexM3\ARM_GCC_541\Debug\Project_Final.a(CyLib.o)
 .debug_ranges  0x00000410       0x88 .\CortexM3\ARM_GCC_541\Debug\Project_Final.a(cyPm.o)
 .debug_ranges  0x00000498       0x28 .\CortexM3\ARM_GCC_541\Debug\Project_Final.a(SW1.o)
 .debug_ranges  0x000004c0       0x78 .\CortexM3\ARM_GCC_541\Debug\Project_Final.a(Timer.o)
 .debug_ranges  0x00000538       0x48 .\CortexM3\ARM_GCC_541\Debug\Project_Final.a(VDAC.o)
 .debug_ranges  0x00000580       0x70 .\CortexM3\ARM_GCC_541\Debug\Project_Final.a(isr.o)
 .debug_ranges  0x000005f0       0x28 .\CortexM3\ARM_GCC_541\Debug\Project_Final.a(SW2.o)
 .debug_ranges  0x00000618       0x78 .\CortexM3\ARM_GCC_541\Debug\Project_Final.a(Timer_1.o)
 .debug_ranges  0x00000690       0x78 .\CortexM3\ARM_GCC_541\Debug\Project_Final.a(CyFlash.o)
 .debug_ranges  0x00000708       0x70 .\CortexM3\ARM_GCC_541\Debug\Project_Final.a(CySpc.o)

.comment        0x00000000       0x6e
 .comment       0x00000000       0x6e .\CortexM3\ARM_GCC_541\Debug\main.o
                                 0x6f (size before relaxing)
 .comment       0x0000006e       0x6f .\CortexM3\ARM_GCC_541\Debug\cyfitter_cfg.o
 .comment       0x0000006e       0x6f .\CortexM3\ARM_GCC_541\Debug\cymetadata.o
 .comment       0x0000006e       0x6f .\CortexM3\ARM_GCC_541\Debug\Cm3Start.o
 .comment       0x0000006e       0x6f .\CortexM3\ARM_GCC_541\Debug\Project_Final.a(Led_1.o)
 .comment       0x0000006e       0x6f .\CortexM3\ARM_GCC_541\Debug\Project_Final.a(Led_2.o)
 .comment       0x0000006e       0x6f .\CortexM3\ARM_GCC_541\Debug\Project_Final.a(Led_3.o)
 .comment       0x0000006e       0x6f .\CortexM3\ARM_GCC_541\Debug\Project_Final.a(Led_4.o)
 .comment       0x0000006e       0x6f .\CortexM3\ARM_GCC_541\Debug\Project_Final.a(CyLib.o)
 .comment       0x0000006e       0x6f .\CortexM3\ARM_GCC_541\Debug\Project_Final.a(cyPm.o)
 .comment       0x0000006e       0x6f .\CortexM3\ARM_GCC_541\Debug\Project_Final.a(SW1.o)
 .comment       0x0000006e       0x6f .\CortexM3\ARM_GCC_541\Debug\Project_Final.a(Timer.o)
 .comment       0x0000006e       0x6f .\CortexM3\ARM_GCC_541\Debug\Project_Final.a(VDAC.o)
 .comment       0x0000006e       0x6f .\CortexM3\ARM_GCC_541\Debug\Project_Final.a(isr.o)
 .comment       0x0000006e       0x6f .\CortexM3\ARM_GCC_541\Debug\Project_Final.a(SW2.o)
 .comment       0x0000006e       0x6f .\CortexM3\ARM_GCC_541\Debug\Project_Final.a(Timer_1.o)
 .comment       0x0000006e       0x6f .\CortexM3\ARM_GCC_541\Debug\Project_Final.a(CyFlash.o)
 .comment       0x0000006e       0x6f .\CortexM3\ARM_GCC_541\Debug\Project_Final.a(CySpc.o)

.debug_weaknames
 *(.debug_weaknames)

.debug_funcnames
 *(.debug_funcnames)

.debug_typenames
 *(.debug_typenames)

.debug_varnames
 *(.debug_varnames)

.note.gnu.arm.ident
 *(.note.gnu.arm.ident)

.ARM.attributes
                0x00000000       0x29
 *(.ARM.attributes)
 .ARM.attributes
                0x00000000       0x1d c:/program files (x86)/cypress/psoc creator/4.3/psoc creator/import/gnu/arm/5.4.1/bin/../lib/gcc/arm-none-eabi/5.4.1/armv7-m/crti.o
 .ARM.attributes
                0x0000001d       0x2d c:/program files (x86)/cypress/psoc creator/4.3/psoc creator/import/gnu/arm/5.4.1/bin/../lib/gcc/arm-none-eabi/5.4.1/armv7-m/crtbegin.o
 .ARM.attributes
                0x0000004a       0x1b c:/program files (x86)/cypress/psoc creator/4.3/psoc creator/import/gnu/arm/5.4.1/bin/../lib/gcc/arm-none-eabi/5.4.1/../../../../arm-none-eabi/lib/armv7-m/crt0.o
 .ARM.attributes
                0x00000065       0x33 .\CortexM3\ARM_GCC_541\Debug\main.o
 .ARM.attributes
                0x00000098       0x33 .\CortexM3\ARM_GCC_541\Debug\cyfitter_cfg.o
 .ARM.attributes
                0x000000cb       0x33 .\CortexM3\ARM_GCC_541\Debug\cymetadata.o
 .ARM.attributes
                0x000000fe       0x33 .\CortexM3\ARM_GCC_541\Debug\Cm3Start.o
 .ARM.attributes
                0x00000131       0x33 .\CortexM3\ARM_GCC_541\Debug\Project_Final.a(Led_1.o)
 .ARM.attributes
                0x00000164       0x33 .\CortexM3\ARM_GCC_541\Debug\Project_Final.a(Led_2.o)
 .ARM.attributes
                0x00000197       0x33 .\CortexM3\ARM_GCC_541\Debug\Project_Final.a(Led_3.o)
 .ARM.attributes
                0x000001ca       0x33 .\CortexM3\ARM_GCC_541\Debug\Project_Final.a(Led_4.o)
 .ARM.attributes
                0x000001fd       0x33 .\CortexM3\ARM_GCC_541\Debug\Project_Final.a(CyLib.o)
 .ARM.attributes
                0x00000230       0x33 .\CortexM3\ARM_GCC_541\Debug\Project_Final.a(cyPm.o)
 .ARM.attributes
                0x00000263       0x33 .\CortexM3\ARM_GCC_541\Debug\Project_Final.a(SW1.o)
 .ARM.attributes
                0x00000296       0x33 .\CortexM3\ARM_GCC_541\Debug\Project_Final.a(Timer.o)
 .ARM.attributes
                0x000002c9       0x33 .\CortexM3\ARM_GCC_541\Debug\Project_Final.a(VDAC.o)
 .ARM.attributes
                0x000002fc       0x33 .\CortexM3\ARM_GCC_541\Debug\Project_Final.a(isr.o)
 .ARM.attributes
                0x0000032f       0x33 .\CortexM3\ARM_GCC_541\Debug\Project_Final.a(SW2.o)
 .ARM.attributes
                0x00000362       0x33 .\CortexM3\ARM_GCC_541\Debug\Project_Final.a(Timer_1.o)
 .ARM.attributes
                0x00000395       0x21 .\CortexM3\ARM_GCC_541\Debug\Project_Final.a(CyBootAsmGnu.o)
 .ARM.attributes
                0x000003b6       0x33 .\CortexM3\ARM_GCC_541\Debug\Project_Final.a(CyFlash.o)
 .ARM.attributes
                0x000003e9       0x33 .\CortexM3\ARM_GCC_541\Debug\Project_Final.a(CySpc.o)
 .ARM.attributes
                0x0000041c       0x2d c:/program files (x86)/cypress/psoc creator/4.3/psoc creator/import/gnu/arm/5.4.1/bin/../lib/gcc/arm-none-eabi/5.4.1/../../../../arm-none-eabi/lib/armv7-m\libm.a(lib_a-s_sin.o)
 .ARM.attributes
                0x00000449       0x2d c:/program files (x86)/cypress/psoc creator/4.3/psoc creator/import/gnu/arm/5.4.1/bin/../lib/gcc/arm-none-eabi/5.4.1/../../../../arm-none-eabi/lib/armv7-m\libm.a(lib_a-e_rem_pio2.o)
 .ARM.attributes
                0x00000476       0x2d c:/program files (x86)/cypress/psoc creator/4.3/psoc creator/import/gnu/arm/5.4.1/bin/../lib/gcc/arm-none-eabi/5.4.1/../../../../arm-none-eabi/lib/armv7-m\libm.a(lib_a-k_cos.o)
 .ARM.attributes
                0x000004a3       0x2d c:/program files (x86)/cypress/psoc creator/4.3/psoc creator/import/gnu/arm/5.4.1/bin/../lib/gcc/arm-none-eabi/5.4.1/../../../../arm-none-eabi/lib/armv7-m\libm.a(lib_a-k_rem_pio2.o)
 .ARM.attributes
                0x000004d0       0x2d c:/program files (x86)/cypress/psoc creator/4.3/psoc creator/import/gnu/arm/5.4.1/bin/../lib/gcc/arm-none-eabi/5.4.1/../../../../arm-none-eabi/lib/armv7-m\libm.a(lib_a-k_sin.o)
 .ARM.attributes
                0x000004fd       0x2d c:/program files (x86)/cypress/psoc creator/4.3/psoc creator/import/gnu/arm/5.4.1/bin/../lib/gcc/arm-none-eabi/5.4.1/../../../../arm-none-eabi/lib/armv7-m\libm.a(lib_a-s_fabs.o)
 .ARM.attributes
                0x0000052a       0x2d c:/program files (x86)/cypress/psoc creator/4.3/psoc creator/import/gnu/arm/5.4.1/bin/../lib/gcc/arm-none-eabi/5.4.1/../../../../arm-none-eabi/lib/armv7-m\libm.a(lib_a-s_floor.o)
 .ARM.attributes
                0x00000557       0x2d c:/program files (x86)/cypress/psoc creator/4.3/psoc creator/import/gnu/arm/5.4.1/bin/../lib/gcc/arm-none-eabi/5.4.1/../../../../arm-none-eabi/lib/armv7-m\libm.a(lib_a-s_scalbn.o)
 .ARM.attributes
                0x00000584       0x2d c:/program files (x86)/cypress/psoc creator/4.3/psoc creator/import/gnu/arm/5.4.1/bin/../lib/gcc/arm-none-eabi/5.4.1/../../../../arm-none-eabi/lib/armv7-m\libm.a(lib_a-s_copysign.o)
 .ARM.attributes
                0x000005b1       0x1d c:/program files (x86)/cypress/psoc creator/4.3/psoc creator/import/gnu/arm/5.4.1/bin/../lib/gcc/arm-none-eabi/5.4.1/armv7-m\libgcc.a(_arm_addsubdf3.o)
 .ARM.attributes
                0x000005ce       0x1d c:/program files (x86)/cypress/psoc creator/4.3/psoc creator/import/gnu/arm/5.4.1/bin/../lib/gcc/arm-none-eabi/5.4.1/armv7-m\libgcc.a(_arm_muldivdf3.o)
 .ARM.attributes
                0x000005eb       0x1d c:/program files (x86)/cypress/psoc creator/4.3/psoc creator/import/gnu/arm/5.4.1/bin/../lib/gcc/arm-none-eabi/5.4.1/armv7-m\libgcc.a(_arm_cmpdf2.o)
 .ARM.attributes
                0x00000608       0x1d c:/program files (x86)/cypress/psoc creator/4.3/psoc creator/import/gnu/arm/5.4.1/bin/../lib/gcc/arm-none-eabi/5.4.1/armv7-m\libgcc.a(_arm_fixdfsi.o)
 .ARM.attributes
                0x00000625       0x1d c:/program files (x86)/cypress/psoc creator/4.3/psoc creator/import/gnu/arm/5.4.1/bin/../lib/gcc/arm-none-eabi/5.4.1/armv7-m\libgcc.a(_arm_truncdfsf2.o)
 .ARM.attributes
                0x00000642       0x1d c:/program files (x86)/cypress/psoc creator/4.3/psoc creator/import/gnu/arm/5.4.1/bin/../lib/gcc/arm-none-eabi/5.4.1/armv7-m\libgcc.a(_arm_addsubsf3.o)
 .ARM.attributes
                0x0000065f       0x1d c:/program files (x86)/cypress/psoc creator/4.3/psoc creator/import/gnu/arm/5.4.1/bin/../lib/gcc/arm-none-eabi/5.4.1/armv7-m\libgcc.a(_arm_muldivsf3.o)
 .ARM.attributes
                0x0000067c       0x1d c:/program files (x86)/cypress/psoc creator/4.3/psoc creator/import/gnu/arm/5.4.1/bin/../lib/gcc/arm-none-eabi/5.4.1/armv7-m\libgcc.a(_arm_fixunssfsi.o)
 .ARM.attributes
                0x00000699       0x2d c:/program files (x86)/cypress/psoc creator/4.3/psoc creator/import/gnu/arm/5.4.1/bin/../lib/gcc/arm-none-eabi/5.4.1/../../../../arm-none-eabi/lib/armv7-m\libg_nano.a(lib_a-errno.o)
 .ARM.attributes
                0x000006c6       0x2d c:/program files (x86)/cypress/psoc creator/4.3/psoc creator/import/gnu/arm/5.4.1/bin/../lib/gcc/arm-none-eabi/5.4.1/../../../../arm-none-eabi/lib/armv7-m\libg_nano.a(lib_a-exit.o)
 .ARM.attributes
                0x000006f3       0x2d c:/program files (x86)/cypress/psoc creator/4.3/psoc creator/import/gnu/arm/5.4.1/bin/../lib/gcc/arm-none-eabi/5.4.1/../../../../arm-none-eabi/lib/armv7-m\libg_nano.a(lib_a-impure.o)
 .ARM.attributes
                0x00000720       0x2d c:/program files (x86)/cypress/psoc creator/4.3/psoc creator/import/gnu/arm/5.4.1/bin/../lib/gcc/arm-none-eabi/5.4.1/../../../../arm-none-eabi/lib/armv7-m\libg_nano.a(lib_a-init.o)
 .ARM.attributes
                0x0000074d       0x2d c:/program files (x86)/cypress/psoc creator/4.3/psoc creator/import/gnu/arm/5.4.1/bin/../lib/gcc/arm-none-eabi/5.4.1/../../../../arm-none-eabi/lib/armv7-m\libg_nano.a(lib_a-memcpy-stub.o)
 .ARM.attributes
                0x0000077a       0x2d c:/program files (x86)/cypress/psoc creator/4.3/psoc creator/import/gnu/arm/5.4.1/bin/../lib/gcc/arm-none-eabi/5.4.1/../../../../arm-none-eabi/lib/armv7-m\libg_nano.a(lib_a-memset.o)
 .ARM.attributes
                0x000007a7       0x2d c:/program files (x86)/cypress/psoc creator/4.3/psoc creator/import/gnu/arm/5.4.1/bin/../lib/gcc/arm-none-eabi/5.4.1/armv7-m/crtend.o
 .ARM.attributes
                0x000007d4       0x1d c:/program files (x86)/cypress/psoc creator/4.3/psoc creator/import/gnu/arm/5.4.1/bin/../lib/gcc/arm-none-eabi/5.4.1/armv7-m/crtn.o

/DISCARD/
 *(.note.GNU-stack)
OUTPUT(C:\Users\Piimps\Documents\PSoC Creator\Project_Elec\Project_Final.cydsn\CortexM3\ARM_GCC_541\Debug\Project_Final.elf elf32-littlearm)
