Archive member included to satisfy reference by file (symbol)

.\CortexM3\ARM_GCC_541\Debug\Project_Final.a(Led_1.o)
                              .\CortexM3\ARM_GCC_541\Debug\main.o (Led_1_Write)
.\CortexM3\ARM_GCC_541\Debug\Project_Final.a(Led_2.o)
                              .\CortexM3\ARM_GCC_541\Debug\main.o (Led_2_Write)
.\CortexM3\ARM_GCC_541\Debug\Project_Final.a(Led_3.o)
                              .\CortexM3\ARM_GCC_541\Debug\main.o (Led_3_Write)
.\CortexM3\ARM_GCC_541\Debug\Project_Final.a(Led_4.o)
                              .\CortexM3\ARM_GCC_541\Debug\main.o (Led_4_Write)
.\CortexM3\ARM_GCC_541\Debug\Project_Final.a(CyLib.o)
                              .\CortexM3\ARM_GCC_541\Debug\Cm3Start.o (CyHalt)
.\CortexM3\ARM_GCC_541\Debug\Project_Final.a(cyPm.o)
                              .\CortexM3\ARM_GCC_541\Debug\Project_Final.a(CyLib.o) (CyPmReadStatus)
.\CortexM3\ARM_GCC_541\Debug\Project_Final.a(SW1.o)
                              .\CortexM3\ARM_GCC_541\Debug\main.o (SW1_Read)
.\CortexM3\ARM_GCC_541\Debug\Project_Final.a(Timer.o)
                              .\CortexM3\ARM_GCC_541\Debug\main.o (Timer_Stop)
.\CortexM3\ARM_GCC_541\Debug\Project_Final.a(VDAC.o)
                              .\CortexM3\ARM_GCC_541\Debug\main.o (VDAC_SetValue)
.\CortexM3\ARM_GCC_541\Debug\Project_Final.a(isr.o)
                              .\CortexM3\ARM_GCC_541\Debug\main.o (isr_StartEx)
.\CortexM3\ARM_GCC_541\Debug\Project_Final.a(SW2.o)
                              .\CortexM3\ARM_GCC_541\Debug\main.o (SW2_Read)
.\CortexM3\ARM_GCC_541\Debug\Project_Final.a(SW3.o)
                              .\CortexM3\ARM_GCC_541\Debug\main.o (SW3_Read)
.\CortexM3\ARM_GCC_541\Debug\Project_Final.a(SW4.o)
                              .\CortexM3\ARM_GCC_541\Debug\main.o (SW4_ClearInterrupt)
.\CortexM3\ARM_GCC_541\Debug\Project_Final.a(Timer_1.o)
                              .\CortexM3\ARM_GCC_541\Debug\main.o (Timer_1_ReadStatusRegister)
.\CortexM3\ARM_GCC_541\Debug\Project_Final.a(COL1.o)
                              .\CortexM3\ARM_GCC_541\Debug\keypad.o (COL1_Write)
.\CortexM3\ARM_GCC_541\Debug\Project_Final.a(COL2.o)
                              .\CortexM3\ARM_GCC_541\Debug\keypad.o (COL2_Write)
.\CortexM3\ARM_GCC_541\Debug\Project_Final.a(ROW1.o)
                              .\CortexM3\ARM_GCC_541\Debug\keypad.o (ROW1_Read)
.\CortexM3\ARM_GCC_541\Debug\Project_Final.a(ROW0.o)
                              .\CortexM3\ARM_GCC_541\Debug\keypad.o (ROW0_Read)
.\CortexM3\ARM_GCC_541\Debug\Project_Final.a(ROW2.o)
                              .\CortexM3\ARM_GCC_541\Debug\keypad.o (ROW2_Read)
.\CortexM3\ARM_GCC_541\Debug\Project_Final.a(ROW3.o)
                              .\CortexM3\ARM_GCC_541\Debug\keypad.o (ROW3_Read)
.\CortexM3\ARM_GCC_541\Debug\Project_Final.a(COL3.o)
                              .\CortexM3\ARM_GCC_541\Debug\keypad.o (COL3_Write)
.\CortexM3\ARM_GCC_541\Debug\Project_Final.a(LCD.o)
                              .\CortexM3\ARM_GCC_541\Debug\main.o (LCD_PrintString)
.\CortexM3\ARM_GCC_541\Debug\Project_Final.a(UART.o)
                              .\CortexM3\ARM_GCC_541\Debug\main.o (UART_Start)
.\CortexM3\ARM_GCC_541\Debug\Project_Final.a(PWM.o)
                              .\CortexM3\ARM_GCC_541\Debug\main.o (PWM_Stop)
.\CortexM3\ARM_GCC_541\Debug\Project_Final.a(UART_IntClock.o)
                              .\CortexM3\ARM_GCC_541\Debug\Project_Final.a(UART.o) (UART_IntClock_Start)
.\CortexM3\ARM_GCC_541\Debug\Project_Final.a(ADC.o)
                              .\CortexM3\ARM_GCC_541\Debug\main.o (ADC_Start)
.\CortexM3\ARM_GCC_541\Debug\Project_Final.a(ADC_INT.o)
                              .\CortexM3\ARM_GCC_541\Debug\Project_Final.a(ADC.o) (ADC_ISR1)
.\CortexM3\ARM_GCC_541\Debug\Project_Final.a(ADC_AMux.o)
                              .\CortexM3\ARM_GCC_541\Debug\Project_Final.a(ADC.o) (ADC_AMux_Select)
.\CortexM3\ARM_GCC_541\Debug\Project_Final.a(ADC_Ext_CP_Clk.o)
                              .\CortexM3\ARM_GCC_541\Debug\Project_Final.a(ADC.o) (ADC_Ext_CP_Clk_SetModeRegister)
.\CortexM3\ARM_GCC_541\Debug\Project_Final.a(ADC_theACLK.o)
                              .\CortexM3\ARM_GCC_541\Debug\Project_Final.a(ADC.o) (ADC_theACLK_SetModeRegister)
.\CortexM3\ARM_GCC_541\Debug\Project_Final.a(pin_SW4_int.o)
                              .\CortexM3\ARM_GCC_541\Debug\main.o (pin_SW4_int_StartEx)
.\CortexM3\ARM_GCC_541\Debug\Project_Final.a(AMux.o)
                              .\CortexM3\ARM_GCC_541\Debug\main.o (AMux_FastSelect)
.\CortexM3\ARM_GCC_541\Debug\Project_Final.a(isr1.o)
                              .\CortexM3\ARM_GCC_541\Debug\main.o (isr1_StartEx)
.\CortexM3\ARM_GCC_541\Debug\Project_Final.a(CyBootAsmGnu.o)
                              .\CortexM3\ARM_GCC_541\Debug\cyfitter_cfg.o (CyDelayCycles)
.\CortexM3\ARM_GCC_541\Debug\Project_Final.a(CyFlash.o)
                              .\CortexM3\ARM_GCC_541\Debug\Project_Final.a(cyPm.o) (CyFlash_SetWaitCycles)
[...]
Memory Configuration

Name             Origin             Length             Attributes
rom              0x00000000         0x00040000         xr
ram              0x1fff8000         0x00010000         xrw
*default*        0x00000000         0xffffffff

Linker script and memory map

LOAD c:/program files (x86)/cypress/psoc creator/4.3/psoc creator/import/gnu/arm/5.4.1/bin/../lib/gcc/arm-none-eabi/5.4.1/armv7-m/crti.o
LOAD c:/program files (x86)/cypress/psoc creator/4.3/psoc creator/import/gnu/arm/5.4.1/bin/../lib/gcc/arm-none-eabi/5.4.1/armv7-m/crtbegin.o
LOAD c:/program files (x86)/cypress/psoc creator/4.3/psoc creator/import/gnu/arm/5.4.1/bin/../lib/gcc/arm-none-eabi/5.4.1/../../../../arm-none-eabi/lib/armv7-m/crt0.o
START GROUP
LOAD .\CortexM3\ARM_GCC_541\Debug\main.o
LOAD .\CortexM3\ARM_GCC_541\Debug\keypad.o
LOAD .\CortexM3\ARM_GCC_541\Debug\morse.o
LOAD .\CortexM3\ARM_GCC_541\Debug\cyfitter_cfg.o
LOAD .\CortexM3\ARM_GCC_541\Debug\cymetadata.o
LOAD .\CortexM3\ARM_GCC_541\Debug\Cm3Start.o
LOAD .\CortexM3\ARM_GCC_541\Debug\Project_Final.a
LOAD C:\Program Files (x86)\Cypress\PSoC Creator\4.3\PSoC Creator\psoc\content\cycomponentlibrary\CyComponentLibrary.cylib\CortexM3\ARM_GCC_541\Debug\CyComponentLibrary.a
LOAD c:/program files (x86)/cypress/psoc creator/4.3/psoc creator/import/gnu/arm/5.4.1/bin/../lib/gcc/arm-none-eabi/5.4.1/../../../../arm-none-eabi/lib/armv7-m\libm.a
END GROUP
START GROUP
LOAD c:/program files (x86)/cypress/psoc creator/4.3/psoc creator/import/gnu/arm/5.4.1/bin/../lib/gcc/arm-none-eabi/5.4.1/armv7-m\libgcc.a
LOAD c:/program files (x86)/cypress/psoc creator/4.3/psoc creator/import/gnu/arm/5.4.1/bin/../lib/gcc/arm-none-eabi/5.4.1/../../../../arm-none-eabi/lib/armv7-m\libg_nano.a
LOAD c:/program files (x86)/cypress/psoc creator/4.3/psoc creator/import/gnu/arm/5.4.1/bin/../lib/gcc/arm-none-eabi/5.4.1/../../../../arm-none-eabi/lib/armv7-m\libc_nano.a
END GROUP
START GROUP
LOAD c:/program files (x86)/cypress/psoc creator/4.3/psoc creator/import/gnu/arm/5.4.1/bin/../lib/gcc/arm-none-eabi/5.4.1/armv7-m\libgcc.a
LOAD c:/program files (x86)/cypress/psoc creator/4.3/psoc creator/import/gnu/arm/5.4.1/bin/../lib/gcc/arm-none-eabi/5.4.1/../../../../arm-none-eabi/lib/armv7-m\libc_nano.a
END GROUP
LOAD c:/program files (x86)/cypress/psoc creator/4.3/psoc creator/import/gnu/arm/5.4.1/bin/../lib/gcc/arm-none-eabi/5.4.1/armv7-m/crtend.o
LOAD c:/program files (x86)/cypress/psoc creator/4.3/psoc creator/import/gnu/arm/5.4.1/bin/../lib/gcc/arm-none-eabi/5.4.1/armv7-m/crtn.o
START GROUP
LOAD c:/program files (x86)/cypress/psoc creator/4.3/psoc creator/import/gnu/arm/5.4.1/bin/../lib/gcc/arm-none-eabi/5.4.1/armv7-m\libgcc.a
LOAD c:/program files (x86)/cypress/psoc creator/4.3/psoc creator/import/gnu/arm/5.4.1/bin/../lib/gcc/arm-none-eabi/5.4.1/../../../../arm-none-eabi/lib/armv7-m\libc.a
LOAD c:/program files (x86)/cypress/psoc creator/4.3/psoc creator/import/gnu/arm/5.4.1/bin/../lib/gcc/arm-none-eabi/5.4.1/../../../../arm-none-eabi/lib/armv7-m\libnosys.a
END GROUP
                0x00000000                CY_APPL_ORIGIN = 0x0
                0x00000100                CY_FLASH_ROW_SIZE = 0x100
                0x00000020                CY_ECC_ROW_SIZE = 0x20
                0x00000000                CY_EE_IN_BTLDR = 0x0
                0x00000000                CY_APPL_LOADABLE = 0x0
                0x00000800                CY_EE_SIZE = 0x800
                0x00000001                CY_APPL_NUM = 0x1
                0x00000001                CY_APPL_MAX = 0x1
                0x00000040                CY_METADATA_SIZE = 0x40
                0x00000000                CY_APPL_LOADABLE = 0x0
                0x00000000                CY_CHECKSUM_EXCLUDE_SIZE = ALIGN (0x0, CY_FLASH_ROW_SIZE)
                [!provide]                PROVIDE (__cy_heap_start, _end)
                0x00000001                PROVIDE (__cy_region_num, ((__cy_regions_end - __cy_regions) / 0x10))
                0x20008000                PROVIDE (__cy_stack, (ORIGIN (ram) + LENGTH (ram)))
                [!provide]                PROVIDE (__cy_heap_end, (__cy_stack - 0x800))

.cybootloader   0x00000000        0x0
 *(.cybootloader)
                0x00000000                appl1_start = CY_APPL_ORIGIN?CY_APPL_ORIGIN:ALIGN (CY_FLASH_ROW_SIZE)
                0x0001ff00                appl2_start = (appl1_start + ALIGN ((((LENGTH (rom) - appl1_start) - (0x2 * CY_FLASH_ROW_SIZE)) / 0x2), CY_FLASH_ROW_SIZE))
                0x00000000                appl_start = (CY_APPL_NUM == 0x1)?appl1_start:appl2_start
                0x00000000                ecc_offset = ((appl_start / CY_FLASH_ROW_SIZE) * CY_ECC_ROW_SIZE)
                0x00000000                ee_offset = (CY_APPL_LOADABLE && ! (CY_EE_IN_BTLDR))?((CY_EE_SIZE / CY_APPL_MAX) * (CY_APPL_NUM - 0x1)):0x0
                0x00000800                ee_size = (CY_APPL_LOADABLE && ! (CY_EE_IN_BTLDR))?(CY_EE_SIZE / CY_APPL_MAX):CY_EE_SIZE
                [!provide]                PROVIDE (CY_ECC_OFFSET, ecc_offset)

.text           0x00000000     0x4214
 CREATE_OBJECT_SYMBOLS
                0x00000000                PROVIDE (__cy_interrupt_vector, RomVectors)
 *(.romvectors)
 .romvectors    0x00000000       0x10 .\CortexM3\ARM_GCC_541\Debug\Cm3Start.o
                0x00000000                RomVectors
                0x00000001                ASSERT ((. != __cy_interrupt_vector), No interrupt vector)
                0x00000001                ASSERT (CY_APPL_ORIGIN?(SIZEOF (.cybootloader) <= CY_APPL_ORIGIN):0x1, Wrong image location)
                0x00000010                PROVIDE (__cy_reset, Reset)
 *(.text.Reset)
 .text.Reset    0x00000010       0x18 .\CortexM3\ARM_GCC_541\Debug\Cm3Start.o
                0x00000010                Reset
                0x00000001                ASSERT ((. != __cy_reset), No reset code)
 *(.dma_init)
                0x00000001                ASSERT ((((appl_start + .) <= 0x10000) || 0x1), DMA Init must be within the first 64k of flash)
 *(.text .text.* .gnu.linkonce.t.*)
 .text          0x00000028       0x5c c:/program files (x86)/cypress/psoc creator/4.3/psoc creator/import/gnu/arm/5.4.1/bin/../lib/gcc/arm-none-eabi/5.4.1/armv7-m/crtbegin.o
 .text.Timer_Handler
                0x00000084       0x7c .\CortexM3\ARM_GCC_541\Debug\main.o
                0x00000084                Timer_Handler
 .text.SW4_Handler
                0x00000100       0x18 .\CortexM3\ARM_GCC_541\Debug\main.o
                0x00000100                SW4_Handler
 .text.UART_Handler
                0x00000118       0x4c .\CortexM3\ARM_GCC_541\Debug\main.o
                0x00000118                UART_Handler
 .text.displayMessage
                0x00000164       0x14 .\CortexM3\ARM_GCC_541\Debug\main.o
                0x00000164                displayMessage
 .text.checkTimerStatus
                0x00000178       0x1c .\CortexM3\ARM_GCC_541\Debug\main.o
                0x00000178                checkTimerStatus
 .text.ledsState
                0x00000194       0x20 .\CortexM3\ARM_GCC_541\Debug\main.o
                0x00000194                ledsState
 .text.activateLightAndLEDS
                0x000001b4       0x44 .\CortexM3\ARM_GCC_541\Debug\main.o
                0x000001b4                activateLightAndLEDS
 .text.UART_WriteChar
                0x000001f8       0x64 .\CortexM3\ARM_GCC_541\Debug\main.o
                0x000001f8                UART_WriteChar
 .text.switchMorseCode
                0x0000025c       0x60 .\CortexM3\ARM_GCC_541\Debug\main.o
                0x0000025c                switchMorseCode
 .text.sendMorseToComputer
                0x000002bc       0x48 .\CortexM3\ARM_GCC_541\Debug\main.o
                0x000002bc                sendMorseToComputer
 .text.sendSignal
                0x00000304       0x84 .\CortexM3\ARM_GCC_541\Debug\main.o
                0x00000304                sendSignal
 .text.pushSW1  0x00000388       0x20 .\CortexM3\ARM_GCC_541\Debug\main.o
                0x00000388                pushSW1
 .text.pushSW2  0x000003a8       0x2c .\CortexM3\ARM_GCC_541\Debug\main.o
                0x000003a8                pushSW2
 .text.pushSW3  0x000003d4       0x2c .\CortexM3\ARM_GCC_541\Debug\main.o
                0x000003d4                pushSW3
 .text.photoResistor
                0x00000400       0x3c .\CortexM3\ARM_GCC_541\Debug\main.o
                0x00000400                photoResistor
 .text.keyboard
                0x0000043c       0xbc .\CortexM3\ARM_GCC_541\Debug\main.o
                0x0000043c                keyboard
 .text.potentiometer
                0x000004f8       0x4c .\CortexM3\ARM_GCC_541\Debug\main.o
                0x000004f8                potentiometer
 *fill*         0x00000544        0x4 
 .text.main     0x00000548      0x110 .\CortexM3\ARM_GCC_541\Debug\main.o
                0x00000548                main
 .text.keypadScan
                0x00000658       0xfc .\CortexM3\ARM_GCC_541\Debug\keypad.o
                0x00000658                keypadScan
 .text.getMorse
                0x00000754       0x28 .\CortexM3\ARM_GCC_541\Debug\morse.o
                0x00000754                getMorse
 .text.CyClockStartupError
                0x0000077c        0x4 .\CortexM3\ARM_GCC_541\Debug\cyfitter_cfg.o
 .text.cfg_write_bytes32
                0x00000780       0x34 .\CortexM3\ARM_GCC_541\Debug\cyfitter_cfg.o
 .text.AnalogSetDefault
                0x000007b4       0x40 .\CortexM3\ARM_GCC_541\Debug\cyfitter_cfg.o
 .text.CYMEMZERO
                0x000007f4        0xc .\CortexM3\ARM_GCC_541\Debug\cyfitter_cfg.o
 .text.CYCONFIGCPY
                0x00000800        0x8 .\CortexM3\ARM_GCC_541\Debug\cyfitter_cfg.o
 .text.ClockSetup
                0x00000808      0x100 .\CortexM3\ARM_GCC_541\Debug\cyfitter_cfg.o
 .text.AMux_Set
                0x00000908       0x34 .\CortexM3\ARM_GCC_541\Debug\cyfitter_cfg.o
                0x00000908                AMux_Set
 .text.AMux_Unset
                0x0000093c       0x38 .\CortexM3\ARM_GCC_541\Debug\cyfitter_cfg.o
                0x0000093c                AMux_Unset
 .text.ADC_AMux_Set
                0x00000974       0x1c .\CortexM3\ARM_GCC_541\Debug\cyfitter_cfg.o
                0x00000974                ADC_AMux_Set
 .text.ADC_AMux_Unset
                0x00000990       0x20 .\CortexM3\ARM_GCC_541\Debug\cyfitter_cfg.o
                0x00000990                ADC_AMux_Unset
 .text.cyfitter_cfg
                0x000009b0      0x12c .\CortexM3\ARM_GCC_541\Debug\cyfitter_cfg.o
                0x000009b0                cyfitter_cfg
 .text.IntDefaultHandler
                0x00000adc       0x10 .\CortexM3\ARM_GCC_541\Debug\Cm3Start.o
                0x00000adc                IntDefaultHandler
 .text._sbrk    0x00000aec       0x30 .\CortexM3\ARM_GCC_541\Debug\Cm3Start.o
                0x00000aec                _sbrk
 .text.Start_c  0x00000b1c       0x4c .\CortexM3\ARM_GCC_541\Debug\Cm3Start.o
                0x00000b1c                Start_c
 .text.initialize_psoc
                0x00000b68       0x68 .\CortexM3\ARM_GCC_541\Debug\Cm3Start.o
                0x00000b68                initialize_psoc
 .text.Led_1_Write
                0x00000bd0       0x18 .\CortexM3\ARM_GCC_541\Debug\Project_Final.a(Led_1.o)
                0x00000bd0                Led_1_Write
 .text.Led_2_Write
                0x00000be8       0x18 .\CortexM3\ARM_GCC_541\Debug\Project_Final.a(Led_2.o)
                0x00000be8                Led_2_Write
 .text.Led_3_Write
                0x00000c00       0x18 .\CortexM3\ARM_GCC_541\Debug\Project_Final.a(Led_3.o)
                0x00000c00                Led_3_Write
 .text.Led_4_Write
                0x00000c18       0x18 .\CortexM3\ARM_GCC_541\Debug\Project_Final.a(Led_4.o)
                0x00000c18                Led_4_Write
 .text.CyHalt   0x00000c30        0x4 .\CortexM3\ARM_GCC_541\Debug\Project_Final.a(CyLib.o)
                0x00000c30                CyHalt
 .text.CyDelay  0x00000c34       0x2c .\CortexM3\ARM_GCC_541\Debug\Project_Final.a(CyLib.o)
                0x00000c34                CyDelay
 .text.CyDelayUs
                0x00000c60       0x14 .\CortexM3\ARM_GCC_541\Debug\Project_Final.a(CyLib.o)
                0x00000c60                CyDelayUs
 .text.CyIntSetVector
                0x00000c74       0x28 .\CortexM3\ARM_GCC_541\Debug\Project_Final.a(CyLib.o)
                0x00000c74                CyIntSetVector
 .text.CyIntSetPriority
                0x00000c9c       0x30 .\CortexM3\ARM_GCC_541\Debug\Project_Final.a(CyLib.o)
                0x00000c9c                CyIntSetPriority
 .text.SW1_Read
                0x00000ccc       0x10 .\CortexM3\ARM_GCC_541\Debug\Project_Final.a(SW1.o)
                0x00000ccc                SW1_Read
 .text.Timer_Enable
                0x00000cdc       0x28 .\CortexM3\ARM_GCC_541\Debug\Project_Final.a(Timer.o)
                0x00000cdc                Timer_Enable
 .text.Timer_Stop
                0x00000d04       0x28 .\CortexM3\ARM_GCC_541\Debug\Project_Final.a(Timer.o)
                0x00000d04                Timer_Stop
 .text.Timer_SetInterruptMode
                0x00000d2c        0xc .\CortexM3\ARM_GCC_541\Debug\Project_Final.a(Timer.o)
                0x00000d2c                Timer_SetInterruptMode
 .text.Timer_ReadStatusRegister
                0x00000d38        0xc .\CortexM3\ARM_GCC_541\Debug\Project_Final.a(Timer.o)
                0x00000d38                Timer_ReadStatusRegister
 .text.Timer_WritePeriod
                0x00000d44        0xc .\CortexM3\ARM_GCC_541\Debug\Project_Final.a(Timer.o)
                0x00000d44                Timer_WritePeriod
 .text.Timer_WriteCounter
                0x00000d50        0xc .\CortexM3\ARM_GCC_541\Debug\Project_Final.a(Timer.o)
                0x00000d50                Timer_WriteCounter
 .text.Timer_Init
                0x00000d5c       0x68 .\CortexM3\ARM_GCC_541\Debug\Project_Final.a(Timer.o)
                0x00000d5c                Timer_Init
 .text.Timer_Start
                0x00000dc4       0x1c .\CortexM3\ARM_GCC_541\Debug\Project_Final.a(Timer.o)
                0x00000dc4                Timer_Start
 .text.VDAC_Enable
                0x00000de0       0x1c .\CortexM3\ARM_GCC_541\Debug\Project_Final.a(VDAC.o)
                0x00000de0                VDAC_Enable
 .text.VDAC_SetSpeed
                0x00000dfc       0x1c .\CortexM3\ARM_GCC_541\Debug\Project_Final.a(VDAC.o)
                0x00000dfc                VDAC_SetSpeed
 .text.VDAC_SetValue
                0x00000e18        0xc .\CortexM3\ARM_GCC_541\Debug\Project_Final.a(VDAC.o)
                0x00000e18                VDAC_SetValue
 .text.VDAC_DacTrim
                0x00000e24       0x24 .\CortexM3\ARM_GCC_541\Debug\Project_Final.a(VDAC.o)
                0x00000e24                VDAC_DacTrim
 .text.VDAC_SetRange
                0x00000e48       0x20 .\CortexM3\ARM_GCC_541\Debug\Project_Final.a(VDAC.o)
                0x00000e48                VDAC_SetRange
 .text.VDAC_Init
                0x00000e68       0x20 .\CortexM3\ARM_GCC_541\Debug\Project_Final.a(VDAC.o)
                0x00000e68                VDAC_Init
 .text.VDAC_Start
                0x00000e88       0x24 .\CortexM3\ARM_GCC_541\Debug\Project_Final.a(VDAC.o)
                0x00000e88                VDAC_Start
 .text.isr_SetVector
                0x00000eac       0x10 .\CortexM3\ARM_GCC_541\Debug\Project_Final.a(isr.o)
                0x00000eac                isr_SetVector
 .text.isr_SetPriority
                0x00000ebc       0x10 .\CortexM3\ARM_GCC_541\Debug\Project_Final.a(isr.o)
                0x00000ebc                isr_SetPriority
 .text.isr_Enable
                0x00000ecc       0x10 .\CortexM3\ARM_GCC_541\Debug\Project_Final.a(isr.o)
                0x00000ecc                isr_Enable
 .text.isr_Disable
                0x00000edc       0x10 .\CortexM3\ARM_GCC_541\Debug\Project_Final.a(isr.o)
                0x00000edc                isr_Disable
 .text.isr_StartEx
                0x00000eec       0x1c .\CortexM3\ARM_GCC_541\Debug\Project_Final.a(isr.o)
                0x00000eec                isr_StartEx
 .text.SW2_Read
                0x00000f08       0x10 .\CortexM3\ARM_GCC_541\Debug\Project_Final.a(SW2.o)
                0x00000f08                SW2_Read
 .text.SW3_Read
                0x00000f18       0x10 .\CortexM3\ARM_GCC_541\Debug\Project_Final.a(SW3.o)
                0x00000f18                SW3_Read
 .text.SW4_ClearInterrupt
                0x00000f28       0x10 .\CortexM3\ARM_GCC_541\Debug\Project_Final.a(SW4.o)
                0x00000f28                SW4_ClearInterrupt
 .text.Timer_1_Enable
                0x00000f38       0x28 .\CortexM3\ARM_GCC_541\Debug\Project_Final.a(Timer_1.o)
                0x00000f38                Timer_1_Enable
 .text.Timer_1_SetInterruptMode
                0x00000f60        0xc .\CortexM3\ARM_GCC_541\Debug\Project_Final.a(Timer_1.o)
                0x00000f60                Timer_1_SetInterruptMode
 .text.Timer_1_ReadStatusRegister
                0x00000f6c        0xc .\CortexM3\ARM_GCC_541\Debug\Project_Final.a(Timer_1.o)
                0x00000f6c                Timer_1_ReadStatusRegister
 .text.Timer_1_WritePeriod
                0x00000f78        0xc .\CortexM3\ARM_GCC_541\Debug\Project_Final.a(Timer_1.o)
                0x00000f78                Timer_1_WritePeriod
 .text.Timer_1_WriteCounter
                0x00000f84        0xc .\CortexM3\ARM_GCC_541\Debug\Project_Final.a(Timer_1.o)
                0x00000f84                Timer_1_WriteCounter
 .text.Timer_1_Init
                0x00000f90       0x68 .\CortexM3\ARM_GCC_541\Debug\Project_Final.a(Timer_1.o)
                0x00000f90                Timer_1_Init
 .text.Timer_1_Start
                0x00000ff8       0x1c .\CortexM3\ARM_GCC_541\Debug\Project_Final.a(Timer_1.o)
                0x00000ff8                Timer_1_Start
 .text.COL1_Write
                0x00001014       0x18 .\CortexM3\ARM_GCC_541\Debug\Project_Final.a(COL1.o)
                0x00001014                COL1_Write
 .text.COL2_Write
                0x0000102c       0x18 .\CortexM3\ARM_GCC_541\Debug\Project_Final.a(COL2.o)
                0x0000102c                COL2_Write
 .text.ROW1_Read
                0x00001044       0x10 .\CortexM3\ARM_GCC_541\Debug\Project_Final.a(ROW1.o)
                0x00001044                ROW1_Read
 .text.ROW0_Read
                0x00001054       0x10 .\CortexM3\ARM_GCC_541\Debug\Project_Final.a(ROW0.o)
                0x00001054                ROW0_Read
 .text.ROW2_Read
                0x00001064        0xc .\CortexM3\ARM_GCC_541\Debug\Project_Final.a(ROW2.o)
                0x00001064                ROW2_Read
 .text.ROW3_Read
                0x00001070       0x10 .\CortexM3\ARM_GCC_541\Debug\Project_Final.a(ROW3.o)
                0x00001070                ROW3_Read
 .text.COL3_Write
                0x00001080       0x18 .\CortexM3\ARM_GCC_541\Debug\Project_Final.a(COL3.o)
                0x00001080                COL3_Write
 .text.LCD_WrCntrlNib
                0x00001098       0x34 .\CortexM3\ARM_GCC_541\Debug\Project_Final.a(LCD.o)
 .text.LCD_WrDatNib
                0x000010cc       0x44 .\CortexM3\ARM_GCC_541\Debug\Project_Final.a(LCD.o)
 .text.LCD_IsReady
                0x00001110       0xe4 .\CortexM3\ARM_GCC_541\Debug\Project_Final.a(LCD.o)
                0x00001110                LCD_IsReady
 .text.LCD_WriteData
                0x000011f4       0x18 .\CortexM3\ARM_GCC_541\Debug\Project_Final.a(LCD.o)
                0x000011f4                LCD_WriteData
 .text.LCD_PrintString
                0x0000120c       0x1c .\CortexM3\ARM_GCC_541\Debug\Project_Final.a(LCD.o)
                0x0000120c                LCD_PrintString
 .text.LCD_WriteControl
                0x00001228       0x18 .\CortexM3\ARM_GCC_541\Debug\Project_Final.a(LCD.o)
                0x00001228                LCD_WriteControl
 .text.LCD_Init
                0x00001240       0x6c .\CortexM3\ARM_GCC_541\Debug\Project_Final.a(LCD.o)
                0x00001240                LCD_Init
 .text.LCD_Enable
                0x000012ac       0x14 .\CortexM3\ARM_GCC_541\Debug\Project_Final.a(LCD.o)
                0x000012ac                LCD_Enable
 .text.LCD_Start
                0x000012c0       0x1c .\CortexM3\ARM_GCC_541\Debug\Project_Final.a(LCD.o)
                0x000012c0                LCD_Start
 .text.LCD_Position
                0x000012dc       0x3c .\CortexM3\ARM_GCC_541\Debug\Project_Final.a(LCD.o)
                0x000012dc                LCD_Position
 .text.UART_Init
                0x00001318       0x28 .\CortexM3\ARM_GCC_541\Debug\Project_Final.a(UART.o)
                0x00001318                UART_Init
 .text.UART_Enable
                0x00001340       0x38 .\CortexM3\ARM_GCC_541\Debug\Project_Final.a(UART.o)
                0x00001340                UART_Enable
 .text.UART_Start
                0x00001378       0x1c .\CortexM3\ARM_GCC_541\Debug\Project_Final.a(UART.o)
                0x00001378                UART_Start
 .text.UART_SetRxInterruptMode
                0x00001394        0xc .\CortexM3\ARM_GCC_541\Debug\Project_Final.a(UART.o)
                0x00001394                UART_SetRxInterruptMode
 .text.UART_ReadRxData
                0x000013a0        0xc .\CortexM3\ARM_GCC_541\Debug\Project_Final.a(UART.o)
                0x000013a0                UART_ReadRxData
 .text.UART_ReadRxStatus
                0x000013ac       0x10 .\CortexM3\ARM_GCC_541\Debug\Project_Final.a(UART.o)
                0x000013ac                UART_ReadRxStatus
 .text.UART_PutChar
                0x000013bc       0x18 .\CortexM3\ARM_GCC_541\Debug\Project_Final.a(UART.o)
                0x000013bc                UART_PutChar
 .text.UART_PutString
                0x000013d4       0x24 .\CortexM3\ARM_GCC_541\Debug\Project_Final.a(UART.o)
                0x000013d4                UART_PutString
 .text.PWM_Enable
                0x000013f8       0x10 .\CortexM3\ARM_GCC_541\Debug\Project_Final.a(PWM.o)
                0x000013f8                PWM_Enable
 .text.PWM_Stop
                0x00001408       0x10 .\CortexM3\ARM_GCC_541\Debug\Project_Final.a(PWM.o)
                0x00001408                PWM_Stop
 .text.PWM_WriteCounter
                0x00001418        0xc .\CortexM3\ARM_GCC_541\Debug\Project_Final.a(PWM.o)
                0x00001418                PWM_WriteCounter
 .text.PWM_WritePeriod
                0x00001424        0xc .\CortexM3\ARM_GCC_541\Debug\Project_Final.a(PWM.o)
                0x00001424                PWM_WritePeriod
 .text.PWM_WriteCompare1
                0x00001430        0xc .\CortexM3\ARM_GCC_541\Debug\Project_Final.a(PWM.o)
                0x00001430                PWM_WriteCompare1
 .text.PWM_WriteCompare2
                0x0000143c        0xc .\CortexM3\ARM_GCC_541\Debug\Project_Final.a(PWM.o)
                0x0000143c                PWM_WriteCompare2
 .text.PWM_SetInterruptMode
                0x00001448        0xc .\CortexM3\ARM_GCC_541\Debug\Project_Final.a(PWM.o)
                0x00001448                PWM_SetInterruptMode
 .text.PWM_ReadStatusRegister
                0x00001454        0xc .\CortexM3\ARM_GCC_541\Debug\Project_Final.a(PWM.o)
                0x00001454                PWM_ReadStatusRegister
 .text.PWM_ReadCapture
                0x00001460        0xc .\CortexM3\ARM_GCC_541\Debug\Project_Final.a(PWM.o)
                0x00001460                PWM_ReadCapture
 .text.PWM_ClearFIFO
                0x0000146c       0x14 .\CortexM3\ARM_GCC_541\Debug\Project_Final.a(PWM.o)
                0x0000146c                PWM_ClearFIFO
 .text.PWM_Init
                0x00001480       0x68 .\CortexM3\ARM_GCC_541\Debug\Project_Final.a(PWM.o)
                0x00001480                PWM_Init
 .text.PWM_Start
                0x000014e8       0x1c .\CortexM3\ARM_GCC_541\Debug\Project_Final.a(PWM.o)
                0x000014e8                PWM_Start
 .text.UART_IntClock_Start
                0x00001504       0x1c .\CortexM3\ARM_GCC_541\Debug\Project_Final.a(UART_IntClock.o)
                0x00001504                UART_IntClock_Start
 .text.ADC_GainCompensation
                0x00001520       0xe0 .\CortexM3\ARM_GCC_541\Debug\Project_Final.a(ADC.o)
 .text.ADC_SetDSMRef0Reg
                0x00001600       0x4c .\CortexM3\ARM_GCC_541\Debug\Project_Final.a(ADC.o)
 .text.ADC_InitConfig
                0x0000164c      0x328 .\CortexM3\ARM_GCC_541\Debug\Project_Final.a(ADC.o)
 .text.ADC_Init
                0x00001974      0x108 .\CortexM3\ARM_GCC_541\Debug\Project_Final.a(ADC.o)
                0x00001974                ADC_Init
 .text.ADC_Enable
                0x00001a7c       0xd8 .\CortexM3\ARM_GCC_541\Debug\Project_Final.a(ADC.o)
                0x00001a7c                ADC_Enable
 .text.ADC_Start
                0x00001b54       0x28 .\CortexM3\ARM_GCC_541\Debug\Project_Final.a(ADC.o)
                0x00001b54                ADC_Start
 .text.ADC_StartConvert
                0x00001b7c       0x10 .\CortexM3\ARM_GCC_541\Debug\Project_Final.a(ADC.o)
                0x00001b7c                ADC_StartConvert
 .text.ADC_IsEndConversion
                0x00001b8c       0x30 .\CortexM3\ARM_GCC_541\Debug\Project_Final.a(ADC.o)
                0x00001b8c                ADC_IsEndConversion
 .text.ADC_GetResult32
                0x00001bbc       0x6c .\CortexM3\ARM_GCC_541\Debug\Project_Final.a(ADC.o)
                0x00001bbc                ADC_GetResult32
 .text.ADC_ISR1
                0x00001c28        0x4 .\CortexM3\ARM_GCC_541\Debug\Project_Final.a(ADC_INT.o)
                0x00001c28                ADC_ISR1
 .text.ADC_ISR2
                0x00001c2c        0x4 .\CortexM3\ARM_GCC_541\Debug\Project_Final.a(ADC_INT.o)
                0x00001c2c                ADC_ISR2
 .text.ADC_ISR3
                0x00001c30        0x4 .\CortexM3\ARM_GCC_541\Debug\Project_Final.a(ADC_INT.o)
                0x00001c30                ADC_ISR3
 .text.ADC_ISR4
                0x00001c34        0x4 .\CortexM3\ARM_GCC_541\Debug\Project_Final.a(ADC_INT.o)
                0x00001c34                ADC_ISR4
 .text.ADC_AMux_Start
                0x00001c38       0x20 .\CortexM3\ARM_GCC_541\Debug\Project_Final.a(ADC_AMux.o)
                0x00001c38                ADC_AMux_Start
 .text.ADC_AMux_Select
                0x00001c58       0x18 .\CortexM3\ARM_GCC_541\Debug\Project_Final.a(ADC_AMux.o)
                0x00001c58                ADC_AMux_Select
 .text.ADC_Ext_CP_Clk_GetDividerRegister
                0x00001c70        0xc .\CortexM3\ARM_GCC_541\Debug\Project_Final.a(ADC_Ext_CP_Clk.o)
                0x00001c70                ADC_Ext_CP_Clk_GetDividerRegister
 .text.ADC_Ext_CP_Clk_SetModeRegister
                0x00001c7c       0x14 .\CortexM3\ARM_GCC_541\Debug\Project_Final.a(ADC_Ext_CP_Clk.o)
                0x00001c7c                ADC_Ext_CP_Clk_SetModeRegister
 .text.ADC_Ext_CP_Clk_GetSourceRegister
                0x00001c90       0x10 .\CortexM3\ARM_GCC_541\Debug\Project_Final.a(ADC_Ext_CP_Clk.o)
                0x00001c90                ADC_Ext_CP_Clk_GetSourceRegister
 .text.ADC_Ext_CP_Clk_SetDividerRegister
                0x00001ca0       0xd8 .\CortexM3\ARM_GCC_541\Debug\Project_Final.a(ADC_Ext_CP_Clk.o)
                0x00001ca0                ADC_Ext_CP_Clk_SetDividerRegister
 .text.ADC_theACLK_GetDividerRegister
                0x00001d78        0xc .\CortexM3\ARM_GCC_541\Debug\Project_Final.a(ADC_theACLK.o)
                0x00001d78                ADC_theACLK_GetDividerRegister
 .text.ADC_theACLK_SetModeRegister
                0x00001d84       0x14 .\CortexM3\ARM_GCC_541\Debug\Project_Final.a(ADC_theACLK.o)
                0x00001d84                ADC_theACLK_SetModeRegister
 .text.ADC_theACLK_GetSourceRegister
                0x00001d98       0x10 .\CortexM3\ARM_GCC_541\Debug\Project_Final.a(ADC_theACLK.o)
                0x00001d98                ADC_theACLK_GetSourceRegister
 .text.ADC_theACLK_SetDividerRegister
                0x00001da8       0xd8 .\CortexM3\ARM_GCC_541\Debug\Project_Final.a(ADC_theACLK.o)
                0x00001da8                ADC_theACLK_SetDividerRegister
 .text.pin_SW4_int_SetVector
                0x00001e80        0xc .\CortexM3\ARM_GCC_541\Debug\Project_Final.a(pin_SW4_int.o)
                0x00001e80                pin_SW4_int_SetVector
 .text.pin_SW4_int_SetPriority
                0x00001e8c       0x10 .\CortexM3\ARM_GCC_541\Debug\Project_Final.a(pin_SW4_int.o)
                0x00001e8c                pin_SW4_int_SetPriority
 .text.pin_SW4_int_Enable
                0x00001e9c       0x10 .\CortexM3\ARM_GCC_541\Debug\Project_Final.a(pin_SW4_int.o)
                0x00001e9c                pin_SW4_int_Enable
 .text.pin_SW4_int_Disable
                0x00001eac       0x10 .\CortexM3\ARM_GCC_541\Debug\Project_Final.a(pin_SW4_int.o)
                0x00001eac                pin_SW4_int_Disable
 .text.pin_SW4_int_StartEx
                0x00001ebc       0x1c .\CortexM3\ARM_GCC_541\Debug\Project_Final.a(pin_SW4_int.o)
                0x00001ebc                pin_SW4_int_StartEx
 .text.AMux_FastSelect
                0x00001ed8       0x20 .\CortexM3\ARM_GCC_541\Debug\Project_Final.a(AMux.o)
                0x00001ed8                AMux_FastSelect
 .text.isr1_SetVector
                0x00001ef8        0xc .\CortexM3\ARM_GCC_541\Debug\Project_Final.a(isr1.o)
                0x00001ef8                isr1_SetVector
 .text.isr1_SetPriority
                0x00001f04       0x10 .\CortexM3\ARM_GCC_541\Debug\Project_Final.a(isr1.o)
                0x00001f04                isr1_SetPriority
 .text.isr1_Enable
                0x00001f14        0xc .\CortexM3\ARM_GCC_541\Debug\Project_Final.a(isr1.o)
                0x00001f14                isr1_Enable
 .text.isr1_Disable
                0x00001f20        0xc .\CortexM3\ARM_GCC_541\Debug\Project_Final.a(isr1.o)
                0x00001f20                isr1_Disable
 .text.isr1_StartEx
                0x00001f2c       0x1c .\CortexM3\ARM_GCC_541\Debug\Project_Final.a(isr1.o)
                0x00001f2c                isr1_StartEx
 .text          0x00001f48       0x20 .\CortexM3\ARM_GCC_541\Debug\Project_Final.a(CyBootAsmGnu.o)
                0x00001f48                CyDelayCycles
                0x00001f58                CyEnterCriticalSection
                0x00001f60                CyExitCriticalSection
 .text.sin      0x00001f68       0x90 c:/program files (x86)/cypress/psoc creator/4.3/psoc creator/import/gnu/arm/5.4.1/bin/../lib/gcc/arm-none-eabi/5.4.1/../../../../arm-none-eabi/lib/armv7-m\libm.a(lib_a-s_sin.o)
                0x00001f68                sin
 .text.__ieee754_rem_pio2
                0x00001ff8      0x42c c:/program files (x86)/cypress/psoc creator/4.3/psoc creator/import/gnu/arm/5.4.1/bin/../lib/gcc/arm-none-eabi/5.4.1/../../../../arm-none-eabi/lib/armv7-m\libm.a(lib_a-e_rem_pio2.o)
                0x00001ff8                __ieee754_rem_pio2
 *fill*         0x00002424        0x4 
 .text.__kernel_cos
                0x00002428      0x248 c:/program files (x86)/cypress/psoc creator/4.3/psoc creator/import/gnu/arm/5.4.1/bin/../lib/gcc/arm-none-eabi/5.4.1/../../../../arm-none-eabi/lib/armv7-m\libm.a(lib_a-k_cos.o)
                0x00002428                __kernel_cos
 .text.__kernel_rem_pio2
                0x00002670      0x7f0 c:/program files (x86)/cypress/psoc creator/4.3/psoc creator/import/gnu/arm/5.4.1/bin/../lib/gcc/arm-none-eabi/5.4.1/../../../../arm-none-eabi/lib/armv7-m\libm.a(lib_a-k_rem_pio2.o)
                0x00002670                __kernel_rem_pio2
 .text.__kernel_sin
                0x00002e60      0x16c c:/program files (x86)/cypress/psoc creator/4.3/psoc creator/import/gnu/arm/5.4.1/bin/../lib/gcc/arm-none-eabi/5.4.1/../../../../arm-none-eabi/lib/armv7-m\libm.a(lib_a-k_sin.o)
                0x00002e60                __kernel_sin
 .text.fabs     0x00002fcc        0x8 c:/program files (x86)/cypress/psoc creator/4.3/psoc creator/import/gnu/arm/5.4.1/bin/../lib/gcc/arm-none-eabi/5.4.1/../../../../arm-none-eabi/lib/armv7-m\libm.a(lib_a-s_fabs.o)
                0x00002fcc                fabs
 *fill*         0x00002fd4        0x4 
 .text.floor    0x00002fd8      0x110 c:/program files (x86)/cypress/psoc creator/4.3/psoc creator/import/gnu/arm/5.4.1/bin/../lib/gcc/arm-none-eabi/5.4.1/../../../../arm-none-eabi/lib/armv7-m\libm.a(lib_a-s_floor.o)
                0x00002fd8                floor
 .text.scalbn   0x000030e8       0xe4 c:/program files (x86)/cypress/psoc creator/4.3/psoc creator/import/gnu/arm/5.4.1/bin/../lib/gcc/arm-none-eabi/5.4.1/../../../../arm-none-eabi/lib/armv7-m\libm.a(lib_a-s_scalbn.o)
                0x000030e8                scalbn
 .text.copysign
                0x000031cc       0x10 c:/program files (x86)/cypress/psoc creator/4.3/psoc creator/import/gnu/arm/5.4.1/bin/../lib/gcc/arm-none-eabi/5.4.1/../../../../arm-none-eabi/lib/armv7-m\libm.a(lib_a-s_copysign.o)
                0x000031cc                copysign
 .text          0x000031dc      0x370 c:/program files (x86)/cypress/psoc creator/4.3/psoc creator/import/gnu/arm/5.4.1/bin/../lib/gcc/arm-none-eabi/5.4.1/armv7-m\libgcc.a(_arm_addsubdf3.o)
                0x000031dc                __aeabi_drsub
                0x000031e4                __aeabi_dsub
                0x000031e4                __subdf3
                0x000031e8                __aeabi_dadd
                0x000031e8                __adddf3
                0x00003460                __floatunsidf
                0x00003460                __aeabi_ui2d
                0x00003480                __floatsidf
                0x00003480                __aeabi_i2d
                0x000034a4                __aeabi_f2d
                0x000034a4                __extendsfdf2
                0x000034e0                __floatundidf
                0x000034e0                __aeabi_ul2d
                0x000034f0                __floatdidf
                0x000034f0                __aeabi_l2d
 .text          0x0000354c      0x424 c:/program files (x86)/cypress/psoc creator/4.3/psoc creator/import/gnu/arm/5.4.1/bin/../lib/gcc/arm-none-eabi/5.4.1/armv7-m\libgcc.a(_arm_muldivdf3.o)
                0x0000354c                __aeabi_dmul
                0x0000354c                __muldf3
                0x000037a0                __divdf3
                0x000037a0                __aeabi_ddiv
 .text          0x00003970      0x110 c:/program files (x86)/cypress/psoc creator/4.3/psoc creator/import/gnu/arm/5.4.1/bin/../lib/gcc/arm-none-eabi/5.4.1/armv7-m\libgcc.a(_arm_cmpdf2.o)
                0x00003970                __gtdf2
                0x00003970                __gedf2
                0x00003978                __ltdf2
                0x00003978                __ledf2
                0x00003980                __nedf2
                0x00003980                __eqdf2
                0x00003980                __cmpdf2
                0x000039fc                __aeabi_cdrcmple
                0x00003a0c                __aeabi_cdcmpeq
                0x00003a0c                __aeabi_cdcmple
                0x00003a1c                __aeabi_dcmpeq
                0x00003a30                __aeabi_dcmplt
                0x00003a44                __aeabi_dcmple
                0x00003a58                __aeabi_dcmpge
                0x00003a6c                __aeabi_dcmpgt
 .text          0x00003a80       0x50 c:/program files (x86)/cypress/psoc creator/4.3/psoc creator/import/gnu/arm/5.4.1/bin/../lib/gcc/arm-none-eabi/5.4.1/armv7-m\libgcc.a(_arm_fixdfsi.o)
                0x00003a80                __aeabi_d2iz
                0x00003a80                __fixdfsi
 .text          0x00003ad0       0xa0 c:/program files (x86)/cypress/psoc creator/4.3/psoc creator/import/gnu/arm/5.4.1/bin/../lib/gcc/arm-none-eabi/5.4.1/armv7-m\libgcc.a(_arm_truncdfsf2.o)
                0x00003ad0                __truncdfsf2
                0x00003ad0                __aeabi_d2f
 .text          0x00003b70      0x21c c:/program files (x86)/cypress/psoc creator/4.3/psoc creator/import/gnu/arm/5.4.1/bin/../lib/gcc/arm-none-eabi/5.4.1/armv7-m\libgcc.a(_arm_addsubsf3.o)
                0x00003b70                __aeabi_frsub
                0x00003b78                __subsf3
                0x00003b78                __aeabi_fsub
                0x00003b7c                __aeabi_fadd
                0x00003b7c                __addsf3
                0x00003cdc                __aeabi_ui2f
                0x00003cdc                __floatunsisf
                0x00003ce4                __aeabi_i2f
                0x00003ce4                __floatsisf
                0x00003d00                __aeabi_ul2f
                0x00003d00                __floatundisf
                0x00003d10                __aeabi_l2f
                0x00003d10                __floatdisf
 .text          0x00003d8c      0x2a0 c:/program files (x86)/cypress/psoc creator/4.3/psoc creator/import/gnu/arm/5.4.1/bin/../lib/gcc/arm-none-eabi/5.4.1/armv7-m\libgcc.a(_arm_muldivsf3.o)
                0x00003d8c                __mulsf3
                0x00003d8c                __aeabi_fmul
                0x00003ef4                __aeabi_fdiv
                0x00003ef4                __divsf3
 .text          0x0000402c       0x40 c:/program files (x86)/cypress/psoc creator/4.3/psoc creator/import/gnu/arm/5.4.1/bin/../lib/gcc/arm-none-eabi/5.4.1/armv7-m\libgcc.a(_arm_fixunssfsi.o)
                0x0000402c                __fixunssfsi
                0x0000402c                __aeabi_f2uiz
 .text.__errno  0x0000406c        0xc c:/program files (x86)/cypress/psoc creator/4.3/psoc creator/import/gnu/arm/5.4.1/bin/../lib/gcc/arm-none-eabi/5.4.1/../../../../arm-none-eabi/lib/armv7-m\libg_nano.a(lib_a-errno.o)
                0x0000406c                __errno
 .text.__libc_init_array
                0x00004078       0x4c c:/program files (x86)/cypress/psoc creator/4.3/psoc creator/import/gnu/arm/5.4.1/bin/../lib/gcc/arm-none-eabi/5.4.1/../../../../arm-none-eabi/lib/armv7-m\libg_nano.a(lib_a-init.o)
                0x00004078                __libc_init_array
 .text.malloc   0x000040c4       0x10 c:/program files (x86)/cypress/psoc creator/4.3/psoc creator/import/gnu/arm/5.4.1/bin/../lib/gcc/arm-none-eabi/5.4.1/../../../../arm-none-eabi/lib/armv7-m\libg_nano.a(lib_a-malloc.o)
                0x000040c4                malloc
 .text.memcpy   0x000040d4       0x16 c:/program files (x86)/cypress/psoc creator/4.3/psoc creator/import/gnu/arm/5.4.1/bin/../lib/gcc/arm-none-eabi/5.4.1/../../../../arm-none-eabi/lib/armv7-m\libg_nano.a(lib_a-memcpy-stub.o)
                0x000040d4                memcpy
 .text.memset   0x000040ea       0x10 c:/program files (x86)/cypress/psoc creator/4.3/psoc creator/import/gnu/arm/5.4.1/bin/../lib/gcc/arm-none-eabi/5.4.1/../../../../arm-none-eabi/lib/armv7-m\libg_nano.a(lib_a-memset.o)
                0x000040ea                memset
 *fill*         0x000040fa        0x2 
 .text._malloc_r
                0x000040fc       0xbc c:/program files (x86)/cypress/psoc creator/4.3/psoc creator/import/gnu/arm/5.4.1/bin/../lib/gcc/arm-none-eabi/5.4.1/../../../../arm-none-eabi/lib/armv7-m\libg_nano.a(lib_a-nano-mallocr.o)
                0x000040fc                _malloc_r
 .text._sbrk_r  0x000041b8       0x20 c:/program files (x86)/cypress/psoc creator/4.3/psoc creator/import/gnu/arm/5.4.1/bin/../lib/gcc/arm-none-eabi/5.4.1/../../../../arm-none-eabi/lib/armv7-m\libg_nano.a(lib_a-sbrkr.o)
                0x000041b8                _sbrk_r
 .text.strcpy   0x000041d8       0x10 c:/program files (x86)/cypress/psoc creator/4.3/psoc creator/import/gnu/arm/5.4.1/bin/../lib/gcc/arm-none-eabi/5.4.1/../../../../arm-none-eabi/lib/armv7-m\libg_nano.a(lib_a-strcpy.o)
                0x000041d8                strcpy
 .text          0x000041e8       0x10 c:/program files (x86)/cypress/psoc creator/4.3/psoc creator/import/gnu/arm/5.4.1/bin/../lib/gcc/arm-none-eabi/5.4.1/../../../../arm-none-eabi/lib/armv7-m\libg_nano.a(lib_a-strlen.o)
                0x000041e8                strlen
 .text.tolower  0x000041f8       0x18 c:/program files (x86)/cypress/psoc creator/4.3/psoc creator/import/gnu/arm/5.4.1/bin/../lib/gcc/arm-none-eabi/5.4.1/../../../../arm-none-eabi/lib/armv7-m\libg_nano.a(lib_a-tolower.o)
                0x000041f8                tolower
 .text.__malloc_lock
                0x00004210        0x2 c:/program files (x86)/cypress/psoc creator/4.3/psoc creator/import/gnu/arm/5.4.1/bin/../lib/gcc/arm-none-eabi/5.4.1/../../../../arm-none-eabi/lib/armv7-m\libg_nano.a(lib_a-mlock.o)
                0x00004210                __malloc_lock
 .text.__malloc_unlock
                0x00004212        0x2 c:/program files (x86)/cypress/psoc creator/4.3/psoc creator/import/gnu/arm/5.4.1/bin/../lib/gcc/arm-none-eabi/5.4.1/../../../../arm-none-eabi/lib/armv7-m\libg_nano.a(lib_a-mlock.o)
                0x00004212                __malloc_unlock
 *(.plt)
 *(.gnu.warning)
 *(.glue_7t)
 .glue_7t       0x00004214        0x0 linker stubs
 *(.glue_7)
 .glue_7        0x00004214        0x0 linker stubs
 *(.vfp11_veneer)
 .vfp11_veneer  0x00004214        0x0 linker stubs
 *(.bootloader)
 *(.ARM.extab* .gnu.linkonce.armextab.*)
 *(.gcc_except_table)

.v4_bx          0x00004214        0x0
 .v4_bx         0x00004214        0x0 linker stubs

.iplt           0x00004214        0x0
 .iplt          0x00004214        0x0 c:/program files (x86)/cypress/psoc creator/4.3/psoc creator/import/gnu/arm/5.4.1/bin/../lib/gcc/arm-none-eabi/5.4.1/armv7-m/crtbegin.o

.eh_frame_hdr
 *(.eh_frame_hdr)

.eh_frame       0x00004214        0x4
 *(.eh_frame)
 .eh_frame      0x00004214        0x0 c:/program files (x86)/cypress/psoc creator/4.3/psoc creator/import/gnu/arm/5.4.1/bin/../lib/gcc/arm-none-eabi/5.4.1/armv7-m/crtbegin.o
 .eh_frame      0x00004214        0x4 c:/program files (x86)/cypress/psoc creator/4.3/psoc creator/import/gnu/arm/5.4.1/bin/../lib/gcc/arm-none-eabi/5.4.1/armv7-m/crtend.o
                [!provide]                PROVIDE (__exidx_start, .)

.ARM.exidx
 *(.ARM.exidx* .gnu.linkonce.armexidx.*)
                0x00004218                __exidx_end = .

.rodata         0x00004218      0x470
 *(.rodata .rodata.* .gnu.linkonce.r.*)
 .rodata.str1.4
                0x00004218       0x2c .\CortexM3\ARM_GCC_541\Debug\main.o
 .rodata.str1.4
                0x00004244       0xe8 .\CortexM3\ARM_GCC_541\Debug\morse.o
                                0x130 (size before relaxing)
 .rodata        0x0000432c       0x4a .\CortexM3\ARM_GCC_541\Debug\cyfitter_cfg.o
                0x0000432c                AMux__addrTable
                0x0000433c                AMux__maskTable
                0x00004340                ADC_AMux__addrTable
                0x00004348                ADC_AMux__maskTable
 *fill*         0x00004376        0x2 
 .rodata.npio2_hw
                0x00004378       0x80 c:/program files (x86)/cypress/psoc creator/4.3/psoc creator/import/gnu/arm/5.4.1/bin/../lib/gcc/arm-none-eabi/5.4.1/../../../../arm-none-eabi/lib/armv7-m\libm.a(lib_a-e_rem_pio2.o)
 .rodata.two_over_pi
                0x000043f8      0x108 c:/program files (x86)/cypress/psoc creator/4.3/psoc creator/import/gnu/arm/5.4.1/bin/../lib/gcc/arm-none-eabi/5.4.1/../../../../arm-none-eabi/lib/armv7-m\libm.a(lib_a-e_rem_pio2.o)
 .rodata.init_jk
                0x00004500       0x10 c:/program files (x86)/cypress/psoc creator/4.3/psoc creator/import/gnu/arm/5.4.1/bin/../lib/gcc/arm-none-eabi/5.4.1/../../../../arm-none-eabi/lib/armv7-m\libm.a(lib_a-k_rem_pio2.o)
 .rodata.PIo2   0x00004510       0x40 c:/program files (x86)/cypress/psoc creator/4.3/psoc creator/import/gnu/arm/5.4.1/bin/../lib/gcc/arm-none-eabi/5.4.1/../../../../arm-none-eabi/lib/armv7-m\libm.a(lib_a-k_rem_pio2.o)
 .rodata.str1.1
                0x00004550        0x2 c:/program files (x86)/cypress/psoc creator/4.3/psoc creator/import/gnu/arm/5.4.1/bin/../lib/gcc/arm-none-eabi/5.4.1/../../../../arm-none-eabi/lib/armv7-m\libg_nano.a(lib_a-impure.o)
 .rodata._ctype_
                0x00004552      0x101 c:/program files (x86)/cypress/psoc creator/4.3/psoc creator/import/gnu/arm/5.4.1/bin/../lib/gcc/arm-none-eabi/5.4.1/../../../../arm-none-eabi/lib/armv7-m\libg_nano.a(lib_a-ctype_.o)
                0x00004552                _ctype_
                0x00004654                . = ALIGN (0x4)
 *fill*         0x00004653        0x1 
 *(.init)
 .init          0x00004654        0x4 c:/program files (x86)/cypress/psoc creator/4.3/psoc creator/import/gnu/arm/5.4.1/bin/../lib/gcc/arm-none-eabi/5.4.1/armv7-m/crti.o
                0x00004654                _init
 .init          0x00004658        0x8 c:/program files (x86)/cypress/psoc creator/4.3/psoc creator/import/gnu/arm/5.4.1/bin/../lib/gcc/arm-none-eabi/5.4.1/armv7-m/crtn.o
                0x00004660                . = ALIGN (0x4)
                0x00004660                __preinit_array_start = .
 *(.preinit_array)
                0x00004660                __preinit_array_end = .
                0x00004660                . = ALIGN (0x4)
                0x00004660                __init_array_start = .
 *(SORT(.init_array.*))
 *(.init_array)
 .init_array    0x00004660        0x4 c:/program files (x86)/cypress/psoc creator/4.3/psoc creator/import/gnu/arm/5.4.1/bin/../lib/gcc/arm-none-eabi/5.4.1/armv7-m/crtbegin.o
 .init_array    0x00004664        0x4 .\CortexM3\ARM_GCC_541\Debug\Cm3Start.o
                0x00004668                __init_array_end = .
                0x00004668                . = ALIGN (0x4)
 *(.fini)
 .fini          0x00004668        0x4 c:/program files (x86)/cypress/psoc creator/4.3/psoc creator/import/gnu/arm/5.4.1/bin/../lib/gcc/arm-none-eabi/5.4.1/armv7-m/crti.o
                0x00004668                _fini
 .fini          0x0000466c        0x8 c:/program files (x86)/cypress/psoc creator/4.3/psoc creator/import/gnu/arm/5.4.1/bin/../lib/gcc/arm-none-eabi/5.4.1/armv7-m/crtn.o
                0x00004674                . = ALIGN (0x4)
                0x00004674                __fini_array_start = .
 *(.fini_array)
 .fini_array    0x00004674        0x4 c:/program files (x86)/cypress/psoc creator/4.3/psoc creator/import/gnu/arm/5.4.1/bin/../lib/gcc/arm-none-eabi/5.4.1/armv7-m/crtbegin.o
 *(SORT(.fini_array.*))
                0x00004678                __fini_array_end = .
                0x00004678                . = ALIGN (0x4)
 *crtbegin.o(.ctors)
 *(EXCLUDE_FILE(*crtend.o) .ctors)
 *(SORT(.ctors.*))
 *crtend.o(.ctors)
                0x00004678                . = ALIGN (0x4)
 *crtbegin.o(.dtors)
 *(EXCLUDE_FILE(*crtend.o) .dtors)
 *(SORT(.dtors.*))
 *crtend.o(.dtors)
                0x00004678                . = ALIGN (0x4)
                0x00004678                __cy_regions = .
                0x00004678        0x4 LONG 0x4688 __cy_region_init_ram
                0x0000467c        0x4 LONG 0x1fff80c8 __cy_region_start_data
                0x00004680        0x4 LONG 0x118 __cy_region_init_size_ram
                0x00004684        0x4 LONG 0x200 __cy_region_zero_size_ram
                0x00004688                __cy_regions_end = .
                0x00004688                . = ALIGN (0x8)
                0x00004688                _etext = .

.cy_checksum_exclude
                0x00004688        0x0
 *(.cy_checksum_exclude)

.ramvectors     0x1fff8000       0xc0
                0x1fff8000                __cy_region_start_ram = .
 *(.ramvectors)
 .ramvectors    0x1fff8000       0xc0 .\CortexM3\ARM_GCC_541\Debug\Cm3Start.o
                0x1fff8000                CyRamVectors

.noinit         0x1fff80c0        0x1
 *(.noinit)
 .noinit        0x1fff80c0        0x1 .\CortexM3\ARM_GCC_541\Debug\Project_Final.a(CyLib.o)
                0x1fff80c0                CyResetStatus

.data           0x1fff80c8      0x118 load address 0x00004688
                0x1fff80c8                __cy_region_start_data = .
 *(.jcr)
 .jcr           0x1fff80c8        0x0 c:/program files (x86)/cypress/psoc creator/4.3/psoc creator/import/gnu/arm/5.4.1/bin/../lib/gcc/arm-none-eabi/5.4.1/armv7-m/crtbegin.o
 .jcr           0x1fff80c8        0x4 c:/program files (x86)/cypress/psoc creator/4.3/psoc creator/import/gnu/arm/5.4.1/bin/../lib/gcc/arm-none-eabi/5.4.1/armv7-m/crtend.o
 *(.got.plt)
 *(.got)
 *(.shdata)
 *(.data .data.* .gnu.linkonce.d.*)
 .data          0x1fff80cc       0x90 .\CortexM3\ARM_GCC_541\Debug\morse.o
                0x1fff80cc                numbers
                0x1fff80f4                alpha
 .data          0x1fff815c        0x4 .\CortexM3\ARM_GCC_541\Debug\Cm3Start.o
 .data          0x1fff8160       0x10 .\CortexM3\ARM_GCC_541\Debug\Project_Final.a(CyLib.o)
                0x1fff8160                cydelay_32k_ms
                0x1fff8164                cydelay_freq_khz
                0x1fff8168                cydelay_freq_mhz
                0x1fff816c                cydelay_freq_hz
 .data          0x1fff8170        0x1 .\CortexM3\ARM_GCC_541\Debug\Project_Final.a(ADC.o)
                0x1fff8170                ADC_Config
 .data          0x1fff8171        0x1 .\CortexM3\ARM_GCC_541\Debug\Project_Final.a(ADC_AMux.o)
 .data          0x1fff8172        0x1 .\CortexM3\ARM_GCC_541\Debug\Project_Final.a(AMux.o)
 *fill*         0x1fff8173        0x1 
 .data.impure_data
                0x1fff8174       0x60 c:/program files (x86)/cypress/psoc creator/4.3/psoc creator/import/gnu/arm/5.4.1/bin/../lib/gcc/arm-none-eabi/5.4.1/../../../../arm-none-eabi/lib/armv7-m\libg_nano.a(lib_a-impure.o)
 .data._impure_ptr
                0x1fff81d4        0x4 c:/program files (x86)/cypress/psoc creator/4.3/psoc creator/import/gnu/arm/5.4.1/bin/../lib/gcc/arm-none-eabi/5.4.1/../../../../arm-none-eabi/lib/armv7-m\libg_nano.a(lib_a-impure.o)
                0x1fff81d4                _impure_ptr
 .data.__ctype_ptr__
                0x1fff81d8        0x4 c:/program files (x86)/cypress/psoc creator/4.3/psoc creator/import/gnu/arm/5.4.1/bin/../lib/gcc/arm-none-eabi/5.4.1/../../../../arm-none-eabi/lib/armv7-m\libg_nano.a(lib_a-ctype_.o)
                0x1fff81d8                __ctype_ptr__
                0x1fff81e0                . = ALIGN (0x8)
 *fill*         0x1fff81dc        0x4 
 *(.ram)
                0x1fff81e0                _edata = .

.igot.plt       0x1fff81e0        0x0 load address 0x000047a0
 .igot.plt      0x1fff81e0        0x0 c:/program files (x86)/cypress/psoc creator/4.3/psoc creator/import/gnu/arm/5.4.1/bin/../lib/gcc/arm-none-eabi/5.4.1/armv7-m/crtbegin.o

.bss            0x1fff81e0      0x200 load address 0x000047a0
                0x1fff81e0                PROVIDE (__bss_start__, .)
 *(.shbss)
 *(.bss .bss.* .gnu.linkonce.b.*)
 .bss           0x1fff81e0       0x1c c:/program files (x86)/cypress/psoc creator/4.3/psoc creator/import/gnu/arm/5.4.1/bin/../lib/gcc/arm-none-eabi/5.4.1/armv7-m/crtbegin.o
 .bss           0x1fff81fc        0xd .\CortexM3\ARM_GCC_541\Debug\main.o
                0x1fff81fc                flag
                0x1fff8200                clock
                0x1fff8204                clock2
                0x1fff8208                pushSW4
 .bss           0x1fff8209        0x1 .\CortexM3\ARM_GCC_541\Debug\Project_Final.a(Timer.o)
                0x1fff8209                Timer_initVar
 .bss           0x1fff820a        0x1 .\CortexM3\ARM_GCC_541\Debug\Project_Final.a(VDAC.o)
                0x1fff820a                VDAC_initVar
 .bss           0x1fff820b        0x1 .\CortexM3\ARM_GCC_541\Debug\Project_Final.a(Timer_1.o)
                0x1fff820b                Timer_1_initVar
 .bss           0x1fff820c        0x2 .\CortexM3\ARM_GCC_541\Debug\Project_Final.a(LCD.o)
                0x1fff820c                LCD_enableState
                0x1fff820d                LCD_initVar
 .bss           0x1fff820e        0x2 .\CortexM3\ARM_GCC_541\Debug\Project_Final.a(UART.o)
                0x1fff820e                UART_initVar
 .bss           0x1fff8210        0x1 .\CortexM3\ARM_GCC_541\Debug\Project_Final.a(PWM.o)
                0x1fff8210                PWM_initVar
 *fill*         0x1fff8211        0x3 
 .bss           0x1fff8214       0x18 .\CortexM3\ARM_GCC_541\Debug\Project_Final.a(ADC.o)
                0x1fff8224                ADC_stopConversion
                0x1fff8225                ADC_convDone
                0x1fff8226                ADC_initVar
                0x1fff8227                ADC_started
                0x1fff8228                ADC_Offset
 .bss.__malloc_sbrk_start
                0x1fff822c        0x4 c:/program files (x86)/cypress/psoc creator/4.3/psoc creator/import/gnu/arm/5.4.1/bin/../lib/gcc/arm-none-eabi/5.4.1/../../../../arm-none-eabi/lib/armv7-m\libg_nano.a(lib_a-nano-mallocr.o)
                0x1fff822c                __malloc_sbrk_start
 .bss.__malloc_free_list
                0x1fff8230        0x4 c:/program files (x86)/cypress/psoc creator/4.3/psoc creator/import/gnu/arm/5.4.1/bin/../lib/gcc/arm-none-eabi/5.4.1/../../../../arm-none-eabi/lib/armv7-m\libg_nano.a(lib_a-nano-mallocr.o)
                0x1fff8230                __malloc_free_list
 *(COMMON)
 COMMON         0x1fff8234      0x1a0 .\CortexM3\ARM_GCC_541\Debug\main.o
                0x1fff8234                rxData
                0x1fff8235                lightOn
                0x1fff8238                adc_value
                0x1fff823c                i
                0x1fff8240                signal
                0x1fff83d0                adc_value_float
 COMMON         0x1fff83d4        0x4 .\CortexM3\ARM_GCC_541\Debug\Project_Final.a(ADC.o)
                0x1fff83d4                ADC_CountsPerVolt
 COMMON         0x1fff83d8        0x4 c:/program files (x86)/cypress/psoc creator/4.3/psoc creator/import/gnu/arm/5.4.1/bin/../lib/gcc/arm-none-eabi/5.4.1/../../../../arm-none-eabi/lib/armv7-m\libg_nano.a(lib_a-reent.o)
                0x1fff83d8                errno
                0x1fff83e0                . = ALIGN (0x8)
 *fill*         0x1fff83dc        0x4 
 *(.ram.b)
                0x1fff83e0                _end = .
                0x1fff83e0                __end = .
                0x1fff83e0                PROVIDE (end, .)
                0x1fff83e0                PROVIDE (__bss_end__, .)
                0x00004688                __cy_region_init_ram = LOADADDR (.data)
                0x00000118                __cy_region_init_size_ram = (_edata - ADDR (.data))
                0x00000200                __cy_region_zero_size_ram = (_end - _edata)

.heap           0x1fff83e0       0x80 load address 0x000047a0
                0x1fff83e0                . = _end
                0x1fff8460                . = (. + 0x80)
 *fill*         0x1fff83e0       0x80 
                0x1fff8460                __cy_heap_limit = .

.stack          0x20007800      0x800
                0x20007800                __cy_stack_limit = .
                0x20008000                . = (. + 0x800)
 *fill*         0x20007800      0x800 
                0x00000001                ASSERT ((__cy_stack_limit >= __cy_heap_limit), region RAM overflowed with stack)
                0x00000000                cy_checksum_exclude_size = (CY_APPL_LOADABLE == 0x1)?SIZEOF (.cy_checksum_exclude):0x0
                0x00000001                ASSERT ((cy_checksum_exclude_size <= CY_CHECKSUM_EXCLUDE_SIZE), CY_BOOT: Section .cy_checksum_exclude size exceedes specified limit.)

.cyloadermeta
 *(.cyloadermeta)

.cyloadablemeta
 *(.cyloadablemeta)

.cyconfigecc    0x80000000      0x5cc
 *(.cyconfigecc)
 .cyconfigecc   0x80000000      0x5cc .\CortexM3\ARM_GCC_541\Debug\cymetadata.o
                0x80000000                cy_meta_configecc

.cycustnvl      0x90000000        0x4
 *(.cycustnvl)
 .cycustnvl     0x90000000        0x4 .\CortexM3\ARM_GCC_541\Debug\cymetadata.o
                0x90000000                cy_meta_custnvl

.cywolatch      0x90100000        0x4
 *(.cywolatch)
 .cywolatch     0x90100000        0x4 .\CortexM3\ARM_GCC_541\Debug\cymetadata.o
                0x90100000                cy_meta_wonvl

.cyeeprom       0x90200000        0x0
 *(.cyeeprom)
                0x00000001                ASSERT ((. <= ((0x90200000 + ee_offset) + ee_size)), .cyeeprom data will not fit in EEPROM)

.cyflashprotect
                0x90400000      0x100
 *(.cyflashprotect)
 .cyflashprotect
                0x90400000      0x100 .\CortexM3\ARM_GCC_541\Debug\cymetadata.o
                0x90400000                cy_meta_flashprotect

.cymeta         0x90500000        0xc
 *(.cymeta)
 .cymeta        0x90500000        0xc .\CortexM3\ARM_GCC_541\Debug\cymetadata.o
                0x90500000                cy_metadata

.rel.dyn        0x000047a0        0x0 load address 0x9050000c
 .rel.iplt      0x000047a0        0x0 c:/program files (x86)/cypress/psoc creator/4.3/psoc creator/import/gnu/arm/5.4.1/bin/../lib/gcc/arm-none-eabi/5.4.1/armv7-m/crtbegin.o

.stab
 *(.stab)

.stabstr
 *(.stabstr)

.debug
 *(.debug)

.line
 *(.line)

.debug_srcinfo
 *(.debug_srcinfo)

.debug_sfnames
 *(.debug_sfnames)

.debug_aranges  0x00000000     0x1178
 *(.debug_aranges)
 .debug_aranges
                0x00000000       0xa8 .\CortexM3\ARM_GCC_541\Debug\main.o
 .debug_aranges
                0x000000a8       0x28 .\CortexM3\ARM_GCC_541\Debug\keypad.o
 .debug_aranges
                0x000000d0       0x20 .\CortexM3\ARM_GCC_541\Debug\morse.o
 .debug_aranges
                0x000000f0       0x78 .\CortexM3\ARM_GCC_541\Debug\cyfitter_cfg.o
 .debug_aranges
                0x00000168       0x18 .\CortexM3\ARM_GCC_541\Debug\cymetadata.o
 .debug_aranges
                0x00000180       0x48 .\CortexM3\ARM_GCC_541\Debug\Cm3Start.o
 .debug_aranges
                0x000001c8       0x38 .\CortexM3\ARM_GCC_541\Debug\Project_Final.a(Led_1.o)
 .debug_aranges
                0x00000200       0x38 .\CortexM3\ARM_GCC_541\Debug\Project_Final.a(Led_2.o)
 .debug_aranges
                0x00000238       0x38 .\CortexM3\ARM_GCC_541\Debug\Project_Final.a(Led_3.o)
 .debug_aranges
                0x00000270       0x38 .\CortexM3\ARM_GCC_541\Debug\Project_Final.a(Led_4.o)
 .debug_aranges
                0x000002a8      0x2a0 .\CortexM3\ARM_GCC_541\Debug\Project_Final.a(CyLib.o)
 .debug_aranges
                0x00000548       0x98 .\CortexM3\ARM_GCC_541\Debug\Project_Final.a(cyPm.o)
 .debug_aranges
                0x000005e0       0x38 .\CortexM3\ARM_GCC_541\Debug\Project_Final.a(SW1.o)
 .debug_aranges
                0x00000618       0x88 .\CortexM3\ARM_GCC_541\Debug\Project_Final.a(Timer.o)
 .debug_aranges
                0x000006a0       0x58 .\CortexM3\ARM_GCC_541\Debug\Project_Final.a(VDAC.o)
 .debug_aranges
                0x000006f8       0x80 .\CortexM3\ARM_GCC_541\Debug\Project_Final.a(isr.o)
 .debug_aranges
                0x00000778       0x38 .\CortexM3\ARM_GCC_541\Debug\Project_Final.a(SW2.o)
 .debug_aranges
                0x000007b0       0x38 .\CortexM3\ARM_GCC_541\Debug\Project_Final.a(SW3.o)
 .debug_aranges
                0x000007e8       0x48 .\CortexM3\ARM_GCC_541\Debug\Project_Final.a(SW4.o)
 .debug_aranges
                0x00000830       0x88 .\CortexM3\ARM_GCC_541\Debug\Project_Final.a(Timer_1.o)
 .debug_aranges
                0x000008b8       0x38 .\CortexM3\ARM_GCC_541\Debug\Project_Final.a(COL1.o)
 .debug_aranges
                0x000008f0       0x38 .\CortexM3\ARM_GCC_541\Debug\Project_Final.a(COL2.o)
 .debug_aranges
                0x00000928       0x38 .\CortexM3\ARM_GCC_541\Debug\Project_Final.a(ROW1.o)
 .debug_aranges
                0x00000960       0x38 .\CortexM3\ARM_GCC_541\Debug\Project_Final.a(ROW0.o)
 .debug_aranges
                0x00000998       0x38 .\CortexM3\ARM_GCC_541\Debug\Project_Final.a(ROW2.o)
 .debug_aranges
                0x000009d0       0x38 .\CortexM3\ARM_GCC_541\Debug\Project_Final.a(ROW3.o)
 .debug_aranges
                0x00000a08       0x38 .\CortexM3\ARM_GCC_541\Debug\Project_Final.a(COL3.o)
 .debug_aranges
                0x00000a40       0x98 .\CortexM3\ARM_GCC_541\Debug\Project_Final.a(LCD.o)
 .debug_aranges
                0x00000ad8       0xf0 .\CortexM3\ARM_GCC_541\Debug\Project_Final.a(UART.o)
 .debug_aranges
                0x00000bc8       0xa8 .\CortexM3\ARM_GCC_541\Debug\Project_Final.a(PWM.o)
 .debug_aranges
                0x00000c70       0x70 .\CortexM3\ARM_GCC_541\Debug\Project_Final.a(UART_IntClock.o)
 .debug_aranges
                0x00000ce0       0xe8 .\CortexM3\ARM_GCC_541\Debug\Project_Final.a(ADC.o)
 .debug_aranges
                0x00000dc8       0x38 .\CortexM3\ARM_GCC_541\Debug\Project_Final.a(ADC_INT.o)
 .debug_aranges
                0x00000e00       0x30 .\CortexM3\ARM_GCC_541\Debug\Project_Final.a(ADC_AMux.o)
 .debug_aranges
                0x00000e30       0x70 .\CortexM3\ARM_GCC_541\Debug\Project_Final.a(ADC_Ext_CP_Clk.o)
 .debug_aranges
                0x00000ea0       0x80 .\CortexM3\ARM_GCC_541\Debug\Project_Final.a(ADC_theACLK.o)
 .debug_aranges
                0x00000f20       0x80 .\CortexM3\ARM_GCC_541\Debug\Project_Final.a(pin_SW4_int.o)
 .debug_aranges
                0x00000fa0       0x30 .\CortexM3\ARM_GCC_541\Debug\Project_Final.a(AMux.o)
 .debug_aranges
                0x00000fd0       0x80 .\CortexM3\ARM_GCC_541\Debug\Project_Final.a(isr1.o)
 .debug_aranges
                0x00001050       0x20 .\CortexM3\ARM_GCC_541\Debug\Project_Final.a(CyBootAsmGnu.o)
 .debug_aranges
                0x00001070       0x88 .\CortexM3\ARM_GCC_541\Debug\Project_Final.a(CyFlash.o)
 .debug_aranges
                0x000010f8       0x80 .\CortexM3\ARM_GCC_541\Debug\Project_Final.a(CySpc.o)

.debug_pubnames
 *(.debug_pubnames)

.debug_info     0x00000000     0x910c
 *(.debug_info .gnu.linkonce.wi.*)
 .debug_info    0x00000000      0xe2f .\CortexM3\ARM_GCC_541\Debug\main.o
 .debug_info    0x00000e2f      0x380 .\CortexM3\ARM_GCC_541\Debug\keypad.o
 .debug_info    0x000011af      0x130 .\CortexM3\ARM_GCC_541\Debug\morse.o
 .debug_info    0x000012df      0x6ab .\CortexM3\ARM_GCC_541\Debug\cyfitter_cfg.o
 .debug_info    0x0000198a      0x137 .\CortexM3\ARM_GCC_541\Debug\cymetadata.o
 .debug_info    0x00001ac1      0x3bb .\CortexM3\ARM_GCC_541\Debug\Cm3Start.o
 .debug_info    0x00001e7c      0x11f .\CortexM3\ARM_GCC_541\Debug\Project_Final.a(Led_1.o)
 .debug_info    0x00001f9b      0x11f .\CortexM3\ARM_GCC_541\Debug\Project_Final.a(Led_2.o)
 .debug_info    0x000020ba      0x11f .\CortexM3\ARM_GCC_541\Debug\Project_Final.a(Led_3.o)
 .debug_info    0x000021d9      0x11f .\CortexM3\ARM_GCC_541\Debug\Project_Final.a(Led_4.o)
 .debug_info    0x000022f8     0x1374 .\CortexM3\ARM_GCC_541\Debug\Project_Final.a(CyLib.o)
 .debug_info    0x0000366c      0xa2a .\CortexM3\ARM_GCC_541\Debug\Project_Final.a(cyPm.o)
 .debug_info    0x00004096      0x11f .\CortexM3\ARM_GCC_541\Debug\Project_Final.a(SW1.o)
 .debug_info    0x000041b5      0x295 .\CortexM3\ARM_GCC_541\Debug\Project_Final.a(Timer.o)
 .debug_info    0x0000444a      0x1e0 .\CortexM3\ARM_GCC_541\Debug\Project_Final.a(VDAC.o)
 .debug_info    0x0000462a      0x2d2 .\CortexM3\ARM_GCC_541\Debug\Project_Final.a(isr.o)
 .debug_info    0x000048fc      0x11f .\CortexM3\ARM_GCC_541\Debug\Project_Final.a(SW2.o)
 .debug_info    0x00004a1b      0x11f .\CortexM3\ARM_GCC_541\Debug\Project_Final.a(SW3.o)
 .debug_info    0x00004b3a      0x174 .\CortexM3\ARM_GCC_541\Debug\Project_Final.a(SW4.o)
 .debug_info    0x00004cae      0x295 .\CortexM3\ARM_GCC_541\Debug\Project_Final.a(Timer_1.o)
 .debug_info    0x00004f43      0x11f .\CortexM3\ARM_GCC_541\Debug\Project_Final.a(COL1.o)
 .debug_info    0x00005062      0x11f .\CortexM3\ARM_GCC_541\Debug\Project_Final.a(COL2.o)
 .debug_info    0x00005181      0x11f .\CortexM3\ARM_GCC_541\Debug\Project_Final.a(ROW1.o)
 .debug_info    0x000052a0      0x11f .\CortexM3\ARM_GCC_541\Debug\Project_Final.a(ROW0.o)
 .debug_info    0x000053bf      0x11f .\CortexM3\ARM_GCC_541\Debug\Project_Final.a(ROW2.o)
 .debug_info    0x000054de      0x11f .\CortexM3\ARM_GCC_541\Debug\Project_Final.a(ROW3.o)
 .debug_info    0x000055fd      0x11f .\CortexM3\ARM_GCC_541\Debug\Project_Final.a(COL3.o)
 .debug_info    0x0000571c      0x715 .\CortexM3\ARM_GCC_541\Debug\Project_Final.a(LCD.o)
 .debug_info    0x00005e31      0x60c .\CortexM3\ARM_GCC_541\Debug\Project_Final.a(UART.o)
 .debug_info    0x0000643d      0x3a4 .\CortexM3\ARM_GCC_541\Debug\Project_Final.a(PWM.o)
 .debug_info    0x000067e1      0x283 .\CortexM3\ARM_GCC_541\Debug\Project_Final.a(UART_IntClock.o)
 .debug_info    0x00006a64      0xbed .\CortexM3\ARM_GCC_541\Debug\Project_Final.a(ADC.o)
 .debug_info    0x00007651       0xd3 .\CortexM3\ARM_GCC_541\Debug\Project_Final.a(ADC_INT.o)
 .debug_info    0x00007724      0x165 .\CortexM3\ARM_GCC_541\Debug\Project_Final.a(ADC_AMux.o)
 .debug_info    0x00007889      0x283 .\CortexM3\ARM_GCC_541\Debug\Project_Final.a(ADC_Ext_CP_Clk.o)
 .debug_info    0x00007b0c      0x2c4 .\CortexM3\ARM_GCC_541\Debug\Project_Final.a(ADC_theACLK.o)
 .debug_info    0x00007dd0      0x2d2 .\CortexM3\ARM_GCC_541\Debug\Project_Final.a(pin_SW4_int.o)
 .debug_info    0x000080a2      0x165 .\CortexM3\ARM_GCC_541\Debug\Project_Final.a(AMux.o)
 .debug_info    0x00008207      0x2d2 .\CortexM3\ARM_GCC_541\Debug\Project_Final.a(isr1.o)
 .debug_info    0x000084d9       0x96 .\CortexM3\ARM_GCC_541\Debug\Project_Final.a(CyBootAsmGnu.o)
 .debug_info    0x0000856f      0x64d .\CortexM3\ARM_GCC_541\Debug\Project_Final.a(CyFlash.o)
 .debug_info    0x00008bbc      0x550 .\CortexM3\ARM_GCC_541\Debug\Project_Final.a(CySpc.o)

.debug_abbrev   0x00000000     0x2a9a
 *(.debug_abbrev)
 .debug_abbrev  0x00000000      0x228 .\CortexM3\ARM_GCC_541\Debug\main.o
 .debug_abbrev  0x00000228       0xc5 .\CortexM3\ARM_GCC_541\Debug\keypad.o
 .debug_abbrev  0x000002ed       0xcd .\CortexM3\ARM_GCC_541\Debug\morse.o
 .debug_abbrev  0x000003ba      0x21e .\CortexM3\ARM_GCC_541\Debug\cyfitter_cfg.o
 .debug_abbrev  0x000005d8       0x77 .\CortexM3\ARM_GCC_541\Debug\cymetadata.o
 .debug_abbrev  0x0000064f      0x1e8 .\CortexM3\ARM_GCC_541\Debug\Cm3Start.o
 .debug_abbrev  0x00000837       0x90 .\CortexM3\ARM_GCC_541\Debug\Project_Final.a(Led_1.o)
 .debug_abbrev  0x000008c7       0x90 .\CortexM3\ARM_GCC_541\Debug\Project_Final.a(Led_2.o)
 .debug_abbrev  0x00000957       0x90 .\CortexM3\ARM_GCC_541\Debug\Project_Final.a(Led_3.o)
 .debug_abbrev  0x000009e7       0x90 .\CortexM3\ARM_GCC_541\Debug\Project_Final.a(Led_4.o)
 .debug_abbrev  0x00000a77      0x254 .\CortexM3\ARM_GCC_541\Debug\Project_Final.a(CyLib.o)
 .debug_abbrev  0x00000ccb      0x1ab .\CortexM3\ARM_GCC_541\Debug\Project_Final.a(cyPm.o)
 .debug_abbrev  0x00000e76       0x90 .\CortexM3\ARM_GCC_541\Debug\Project_Final.a(SW1.o)
 .debug_abbrev  0x00000f06      0x11a .\CortexM3\ARM_GCC_541\Debug\Project_Final.a(Timer.o)
 .debug_abbrev  0x00001020       0xf7 .\CortexM3\ARM_GCC_541\Debug\Project_Final.a(VDAC.o)
 .debug_abbrev  0x00001117      0x173 .\CortexM3\ARM_GCC_541\Debug\Project_Final.a(isr.o)
 .debug_abbrev  0x0000128a       0x90 .\CortexM3\ARM_GCC_541\Debug\Project_Final.a(SW2.o)
 .debug_abbrev  0x0000131a       0x90 .\CortexM3\ARM_GCC_541\Debug\Project_Final.a(SW3.o)
 .debug_abbrev  0x000013aa       0x90 .\CortexM3\ARM_GCC_541\Debug\Project_Final.a(SW4.o)
 .debug_abbrev  0x0000143a      0x11a .\CortexM3\ARM_GCC_541\Debug\Project_Final.a(Timer_1.o)
 .debug_abbrev  0x00001554       0x90 .\CortexM3\ARM_GCC_541\Debug\Project_Final.a(COL1.o)
 .debug_abbrev  0x000015e4       0x90 .\CortexM3\ARM_GCC_541\Debug\Project_Final.a(COL2.o)
 .debug_abbrev  0x00001674       0x90 .\CortexM3\ARM_GCC_541\Debug\Project_Final.a(ROW1.o)
 .debug_abbrev  0x00001704       0x90 .\CortexM3\ARM_GCC_541\Debug\Project_Final.a(ROW0.o)
 .debug_abbrev  0x00001794       0x90 .\CortexM3\ARM_GCC_541\Debug\Project_Final.a(ROW2.o)
 .debug_abbrev  0x00001824       0x90 .\CortexM3\ARM_GCC_541\Debug\Project_Final.a(ROW3.o)
 .debug_abbrev  0x000018b4       0x90 .\CortexM3\ARM_GCC_541\Debug\Project_Final.a(COL3.o)
 .debug_abbrev  0x00001944      0x157 .\CortexM3\ARM_GCC_541\Debug\Project_Final.a(LCD.o)
 .debug_abbrev  0x00001a9b      0x175 .\CortexM3\ARM_GCC_541\Debug\Project_Final.a(UART.o)
 .debug_abbrev  0x00001c10      0x133 .\CortexM3\ARM_GCC_541\Debug\Project_Final.a(PWM.o)
 .debug_abbrev  0x00001d43      0x139 .\CortexM3\ARM_GCC_541\Debug\Project_Final.a(UART_IntClock.o)
 .debug_abbrev  0x00001e7c      0x1eb .\CortexM3\ARM_GCC_541\Debug\Project_Final.a(ADC.o)
 .debug_abbrev  0x00002067       0x42 .\CortexM3\ARM_GCC_541\Debug\Project_Final.a(ADC_INT.o)
 .debug_abbrev  0x000020a9       0xb1 .\CortexM3\ARM_GCC_541\Debug\Project_Final.a(ADC_AMux.o)
 .debug_abbrev  0x0000215a      0x139 .\CortexM3\ARM_GCC_541\Debug\Project_Final.a(ADC_Ext_CP_Clk.o)
 .debug_abbrev  0x00002293      0x121 .\CortexM3\ARM_GCC_541\Debug\Project_Final.a(ADC_theACLK.o)
 .debug_abbrev  0x000023b4      0x173 .\CortexM3\ARM_GCC_541\Debug\Project_Final.a(pin_SW4_int.o)
 .debug_abbrev  0x00002527       0xb1 .\CortexM3\ARM_GCC_541\Debug\Project_Final.a(AMux.o)
 .debug_abbrev  0x000025d8      0x173 .\CortexM3\ARM_GCC_541\Debug\Project_Final.a(isr1.o)
 .debug_abbrev  0x0000274b       0x14 .\CortexM3\ARM_GCC_541\Debug\Project_Final.a(CyBootAsmGnu.o)
 .debug_abbrev  0x0000275f      0x1a7 .\CortexM3\ARM_GCC_541\Debug\Project_Final.a(CyFlash.o)
 .debug_abbrev  0x00002906      0x194 .\CortexM3\ARM_GCC_541\Debug\Project_Final.a(CySpc.o)

.debug_line     0x00000000     0x3da1
 *(.debug_line)
 .debug_line    0x00000000      0x52e .\CortexM3\ARM_GCC_541\Debug\main.o
 .debug_line    0x0000052e      0x1ec .\CortexM3\ARM_GCC_541\Debug\keypad.o
 .debug_line    0x0000071a       0x4b .\CortexM3\ARM_GCC_541\Debug\morse.o
 .debug_line    0x00000765      0x238 .\CortexM3\ARM_GCC_541\Debug\cyfitter_cfg.o
 .debug_line    0x0000099d      0x141 .\CortexM3\ARM_GCC_541\Debug\cymetadata.o
 .debug_line    0x00000ade      0x234 .\CortexM3\ARM_GCC_541\Debug\Cm3Start.o
 .debug_line    0x00000d12       0x92 .\CortexM3\ARM_GCC_541\Debug\Project_Final.a(Led_1.o)
 .debug_line    0x00000da4       0x92 .\CortexM3\ARM_GCC_541\Debug\Project_Final.a(Led_2.o)
 .debug_line    0x00000e36       0x92 .\CortexM3\ARM_GCC_541\Debug\Project_Final.a(Led_3.o)
 .debug_line    0x00000ec8       0x92 .\CortexM3\ARM_GCC_541\Debug\Project_Final.a(Led_4.o)
 .debug_line    0x00000f5a      0x816 .\CortexM3\ARM_GCC_541\Debug\Project_Final.a(CyLib.o)
 .debug_line    0x00001770      0x367 .\CortexM3\ARM_GCC_541\Debug\Project_Final.a(cyPm.o)
 .debug_line    0x00001ad7       0x90 .\CortexM3\ARM_GCC_541\Debug\Project_Final.a(SW1.o)
 .debug_line    0x00001b67      0x153 .\CortexM3\ARM_GCC_541\Debug\Project_Final.a(Timer.o)
 .debug_line    0x00001cba       0xe1 .\CortexM3\ARM_GCC_541\Debug\Project_Final.a(VDAC.o)
 .debug_line    0x00001d9b      0x130 .\CortexM3\ARM_GCC_541\Debug\Project_Final.a(isr.o)
 .debug_line    0x00001ecb       0x90 .\CortexM3\ARM_GCC_541\Debug\Project_Final.a(SW2.o)
 .debug_line    0x00001f5b       0x90 .\CortexM3\ARM_GCC_541\Debug\Project_Final.a(SW3.o)
 .debug_line    0x00001feb       0xb4 .\CortexM3\ARM_GCC_541\Debug\Project_Final.a(SW4.o)
 .debug_line    0x0000209f      0x155 .\CortexM3\ARM_GCC_541\Debug\Project_Final.a(Timer_1.o)
 .debug_line    0x000021f4       0x91 .\CortexM3\ARM_GCC_541\Debug\Project_Final.a(COL1.o)
 .debug_line    0x00002285       0x91 .\CortexM3\ARM_GCC_541\Debug\Project_Final.a(COL2.o)
 .debug_line    0x00002316       0x91 .\CortexM3\ARM_GCC_541\Debug\Project_Final.a(ROW1.o)
 .debug_line    0x000023a7       0x91 .\CortexM3\ARM_GCC_541\Debug\Project_Final.a(ROW0.o)
 .debug_line    0x00002438       0x91 .\CortexM3\ARM_GCC_541\Debug\Project_Final.a(ROW2.o)
 .debug_line    0x000024c9       0x91 .\CortexM3\ARM_GCC_541\Debug\Project_Final.a(ROW3.o)
 .debug_line    0x0000255a       0x91 .\CortexM3\ARM_GCC_541\Debug\Project_Final.a(COL3.o)
 .debug_line    0x000025eb      0x1dc .\CortexM3\ARM_GCC_541\Debug\Project_Final.a(LCD.o)
 .debug_line    0x000027c7      0x2bc .\CortexM3\ARM_GCC_541\Debug\Project_Final.a(UART.o)
 .debug_line    0x00002a83      0x1aa .\CortexM3\ARM_GCC_541\Debug\Project_Final.a(PWM.o)
 .debug_line    0x00002c2d      0x17c .\CortexM3\ARM_GCC_541\Debug\Project_Final.a(UART_IntClock.o)
 .debug_line    0x00002da9      0x3c1 .\CortexM3\ARM_GCC_541\Debug\Project_Final.a(ADC.o)
 .debug_line    0x0000316a       0x80 .\CortexM3\ARM_GCC_541\Debug\Project_Final.a(ADC_INT.o)
 .debug_line    0x000031ea       0xac .\CortexM3\ARM_GCC_541\Debug\Project_Final.a(ADC_AMux.o)
 .debug_line    0x00003296      0x17d .\CortexM3\ARM_GCC_541\Debug\Project_Final.a(ADC_Ext_CP_Clk.o)
 .debug_line    0x00003413      0x19d .\CortexM3\ARM_GCC_541\Debug\Project_Final.a(ADC_theACLK.o)
 .debug_line    0x000035b0      0x138 .\CortexM3\ARM_GCC_541\Debug\Project_Final.a(pin_SW4_int.o)
 .debug_line    0x000036e8       0xa8 .\CortexM3\ARM_GCC_541\Debug\Project_Final.a(AMux.o)
 .debug_line    0x00003790      0x131 .\CortexM3\ARM_GCC_541\Debug\Project_Final.a(isr1.o)
 .debug_line    0x000038c1       0x66 .\CortexM3\ARM_GCC_541\Debug\Project_Final.a(CyBootAsmGnu.o)
 .debug_line    0x00003927      0x21a .\CortexM3\ARM_GCC_541\Debug\Project_Final.a(CyFlash.o)
 .debug_line    0x00003b41      0x260 .\CortexM3\ARM_GCC_541\Debug\Project_Final.a(CySpc.o)

.debug_frame    0x00000000     0x2bbc
 *(.debug_frame)
 .debug_frame   0x00000000      0x238 .\CortexM3\ARM_GCC_541\Debug\main.o
 .debug_frame   0x00000238       0x48 .\CortexM3\ARM_GCC_541\Debug\keypad.o
 .debug_frame   0x00000280       0x2c .\CortexM3\ARM_GCC_541\Debug\morse.o
 .debug_frame   0x000002ac      0x13c .\CortexM3\ARM_GCC_541\Debug\cyfitter_cfg.o
 .debug_frame   0x000003e8       0xb8 .\CortexM3\ARM_GCC_541\Debug\Cm3Start.o
 .debug_frame   0x000004a0       0x50 .\CortexM3\ARM_GCC_541\Debug\Project_Final.a(Led_1.o)
 .debug_frame   0x000004f0       0x50 .\CortexM3\ARM_GCC_541\Debug\Project_Final.a(Led_2.o)
 .debug_frame   0x00000540       0x50 .\CortexM3\ARM_GCC_541\Debug\Project_Final.a(Led_3.o)
 .debug_frame   0x00000590       0x50 .\CortexM3\ARM_GCC_541\Debug\Project_Final.a(Led_4.o)
 .debug_frame   0x000005e0      0x738 .\CortexM3\ARM_GCC_541\Debug\Project_Final.a(CyLib.o)
 .debug_frame   0x00000d18      0x1f8 .\CortexM3\ARM_GCC_541\Debug\Project_Final.a(cyPm.o)
 .debug_frame   0x00000f10       0x50 .\CortexM3\ARM_GCC_541\Debug\Project_Final.a(SW1.o)
 .debug_frame   0x00000f60      0x108 .\CortexM3\ARM_GCC_541\Debug\Project_Final.a(Timer.o)
 .debug_frame   0x00001068       0xb4 .\CortexM3\ARM_GCC_541\Debug\Project_Final.a(VDAC.o)
 .debug_frame   0x0000111c      0x104 .\CortexM3\ARM_GCC_541\Debug\Project_Final.a(isr.o)
 .debug_frame   0x00001220       0x50 .\CortexM3\ARM_GCC_541\Debug\Project_Final.a(SW2.o)
 .debug_frame   0x00001270       0x50 .\CortexM3\ARM_GCC_541\Debug\Project_Final.a(SW3.o)
 .debug_frame   0x000012c0       0x70 .\CortexM3\ARM_GCC_541\Debug\Project_Final.a(SW4.o)
 .debug_frame   0x00001330      0x108 .\CortexM3\ARM_GCC_541\Debug\Project_Final.a(Timer_1.o)
 .debug_frame   0x00001438       0x50 .\CortexM3\ARM_GCC_541\Debug\Project_Final.a(COL1.o)
 .debug_frame   0x00001488       0x50 .\CortexM3\ARM_GCC_541\Debug\Project_Final.a(COL2.o)
 .debug_frame   0x000014d8       0x50 .\CortexM3\ARM_GCC_541\Debug\Project_Final.a(ROW1.o)
 .debug_frame   0x00001528       0x50 .\CortexM3\ARM_GCC_541\Debug\Project_Final.a(ROW0.o)
 .debug_frame   0x00001578       0x50 .\CortexM3\ARM_GCC_541\Debug\Project_Final.a(ROW2.o)
 .debug_frame   0x000015c8       0x50 .\CortexM3\ARM_GCC_541\Debug\Project_Final.a(ROW3.o)
 .debug_frame   0x00001618       0x50 .\CortexM3\ARM_GCC_541\Debug\Project_Final.a(COL3.o)
 .debug_frame   0x00001668      0x1e8 .\CortexM3\ARM_GCC_541\Debug\Project_Final.a(LCD.o)
 .debug_frame   0x00001850      0x250 .\CortexM3\ARM_GCC_541\Debug\Project_Final.a(UART.o)
 .debug_frame   0x00001aa0      0x154 .\CortexM3\ARM_GCC_541\Debug\Project_Final.a(PWM.o)
 .debug_frame   0x00001bf4       0xe0 .\CortexM3\ARM_GCC_541\Debug\Project_Final.a(UART_IntClock.o)
 .debug_frame   0x00001cd4      0x284 .\CortexM3\ARM_GCC_541\Debug\Project_Final.a(ADC.o)
 .debug_frame   0x00001f58       0x50 .\CortexM3\ARM_GCC_541\Debug\Project_Final.a(ADC_INT.o)
 .debug_frame   0x00001fa8       0x64 .\CortexM3\ARM_GCC_541\Debug\Project_Final.a(ADC_AMux.o)
 .debug_frame   0x0000200c       0xe0 .\CortexM3\ARM_GCC_541\Debug\Project_Final.a(ADC_Ext_CP_Clk.o)
 .debug_frame   0x000020ec      0x100 .\CortexM3\ARM_GCC_541\Debug\Project_Final.a(ADC_theACLK.o)
 .debug_frame   0x000021ec      0x104 .\CortexM3\ARM_GCC_541\Debug\Project_Final.a(pin_SW4_int.o)
 .debug_frame   0x000022f0       0x64 .\CortexM3\ARM_GCC_541\Debug\Project_Final.a(AMux.o)
 .debug_frame   0x00002354      0x104 .\CortexM3\ARM_GCC_541\Debug\Project_Final.a(isr1.o)
 .debug_frame   0x00002458      0x194 .\CortexM3\ARM_GCC_541\Debug\Project_Final.a(CyFlash.o)
 .debug_frame   0x000025ec      0x180 .\CortexM3\ARM_GCC_541\Debug\Project_Final.a(CySpc.o)
 .debug_frame   0x0000276c       0x38 c:/program files (x86)/cypress/psoc creator/4.3/psoc creator/import/gnu/arm/5.4.1/bin/../lib/gcc/arm-none-eabi/5.4.1/../../../../arm-none-eabi/lib/armv7-m\libm.a(lib_a-s_sin.o)
 .debug_frame   0x000027a4       0x48 c:/program files (x86)/cypress/psoc creator/4.3/psoc creator/import/gnu/arm/5.4.1/bin/../lib/gcc/arm-none-eabi/5.4.1/../../../../arm-none-eabi/lib/armv7-m\libm.a(lib_a-e_rem_pio2.o)
 .debug_frame   0x000027ec       0x4c c:/program files (x86)/cypress/psoc creator/4.3/psoc creator/import/gnu/arm/5.4.1/bin/../lib/gcc/arm-none-eabi/5.4.1/../../../../arm-none-eabi/lib/armv7-m\libm.a(lib_a-k_cos.o)
 .debug_frame   0x00002838       0x50 c:/program files (x86)/cypress/psoc creator/4.3/psoc creator/import/gnu/arm/5.4.1/bin/../lib/gcc/arm-none-eabi/5.4.1/../../../../arm-none-eabi/lib/armv7-m\libm.a(lib_a-k_rem_pio2.o)
 .debug_frame   0x00002888       0x48 c:/program files (x86)/cypress/psoc creator/4.3/psoc creator/import/gnu/arm/5.4.1/bin/../lib/gcc/arm-none-eabi/5.4.1/../../../../arm-none-eabi/lib/armv7-m\libm.a(lib_a-k_sin.o)
 .debug_frame   0x000028d0       0x20 c:/program files (x86)/cypress/psoc creator/4.3/psoc creator/import/gnu/arm/5.4.1/bin/../lib/gcc/arm-none-eabi/5.4.1/../../../../arm-none-eabi/lib/armv7-m\libm.a(lib_a-s_fabs.o)
 .debug_frame   0x000028f0       0x34 c:/program files (x86)/cypress/psoc creator/4.3/psoc creator/import/gnu/arm/5.4.1/bin/../lib/gcc/arm-none-eabi/5.4.1/../../../../arm-none-eabi/lib/armv7-m\libm.a(lib_a-s_floor.o)
 .debug_frame   0x00002924       0x30 c:/program files (x86)/cypress/psoc creator/4.3/psoc creator/import/gnu/arm/5.4.1/bin/../lib/gcc/arm-none-eabi/5.4.1/../../../../arm-none-eabi/lib/armv7-m\libm.a(lib_a-s_scalbn.o)
 .debug_frame   0x00002954       0x20 c:/program files (x86)/cypress/psoc creator/4.3/psoc creator/import/gnu/arm/5.4.1/bin/../lib/gcc/arm-none-eabi/5.4.1/../../../../arm-none-eabi/lib/armv7-m\libm.a(lib_a-s_copysign.o)
 .debug_frame   0x00002974       0x20 c:/program files (x86)/cypress/psoc creator/4.3/psoc creator/import/gnu/arm/5.4.1/bin/../lib/gcc/arm-none-eabi/5.4.1/../../../../arm-none-eabi/lib/armv7-m\libg_nano.a(lib_a-errno.o)
 .debug_frame   0x00002994       0x28 c:/program files (x86)/cypress/psoc creator/4.3/psoc creator/import/gnu/arm/5.4.1/bin/../lib/gcc/arm-none-eabi/5.4.1/../../../../arm-none-eabi/lib/armv7-m\libg_nano.a(lib_a-exit.o)
 .debug_frame   0x000029bc       0x2c c:/program files (x86)/cypress/psoc creator/4.3/psoc creator/import/gnu/arm/5.4.1/bin/../lib/gcc/arm-none-eabi/5.4.1/../../../../arm-none-eabi/lib/armv7-m\libg_nano.a(lib_a-init.o)
 .debug_frame   0x000029e8       0x30 c:/program files (x86)/cypress/psoc creator/4.3/psoc creator/import/gnu/arm/5.4.1/bin/../lib/gcc/arm-none-eabi/5.4.1/../../../../arm-none-eabi/lib/armv7-m\libg_nano.a(lib_a-malloc.o)
 .debug_frame   0x00002a18       0x28 c:/program files (x86)/cypress/psoc creator/4.3/psoc creator/import/gnu/arm/5.4.1/bin/../lib/gcc/arm-none-eabi/5.4.1/../../../../arm-none-eabi/lib/armv7-m\libg_nano.a(lib_a-memcpy-stub.o)
 .debug_frame   0x00002a40       0x20 c:/program files (x86)/cypress/psoc creator/4.3/psoc creator/import/gnu/arm/5.4.1/bin/../lib/gcc/arm-none-eabi/5.4.1/../../../../arm-none-eabi/lib/armv7-m\libg_nano.a(lib_a-memset.o)
 .debug_frame   0x00002a60       0x38 c:/program files (x86)/cypress/psoc creator/4.3/psoc creator/import/gnu/arm/5.4.1/bin/../lib/gcc/arm-none-eabi/5.4.1/../../../../arm-none-eabi/lib/armv7-m\libg_nano.a(lib_a-nano-freer.o)
 .debug_frame   0x00002a98       0x2c c:/program files (x86)/cypress/psoc creator/4.3/psoc creator/import/gnu/arm/5.4.1/bin/../lib/gcc/arm-none-eabi/5.4.1/../../../../arm-none-eabi/lib/armv7-m\libg_nano.a(lib_a-nano-mallocr.o)
 .debug_frame   0x00002ac4       0x2c c:/program files (x86)/cypress/psoc creator/4.3/psoc creator/import/gnu/arm/5.4.1/bin/../lib/gcc/arm-none-eabi/5.4.1/../../../../arm-none-eabi/lib/armv7-m\libg_nano.a(lib_a-sbrkr.o)
 .debug_frame   0x00002af0       0x20 c:/program files (x86)/cypress/psoc creator/4.3/psoc creator/import/gnu/arm/5.4.1/bin/../lib/gcc/arm-none-eabi/5.4.1/../../../../arm-none-eabi/lib/armv7-m\libg_nano.a(lib_a-strcpy.o)
 .debug_frame   0x00002b10       0x20 c:/program files (x86)/cypress/psoc creator/4.3/psoc creator/import/gnu/arm/5.4.1/bin/../lib/gcc/arm-none-eabi/5.4.1/../../../../arm-none-eabi/lib/armv7-m\libg_nano.a(lib_a-tolower.o)
 .debug_frame   0x00002b30       0x30 c:/program files (x86)/cypress/psoc creator/4.3/psoc creator/import/gnu/arm/5.4.1/bin/../lib/gcc/arm-none-eabi/5.4.1/../../../../arm-none-eabi/lib/armv7-m\libg_nano.a(lib_a-mlock.o)
 .debug_frame   0x00002b60       0x5c c:/program files (x86)/cypress/psoc creator/4.3/psoc creator/import/gnu/arm/5.4.1/bin/../lib/gcc/arm-none-eabi/5.4.1/../../../../arm-none-eabi/lib/armv7-m\libg_nano.a(lib_a-reent.o)

.debug_str      0x00000000     0x2dce
 *(.debug_str)
 .debug_str     0x00000000      0x523 .\CortexM3\ARM_GCC_541\Debug\main.o
                                0x5a8 (size before relaxing)
 .debug_str     0x00000523       0x5d .\CortexM3\ARM_GCC_541\Debug\keypad.o
                                0x222 (size before relaxing)
 .debug_str     0x00000580       0x39 .\CortexM3\ARM_GCC_541\Debug\morse.o
                                0x1b6 (size before relaxing)
 .debug_str     0x000005b9      0x1c2 .\CortexM3\ARM_GCC_541\Debug\cyfitter_cfg.o
                                0x395 (size before relaxing)
 .debug_str     0x0000077b       0x75 .\CortexM3\ARM_GCC_541\Debug\cymetadata.o
                                0x1ea (size before relaxing)
 .debug_str     0x000007f0      0x144 .\CortexM3\ARM_GCC_541\Debug\Cm3Start.o
                                0x310 (size before relaxing)
 .debug_str     0x00000934       0x5f .\CortexM3\ARM_GCC_541\Debug\Project_Final.a(Led_1.o)
                                0x1e8 (size before relaxing)
 .debug_str     0x00000993       0x4f .\CortexM3\ARM_GCC_541\Debug\Project_Final.a(Led_2.o)
                                0x1e8 (size before relaxing)
 .debug_str     0x000009e2       0x4f .\CortexM3\ARM_GCC_541\Debug\Project_Final.a(Led_3.o)
                                0x1e8 (size before relaxing)
 .debug_str     0x00000a31       0x4f .\CortexM3\ARM_GCC_541\Debug\Project_Final.a(Led_4.o)
                                0x1e8 (size before relaxing)
 .debug_str     0x00000a80      0x832 .\CortexM3\ARM_GCC_541\Debug\Project_Final.a(CyLib.o)
                                0xa4d (size before relaxing)
 .debug_str     0x000012b2      0x365 .\CortexM3\ARM_GCC_541\Debug\Project_Final.a(cyPm.o)
                                0x739 (size before relaxing)
 .debug_str     0x00001617       0x48 .\CortexM3\ARM_GCC_541\Debug\Project_Final.a(SW1.o)
                                0x1de (size before relaxing)
 .debug_str     0x0000165f      0x132 .\CortexM3\ARM_GCC_541\Debug\Project_Final.a(Timer.o)
                                0x2fb (size before relaxing)
 .debug_str     0x00001791       0x80 .\CortexM3\ARM_GCC_541\Debug\Project_Final.a(VDAC.o)
                                0x21b (size before relaxing)
 .debug_str     0x00001811       0xbe .\CortexM3\ARM_GCC_541\Debug\Project_Final.a(isr.o)
                                0x290 (size before relaxing)
 .debug_str     0x000018cf       0x48 .\CortexM3\ARM_GCC_541\Debug\Project_Final.a(SW2.o)
                                0x1de (size before relaxing)
 .debug_str     0x00001917       0x48 .\CortexM3\ARM_GCC_541\Debug\Project_Final.a(SW3.o)
                                0x1de (size before relaxing)
 .debug_str     0x0000195f       0x66 .\CortexM3\ARM_GCC_541\Debug\Project_Final.a(SW4.o)
                                0x216 (size before relaxing)
 .debug_str     0x000019c5      0x128 .\CortexM3\ARM_GCC_541\Debug\Project_Final.a(Timer_1.o)
                                0x31b (size before relaxing)
 .debug_str     0x00001aed       0x4b .\CortexM3\ARM_GCC_541\Debug\Project_Final.a(COL1.o)
                                0x1e3 (size before relaxing)
 .debug_str     0x00001b38       0x4b .\CortexM3\ARM_GCC_541\Debug\Project_Final.a(COL2.o)
                                0x1e3 (size before relaxing)
 .debug_str     0x00001b83       0x4c .\CortexM3\ARM_GCC_541\Debug\Project_Final.a(ROW1.o)
                                0x1e3 (size before relaxing)
 .debug_str     0x00001bcf       0x4c .\CortexM3\ARM_GCC_541\Debug\Project_Final.a(ROW0.o)
                                0x1e3 (size before relaxing)
 .debug_str     0x00001c1b       0x4c .\CortexM3\ARM_GCC_541\Debug\Project_Final.a(ROW2.o)
                                0x1e3 (size before relaxing)
 .debug_str     0x00001c67       0x4c .\CortexM3\ARM_GCC_541\Debug\Project_Final.a(ROW3.o)
                                0x1e3 (size before relaxing)
 .debug_str     0x00001cb3       0x4b .\CortexM3\ARM_GCC_541\Debug\Project_Final.a(COL3.o)
                                0x1e3 (size before relaxing)
 .debug_str     0x00001cfe      0x130 .\CortexM3\ARM_GCC_541\Debug\Project_Final.a(LCD.o)
                                0x331 (size before relaxing)
 .debug_str     0x00001e2e      0x22a .\CortexM3\ARM_GCC_541\Debug\Project_Final.a(UART.o)
                                0x47b (size before relaxing)
 .debug_str     0x00002058      0x141 .\CortexM3\ARM_GCC_541\Debug\Project_Final.a(PWM.o)
                                0x363 (size before relaxing)
 .debug_str     0x00002199      0x183 .\CortexM3\ARM_GCC_541\Debug\Project_Final.a(UART_IntClock.o)
                                0x33c (size before relaxing)
 .debug_str     0x0000231c      0x31f .\CortexM3\ARM_GCC_541\Debug\Project_Final.a(ADC.o)
                                0x5cf (size before relaxing)
 .debug_str     0x0000263b       0x45 .\CortexM3\ARM_GCC_541\Debug\Project_Final.a(ADC_INT.o)
                                0x1c6 (size before relaxing)
 .debug_str     0x00002680       0x5f .\CortexM3\ARM_GCC_541\Debug\Project_Final.a(ADC_AMux.o)
                                0x205 (size before relaxing)
 .debug_str     0x000026df      0x12a .\CortexM3\ARM_GCC_541\Debug\Project_Final.a(ADC_Ext_CP_Clk.o)
                                0x348 (size before relaxing)
 .debug_str     0x00002809      0x14f .\CortexM3\ARM_GCC_541\Debug\Project_Final.a(ADC_theACLK.o)
                                0x367 (size before relaxing)
 .debug_str     0x00002958      0x126 .\CortexM3\ARM_GCC_541\Debug\Project_Final.a(pin_SW4_int.o)
                                0x300 (size before relaxing)
 .debug_str     0x00002a7e       0x1e .\CortexM3\ARM_GCC_541\Debug\Project_Final.a(AMux.o)
                                0x1e9 (size before relaxing)
 .debug_str     0x00002a9c       0xcb .\CortexM3\ARM_GCC_541\Debug\Project_Final.a(isr1.o)
                                0x29e (size before relaxing)
 .debug_str     0x00002b67      0x1bb .\CortexM3\ARM_GCC_541\Debug\Project_Final.a(CyFlash.o)
                                0x3c6 (size before relaxing)
 .debug_str     0x00002d22       0xac .\CortexM3\ARM_GCC_541\Debug\Project_Final.a(CySpc.o)
                                0x33e (size before relaxing)

.debug_loc      0x00000000     0x34bf
 *(.debug_loc)
 .debug_loc     0x00000000      0x2d7 .\CortexM3\ARM_GCC_541\Debug\main.o
 .debug_loc     0x000002d7       0x58 .\CortexM3\ARM_GCC_541\Debug\morse.o
 .debug_loc     0x0000032f      0x2c7 .\CortexM3\ARM_GCC_541\Debug\cyfitter_cfg.o
 .debug_loc     0x000005f6      0x144 .\CortexM3\ARM_GCC_541\Debug\Cm3Start.o
 .debug_loc     0x0000073a       0x42 .\CortexM3\ARM_GCC_541\Debug\Project_Final.a(Led_1.o)
 .debug_loc     0x0000077c       0x42 .\CortexM3\ARM_GCC_541\Debug\Project_Final.a(Led_2.o)
 .debug_loc     0x000007be       0x42 .\CortexM3\ARM_GCC_541\Debug\Project_Final.a(Led_3.o)
 .debug_loc     0x00000800       0x42 .\CortexM3\ARM_GCC_541\Debug\Project_Final.a(Led_4.o)
 .debug_loc     0x00000842      0xa11 .\CortexM3\ARM_GCC_541\Debug\Project_Final.a(CyLib.o)
 .debug_loc     0x00001253      0x1e4 .\CortexM3\ARM_GCC_541\Debug\Project_Final.a(cyPm.o)
 .debug_loc     0x00001437       0x42 .\CortexM3\ARM_GCC_541\Debug\Project_Final.a(SW1.o)
 .debug_loc     0x00001479       0x79 .\CortexM3\ARM_GCC_541\Debug\Project_Final.a(VDAC.o)
 .debug_loc     0x000014f2       0x56 .\CortexM3\ARM_GCC_541\Debug\Project_Final.a(isr.o)
 .debug_loc     0x00001548       0x42 .\CortexM3\ARM_GCC_541\Debug\Project_Final.a(SW2.o)
 .debug_loc     0x0000158a       0x42 .\CortexM3\ARM_GCC_541\Debug\Project_Final.a(SW3.o)
 .debug_loc     0x000015cc       0x84 .\CortexM3\ARM_GCC_541\Debug\Project_Final.a(SW4.o)
 .debug_loc     0x00001650       0x42 .\CortexM3\ARM_GCC_541\Debug\Project_Final.a(COL1.o)
 .debug_loc     0x00001692       0x42 .\CortexM3\ARM_GCC_541\Debug\Project_Final.a(COL2.o)
 .debug_loc     0x000016d4       0x42 .\CortexM3\ARM_GCC_541\Debug\Project_Final.a(ROW1.o)
 .debug_loc     0x00001716       0x42 .\CortexM3\ARM_GCC_541\Debug\Project_Final.a(ROW0.o)
 .debug_loc     0x00001758       0x42 .\CortexM3\ARM_GCC_541\Debug\Project_Final.a(ROW2.o)
 .debug_loc     0x0000179a       0x42 .\CortexM3\ARM_GCC_541\Debug\Project_Final.a(ROW3.o)
 .debug_loc     0x000017dc       0x42 .\CortexM3\ARM_GCC_541\Debug\Project_Final.a(COL3.o)
 .debug_loc     0x0000181e      0x3c6 .\CortexM3\ARM_GCC_541\Debug\Project_Final.a(LCD.o)
 .debug_loc     0x00001be4      0x258 .\CortexM3\ARM_GCC_541\Debug\Project_Final.a(UART.o)
 .debug_loc     0x00001e3c       0x26 .\CortexM3\ARM_GCC_541\Debug\Project_Final.a(PWM.o)
 .debug_loc     0x00001e62      0x128 .\CortexM3\ARM_GCC_541\Debug\Project_Final.a(UART_IntClock.o)
 .debug_loc     0x00001f8a      0x681 .\CortexM3\ARM_GCC_541\Debug\Project_Final.a(ADC.o)
 .debug_loc     0x0000260b       0x6c .\CortexM3\ARM_GCC_541\Debug\Project_Final.a(ADC_AMux.o)
 .debug_loc     0x00002677      0x12c .\CortexM3\ARM_GCC_541\Debug\Project_Final.a(ADC_Ext_CP_Clk.o)
 .debug_loc     0x000027a3      0x14d .\CortexM3\ARM_GCC_541\Debug\Project_Final.a(ADC_theACLK.o)
 .debug_loc     0x000028f0       0x56 .\CortexM3\ARM_GCC_541\Debug\Project_Final.a(pin_SW4_int.o)
 .debug_loc     0x00002946       0x6c .\CortexM3\ARM_GCC_541\Debug\Project_Final.a(AMux.o)
 .debug_loc     0x000029b2       0x56 .\CortexM3\ARM_GCC_541\Debug\Project_Final.a(isr1.o)
 .debug_loc     0x00002a08      0x3b2 .\CortexM3\ARM_GCC_541\Debug\Project_Final.a(CyFlash.o)
 .debug_loc     0x00002dba      0x705 .\CortexM3\ARM_GCC_541\Debug\Project_Final.a(CySpc.o)

.debug_macinfo
 *(.debug_macinfo)

.debug_ranges   0x00000000      0xed8
 *(.debug_ranges)
 .debug_ranges  0x00000000       0xb0 .\CortexM3\ARM_GCC_541\Debug\main.o
 .debug_ranges  0x000000b0       0x18 .\CortexM3\ARM_GCC_541\Debug\keypad.o
 .debug_ranges  0x000000c8       0x10 .\CortexM3\ARM_GCC_541\Debug\morse.o
 .debug_ranges  0x000000d8       0x68 .\CortexM3\ARM_GCC_541\Debug\cyfitter_cfg.o
 .debug_ranges  0x00000140       0x38 .\CortexM3\ARM_GCC_541\Debug\Cm3Start.o
 .debug_ranges  0x00000178       0x28 .\CortexM3\ARM_GCC_541\Debug\Project_Final.a(Led_1.o)
 .debug_ranges  0x000001a0       0x28 .\CortexM3\ARM_GCC_541\Debug\Project_Final.a(Led_2.o)
 .debug_ranges  0x000001c8       0x28 .\CortexM3\ARM_GCC_541\Debug\Project_Final.a(Led_3.o)
 .debug_ranges  0x000001f0       0x28 .\CortexM3\ARM_GCC_541\Debug\Project_Final.a(Led_4.o)
 .debug_ranges  0x00000218      0x290 .\CortexM3\ARM_GCC_541\Debug\Project_Final.a(CyLib.o)
 .debug_ranges  0x000004a8       0x88 .\CortexM3\ARM_GCC_541\Debug\Project_Final.a(cyPm.o)
 .debug_ranges  0x00000530       0x28 .\CortexM3\ARM_GCC_541\Debug\Project_Final.a(SW1.o)
 .debug_ranges  0x00000558       0x78 .\CortexM3\ARM_GCC_541\Debug\Project_Final.a(Timer.o)
 .debug_ranges  0x000005d0       0x48 .\CortexM3\ARM_GCC_541\Debug\Project_Final.a(VDAC.o)
 .debug_ranges  0x00000618       0x70 .\CortexM3\ARM_GCC_541\Debug\Project_Final.a(isr.o)
 .debug_ranges  0x00000688       0x28 .\CortexM3\ARM_GCC_541\Debug\Project_Final.a(SW2.o)
 .debug_ranges  0x000006b0       0x28 .\CortexM3\ARM_GCC_541\Debug\Project_Final.a(SW3.o)
 .debug_ranges  0x000006d8       0x38 .\CortexM3\ARM_GCC_541\Debug\Project_Final.a(SW4.o)
 .debug_ranges  0x00000710       0x78 .\CortexM3\ARM_GCC_541\Debug\Project_Final.a(Timer_1.o)
 .debug_ranges  0x00000788       0x28 .\CortexM3\ARM_GCC_541\Debug\Project_Final.a(COL1.o)
 .debug_ranges  0x000007b0       0x28 .\CortexM3\ARM_GCC_541\Debug\Project_Final.a(COL2.o)
 .debug_ranges  0x000007d8       0x28 .\CortexM3\ARM_GCC_541\Debug\Project_Final.a(ROW1.o)
 .debug_ranges  0x00000800       0x28 .\CortexM3\ARM_GCC_541\Debug\Project_Final.a(ROW0.o)
 .debug_ranges  0x00000828       0x28 .\CortexM3\ARM_GCC_541\Debug\Project_Final.a(ROW2.o)
 .debug_ranges  0x00000850       0x28 .\CortexM3\ARM_GCC_541\Debug\Project_Final.a(ROW3.o)
 .debug_ranges  0x00000878       0x28 .\CortexM3\ARM_GCC_541\Debug\Project_Final.a(COL3.o)
 .debug_ranges  0x000008a0       0x88 .\CortexM3\ARM_GCC_541\Debug\Project_Final.a(LCD.o)
 .debug_ranges  0x00000928       0xe0 .\CortexM3\ARM_GCC_541\Debug\Project_Final.a(UART.o)
 .debug_ranges  0x00000a08       0x98 .\CortexM3\ARM_GCC_541\Debug\Project_Final.a(PWM.o)
 .debug_ranges  0x00000aa0       0x60 .\CortexM3\ARM_GCC_541\Debug\Project_Final.a(UART_IntClock.o)
 .debug_ranges  0x00000b00       0xd8 .\CortexM3\ARM_GCC_541\Debug\Project_Final.a(ADC.o)
 .debug_ranges  0x00000bd8       0x28 .\CortexM3\ARM_GCC_541\Debug\Project_Final.a(ADC_INT.o)
 .debug_ranges  0x00000c00       0x20 .\CortexM3\ARM_GCC_541\Debug\Project_Final.a(ADC_AMux.o)
 .debug_ranges  0x00000c20       0x60 .\CortexM3\ARM_GCC_541\Debug\Project_Final.a(ADC_Ext_CP_Clk.o)
 .debug_ranges  0x00000c80       0x70 .\CortexM3\ARM_GCC_541\Debug\Project_Final.a(ADC_theACLK.o)
 .debug_ranges  0x00000cf0       0x70 .\CortexM3\ARM_GCC_541\Debug\Project_Final.a(pin_SW4_int.o)
 .debug_ranges  0x00000d60       0x20 .\CortexM3\ARM_GCC_541\Debug\Project_Final.a(AMux.o)
 .debug_ranges  0x00000d80       0x70 .\CortexM3\ARM_GCC_541\Debug\Project_Final.a(isr1.o)
 .debug_ranges  0x00000df0       0x78 .\CortexM3\ARM_GCC_541\Debug\Project_Final.a(CyFlash.o)